darts-linear-solvers built on Sep 15 2026 16:46:12 by sanderbertdacosta@MacBook-Air-van-Sander.local from bb040aa025bfcafff20578654ad0b0d819d463a0
darts-engines built on Sep 15 2026 16:46:13 by sanderbertdacosta@MacBook-Air-van-Sander.local from bb040aa025bfcafff20578654ad0b0d819d463a0
darts-discretizer built on Sep 15 2026 16:46:13 by sanderbertdacosta@MacBook-Air-van-Sander.local from bb040aa025bfcafff20578654ad0b0d819d463a0
Processing mesh: 2205 reservoir blocks, 6 well blocks, 5974 connections
Linear solver type is gmres+cpr
Engine: 	2-phase 2-component isothermal flow with kinetic reaction and diffusion CPU engine
OpenMP threads: 	2

START SIMULATION
-------------------------------------------------------------------------------------------------------------
Well PROD initialized with BHP-control
	 #1 (1.5121e-04, 4.4133e+01): lin 2 (5.6e-15)
	 #2 (1.3745e-07, 4.6651e-02): lin 2 (6.6e-15)
-------------------------------------------------------------------------------------------------------------
 T = 0.001, DT = 0.001, NI = 2, LI = 4, RES = 6.2e-13 (9.2e-08), CFL=0.000 (ELAPSED 00:00:00 )
-------------------------------------------------------------------------------------------------------------
	 #1 (2.2190e-04, 3.3539e-04): lin 2 (1.5e-13)
	 #2 (1.6882e-07, 3.2368e-02): lin 2 (1.0e-13)
-------------------------------------------------------------------------------------------------------------
 T = 0.0025, DT = 0.0015, NI = 2, LI = 4, RES = 9.7e-13 (1.5e-07), CFL=0.000 (ELAPSED 00:00:00 )
-------------------------------------------------------------------------------------------------------------
	 #1 (3.2245e-04, 3.4322e-06): lin 2 (9.4e-13)
	 #2 (5.8670e-07, 1.1337e-01): lin 2 (6.5e-13)
	 #3 (1.0176e-11, 1.5720e-06): lin 2 (7.6e-13)
-------------------------------------------------------------------------------------------------------------
 T = 0.00475, DT = 0.00225, NI = 3, LI = 6, RES = 9.2e-17 (8.4e-11), CFL=0.000 (ELAPSED 00:00:00 )
-------------------------------------------------------------------------------------------------------------
	 #1 (4.6166e-04, 5.1725e-06): lin 2 (3.3e-12)
	 #2 (1.1842e-06, 2.2113e-01): lin 2 (1.8e-13)
	 #3 (1.4011e-11, 2.6872e-06): lin 2 (3.7e-12)
-------------------------------------------------------------------------------------------------------------
 T = 0.008125, DT = 0.003375, NI = 3, LI = 6, RES = 9.4e-17 (1.2e-10), CFL=0.000 (ELAPSED 00:00:00 )
-------------------------------------------------------------------------------------------------------------
	 #1 (6.4690e-04, 7.2473e-06): lin 2 (1.9e-11)
	 #2 (2.1309e-06, 4.5117e-01): lin 2 (2.9e-12)
	 #3 (1.2828e-11, 1.9275e-06): lin 2 (5.6e-11)
-------------------------------------------------------------------------------------------------------------
 T = 0.0131875, DT = 0.0050625, NI = 3, LI = 6, RES = 1.0e-16 (1.5e-10), CFL=0.001 (ELAPSED 00:00:00 )
-------------------------------------------------------------------------------------------------------------
	 #1 (8.8023e-04, 9.6395e-06): lin 3 (6.3e-15)
	 #2 (3.0704e-06, 1.5460e-01): lin 2 (7.4e-11)
	 #3 (2.9125e-10, 6.1096e-05): lin 3 (2.3e-15)
-------------------------------------------------------------------------------------------------------------
 T = 0.0207813, DT = 0.00759375, NI = 3, LI = 8, RES = 9.6e-17 (2.1e-10), CFL=0.001 (ELAPSED 00:00:00 )
-------------------------------------------------------------------------------------------------------------
	 #1 (1.1511e-03, 1.2373e-05): lin 3 (1.2e-14)
	 #2 (4.2399e-06, 9.8932e-01): lin 3 (4.3e-15)
	 #3 (2.8305e-10, 5.9417e-05): lin 3 (7.2e-15)
-------------------------------------------------------------------------------------------------------------
 T = 0.0321719, DT = 0.0113906, NI = 3, LI = 9, RES = 9.8e-17 (5.9e-10), CFL=0.003 (ELAPSED 00:00:00 )
-------------------------------------------------------------------------------------------------------------
	 #1 (1.4336e-03, 1.4765e-05): lin 3 (1.6e-13)
	 #2 (7.8521e-06, 2.0402e+00): lin 3 (3.2e-13)
	 #3 (8.6950e-10, 1.9116e-04): lin 3 (1.0e-12)
-------------------------------------------------------------------------------------------------------------
 T = 0.0492578, DT = 0.0170859, NI = 3, LI = 9, RES = 1.5e-16 (7.4e-10), CFL=0.005 (ELAPSED 00:00:00 )
-------------------------------------------------------------------------------------------------------------
	 #1 (1.6897e-03, 1.6449e-05): lin 3 (6.9e-12)
	 #2 (1.6469e-05, 3.4838e+00): lin 3 (7.4e-12)
	 #3 (9.5394e-08, 2.1324e-02): lin 3 (5.8e-12)
-------------------------------------------------------------------------------------------------------------
 T = 0.0748867, DT = 0.0256289, NI = 3, LI = 9, RES = 8.8e-13 (1.9e-07), CFL=0.009 (ELAPSED 00:00:00 )
-------------------------------------------------------------------------------------------------------------
	 #1 (1.8955e-03, 1.6571e-05): lin 3 (8.4e-11)
	 #2 (2.7441e-05, 4.8337e+00): lin 3 (4.8e-11)
	 #3 (1.2713e-07, 2.8073e-02): lin 3 (4.1e-11)
-------------------------------------------------------------------------------------------------------------
 T = 0.11333, DT = 0.0384434, NI = 3, LI = 9, RES = 2.8e-12 (6.2e-07), CFL=0.015 (ELAPSED 00:00:00 )
-------------------------------------------------------------------------------------------------------------
	 #1 (2.0688e-03, 1.5204e-05): lin 4 (2.6e-13)
	 #2 (5.3614e-06, 9.8760e-01): lin 4 (6.6e-13)
	 #3 (1.2612e-10, 2.9269e-06): lin 4 (5.5e-13)
-------------------------------------------------------------------------------------------------------------
 T = 0.170995, DT = 0.057665, NI = 3, LI = 12, RES = 1.7e-16 (1.9e-09), CFL=0.025 (ELAPSED 00:00:00 )
-------------------------------------------------------------------------------------------------------------
	 #1 (2.2720e-03, 1.3388e-05): lin 4 (8.0e-12)
	 #2 (3.2083e-05, 1.3029e+00): lin 4 (7.2e-12)
	 #3 (2.7266e-09, 3.0348e-04): lin 4 (1.0e-11)
-------------------------------------------------------------------------------------------------------------
 T = 0.257493, DT = 0.0864976, NI = 3, LI = 12, RES = 2.3e-16 (4.4e-09), CFL=0.039 (ELAPSED 00:00:00 )
-------------------------------------------------------------------------------------------------------------
	 #1 (2.5623e-03, 1.1097e-05): lin 4 (6.9e-11)
	 #2 (3.4409e-05, 1.4019e+00): lin 4 (5.9e-11)
	 #3 (2.2416e-09, 2.7152e-04): lin 4 (8.1e-11)
-------------------------------------------------------------------------------------------------------------
 T = 0.387239, DT = 0.129746, NI = 3, LI = 12, RES = 3.3e-16 (5.4e-09), CFL=0.059 (ELAPSED 00:00:00 )
-------------------------------------------------------------------------------------------------------------
	 #1 (2.9604e-03, 9.1958e-06): lin 5 (3.0e-12)
	 #2 (5.3321e-05, 1.3871e+00): lin 5 (2.2e-12)
	 #3 (2.6705e-08, 1.0833e-02): lin 5 (1.3e-12)
-------------------------------------------------------------------------------------------------------------
 T = 0.581859, DT = 0.19462, NI = 3, LI = 15, RES = 7.4e-14 (2.3e-08), CFL=0.089 (ELAPSED 00:00:00 )
-------------------------------------------------------------------------------------------------------------
	 #1 (3.4656e-03, 7.8543e-06): lin 5 (4.3e-11)
	 #2 (9.6763e-05, 1.1268e+01): lin 5 (2.5e-11)
	 #3 (2.5635e-07, 1.6317e-03): lin 5 (1.9e-11)
-------------------------------------------------------------------------------------------------------------
 T = 0.873788, DT = 0.291929, NI = 3, LI = 15, RES = 6.4e-14 (1.9e-08), CFL=0.131 (ELAPSED 00:00:00 )
-------------------------------------------------------------------------------------------------------------
	 #1 (4.0840e-03, 6.9886e-06): lin 6 (6.9e-12)
	 #2 (1.2875e-04, 2.1338e+00): lin 6 (1.9e-12)
	 #3 (9.6990e-08, 3.5549e-02): lin 6 (1.6e-12)
-------------------------------------------------------------------------------------------------------------
 T = 1.31168, DT = 0.437894, NI = 3, LI = 18, RES = 5.8e-13 (1.6e-07), CFL=0.194 (ELAPSED 00:00:00 )
-------------------------------------------------------------------------------------------------------------
	 #1 (4.8305e-03, 6.3491e-06): lin 6 (7.3e-11)
	 #2 (1.3681e-04, 3.4540e+00): lin 6 (3.7e-11)
	 #3 (1.1000e-07, 2.7834e-02): lin 6 (1.9e-11)
-------------------------------------------------------------------------------------------------------------
 T = 1.96852, DT = 0.656841, NI = 3, LI = 18, RES = 2.6e-13 (8.5e-08), CFL=0.287 (ELAPSED 00:00:00 )
-------------------------------------------------------------------------------------------------------------
	 #1 (5.7410e-03, 5.8289e-06): lin 7 (2.1e-11)
	 #2 (1.6546e-04, 5.9681e+00): lin 7 (6.6e-12)
	 #3 (7.4220e-08, 1.9562e-02): lin 7 (8.9e-12)
-------------------------------------------------------------------------------------------------------------
 T = 2.95378, DT = 0.985261, NI = 3, LI = 21, RES = 7.4e-14 (4.3e-08), CFL=0.422 (ELAPSED 00:00:00 )
-------------------------------------------------------------------------------------------------------------
	 #1 (6.9135e-03, 5.5488e-06): lin 8 (1.3e-11)
	 #2 (4.4658e-04, 8.5477e+00): lin 7 (7.7e-11)
	 #3 (2.3874e-06, 1.3562e-01): lin 7 (3.3e-11)
	 #4 (7.5177e-11, 1.7079e-05): lin 7 (4.4e-11)
-------------------------------------------------------------------------------------------------------------
 T = 4.43168, DT = 1.47789, NI = 4, LI = 29, RES = 3.1e-15 (1.0e-07), CFL=0.622 (ELAPSED 00:00:00 )
-------------------------------------------------------------------------------------------------------------
	 #1 (7.7910e-03, 4.7354e-06): lin 8 (7.1e-11)
	 #2 (2.9288e-04, 4.9104e+01): lin 8 (1.8e-11)
	 #3 (3.0057e-06, 6.5273e-01): lin 8 (7.5e-12)
	 #4 (1.3698e-11, 4.0633e-06): lin 8 (1.1e-11)
-------------------------------------------------------------------------------------------------------------
 T = 6.43168, DT = 2, NI = 4, LI = 32, RES = 4.6e-15 (3.3e-08), CFL=0.827 (ELAPSED 00:00:01 )
-------------------------------------------------------------------------------------------------------------
	 #1 (6.9478e-03, 3.2025e-06): lin 8 (5.4e-11)
	 #2 (3.1723e-04, 1.1377e+00): lin 8 (1.3e-11)
	 #3 (2.7759e-07, 8.1566e-02): lin 8 (1.6e-11)
-------------------------------------------------------------------------------------------------------------
 T = 8.43168, DT = 2, NI = 3, LI = 24, RES = 1.5e-12 (5.0e-07), CFL=0.815 (ELAPSED 00:00:01 )
-------------------------------------------------------------------------------------------------------------
	 #1 (6.6010e-03, 2.0033e-06): lin 8 (4.2e-11)
	 #2 (2.1877e-04, 2.4673e+01): lin 8 (1.0e-11)
	 #3 (5.0770e-07, 1.1992e-01): lin 8 (1.4e-11)
	 #4 (5.5653e-12, 1.4434e-06): lin 8 (1.5e-11)
-------------------------------------------------------------------------------------------------------------
 T = 10.4317, DT = 2, NI = 4, LI = 32, RES = 4.4e-15 (9.6e-08), CFL=0.806 (ELAPSED 00:00:01 )
-------------------------------------------------------------------------------------------------------------
	 #1 (6.4349e-03, 2.0219e-06): lin 8 (3.5e-11)
	 #2 (1.9418e-04, 6.5620e+00): lin 8 (1.4e-11)
	 #3 (2.4183e-07, 5.4896e-02): lin 8 (1.1e-11)
-------------------------------------------------------------------------------------------------------------
 T = 12.4317, DT = 2, NI = 3, LI = 24, RES = 1.1e-12 (2.7e-07), CFL=0.797 (ELAPSED 00:00:01 )
-------------------------------------------------------------------------------------------------------------
	 #1 (6.3360e-03, 1.5267e-06): lin 8 (2.9e-11)
	 #2 (2.4836e-04, 9.4103e+00): lin 8 (1.1e-11)
	 #3 (1.0056e-08, 1.0957e-03): lin 8 (1.9e-11)
-------------------------------------------------------------------------------------------------------------
 T = 14.4317, DT = 2, NI = 3, LI = 24, RES = 4.6e-15 (3.2e-08), CFL=0.789 (ELAPSED 00:00:01 )
-------------------------------------------------------------------------------------------------------------
	 #1 (6.2627e-03, 1.6424e-06): lin 8 (2.3e-11)
	 #2 (9.3625e-05, 1.8467e+00): lin 8 (2.3e-11)
	 #3 (8.9592e-09, 1.1520e-03): lin 8 (8.8e-12)
-------------------------------------------------------------------------------------------------------------
 T = 16.4317, DT = 2, NI = 3, LI = 24, RES = 4.4e-15 (5.3e-08), CFL=0.781 (ELAPSED 00:00:01 )
-------------------------------------------------------------------------------------------------------------
	 #1 (6.2000e-03, 1.5845e-06): lin 8 (2.2e-11)
	 #2 (1.9360e-04, 1.0442e+00): lin 8 (8.5e-12)
	 #3 (4.3221e-08, 1.5735e-02): lin 8 (1.7e-11)
-------------------------------------------------------------------------------------------------------------
 T = 18.4317, DT = 2, NI = 3, LI = 24, RES = 1.7e-14 (7.4e-08), CFL=0.774 (ELAPSED 00:00:01 )
-------------------------------------------------------------------------------------------------------------
	 #1 (6.1419e-03, 1.5012e-06): lin 8 (2.2e-11)
	 #2 (1.7242e-04, 3.6659e+00): lin 8 (1.7e-11)
	 #3 (1.3017e-08, 4.7026e-04): lin 8 (1.8e-11)
-------------------------------------------------------------------------------------------------------------
 T = 20.4317, DT = 2, NI = 3, LI = 24, RES = 4.5e-15 (5.3e-08), CFL=0.766 (ELAPSED 00:00:01 )
-------------------------------------------------------------------------------------------------------------
	 #1 (6.0866e-03, 1.4735e-06): lin 8 (2.1e-11)
	 #2 (1.7809e-04, 6.8007e-01): lin 8 (9.9e-12)
	 #3 (6.3044e-07, 1.4323e-01): lin 7 (2.6e-11)
-------------------------------------------------------------------------------------------------------------
 T = 22.4317, DT = 2, NI = 3, LI = 23, RES = 4.0e-12 (9.0e-07), CFL=0.759 (ELAPSED 00:00:01 )
-------------------------------------------------------------------------------------------------------------
	 #1 (6.0327e-03, 1.4287e-06): lin 8 (2.0e-11)
	 #2 (1.8577e-04, 9.1053e+00): lin 8 (8.4e-12)
	 #3 (7.4127e-09, 1.1804e-03): lin 8 (8.5e-12)
-------------------------------------------------------------------------------------------------------------
 T = 24.4317, DT = 2, NI = 3, LI = 24, RES = 4.3e-15 (7.7e-08), CFL=0.753 (ELAPSED 00:00:02 )
-------------------------------------------------------------------------------------------------------------
	 #1 (5.9802e-03, 1.4175e-06): lin 8 (2.1e-11)
	 #2 (6.9775e-05, 7.1244e-02): lin 8 (2.5e-11)
	 #3 (7.5424e-08, 6.3622e-03): lin 7 (9.3e-11)
-------------------------------------------------------------------------------------------------------------
 T = 26.4317, DT = 2, NI = 3, LI = 23, RES = 3.0e-14 (5.9e-08), CFL=0.746 (ELAPSED 00:00:02 )
-------------------------------------------------------------------------------------------------------------
	 #1 (5.9284e-03, 1.3685e-06): lin 8 (1.9e-11)
	 #2 (7.8945e-05, 1.7553e+00): lin 8 (1.4e-11)
	 #3 (2.0202e-07, 7.7195e-06): lin 7 (9.2e-11)
-------------------------------------------------------------------------------------------------------------
 T = 28.4317, DT = 2, NI = 3, LI = 23, RES = 8.0e-15 (7.2e-08), CFL=0.739 (ELAPSED 00:00:02 )
-------------------------------------------------------------------------------------------------------------
	 #1 (4.6092e-03, 1.0781e-06): lin 8 (5.0e-12)
	 #2 (7.9435e-05, 6.4841e-01): lin 7 (8.1e-11)
	 #3 (2.3861e-09, 1.6853e-04): lin 7 (5.8e-11)
-------------------------------------------------------------------------------------------------------------
 T = 30, DT = 1.56832, NI = 3, LI = 22, RES = 3.4e-15 (1.3e-07), CFL=0.576 (ELAPSED 00:00:02 )
-------------------------------------------------------------------------------------------------------------
	 #1 (5.8384e-03, 1.3622e-06): lin 8 (2.0e-11)
	 #2 (1.6779e-04, 4.1677e-02): lin 8 (1.2e-11)
	 #3 (1.4682e-07, 3.3735e-02): lin 8 (8.9e-12)
-------------------------------------------------------------------------------------------------------------
 T = 32, DT = 2, NI = 3, LI = 24, RES = 5.1e-13 (1.1e-07), CFL=0.728 (ELAPSED 00:00:02 )
-------------------------------------------------------------------------------------------------------------
	 #1 (5.7889e-03, 1.1960e-06): lin 8 (1.8e-11)
	 #2 (6.3530e-05, 6.5038e+00): lin 8 (1.4e-11)
	 #3 (4.2376e-08, 8.1474e-05): lin 7 (8.9e-11)
-------------------------------------------------------------------------------------------------------------
 T = 34, DT = 2, NI = 3, LI = 23, RES = 4.5e-15 (4.8e-08), CFL=0.721 (ELAPSED 00:00:02 )
-------------------------------------------------------------------------------------------------------------
	 #1 (5.7404e-03, 1.3185e-06): lin 8 (1.7e-11)
	 #2 (1.0741e-04, 1.7314e-01): lin 8 (7.9e-12)
	 #3 (2.3709e-08, 6.3114e-05): lin 8 (7.5e-12)
-------------------------------------------------------------------------------------------------------------
 T = 36, DT = 2, NI = 3, LI = 24, RES = 4.5e-15 (1.2e-07), CFL=0.715 (ELAPSED 00:00:03 )
-------------------------------------------------------------------------------------------------------------
	 #1 (5.6923e-03, 1.2878e-06): lin 8 (1.7e-11)
	 #2 (6.8268e-05, 1.0481e-01): lin 8 (1.5e-11)
	 #3 (2.2436e-09, 2.5670e-04): lin 8 (8.4e-12)
-------------------------------------------------------------------------------------------------------------
 T = 38, DT = 2, NI = 3, LI = 24, RES = 4.6e-15 (5.9e-08), CFL=0.709 (ELAPSED 00:00:03 )
-------------------------------------------------------------------------------------------------------------
	 #1 (5.6450e-03, 1.2574e-06): lin 8 (1.6e-11)
	 #2 (1.3768e-04, 1.8776e+00): lin 8 (5.0e-12)
	 #3 (8.7104e-08, 1.8606e-02): lin 7 (6.2e-11)
-------------------------------------------------------------------------------------------------------------
 T = 40, DT = 2, NI = 3, LI = 23, RES = 1.8e-14 (5.3e-08), CFL=0.703 (ELAPSED 00:00:03 )
-------------------------------------------------------------------------------------------------------------
	 #1 (5.5985e-03, 1.2620e-06): lin 8 (1.6e-11)
	 #2 (7.1168e-05, 1.2575e+00): lin 8 (1.2e-11)
	 #3 (1.3141e-08, 4.0196e-06): lin 7 (5.2e-11)
-------------------------------------------------------------------------------------------------------------
 T = 42, DT = 2, NI = 3, LI = 23, RES = 4.4e-15 (1.8e-07), CFL=0.697 (ELAPSED 00:00:03 )
-------------------------------------------------------------------------------------------------------------
	 #1 (5.5524e-03, 1.2573e-06): lin 8 (1.5e-11)
	 #2 (7.2117e-05, 3.5711e-01): lin 8 (1.1e-11)
	 #3 (8.1244e-09, 1.8499e-03): lin 8 (6.1e-12)
-------------------------------------------------------------------------------------------------------------
 T = 44, DT = 2, NI = 3, LI = 24, RES = 4.7e-15 (1.4e-07), CFL=0.691 (ELAPSED 00:00:03 )
-------------------------------------------------------------------------------------------------------------
	 #1 (5.5071e-03, 1.1968e-06): lin 8 (1.4e-11)
	 #2 (8.4040e-05, 1.1641e+01): lin 8 (9.0e-12)
	 #3 (3.0526e-07, 6.0426e-02): lin 7 (7.0e-11)
-------------------------------------------------------------------------------------------------------------
 T = 46, DT = 2, NI = 3, LI = 23, RES = 3.1e-13 (9.9e-08), CFL=0.685 (ELAPSED 00:00:03 )
-------------------------------------------------------------------------------------------------------------
	 #1 (5.4624e-03, 1.1663e-06): lin 8 (1.4e-11)
	 #2 (7.1011e-05, 5.0450e-01): lin 8 (8.0e-12)
	 #3 (1.3525e-09, 7.2675e-05): lin 8 (6.5e-12)
-------------------------------------------------------------------------------------------------------------
 T = 48, DT = 2, NI = 3, LI = 24, RES = 4.3e-15 (6.7e-08), CFL=0.679 (ELAPSED 00:00:03 )
-------------------------------------------------------------------------------------------------------------
	 #1 (5.4183e-03, 1.2137e-06): lin 8 (1.3e-11)
	 #2 (7.4556e-05, 1.0615e+00): lin 8 (5.1e-12)
	 #3 (2.5317e-09, 2.1142e-05): lin 7 (9.8e-11)
-------------------------------------------------------------------------------------------------------------
 T = 50, DT = 2, NI = 3, LI = 23, RES = 4.3e-15 (1.3e-07), CFL=0.674 (ELAPSED 00:00:03 )
-------------------------------------------------------------------------------------------------------------
	 #1 (5.3749e-03, 1.1886e-06): lin 8 (1.3e-11)
	 #2 (6.5478e-05, 1.0055e+00): lin 8 (7.5e-12)
	 #3 (2.7511e-09, 8.2525e-05): lin 8 (4.9e-12)
-------------------------------------------------------------------------------------------------------------
 T = 52, DT = 2, NI = 3, LI = 24, RES = 4.0e-15 (8.7e-08), CFL=0.668 (ELAPSED 00:00:03 )
-------------------------------------------------------------------------------------------------------------
	 #1 (5.3319e-03, 1.1278e-06): lin 8 (1.2e-11)
	 #2 (7.4930e-05, 9.6290e+00): lin 8 (4.8e-12)
	 #3 (5.3890e-08, 1.2032e-02): lin 7 (9.5e-11)
-------------------------------------------------------------------------------------------------------------
 T = 54, DT = 2, NI = 3, LI = 23, RES = 6.1e-14 (1.2e-07), CFL=0.662 (ELAPSED 00:00:03 )
-------------------------------------------------------------------------------------------------------------
	 #1 (5.2895e-03, 1.1278e-06): lin 8 (1.2e-11)
	 #2 (5.6995e-05, 1.6309e+00): lin 8 (5.7e-12)
	 #3 (7.0806e-09, 1.5366e-04): lin 8 (5.4e-12)
-------------------------------------------------------------------------------------------------------------
 T = 56, DT = 2, NI = 3, LI = 24, RES = 4.1e-15 (1.2e-07), CFL=0.657 (ELAPSED 00:00:04 )
-------------------------------------------------------------------------------------------------------------
	 #1 (5.2477e-03, 1.1424e-06): lin 8 (1.2e-11)
	 #2 (4.0157e-05, 7.6852e+00): lin 8 (8.7e-12)
	 #3 (5.4779e-08, 1.2433e-02): lin 7 (4.3e-11)
-------------------------------------------------------------------------------------------------------------
 T = 58, DT = 2, NI = 3, LI = 23, RES = 1.1e-14 (8.6e-08), CFL=0.652 (ELAPSED 00:00:04 )
-------------------------------------------------------------------------------------------------------------
	 #1 (5.2066e-03, 1.1375e-06): lin 8 (1.2e-11)
	 #2 (5.0767e-05, 3.0599e+00): lin 8 (4.9e-12)
	 #3 (5.4664e-09, 5.0896e-06): lin 8 (5.0e-12)
-------------------------------------------------------------------------------------------------------------
 T = 60, DT = 2, NI = 3, LI = 24, RES = 4.1e-15 (5.5e-08), CFL=0.646 (ELAPSED 00:00:04 )
-------------------------------------------------------------------------------------------------------------
	 #1 (5.1659e-03, 1.1560e-06): lin 8 (1.1e-11)
	 #2 (6.3587e-05, 9.4998e-01): lin 8 (7.0e-12)
	 #3 (4.5913e-09, 5.2447e-06): lin 8 (4.9e-12)
-------------------------------------------------------------------------------------------------------------
 T = 62, DT = 2, NI = 3, LI = 24, RES = 4.6e-15 (5.6e-08), CFL=0.641 (ELAPSED 00:00:04 )
-------------------------------------------------------------------------------------------------------------
	 #1 (5.1258e-03, 1.1083e-06): lin 8 (1.1e-11)
	 #2 (4.7996e-05, 9.3915e-01): lin 8 (8.6e-12)
	 #3 (2.5584e-08, 2.9914e-07): lin 7 (7.2e-11)
-------------------------------------------------------------------------------------------------------------
 T = 64, DT = 2, NI = 3, LI = 23, RES = 4.3e-15 (1.0e-07), CFL=0.636 (ELAPSED 00:00:04 )
-------------------------------------------------------------------------------------------------------------
	 #1 (5.0861e-03, 1.0797e-06): lin 8 (1.0e-11)
	 #2 (6.2976e-05, 9.3228e-01): lin 8 (6.1e-12)
	 #3 (1.0915e-08, 4.2148e-05): lin 7 (3.8e-11)
-------------------------------------------------------------------------------------------------------------
 T = 66, DT = 2, NI = 3, LI = 23, RES = 4.2e-15 (1.4e-07), CFL=0.631 (ELAPSED 00:00:04 )
-------------------------------------------------------------------------------------------------------------
	 #1 (5.0470e-03, 1.0469e-06): lin 8 (1.0e-11)
	 #2 (4.7174e-05, 4.5719e-01): lin 8 (6.5e-12)
	 #3 (6.7469e-09, 1.4561e-03): lin 7 (5.9e-11)
-------------------------------------------------------------------------------------------------------------
 T = 68, DT = 2, NI = 3, LI = 23, RES = 4.8e-15 (1.2e-07), CFL=0.626 (ELAPSED 00:00:04 )
-------------------------------------------------------------------------------------------------------------
	 #1 (5.0083e-03, 1.0212e-06): lin 8 (9.9e-12)
	 #2 (5.7227e-05, 1.0411e+01): lin 8 (5.6e-12)
	 #3 (3.8499e-08, 9.8028e-03): lin 8 (5.3e-12)
-------------------------------------------------------------------------------------------------------------
 T = 70, DT = 2, NI = 3, LI = 24, RES = 3.1e-14 (1.3e-07), CFL=0.621 (ELAPSED 00:00:04 )
-------------------------------------------------------------------------------------------------------------
	 #1 (4.9700e-03, 1.0147e-06): lin 8 (9.3e-12)
	 #2 (4.1289e-05, 5.1107e+00): lin 8 (6.1e-12)
	 #3 (1.1597e-08, 2.5139e-03): lin 8 (4.9e-12)
-------------------------------------------------------------------------------------------------------------
 T = 72, DT = 2, NI = 3, LI = 24, RES = 5.5e-15 (1.2e-07), CFL=0.616 (ELAPSED 00:00:04 )
-------------------------------------------------------------------------------------------------------------
	 #1 (4.9324e-03, 1.0193e-06): lin 8 (9.4e-12)
	 #2 (2.7781e-05, 1.5017e+00): lin 8 (6.5e-12)
	 #3 (1.5933e-09, 3.3610e-04): lin 7 (5.9e-11)
-------------------------------------------------------------------------------------------------------------
 T = 74, DT = 2, NI = 3, LI = 23, RES = 4.4e-15 (5.5e-08), CFL=0.611 (ELAPSED 00:00:05 )
-------------------------------------------------------------------------------------------------------------
	 #1 (4.8952e-03, 1.0054e-06): lin 8 (9.1e-12)
	 #2 (3.5539e-05, 1.2918e+00): lin 8 (7.3e-12)
	 #3 (2.5623e-09, 5.7316e-04): lin 8 (7.9e-12)
-------------------------------------------------------------------------------------------------------------
 T = 76, DT = 2, NI = 3, LI = 24, RES = 4.5e-15 (1.1e-07), CFL=0.606 (ELAPSED 00:00:05 )
-------------------------------------------------------------------------------------------------------------
	 #1 (4.8584e-03, 9.9740e-07): lin 8 (8.7e-12)
	 #2 (3.0458e-05, 1.2431e+00): lin 8 (7.3e-12)
	 #3 (6.3848e-09, 1.2533e-03): lin 8 (4.9e-12)
-------------------------------------------------------------------------------------------------------------
 T = 78, DT = 2, NI = 3, LI = 24, RES = 4.2e-15 (1.3e-07), CFL=0.602 (ELAPSED 00:00:05 )
-------------------------------------------------------------------------------------------------------------
	 #1 (4.8222e-03, 9.9456e-07): lin 8 (8.5e-12)
	 #2 (3.7386e-05, 5.4406e+00): lin 8 (8.1e-12)
	 #3 (1.5239e-08, 3.4087e-03): lin 8 (4.4e-12)
-------------------------------------------------------------------------------------------------------------
 T = 80, DT = 2, NI = 3, LI = 24, RES = 6.1e-15 (2.0e-07), CFL=0.597 (ELAPSED 00:00:05 )
-------------------------------------------------------------------------------------------------------------
	 #1 (4.7863e-03, 9.8998e-07): lin 8 (8.0e-12)
	 #2 (3.0544e-05, 3.1485e+00): lin 8 (5.9e-12)
	 #3 (9.6515e-10, 2.0906e-04): lin 7 (7.9e-11)
-------------------------------------------------------------------------------------------------------------
 T = 82, DT = 2, NI = 3, LI = 23, RES = 4.3e-15 (9.9e-08), CFL=0.592 (ELAPSED 00:00:05 )
-------------------------------------------------------------------------------------------------------------
	 #1 (4.7509e-03, 9.6400e-07): lin 8 (7.8e-12)
	 #2 (4.5277e-05, 1.1393e+00): lin 8 (6.1e-12)
	 #3 (1.1969e-08, 2.5849e-03): lin 8 (4.3e-12)
-------------------------------------------------------------------------------------------------------------
 T = 84, DT = 2, NI = 3, LI = 24, RES = 5.0e-15 (3.2e-08), CFL=0.588 (ELAPSED 00:00:05 )
-------------------------------------------------------------------------------------------------------------
	 #1 (4.7159e-03, 9.4118e-07): lin 8 (7.5e-12)
	 #2 (4.8281e-05, 2.2698e+00): lin 8 (5.4e-12)
	 #3 (5.7274e-10, 1.8517e-05): lin 7 (6.0e-11)
-------------------------------------------------------------------------------------------------------------
 T = 86, DT = 2, NI = 3, LI = 23, RES = 4.4e-15 (1.2e-07), CFL=0.583 (ELAPSED 00:00:05 )
-------------------------------------------------------------------------------------------------------------
	 #1 (4.6813e-03, 9.3743e-07): lin 8 (7.3e-12)
	 #2 (3.2549e-05, 2.2305e+00): lin 8 (8.3e-12)
	 #3 (4.2485e-09, 9.6015e-04): lin 7 (8.8e-11)
-------------------------------------------------------------------------------------------------------------
 T = 88, DT = 2, NI = 3, LI = 23, RES = 4.3e-15 (7.6e-08), CFL=0.579 (ELAPSED 00:00:05 )
-------------------------------------------------------------------------------------------------------------
	 #1 (4.6472e-03, 9.1565e-07): lin 8 (7.3e-12)
	 #2 (3.3184e-05, 5.2499e+00): lin 7 (9.2e-11)
	 #3 (7.0218e-09, 1.8307e-03): lin 7 (8.6e-11)
-------------------------------------------------------------------------------------------------------------
 T = 90, DT = 2, NI = 3, LI = 22, RES = 4.6e-15 (5.6e-08), CFL=0.574 (ELAPSED 00:00:05 )
-------------------------------------------------------------------------------------------------------------
	 #1 (4.6135e-03, 8.8428e-07): lin 8 (7.2e-12)
	 #2 (3.7926e-05, 9.4365e+00): lin 8 (5.7e-12)
-------------------------------------------------------------------------------------------------------------
 T = 92, DT = 2, NI = 2, LI = 16, RES = 3.9e-09 (8.2e-07), CFL=0.570 (ELAPSED 00:00:05 )
-------------------------------------------------------------------------------------------------------------
	 #1 (4.5801e-03, 1.2786e-06): lin 8 (6.8e-12)
	 #2 (3.5728e-05, 7.0999e-01): lin 7 (5.6e-11)
	 #3 (1.9586e-10, 6.0648e-06): lin 7 (6.3e-11)
-------------------------------------------------------------------------------------------------------------
 T = 94, DT = 2, NI = 3, LI = 22, RES = 4.4e-15 (2.0e-07), CFL=0.566 (ELAPSED 00:00:05 )
-------------------------------------------------------------------------------------------------------------
	 #1 (4.5472e-03, 9.6567e-07): lin 8 (6.7e-12)
	 #2 (4.0188e-05, 6.7456e-01): lin 7 (9.2e-11)
	 #3 (6.9089e-10, 1.0886e-04): lin 8 (5.3e-12)
-------------------------------------------------------------------------------------------------------------
 T = 96, DT = 2, NI = 3, LI = 23, RES = 4.6e-15 (3.2e-08), CFL=0.562 (ELAPSED 00:00:06 )
-------------------------------------------------------------------------------------------------------------
	 #1 (4.5147e-03, 1.1763e-06): lin 8 (6.6e-12)
	 #2 (2.1135e-05, 6.5941e-01): lin 7 (5.6e-11)
-------------------------------------------------------------------------------------------------------------
 T = 98, DT = 2, NI = 2, LI = 15, RES = 7.5e-10 (4.0e-07), CFL=0.557 (ELAPSED 00:00:06 )
-------------------------------------------------------------------------------------------------------------
	 #1 (4.4824e-03, 1.3198e-06): lin 8 (6.4e-12)
	 #2 (1.6933e-05, 6.5799e-01): lin 7 (8.4e-11)
-------------------------------------------------------------------------------------------------------------
 T = 100, DT = 2, NI = 2, LI = 15, RES = 7.4e-11 (8.0e-08), CFL=0.553 (ELAPSED 00:00:06 )
-------------------------------------------------------------------------------------------------------------
	 #1 (4.4506e-03, 1.3551e-06): lin 8 (6.2e-12)
	 #2 (2.5686e-05, 6.2888e-01): lin 7 (6.3e-11)
-------------------------------------------------------------------------------------------------------------
 T = 102, DT = 2, NI = 2, LI = 15, RES = 2.1e-10 (4.0e-07), CFL=0.549 (ELAPSED 00:00:06 )
-------------------------------------------------------------------------------------------------------------
	 #1 (4.4192e-03, 1.2663e-06): lin 8 (6.1e-12)
	 #2 (1.5765e-05, 7.3896e-02): lin 7 (6.9e-11)
	 #3 (4.1117e-10, 3.6387e-06): lin 7 (1.0e-11)
-------------------------------------------------------------------------------------------------------------
 T = 104, DT = 2, NI = 3, LI = 22, RES = 4.4e-15 (1.3e-07), CFL=0.545 (ELAPSED 00:00:06 )
-------------------------------------------------------------------------------------------------------------
	 #1 (4.3880e-03, 1.0711e-06): lin 8 (5.9e-12)
	 #2 (6.3087e-05, 3.5271e+00): lin 7 (2.4e-11)
	 #3 (2.2212e-08, 5.0976e-03): lin 7 (7.7e-11)
-------------------------------------------------------------------------------------------------------------
 T = 106, DT = 2, NI = 3, LI = 22, RES = 1.0e-14 (9.4e-08), CFL=0.541 (ELAPSED 00:00:06 )
-------------------------------------------------------------------------------------------------------------
	 #1 (4.3571e-03, 8.3841e-07): lin 8 (5.7e-12)
	 #2 (2.2908e-05, 2.2751e+00): lin 7 (7.2e-11)
	 #3 (1.1297e-09, 1.0121e-06): lin 7 (3.6e-11)
-------------------------------------------------------------------------------------------------------------
 T = 108, DT = 2, NI = 3, LI = 22, RES = 4.4e-15 (1.0e-07), CFL=0.537 (ELAPSED 00:00:06 )
-------------------------------------------------------------------------------------------------------------
	 #1 (4.3268e-03, 8.1739e-07): lin 8 (5.6e-12)
	 #2 (2.9818e-05, 4.3886e+00): lin 7 (5.1e-11)
	 #3 (1.5085e-08, 3.6940e-05): lin 7 (3.3e-11)
-------------------------------------------------------------------------------------------------------------
 T = 110, DT = 2, NI = 3, LI = 22, RES = 4.4e-15 (1.6e-07), CFL=0.533 (ELAPSED 00:00:06 )
-------------------------------------------------------------------------------------------------------------
	 #1 (4.2968e-03, 1.1925e-06): lin 8 (5.4e-12)
	 #2 (1.8491e-05, 5.8563e-01): lin 7 (4.8e-11)
-------------------------------------------------------------------------------------------------------------
 T = 112, DT = 2, NI = 2, LI = 15, RES = 1.0e-10 (5.2e-07), CFL=0.529 (ELAPSED 00:00:06 )
-------------------------------------------------------------------------------------------------------------
	 #1 (4.2671e-03, 1.4084e-06): lin 8 (5.3e-12)
	 #2 (4.4089e-05, 5.5532e-01): lin 7 (6.0e-11)
	 #3 (7.8839e-09, 4.5332e-05): lin 7 (2.3e-11)
-------------------------------------------------------------------------------------------------------------
 T = 114, DT = 2, NI = 3, LI = 22, RES = 4.5e-15 (5.5e-08), CFL=0.526 (ELAPSED 00:00:06 )
-------------------------------------------------------------------------------------------------------------
	 #1 (4.2376e-03, 1.3249e-06): lin 8 (5.2e-12)
	 #2 (2.7890e-05, 1.1470e-01): lin 7 (9.2e-11)
	 #3 (1.9557e-09, 3.4348e-05): lin 7 (4.1e-11)
-------------------------------------------------------------------------------------------------------------
 T = 116, DT = 2, NI = 3, LI = 22, RES = 4.4e-15 (1.7e-07), CFL=0.522 (ELAPSED 00:00:06 )
-------------------------------------------------------------------------------------------------------------
	 #1 (4.2085e-03, 1.0162e-06): lin 8 (5.1e-12)
	 #2 (1.4706e-05, 4.6319e-01): lin 8 (4.7e-12)
	 #3 (5.8153e-09, 2.1856e-04): lin 7 (2.4e-11)
-------------------------------------------------------------------------------------------------------------
 T = 118, DT = 2, NI = 3, LI = 23, RES = 4.6e-15 (1.3e-07), CFL=0.518 (ELAPSED 00:00:06 )
-------------------------------------------------------------------------------------------------------------
	 #1 (4.1797e-03, 7.8071e-07): lin 8 (5.0e-12)
	 #2 (4.1287e-05, 7.1054e+00): lin 7 (7.9e-11)
	 #3 (1.2369e-09, 1.3299e-04): lin 7 (3.7e-11)
-------------------------------------------------------------------------------------------------------------
 T = 120, DT = 2, NI = 3, LI = 22, RES = 4.2e-15 (2.7e-07), CFL=0.514 (ELAPSED 00:00:07 )
-------------------------------------------------------------------------------------------------------------
	 #1 (4.1513e-03, 1.1870e-06): lin 8 (4.9e-12)
	 #2 (2.6182e-05, 5.3177e-01): lin 7 (3.1e-11)
-------------------------------------------------------------------------------------------------------------
 T = 122, DT = 2, NI = 2, LI = 15, RES = 1.1e-10 (1.7e-07), CFL=0.511 (ELAPSED 00:00:07 )
-------------------------------------------------------------------------------------------------------------
	 #1 (4.1232e-03, 1.4465e-06): lin 8 (4.7e-12)
	 #2 (1.6039e-05, 5.0833e-01): lin 7 (5.8e-11)
	 #3 (7.4364e-10, 1.0946e-05): lin 7 (5.8e-11)
-------------------------------------------------------------------------------------------------------------
 T = 124, DT = 2, NI = 3, LI = 22, RES = 4.4e-15 (7.3e-08), CFL=0.507 (ELAPSED 00:00:07 )
-------------------------------------------------------------------------------------------------------------
	 #1 (4.0953e-03, 1.2347e-06): lin 8 (4.6e-12)
	 #2 (2.3612e-05, 3.4120e+00): lin 7 (3.6e-11)
	 #3 (1.2273e-09, 2.7749e-04): lin 7 (5.0e-11)
-------------------------------------------------------------------------------------------------------------
 T = 126, DT = 2, NI = 3, LI = 22, RES = 4.3e-15 (1.1e-07), CFL=0.504 (ELAPSED 00:00:07 )
-------------------------------------------------------------------------------------------------------------
	 #1 (4.0677e-03, 8.1374e-07): lin 8 (4.5e-12)
	 #2 (1.6082e-05, 2.6273e+00): lin 7 (8.2e-11)
	 #3 (2.2395e-10, 1.3367e-05): lin 7 (4.8e-11)
-------------------------------------------------------------------------------------------------------------
 T = 128, DT = 2, NI = 3, LI = 22, RES = 4.3e-15 (2.4e-07), CFL=0.500 (ELAPSED 00:00:07 )
-------------------------------------------------------------------------------------------------------------
	 #1 (4.0405e-03, 1.0776e-06): lin 8 (4.3e-12)
	 #2 (2.9577e-05, 5.0393e-01): lin 7 (5.1e-11)
	 #3 (2.6583e-10, 2.5937e-05): lin 7 (2.0e-11)
-------------------------------------------------------------------------------------------------------------
 T = 130, DT = 2, NI = 3, LI = 22, RES = 4.4e-15 (9.1e-08), CFL=0.497 (ELAPSED 00:00:07 )
-------------------------------------------------------------------------------------------------------------
	 #1 (4.0135e-03, 1.4469e-06): lin 8 (4.3e-12)
	 #2 (1.7990e-05, 2.0889e-01): lin 7 (5.6e-11)
	 #3 (6.8048e-11, 9.3036e-06): lin 8 (3.8e-12)
-------------------------------------------------------------------------------------------------------------
 T = 132, DT = 2, NI = 3, LI = 23, RES = 4.6e-15 (4.2e-08), CFL=0.493 (ELAPSED 00:00:07 )
-------------------------------------------------------------------------------------------------------------
	 #1 (3.9868e-03, 1.2507e-06): lin 7 (9.9e-11)
	 #2 (1.6972e-05, 9.2681e-01): lin 7 (8.0e-11)
	 #3 (3.1412e-10, 1.0039e-04): lin 8 (3.9e-12)
-------------------------------------------------------------------------------------------------------------
 T = 134, DT = 2, NI = 3, LI = 22, RES = 4.5e-15 (6.7e-08), CFL=0.490 (ELAPSED 00:00:07 )
-------------------------------------------------------------------------------------------------------------
	 #1 (3.9604e-03, 7.1307e-07): lin 7 (9.7e-11)
	 #2 (4.0618e-05, 4.8009e+00): lin 7 (3.7e-11)
	 #3 (2.8788e-10, 1.0084e-04): lin 7 (4.6e-11)
-------------------------------------------------------------------------------------------------------------
 T = 136, DT = 2, NI = 3, LI = 21, RES = 4.5e-15 (1.6e-07), CFL=0.486 (ELAPSED 00:00:07 )
-------------------------------------------------------------------------------------------------------------
	 #1 (3.9343e-03, 1.3085e-06): lin 7 (9.6e-11)
	 #2 (1.7372e-05, 4.6795e-01): lin 7 (6.7e-11)
-------------------------------------------------------------------------------------------------------------
 T = 138, DT = 2, NI = 2, LI = 14, RES = 1.8e-10 (3.7e-07), CFL=0.483 (ELAPSED 00:00:07 )
-------------------------------------------------------------------------------------------------------------
	 #1 (3.9084e-03, 1.4373e-06): lin 7 (9.4e-11)
	 #2 (3.5594e-05, 3.3497e-01): lin 7 (4.1e-11)
	 #3 (2.9399e-09, 7.0128e-04): lin 7 (5.5e-11)
-------------------------------------------------------------------------------------------------------------
 T = 140, DT = 2, NI = 3, LI = 21, RES = 4.2e-15 (4.5e-08), CFL=0.480 (ELAPSED 00:00:07 )
-------------------------------------------------------------------------------------------------------------
	 #1 (3.8828e-03, 9.8594e-07): lin 7 (9.1e-11)
	 #2 (1.2604e-05, 7.7186e-01): lin 7 (4.7e-11)
	 #3 (2.9070e-10, 2.7918e-06): lin 7 (2.1e-11)
-------------------------------------------------------------------------------------------------------------
 T = 142, DT = 2, NI = 3, LI = 21, RES = 4.4e-15 (1.2e-07), CFL=0.476 (ELAPSED 00:00:08 )
-------------------------------------------------------------------------------------------------------------
	 #1 (3.8575e-03, 1.0425e-06): lin 7 (9.0e-11)
	 #2 (1.2058e-05, 4.4838e-01): lin 7 (3.2e-11)
-------------------------------------------------------------------------------------------------------------
 T = 144, DT = 2, NI = 2, LI = 14, RES = 3.9e-11 (4.6e-07), CFL=0.473 (ELAPSED 00:00:08 )
-------------------------------------------------------------------------------------------------------------
	 #1 (3.8324e-03, 1.4856e-06): lin 7 (8.8e-11)
	 #2 (1.3748e-05, 1.1149e-01): lin 7 (3.7e-11)
-------------------------------------------------------------------------------------------------------------
 T = 146, DT = 2, NI = 2, LI = 14, RES = 1.5e-10 (1.4e-07), CFL=0.470 (ELAPSED 00:00:08 )
-------------------------------------------------------------------------------------------------------------
	 #1 (3.8075e-03, 1.1110e-06): lin 7 (8.6e-11)
	 #2 (1.2312e-05, 3.0421e-01): lin 7 (3.6e-11)
-------------------------------------------------------------------------------------------------------------
 T = 148, DT = 2, NI = 2, LI = 14, RES = 1.3e-10 (1.4e-07), CFL=0.467 (ELAPSED 00:00:08 )
-------------------------------------------------------------------------------------------------------------
	 #1 (3.7830e-03, 9.1362e-07): lin 7 (8.4e-11)
	 #2 (1.5671e-05, 4.3130e-01): lin 7 (3.6e-11)
	 #3 (2.4024e-10, 3.3704e-06): lin 7 (4.8e-12)
-------------------------------------------------------------------------------------------------------------
 T = 150, DT = 2, NI = 3, LI = 21, RES = 4.4e-15 (1.3e-07), CFL=0.464 (ELAPSED 00:00:08 )
-------------------------------------------------------------------------------------------------------------
	 #1 (3.7587e-03, 1.5189e-06): lin 7 (9.6e-11)
	 #2 (2.8962e-05, 1.1872e-01): lin 7 (2.9e-11)
	 #3 (4.7948e-09, 1.1148e-03): lin 7 (4.3e-11)
-------------------------------------------------------------------------------------------------------------
 T = 152, DT = 2, NI = 3, LI = 21, RES = 4.4e-15 (4.0e-08), CFL=0.460 (ELAPSED 00:00:08 )
-------------------------------------------------------------------------------------------------------------
	 #1 (3.7345e-03, 1.1076e-06): lin 7 (9.2e-11)
	 #2 (2.1642e-05, 4.4470e+00): lin 7 (4.0e-11)
	 #3 (1.1105e-09, 6.4704e-05): lin 7 (4.4e-11)
-------------------------------------------------------------------------------------------------------------
 T = 154, DT = 2, NI = 3, LI = 21, RES = 4.4e-15 (1.2e-07), CFL=0.457 (ELAPSED 00:00:08 )
-------------------------------------------------------------------------------------------------------------
	 #1 (3.7107e-03, 9.9484e-07): lin 7 (9.0e-11)
	 #2 (3.1937e-05, 4.1602e-01): lin 7 (5.0e-11)
	 #3 (8.2947e-11, 3.0220e-05): lin 7 (3.7e-11)
-------------------------------------------------------------------------------------------------------------
 T = 156, DT = 2, NI = 3, LI = 21, RES = 4.2e-15 (1.3e-07), CFL=0.454 (ELAPSED 00:00:08 )
-------------------------------------------------------------------------------------------------------------
	 #1 (3.6872e-03, 1.5101e-06): lin 7 (8.8e-11)
	 #2 (8.7225e-06, 3.7990e-01): lin 7 (3.9e-11)
	 #3 (1.9821e-10, 9.3138e-06): lin 6 (7.6e-11)
-------------------------------------------------------------------------------------------------------------
 T = 158, DT = 2, NI = 3, LI = 20, RES = 4.5e-15 (1.9e-07), CFL=0.451 (ELAPSED 00:00:08 )
-------------------------------------------------------------------------------------------------------------
	 #1 (3.6637e-03, 9.9327e-07): lin 7 (8.6e-11)
	 #2 (7.9308e-06, 6.6466e-01): lin 7 (5.1e-11)
-------------------------------------------------------------------------------------------------------------
 T = 160, DT = 2, NI = 2, LI = 14, RES = 1.9e-11 (8.8e-07), CFL=0.448 (ELAPSED 00:00:08 )
-------------------------------------------------------------------------------------------------------------
	 #1 (3.6406e-03, 1.2960e-06): lin 7 (8.4e-11)
	 #2 (9.5315e-06, 3.8311e-01): lin 7 (4.6e-11)
	 #3 (1.1079e-10, 2.9384e-06): lin 7 (3.8e-11)
-------------------------------------------------------------------------------------------------------------
 T = 162, DT = 2, NI = 3, LI = 21, RES = 4.4e-15 (2.3e-07), CFL=0.445 (ELAPSED 00:00:08 )
-------------------------------------------------------------------------------------------------------------
	 #1 (3.6177e-03, 1.4480e-06): lin 7 (7.2e-11)
	 #2 (1.5111e-05, 1.5407e-01): lin 7 (4.2e-11)
	 #3 (9.3427e-11, 1.5150e-05): lin 7 (3.0e-11)
-------------------------------------------------------------------------------------------------------------
 T = 164, DT = 2, NI = 3, LI = 21, RES = 4.4e-15 (1.0e-07), CFL=0.442 (ELAPSED 00:00:08 )
-------------------------------------------------------------------------------------------------------------
	 #1 (3.5949e-03, 7.4861e-07): lin 7 (8.1e-11)
	 #2 (1.4622e-05, 4.3861e+00): lin 7 (5.0e-11)
	 #3 (5.8419e-11, 4.6204e-06): lin 7 (1.2e-11)
-------------------------------------------------------------------------------------------------------------
 T = 166, DT = 2, NI = 3, LI = 21, RES = 4.2e-15 (9.5e-08), CFL=0.439 (ELAPSED 00:00:09 )
-------------------------------------------------------------------------------------------------------------
	 #1 (3.5725e-03, 1.5317e-06): lin 7 (7.9e-11)
	 #2 (1.4865e-05, 1.8227e-01): lin 7 (2.8e-11)
	 #3 (8.6320e-11, 3.4427e-06): lin 7 (3.1e-11)
-------------------------------------------------------------------------------------------------------------
 T = 168, DT = 2, NI = 3, LI = 21, RES = 4.4e-15 (1.5e-07), CFL=0.437 (ELAPSED 00:00:09 )
-------------------------------------------------------------------------------------------------------------
	 #1 (3.5502e-03, 1.1913e-06): lin 7 (7.7e-11)
	 #2 (8.9651e-06, 5.4280e-01): lin 7 (2.7e-11)
-------------------------------------------------------------------------------------------------------------
 T = 170, DT = 2, NI = 2, LI = 14, RES = 4.4e-11 (7.2e-07), CFL=0.434 (ELAPSED 00:00:09 )
-------------------------------------------------------------------------------------------------------------
	 #1 (3.5282e-03, 1.1429e-06): lin 7 (7.6e-11)
	 #2 (1.4945e-05, 3.6032e-01): lin 7 (3.6e-11)
	 #3 (2.6760e-10, 2.4472e-06): lin 7 (2.0e-11)
-------------------------------------------------------------------------------------------------------------
 T = 172, DT = 2, NI = 3, LI = 21, RES = 4.2e-15 (2.5e-07), CFL=0.431 (ELAPSED 00:00:09 )
-------------------------------------------------------------------------------------------------------------
	 #1 (3.5063e-03, 1.4853e-06): lin 7 (7.4e-11)
	 #2 (1.0726e-05, 1.4561e-01): lin 7 (2.2e-11)
	 #3 (2.3315e-10, 5.5692e-05): lin 7 (2.4e-11)
-------------------------------------------------------------------------------------------------------------
 T = 174, DT = 2, NI = 3, LI = 21, RES = 4.0e-15 (1.1e-07), CFL=0.428 (ELAPSED 00:00:09 )
-------------------------------------------------------------------------------------------------------------
	 #1 (3.4846e-03, 7.2539e-07): lin 7 (7.3e-11)
	 #2 (1.9746e-05, 4.2317e+00): lin 7 (3.7e-11)
	 #3 (2.4712e-10, 2.9467e-05): lin 7 (1.9e-11)
-------------------------------------------------------------------------------------------------------------
 T = 176, DT = 2, NI = 3, LI = 21, RES = 3.9e-15 (1.1e-07), CFL=0.425 (ELAPSED 00:00:09 )
-------------------------------------------------------------------------------------------------------------
	 #1 (3.4632e-03, 1.5381e-06): lin 7 (7.2e-11)
	 #2 (1.2770e-05, 2.4832e-01): lin 7 (4.2e-11)
	 #3 (2.9986e-11, 2.2880e-06): lin 7 (3.0e-11)
-------------------------------------------------------------------------------------------------------------
 T = 178, DT = 2, NI = 3, LI = 21, RES = 3.8e-15 (1.1e-07), CFL=0.423 (ELAPSED 00:00:09 )
-------------------------------------------------------------------------------------------------------------
	 #1 (3.4419e-03, 1.0665e-06): lin 7 (7.0e-11)
	 #2 (1.2129e-05, 1.8849e+00): lin 7 (3.6e-11)
	 #3 (9.8985e-10, 6.6707e-06): lin 7 (2.2e-11)
-------------------------------------------------------------------------------------------------------------
 T = 180, DT = 2, NI = 3, LI = 21, RES = 3.8e-15 (2.2e-07), CFL=0.420 (ELAPSED 00:00:09 )
-------------------------------------------------------------------------------------------------------------
	 #1 (3.4209e-03, 1.4014e-06): lin 7 (6.8e-11)
	 #2 (1.2650e-05, 1.9811e-01): lin 7 (3.5e-11)
	 #3 (1.0217e-10, 6.3772e-06): lin 6 (9.2e-11)
-------------------------------------------------------------------------------------------------------------
 T = 182, DT = 2, NI = 3, LI = 20, RES = 3.9e-15 (1.0e-07), CFL=0.417 (ELAPSED 00:00:09 )
-------------------------------------------------------------------------------------------------------------
	 #1 (3.4001e-03, 1.3382e-06): lin 7 (6.7e-11)
	 #2 (9.1673e-06, 9.6378e-02): lin 7 (2.5e-11)
-------------------------------------------------------------------------------------------------------------
 T = 184, DT = 2, NI = 2, LI = 14, RES = 6.8e-11 (3.8e-07), CFL=0.415 (ELAPSED 00:00:09 )
-------------------------------------------------------------------------------------------------------------
	 #1 (3.3794e-03, 1.0342e-06): lin 7 (6.7e-11)
	 #2 (6.2960e-06, 3.2597e-01): lin 7 (4.0e-11)
-------------------------------------------------------------------------------------------------------------
 T = 186, DT = 2, NI = 2, LI = 14, RES = 8.4e-12 (2.8e-07), CFL=0.412 (ELAPSED 00:00:09 )
-------------------------------------------------------------------------------------------------------------
	 #1 (3.3590e-03, 1.4856e-06): lin 7 (6.6e-11)
	 #2 (9.7900e-06, 1.5986e-01): lin 7 (2.3e-11)
	 #3 (8.3088e-09, 1.8731e-03): lin 7 (1.3e-11)
-------------------------------------------------------------------------------------------------------------
 T = 188, DT = 2, NI = 3, LI = 21, RES = 2.9e-15 (9.3e-08), CFL=0.409 (ELAPSED 00:00:09 )
-------------------------------------------------------------------------------------------------------------
	 #1 (3.3386e-03, 6.7185e-07): lin 7 (6.5e-11)
	 #2 (1.7053e-05, 4.5776e+00): lin 7 (4.6e-11)
	 #3 (3.1168e-10, 1.2549e-05): lin 7 (1.7e-11)
-------------------------------------------------------------------------------------------------------------
 T = 190, DT = 2, NI = 3, LI = 21, RES = 2.6e-15 (1.1e-07), CFL=0.407 (ELAPSED 00:00:10 )
-------------------------------------------------------------------------------------------------------------
	 #1 (3.3186e-03, 1.5707e-06): lin 7 (6.3e-11)
	 #2 (7.2652e-06, 3.1042e-01): lin 7 (2.3e-11)
	 #3 (1.9974e-10, 3.1932e-05): lin 7 (2.0e-11)
-------------------------------------------------------------------------------------------------------------
 T = 192, DT = 2, NI = 3, LI = 21, RES = 2.2e-15 (2.0e-07), CFL=0.404 (ELAPSED 00:00:10 )
-------------------------------------------------------------------------------------------------------------
	 #1 (3.2986e-03, 8.0198e-07): lin 7 (6.2e-11)
	 #2 (1.6942e-05, 2.8759e+00): lin 7 (3.1e-11)
	 #3 (6.6581e-11, 1.5217e-05): lin 7 (7.2e-12)
-------------------------------------------------------------------------------------------------------------
 T = 194, DT = 2, NI = 3, LI = 21, RES = 2.2e-15 (1.6e-07), CFL=0.402 (ELAPSED 00:00:10 )
-------------------------------------------------------------------------------------------------------------
	 #1 (3.2789e-03, 1.5947e-06): lin 7 (6.1e-11)
	 #2 (9.7465e-06, 4.3820e-01): lin 7 (2.9e-11)
	 #3 (4.3224e-10, 9.6500e-05): lin 7 (2.7e-11)
-------------------------------------------------------------------------------------------------------------
 T = 196, DT = 2, NI = 3, LI = 21, RES = 2.2e-15 (2.3e-07), CFL=0.399 (ELAPSED 00:00:10 )
-------------------------------------------------------------------------------------------------------------
	 #1 (3.2593e-03, 9.3027e-07): lin 7 (5.7e-11)
	 #2 (1.1397e-05, 1.4571e+00): lin 7 (2.8e-11)
	 #3 (1.1051e-10, 7.9603e-06): lin 7 (8.0e-12)
-------------------------------------------------------------------------------------------------------------
 T = 198, DT = 2, NI = 3, LI = 21, RES = 2.2e-15 (1.2e-07), CFL=0.397 (ELAPSED 00:00:10 )
-------------------------------------------------------------------------------------------------------------
	 #1 (3.2400e-03, 1.5707e-06): lin 7 (5.7e-11)
	 #2 (1.1954e-05, 4.3731e-01): lin 7 (3.1e-11)
	 #3 (1.9938e-10, 2.2374e-05): lin 7 (4.9e-12)
-------------------------------------------------------------------------------------------------------------
 T = 200, DT = 2, NI = 3, LI = 21, RES = 2.1e-15 (1.6e-07), CFL=0.394 (ELAPSED 00:00:10 )
-------------------------------------------------------------------------------------------------------------
	 #1 (3.2207e-03, 1.0312e-06): lin 7 (5.5e-11)
	 #2 (9.1813e-06, 5.6101e-01): lin 7 (3.0e-11)
-------------------------------------------------------------------------------------------------------------
 T = 202, DT = 2, NI = 2, LI = 14, RES = 1.5e-11 (3.8e-07), CFL=0.392 (ELAPSED 00:00:10 )
-------------------------------------------------------------------------------------------------------------
	 #1 (3.2018e-03, 1.5421e-06): lin 7 (5.5e-11)
	 #2 (6.8938e-06, 4.1923e-01): lin 7 (2.1e-11)
	 #3 (1.0027e-10, 2.2452e-05): lin 7 (1.8e-11)
-------------------------------------------------------------------------------------------------------------
 T = 204, DT = 2, NI = 3, LI = 21, RES = 2.3e-15 (1.2e-07), CFL=0.389 (ELAPSED 00:00:10 )
-------------------------------------------------------------------------------------------------------------
	 #1 (3.1828e-03, 1.0770e-06): lin 7 (5.3e-11)
	 #2 (6.9884e-06, 3.2773e-01): lin 7 (2.4e-11)
	 #3 (1.0891e-10, 1.2933e-06): lin 6 (9.1e-11)
-------------------------------------------------------------------------------------------------------------
 T = 206, DT = 2, NI = 3, LI = 20, RES = 2.2e-15 (7.7e-08), CFL=0.387 (ELAPSED 00:00:10 )
-------------------------------------------------------------------------------------------------------------
	 #1 (3.1642e-03, 1.5327e-06): lin 7 (5.2e-11)
	 #2 (1.2086e-05, 4.2236e-01): lin 7 (2.2e-11)
	 #3 (5.6033e-10, 1.2455e-04): lin 7 (1.3e-11)
-------------------------------------------------------------------------------------------------------------
 T = 208, DT = 2, NI = 3, LI = 21, RES = 2.2e-15 (1.9e-07), CFL=0.385 (ELAPSED 00:00:10 )
-------------------------------------------------------------------------------------------------------------
	 #1 (3.1456e-03, 1.0777e-06): lin 7 (5.3e-11)
	 #2 (5.7133e-06, 3.5107e-01): lin 7 (2.1e-11)
-------------------------------------------------------------------------------------------------------------
 T = 210, DT = 2, NI = 2, LI = 14, RES = 1.9e-10 (1.8e-07), CFL=0.382 (ELAPSED 00:00:10 )
-------------------------------------------------------------------------------------------------------------
	 #1 (3.1272e-03, 1.5521e-06): lin 7 (5.0e-11)
	 #2 (7.4131e-06, 4.4661e-01): lin 7 (2.4e-11)
	 #3 (1.8806e-10, 7.7255e-06): lin 6 (9.1e-11)
-------------------------------------------------------------------------------------------------------------
 T = 212, DT = 2, NI = 3, LI = 20, RES = 2.2e-15 (8.2e-08), CFL=0.380 (ELAPSED 00:00:10 )
-------------------------------------------------------------------------------------------------------------
	 #1 (3.1089e-03, 1.0324e-06): lin 7 (4.9e-11)
	 #2 (1.9081e-05, 7.2559e-01): lin 7 (2.4e-11)
	 #3 (7.1948e-11, 1.4470e-05): lin 7 (1.3e-11)
-------------------------------------------------------------------------------------------------------------
 T = 214, DT = 2, NI = 3, LI = 21, RES = 2.2e-15 (1.8e-07), CFL=0.378 (ELAPSED 00:00:11 )
-------------------------------------------------------------------------------------------------------------
	 #1 (3.0910e-03, 1.5873e-06): lin 7 (5.1e-11)
	 #2 (7.6512e-06, 4.4375e-01): lin 7 (1.8e-11)
	 #3 (1.2795e-09, 9.0447e-06): lin 7 (1.2e-11)
-------------------------------------------------------------------------------------------------------------
 T = 216, DT = 2, NI = 3, LI = 21, RES = 2.2e-15 (8.2e-08), CFL=0.375 (ELAPSED 00:00:11 )
-------------------------------------------------------------------------------------------------------------
	 #1 (3.0730e-03, 9.4056e-07): lin 7 (4.9e-11)
	 #2 (1.8654e-05, 1.0782e+00): lin 7 (1.8e-11)
	 #3 (1.3168e-10, 1.9769e-05): lin 7 (4.1e-12)
-------------------------------------------------------------------------------------------------------------
 T = 218, DT = 2, NI = 3, LI = 21, RES = 2.2e-15 (1.6e-07), CFL=0.373 (ELAPSED 00:00:11 )
-------------------------------------------------------------------------------------------------------------
	 #1 (3.0553e-03, 1.6107e-06): lin 7 (4.9e-11)
	 #2 (6.8793e-06, 3.7477e-01): lin 7 (2.7e-11)
	 #3 (4.7734e-10, 7.3087e-05): lin 7 (1.1e-11)
-------------------------------------------------------------------------------------------------------------
 T = 220, DT = 2, NI = 3, LI = 21, RES = 2.1e-15 (8.4e-08), CFL=0.371 (ELAPSED 00:00:11 )
-------------------------------------------------------------------------------------------------------------
	 #1 (3.0376e-03, 8.4838e-07): lin 7 (4.8e-11)
	 #2 (1.2655e-05, 2.2514e+00): lin 7 (2.2e-11)
	 #3 (1.2413e-10, 1.3973e-05): lin 7 (1.8e-11)
-------------------------------------------------------------------------------------------------------------
 T = 222, DT = 2, NI = 3, LI = 21, RES = 2.2e-15 (1.3e-07), CFL=0.368 (ELAPSED 00:00:11 )
-------------------------------------------------------------------------------------------------------------
	 #1 (3.0202e-03, 1.5835e-06): lin 7 (4.7e-11)
	 #2 (1.1985e-05, 8.2362e-02): lin 7 (1.8e-11)
	 #3 (4.6834e-10, 8.9407e-05): lin 7 (1.5e-11)
-------------------------------------------------------------------------------------------------------------
 T = 224, DT = 2, NI = 3, LI = 21, RES = 2.2e-15 (1.5e-07), CFL=0.366 (ELAPSED 00:00:11 )
-------------------------------------------------------------------------------------------------------------
	 #1 (3.0029e-03, 7.0455e-07): lin 7 (4.6e-11)
	 #2 (1.8395e-05, 3.8210e+00): lin 7 (1.9e-11)
	 #3 (1.1803e-10, 2.6038e-05): lin 7 (1.0e-11)
-------------------------------------------------------------------------------------------------------------
 T = 226, DT = 2, NI = 3, LI = 21, RES = 2.2e-15 (1.4e-07), CFL=0.364 (ELAPSED 00:00:11 )
-------------------------------------------------------------------------------------------------------------
	 #1 (2.9858e-03, 1.5579e-06): lin 7 (4.5e-11)
	 #2 (6.5229e-06, 2.0084e-01): lin 7 (2.1e-11)
-------------------------------------------------------------------------------------------------------------
 T = 228, DT = 2, NI = 2, LI = 14, RES = 8.6e-11 (4.7e-07), CFL=0.362 (ELAPSED 00:00:11 )
-------------------------------------------------------------------------------------------------------------
	 #1 (2.9688e-03, 9.2127e-07): lin 7 (4.5e-11)
	 #2 (8.7853e-06, 2.2743e-01): lin 7 (1.4e-11)
-------------------------------------------------------------------------------------------------------------
 T = 230, DT = 2, NI = 2, LI = 14, RES = 1.8e-11 (2.2e-07), CFL=0.360 (ELAPSED 00:00:11 )
-------------------------------------------------------------------------------------------------------------
	 #1 (2.9519e-03, 1.4236e-06): lin 7 (4.4e-11)
	 #2 (9.3921e-06, 2.0281e-01): lin 7 (2.2e-11)
-------------------------------------------------------------------------------------------------------------
 T = 232, DT = 2, NI = 2, LI = 14, RES = 2.3e-10 (3.3e-07), CFL=0.358 (ELAPSED 00:00:11 )
-------------------------------------------------------------------------------------------------------------
	 #1 (2.9351e-03, 1.3162e-06): lin 7 (4.3e-11)
	 #2 (2.2081e-05, 2.3515e-01): lin 7 (1.0e-11)
	 #3 (7.4810e-10, 1.8385e-04): lin 7 (1.4e-11)
-------------------------------------------------------------------------------------------------------------
 T = 234, DT = 2, NI = 3, LI = 21, RES = 2.2e-15 (6.9e-08), CFL=0.355 (ELAPSED 00:00:11 )
-------------------------------------------------------------------------------------------------------------
	 #1 (2.9185e-03, 1.2362e-06): lin 7 (4.2e-11)
	 #2 (6.6013e-06, 1.2187e+00): lin 7 (1.3e-11)
	 #3 (4.2568e-11, 2.5135e-06): lin 7 (1.9e-11)
-------------------------------------------------------------------------------------------------------------
 T = 236, DT = 2, NI = 3, LI = 21, RES = 2.2e-15 (1.6e-07), CFL=0.353 (ELAPSED 00:00:11 )
-------------------------------------------------------------------------------------------------------------
	 #1 (2.9021e-03, 1.5412e-06): lin 7 (4.1e-11)
	 #2 (8.6328e-06, 4.6679e-01): lin 7 (1.7e-11)
	 #3 (1.8862e-10, 3.9007e-05): lin 7 (1.3e-11)
-------------------------------------------------------------------------------------------------------------
 T = 238, DT = 2, NI = 3, LI = 21, RES = 2.2e-15 (1.6e-07), CFL=0.351 (ELAPSED 00:00:12 )
-------------------------------------------------------------------------------------------------------------
	 #1 (2.8857e-03, 9.3831e-07): lin 7 (4.1e-11)
	 #2 (8.3671e-06, 1.0704e+00): lin 7 (1.3e-11)
	 #3 (1.3608e-11, 1.7917e-06): lin 7 (1.8e-11)
-------------------------------------------------------------------------------------------------------------
 T = 240, DT = 2, NI = 3, LI = 21, RES = 2.3e-15 (2.0e-07), CFL=0.349 (ELAPSED 00:00:12 )
-------------------------------------------------------------------------------------------------------------
	 #1 (2.8696e-03, 1.6042e-06): lin 7 (4.0e-11)
	 #2 (1.4824e-05, 1.3948e-01): lin 7 (1.4e-11)
	 #3 (6.7764e-10, 1.6015e-04): lin 7 (1.4e-11)
-------------------------------------------------------------------------------------------------------------
 T = 242, DT = 2, NI = 3, LI = 21, RES = 2.0e-15 (7.8e-08), CFL=0.347 (ELAPSED 00:00:12 )
-------------------------------------------------------------------------------------------------------------
	 #1 (2.8535e-03, 6.7492e-07): lin 7 (3.9e-11)
	 #2 (1.2246e-05, 2.8520e+00): lin 7 (1.5e-11)
	 #3 (2.6140e-10, 1.3242e-05): lin 7 (6.0e-12)
-------------------------------------------------------------------------------------------------------------
 T = 244, DT = 2, NI = 3, LI = 21, RES = 2.1e-15 (1.9e-07), CFL=0.345 (ELAPSED 00:00:12 )
-------------------------------------------------------------------------------------------------------------
	 #1 (2.8376e-03, 1.4996e-06): lin 7 (3.9e-11)
	 #2 (4.0563e-06, 1.7946e-01): lin 7 (1.4e-11)
-------------------------------------------------------------------------------------------------------------
 T = 246, DT = 2, NI = 2, LI = 14, RES = 1.5e-10 (1.8e-07), CFL=0.343 (ELAPSED 00:00:12 )
-------------------------------------------------------------------------------------------------------------
	 #1 (2.8218e-03, 1.2807e-06): lin 7 (3.8e-11)
	 #2 (6.7088e-06, 2.7726e-01): lin 7 (2.0e-11)
	 #3 (5.1947e-11, 7.8542e-06): lin 7 (1.8e-11)
-------------------------------------------------------------------------------------------------------------
 T = 248, DT = 2, NI = 3, LI = 21, RES = 2.3e-15 (1.4e-07), CFL=0.341 (ELAPSED 00:00:12 )
-------------------------------------------------------------------------------------------------------------
	 #1 (2.8061e-03, 1.2099e-06): lin 7 (3.7e-11)
	 #2 (7.1989e-06, 1.1669e+00): lin 7 (1.4e-11)
	 #3 (7.9489e-11, 4.3678e-06): lin 7 (1.4e-11)
-------------------------------------------------------------------------------------------------------------
 T = 250, DT = 2, NI = 3, LI = 21, RES = 2.2e-15 (2.5e-07), CFL=0.339 (ELAPSED 00:00:12 )
-------------------------------------------------------------------------------------------------------------
	 #1 (2.7906e-03, 1.5911e-06): lin 7 (3.7e-11)
	 #2 (1.9264e-05, 3.6617e-01): lin 7 (1.5e-11)
	 #3 (1.4680e-09, 3.4175e-04): lin 7 (1.5e-11)
-------------------------------------------------------------------------------------------------------------
 T = 252, DT = 2, NI = 3, LI = 21, RES = 2.2e-15 (1.1e-07), CFL=0.337 (ELAPSED 00:00:12 )
-------------------------------------------------------------------------------------------------------------
	 #1 (2.7751e-03, 8.1714e-07): lin 7 (3.6e-11)
	 #2 (1.2265e-05, 2.2387e+00): lin 7 (1.6e-11)
	 #3 (2.9921e-11, 9.6081e-06): lin 7 (9.5e-12)
-------------------------------------------------------------------------------------------------------------
 T = 254, DT = 2, NI = 3, LI = 21, RES = 2.2e-15 (1.5e-07), CFL=0.335 (ELAPSED 00:00:12 )
-------------------------------------------------------------------------------------------------------------
	 #1 (2.7598e-03, 1.5562e-06): lin 7 (3.5e-11)
	 #2 (1.3916e-05, 1.6329e-01): lin 7 (1.6e-11)
	 #3 (1.1543e-09, 5.4074e-06): lin 7 (7.7e-12)
-------------------------------------------------------------------------------------------------------------
 T = 256, DT = 2, NI = 3, LI = 21, RES = 2.4e-15 (2.3e-07), CFL=0.333 (ELAPSED 00:00:12 )
-------------------------------------------------------------------------------------------------------------
	 #1 (2.7446e-03, 1.1255e-06): lin 7 (3.5e-11)
	 #2 (7.7986e-06, 1.0778e-01): lin 7 (1.3e-11)
-------------------------------------------------------------------------------------------------------------
 T = 258, DT = 2, NI = 2, LI = 14, RES = 1.1e-10 (9.3e-07), CFL=0.331 (ELAPSED 00:00:12 )
-------------------------------------------------------------------------------------------------------------
	 #1 (2.7295e-03, 1.3713e-06): lin 7 (3.4e-11)
	 #2 (1.8873e-05, 2.1603e+00): lin 7 (1.3e-11)
	 #3 (1.3301e-10, 2.3547e-05): lin 7 (7.6e-12)
-------------------------------------------------------------------------------------------------------------
 T = 260, DT = 2, NI = 3, LI = 21, RES = 2.2e-15 (1.2e-07), CFL=0.329 (ELAPSED 00:00:12 )
-------------------------------------------------------------------------------------------------------------
	 #1 (2.7147e-03, 1.5754e-06): lin 7 (3.4e-11)
	 #2 (5.3232e-06, 3.2929e-01): lin 7 (1.5e-11)
-------------------------------------------------------------------------------------------------------------
 T = 262, DT = 2, NI = 2, LI = 14, RES = 9.8e-12 (4.4e-08), CFL=0.327 (ELAPSED 00:00:13 )
-------------------------------------------------------------------------------------------------------------
	 #1 (2.6998e-03, 7.9142e-07): lin 7 (3.3e-11)
	 #2 (7.5658e-06, 2.3202e+00): lin 7 (1.8e-11)
	 #3 (3.4311e-10, 3.9610e-06): lin 6 (7.2e-11)
-------------------------------------------------------------------------------------------------------------
 T = 264, DT = 2, NI = 3, LI = 20, RES = 2.3e-15 (7.3e-08), CFL=0.326 (ELAPSED 00:00:13 )
-------------------------------------------------------------------------------------------------------------
	 #1 (2.6851e-03, 1.5294e-06): lin 7 (3.3e-11)
	 #2 (7.1298e-06, 1.5120e-01): lin 7 (6.9e-12)
-------------------------------------------------------------------------------------------------------------
 T = 266, DT = 2, NI = 2, LI = 14, RES = 4.5e-10 (1.5e-07), CFL=0.324 (ELAPSED 00:00:13 )
-------------------------------------------------------------------------------------------------------------
	 #1 (2.6705e-03, 1.2751e-06): lin 7 (3.2e-11)
	 #2 (9.6343e-06, 3.0896e-01): lin 7 (9.4e-12)
	 #3 (3.6643e-10, 8.3247e-05): lin 7 (1.5e-11)
-------------------------------------------------------------------------------------------------------------
 T = 268, DT = 2, NI = 3, LI = 21, RES = 2.2e-15 (1.5e-07), CFL=0.322 (ELAPSED 00:00:13 )
-------------------------------------------------------------------------------------------------------------
	 #1 (2.6560e-03, 1.1323e-06): lin 7 (3.1e-11)
	 #2 (5.9548e-06, 1.0718e+00): lin 7 (1.3e-11)
	 #3 (4.8066e-11, 1.9760e-06): lin 6 (8.6e-11)
-------------------------------------------------------------------------------------------------------------
 T = 270, DT = 2, NI = 3, LI = 20, RES = 2.4e-15 (1.5e-07), CFL=0.320 (ELAPSED 00:00:13 )
-------------------------------------------------------------------------------------------------------------
	 #1 (2.6417e-03, 1.6216e-06): lin 7 (3.1e-11)
	 #2 (9.1002e-06, 1.4838e-01): lin 7 (1.4e-11)
	 #3 (1.0674e-10, 2.3690e-06): lin 6 (1.4e-11)
-------------------------------------------------------------------------------------------------------------
 T = 272, DT = 2, NI = 3, LI = 20, RES = 2.3e-15 (1.6e-07), CFL=0.318 (ELAPSED 00:00:13 )
-------------------------------------------------------------------------------------------------------------
	 #1 (2.6274e-03, 7.3741e-07): lin 7 (3.1e-11)
	 #2 (5.1802e-06, 1.1467e-01): lin 7 (7.1e-12)
-------------------------------------------------------------------------------------------------------------
 T = 274, DT = 2, NI = 2, LI = 14, RES = 1.7e-10 (6.7e-07), CFL=0.316 (ELAPSED 00:00:13 )
-------------------------------------------------------------------------------------------------------------
	 #1 (2.6132e-03, 1.3759e-06): lin 7 (3.0e-11)
	 #2 (1.4175e-05, 1.0199e-01): lin 7 (1.3e-11)
	 #3 (3.5605e-11, 6.0704e-06): lin 6 (3.9e-11)
-------------------------------------------------------------------------------------------------------------
 T = 276, DT = 2, NI = 3, LI = 20, RES = 2.3e-15 (1.6e-07), CFL=0.315 (ELAPSED 00:00:13 )
-------------------------------------------------------------------------------------------------------------
	 #1 (2.5992e-03, 1.5319e-06): lin 7 (3.0e-11)
	 #2 (3.9404e-06, 3.8311e-01): lin 7 (9.1e-12)
	 #3 (1.0094e-11, 1.9666e-06): lin 7 (1.3e-11)
-------------------------------------------------------------------------------------------------------------
 T = 278, DT = 2, NI = 3, LI = 21, RES = 2.3e-15 (1.3e-07), CFL=0.313 (ELAPSED 00:00:13 )
-------------------------------------------------------------------------------------------------------------
	 #1 (2.5852e-03, 8.0221e-07): lin 7 (2.8e-11)
	 #2 (1.0714e-05, 1.9196e+00): lin 7 (1.4e-11)
-------------------------------------------------------------------------------------------------------------
 T = 280, DT = 2, NI = 2, LI = 14, RES = 5.0e-11 (5.3e-07), CFL=0.311 (ELAPSED 00:00:13 )
-------------------------------------------------------------------------------------------------------------
	 #1 (2.5715e-03, 1.4981e-06): lin 7 (2.7e-11)
	 #2 (4.6683e-06, 3.8185e-01): lin 7 (1.1e-11)
-------------------------------------------------------------------------------------------------------------
 T = 282, DT = 2, NI = 2, LI = 14, RES = 5.4e-12 (4.9e-07), CFL=0.309 (ELAPSED 00:00:13 )
-------------------------------------------------------------------------------------------------------------
	 #1 (2.5577e-03, 1.3670e-06): lin 7 (2.7e-11)
	 #2 (4.8808e-06, 4.7952e-01): lin 7 (7.0e-12)
	 #3 (1.1961e-10, 2.6857e-05): lin 7 (1.3e-11)
-------------------------------------------------------------------------------------------------------------
 T = 284, DT = 2, NI = 3, LI = 21, RES = 2.3e-15 (1.8e-07), CFL=0.308 (ELAPSED 00:00:13 )
-------------------------------------------------------------------------------------------------------------
	 #1 (2.5441e-03, 9.9942e-07): lin 7 (2.6e-11)
	 #2 (6.0316e-06, 4.6507e-01): lin 7 (1.1e-11)
-------------------------------------------------------------------------------------------------------------
 T = 286, DT = 2, NI = 2, LI = 14, RES = 6.4e-12 (4.8e-07), CFL=0.306 (ELAPSED 00:00:14 )
-------------------------------------------------------------------------------------------------------------
	 #1 (2.5306e-03, 1.5844e-06): lin 7 (2.6e-11)
	 #2 (3.8436e-06, 1.3517e-01): lin 7 (8.8e-12)
-------------------------------------------------------------------------------------------------------------
 T = 288, DT = 2, NI = 2, LI = 14, RES = 5.3e-12 (2.5e-07), CFL=0.304 (ELAPSED 00:00:14 )
-------------------------------------------------------------------------------------------------------------
	 #1 (2.5172e-03, 1.1719e-06): lin 7 (2.6e-11)
	 #2 (9.5231e-06, 3.4921e-01): lin 7 (1.2e-11)
	 #3 (2.8246e-10, 6.6494e-05): lin 7 (1.1e-11)
-------------------------------------------------------------------------------------------------------------
 T = 290, DT = 2, NI = 3, LI = 21, RES = 2.3e-15 (8.9e-08), CFL=0.303 (ELAPSED 00:00:14 )
-------------------------------------------------------------------------------------------------------------
	 #1 (2.5038e-03, 1.0886e-06): lin 7 (2.5e-11)
	 #2 (4.5483e-06, 8.0923e-01): lin 7 (8.5e-12)
	 #3 (3.2073e-11, 1.0573e-06): lin 6 (2.1e-11)
-------------------------------------------------------------------------------------------------------------
 T = 292, DT = 2, NI = 3, LI = 20, RES = 2.3e-15 (2.0e-07), CFL=0.301 (ELAPSED 00:00:14 )
-------------------------------------------------------------------------------------------------------------
	 #1 (2.4906e-03, 1.6030e-06): lin 7 (2.6e-11)
	 #2 (4.5348e-06, 1.2484e-01): lin 7 (9.7e-12)
-------------------------------------------------------------------------------------------------------------
 T = 294, DT = 2, NI = 2, LI = 14, RES = 4.1e-12 (4.0e-07), CFL=0.299 (ELAPSED 00:00:14 )
-------------------------------------------------------------------------------------------------------------
	 #1 (2.4775e-03, 1.0545e-06): lin 7 (2.5e-11)
	 #2 (3.8084e-06, 3.2206e-01): lin 7 (7.8e-12)
-------------------------------------------------------------------------------------------------------------
 T = 296, DT = 2, NI = 2, LI = 14, RES = 1.1e-10 (5.5e-07), CFL=0.298 (ELAPSED 00:00:14 )
-------------------------------------------------------------------------------------------------------------
	 #1 (2.4644e-03, 1.1501e-06): lin 7 (2.5e-11)
	 #2 (7.1956e-06, 3.0820e-01): lin 7 (8.0e-12)
-------------------------------------------------------------------------------------------------------------
 T = 298, DT = 2, NI = 2, LI = 14, RES = 1.7e-11 (4.5e-07), CFL=0.296 (ELAPSED 00:00:14 )
-------------------------------------------------------------------------------------------------------------
	 #1 (2.4516e-03, 1.5895e-06): lin 7 (2.5e-11)
	 #2 (3.5156e-06, 1.1778e-01): lin 7 (1.0e-11)
-------------------------------------------------------------------------------------------------------------
 T = 300, DT = 2, NI = 2, LI = 14, RES = 2.1e-11 (9.1e-08), CFL=0.294 (ELAPSED 00:00:14 )
-------------------------------------------------------------------------------------------------------------
	 #1 (2.4387e-03, 1.0038e-06): lin 7 (2.2e-11)
	 #2 (9.2450e-06, 3.7258e-01): lin 7 (4.0e-12)
	 #3 (9.9999e-11, 2.3467e-05): lin 7 (6.1e-12)
-------------------------------------------------------------------------------------------------------------
 T = 302, DT = 2, NI = 3, LI = 21, RES = 2.3e-15 (1.4e-07), CFL=0.293 (ELAPSED 00:00:14 )
-------------------------------------------------------------------------------------------------------------
	 #1 (2.4260e-03, 1.1640e-06): lin 7 (2.2e-11)
	 #2 (4.0403e-06, 1.8519e-01): lin 7 (7.5e-12)
-------------------------------------------------------------------------------------------------------------
 T = 304, DT = 2, NI = 2, LI = 14, RES = 2.2e-10 (1.4e-07), CFL=0.291 (ELAPSED 00:00:14 )
-------------------------------------------------------------------------------------------------------------
	 #1 (2.4134e-03, 1.5770e-06): lin 7 (2.1e-11)
	 #2 (4.3388e-06, 1.1443e-01): lin 7 (7.8e-12)
-------------------------------------------------------------------------------------------------------------
 T = 306, DT = 2, NI = 2, LI = 14, RES = 9.9e-12 (2.4e-07), CFL=0.289 (ELAPSED 00:00:14 )
-------------------------------------------------------------------------------------------------------------
	 #1 (2.4008e-03, 1.0475e-06): lin 7 (2.1e-11)
	 #2 (4.9958e-06, 4.3651e-01): lin 7 (7.4e-12)
	 #3 (3.9380e-10, 1.1518e-06): lin 6 (4.8e-11)
-------------------------------------------------------------------------------------------------------------
 T = 308, DT = 2, NI = 3, LI = 20, RES = 2.4e-15 (1.2e-07), CFL=0.288 (ELAPSED 00:00:14 )
-------------------------------------------------------------------------------------------------------------
	 #1 (2.3883e-03, 1.1194e-06): lin 7 (2.1e-11)
	 #2 (7.8230e-06, 2.4322e-01): lin 7 (8.9e-12)
-------------------------------------------------------------------------------------------------------------
 T = 310, DT = 2, NI = 2, LI = 14, RES = 5.1e-10 (8.3e-08), CFL=0.286 (ELAPSED 00:00:14 )
-------------------------------------------------------------------------------------------------------------
	 #1 (2.3760e-03, 1.5669e-06): lin 7 (2.0e-11)
	 #2 (8.6661e-06, 1.0859e-01): lin 7 (1.0e-11)
	 #3 (1.2262e-11, 2.1170e-06): lin 7 (7.7e-12)
-------------------------------------------------------------------------------------------------------------
 T = 312, DT = 2, NI = 3, LI = 21, RES = 2.2e-15 (1.7e-07), CFL=0.285 (ELAPSED 00:00:14 )
-------------------------------------------------------------------------------------------------------------
	 #1 (2.3637e-03, 1.1761e-06): lin 7 (2.0e-11)
	 #2 (4.9855e-06, 4.9867e-01): lin 7 (7.4e-12)
	 #3 (9.0122e-11, 1.9161e-05): lin 7 (9.8e-12)
-------------------------------------------------------------------------------------------------------------
 T = 314, DT = 2, NI = 3, LI = 21, RES = 2.2e-15 (1.2e-07), CFL=0.283 (ELAPSED 00:00:15 )
-------------------------------------------------------------------------------------------------------------
	 #1 (2.3514e-03, 1.0154e-06): lin 7 (2.0e-11)
	 #2 (4.5103e-06, 5.9472e-01): lin 7 (8.1e-12)
	 #3 (1.6221e-11, 1.0124e-06): lin 7 (8.9e-12)
-------------------------------------------------------------------------------------------------------------
 T = 316, DT = 2, NI = 3, LI = 21, RES = 2.3e-15 (3.4e-07), CFL=0.282 (ELAPSED 00:00:15 )
-------------------------------------------------------------------------------------------------------------
	 #1 (2.3394e-03, 1.5433e-06): lin 7 (1.9e-11)
	 #2 (1.0413e-05, 1.0458e-01): lin 7 (7.8e-12)
	 #3 (1.6777e-11, 2.9524e-06): lin 7 (8.5e-12)
-------------------------------------------------------------------------------------------------------------
 T = 318, DT = 2, NI = 3, LI = 21, RES = 2.3e-15 (1.9e-07), CFL=0.280 (ELAPSED 00:00:15 )
-------------------------------------------------------------------------------------------------------------
	 #1 (2.3274e-03, 1.3404e-06): lin 7 (1.9e-11)
	 #2 (3.4690e-06, 4.8519e-01): lin 7 (6.6e-12)
-------------------------------------------------------------------------------------------------------------
 T = 320, DT = 2, NI = 2, LI = 14, RES = 1.0e-11 (4.3e-07), CFL=0.279 (ELAPSED 00:00:15 )
-------------------------------------------------------------------------------------------------------------
	 #1 (2.3153e-03, 8.6151e-07): lin 7 (1.9e-11)
	 #2 (6.4236e-06, 1.1799e+00): lin 7 (9.0e-12)
	 #3 (1.7418e-10, 1.5700e-06): lin 6 (5.9e-11)
-------------------------------------------------------------------------------------------------------------
 T = 322, DT = 2, NI = 3, LI = 20, RES = 2.3e-15 (1.5e-07), CFL=0.277 (ELAPSED 00:00:15 )
-------------------------------------------------------------------------------------------------------------
	 #1 (2.3036e-03, 1.4708e-06): lin 7 (1.8e-11)
	 #2 (4.9685e-06, 1.0498e-01): lin 7 (6.7e-12)
-------------------------------------------------------------------------------------------------------------
 T = 324, DT = 2, NI = 2, LI = 14, RES = 2.3e-10 (1.7e-07), CFL=0.276 (ELAPSED 00:00:15 )
-------------------------------------------------------------------------------------------------------------
	 #1 (2.2918e-03, 1.4716e-06): lin 7 (1.8e-11)
	 #2 (2.3988e-06, 1.8233e-01): lin 7 (5.0e-12)
	 #3 (1.1553e-11, 1.6334e-06): lin 7 (5.6e-12)
-------------------------------------------------------------------------------------------------------------
 T = 326, DT = 2, NI = 3, LI = 21, RES = 2.2e-15 (2.7e-07), CFL=0.274 (ELAPSED 00:00:15 )
-------------------------------------------------------------------------------------------------------------
	 #1 (2.2801e-03, 7.0068e-07): lin 7 (1.4e-11)
	 #2 (1.8179e-05, 2.1486e+00): lin 7 (5.2e-12)
	 #3 (1.1824e-10, 2.3025e-05): lin 7 (3.5e-12)
-------------------------------------------------------------------------------------------------------------
 T = 328, DT = 2, NI = 3, LI = 21, RES = 2.1e-15 (3.1e-07), CFL=0.273 (ELAPSED 00:00:15 )
-------------------------------------------------------------------------------------------------------------
	 #1 (2.2685e-03, 1.3052e-06): lin 7 (1.3e-11)
	 #2 (5.9740e-06, 1.0380e-01): lin 7 (4.2e-12)
-------------------------------------------------------------------------------------------------------------
 T = 330, DT = 2, NI = 2, LI = 14, RES = 7.4e-12 (2.9e-07), CFL=0.271 (ELAPSED 00:00:15 )
-------------------------------------------------------------------------------------------------------------
	 #1 (2.2570e-03, 1.5726e-06): lin 7 (1.3e-11)
	 #2 (8.0217e-06, 9.7707e-02): lin 7 (7.0e-12)
	 #3 (5.6803e-12, 1.2211e-06): lin 7 (8.3e-12)
-------------------------------------------------------------------------------------------------------------
 T = 332, DT = 2, NI = 3, LI = 21, RES = 2.1e-15 (7.9e-08), CFL=0.270 (ELAPSED 00:00:15 )
-------------------------------------------------------------------------------------------------------------
	 #1 (2.2455e-03, 9.3320e-07): lin 7 (1.3e-11)
	 #2 (3.8496e-06, 3.6993e-01): lin 7 (4.4e-12)
-------------------------------------------------------------------------------------------------------------
 T = 334, DT = 2, NI = 2, LI = 14, RES = 8.6e-11 (7.1e-07), CFL=0.268 (ELAPSED 00:00:15 )
-------------------------------------------------------------------------------------------------------------
	 #1 (2.2341e-03, 1.0826e-06): lin 7 (1.3e-11)
	 #2 (4.8611e-06, 5.3731e-01): lin 7 (5.6e-12)
-------------------------------------------------------------------------------------------------------------
 T = 336, DT = 2, NI = 2, LI = 14, RES = 6.1e-11 (4.8e-07), CFL=0.267 (ELAPSED 00:00:16 )
-------------------------------------------------------------------------------------------------------------
	 #1 (2.2229e-03, 1.5360e-06): lin 7 (1.3e-11)
	 #2 (3.9884e-06, 9.7565e-02): lin 7 (3.8e-12)
-------------------------------------------------------------------------------------------------------------
 T = 338, DT = 2, NI = 2, LI = 14, RES = 3.5e-12 (4.7e-07), CFL=0.266 (ELAPSED 00:00:16 )
-------------------------------------------------------------------------------------------------------------
	 #1 (2.2117e-03, 1.3492e-06): lin 7 (1.2e-11)
	 #2 (5.3925e-06, 4.1425e-01): lin 7 (6.4e-12)
	 #3 (1.0657e-09, 9.7533e-06): lin 7 (3.9e-12)
-------------------------------------------------------------------------------------------------------------
 T = 340, DT = 2, NI = 3, LI = 21, RES = 2.2e-15 (1.6e-07), CFL=0.264 (ELAPSED 00:00:16 )
-------------------------------------------------------------------------------------------------------------
	 #1 (2.2005e-03, 7.8771e-07): lin 7 (1.2e-11)
	 #2 (6.8246e-06, 1.3352e+00): lin 7 (5.3e-12)
	 #3 (8.2482e-11, 1.4748e-05): lin 7 (5.5e-12)
-------------------------------------------------------------------------------------------------------------
 T = 342, DT = 2, NI = 3, LI = 21, RES = 2.3e-15 (1.5e-07), CFL=0.263 (ELAPSED 00:00:16 )
-------------------------------------------------------------------------------------------------------------
	 #1 (2.1895e-03, 1.3644e-06): lin 7 (1.2e-11)
	 #2 (4.7224e-06, 3.7751e-01): lin 7 (6.4e-12)
	 #3 (9.9420e-12, 1.2204e-06): lin 7 (4.6e-12)
-------------------------------------------------------------------------------------------------------------
 T = 344, DT = 2, NI = 3, LI = 21, RES = 2.3e-15 (3.1e-07), CFL=0.261 (ELAPSED 00:00:16 )
-------------------------------------------------------------------------------------------------------------
	 #1 (2.1785e-03, 1.5347e-06): lin 7 (1.2e-11)
	 #2 (4.2699e-06, 9.4081e-02): lin 7 (4.8e-12)
-------------------------------------------------------------------------------------------------------------
 T = 346, DT = 2, NI = 2, LI = 14, RES = 9.4e-12 (3.0e-07), CFL=0.260 (ELAPSED 00:00:16 )
-------------------------------------------------------------------------------------------------------------
	 #1 (2.1676e-03, 9.0758e-07): lin 7 (1.2e-11)
	 #2 (9.2694e-06, 4.1536e-01): lin 7 (4.1e-12)
	 #3 (2.5102e-10, 5.7389e-05): lin 7 (7.1e-12)
-------------------------------------------------------------------------------------------------------------
 T = 348, DT = 2, NI = 3, LI = 21, RES = 2.3e-15 (2.2e-07), CFL=0.259 (ELAPSED 00:00:16 )
-------------------------------------------------------------------------------------------------------------
	 #1 (2.1567e-03, 1.0308e-06): lin 7 (1.2e-11)
	 #2 (3.4476e-06, 3.2041e-01): lin 7 (4.7e-12)
-------------------------------------------------------------------------------------------------------------
 T = 350, DT = 2, NI = 2, LI = 14, RES = 3.0e-11 (2.2e-07), CFL=0.257 (ELAPSED 00:00:16 )
-------------------------------------------------------------------------------------------------------------
	 #1 (2.1460e-03, 1.5100e-06): lin 7 (1.2e-11)
	 #2 (4.5112e-06, 8.8843e-02): lin 7 (5.7e-12)
-------------------------------------------------------------------------------------------------------------
 T = 352, DT = 2, NI = 2, LI = 14, RES = 5.9e-12 (2.2e-07), CFL=0.256 (ELAPSED 00:00:16 )
-------------------------------------------------------------------------------------------------------------
	 #1 (2.1353e-03, 1.4088e-06): lin 7 (1.1e-11)
	 #2 (5.4588e-06, 1.8959e-01): lin 7 (7.1e-12)
	 #3 (1.9445e-10, 4.2877e-05): lin 7 (6.7e-12)
-------------------------------------------------------------------------------------------------------------
 T = 354, DT = 2, NI = 3, LI = 21, RES = 2.2e-15 (2.3e-07), CFL=0.255 (ELAPSED 00:00:17 )
-------------------------------------------------------------------------------------------------------------
	 #1 (2.1247e-03, 6.7176e-07): lin 7 (1.1e-11)
	 #2 (6.8499e-06, 1.5571e+00): lin 7 (6.7e-12)
	 #3 (3.7850e-10, 8.1670e-05): lin 7 (7.0e-12)
-------------------------------------------------------------------------------------------------------------
 T = 356, DT = 2, NI = 3, LI = 21, RES = 2.2e-15 (1.3e-07), CFL=0.253 (ELAPSED 00:00:17 )
-------------------------------------------------------------------------------------------------------------
	 #1 (2.1141e-03, 1.2329e-06): lin 7 (1.1e-11)
	 #2 (2.9144e-06, 5.2724e-01): lin 7 (4.2e-12)
-------------------------------------------------------------------------------------------------------------
 T = 358, DT = 2, NI = 2, LI = 14, RES = 8.3e-12 (4.6e-07), CFL=0.252 (ELAPSED 00:00:17 )
-------------------------------------------------------------------------------------------------------------
	 #1 (2.1037e-03, 1.5251e-06): lin 7 (1.1e-11)
	 #2 (5.0143e-06, 8.1393e-02): lin 7 (4.6e-12)
-------------------------------------------------------------------------------------------------------------
 T = 360, DT = 2, NI = 2, LI = 14, RES = 5.3e-12 (3.5e-07), CFL=0.251 (ELAPSED 00:00:17 )
-------------------------------------------------------------------------------------------------------------
	 #1 (2.0933e-03, 1.2395e-06): lin 7 (1.1e-11)
	 #2 (3.3355e-06, 4.5267e-01): lin 7 (4.4e-12)
	 #3 (1.1697e-10, 8.6938e-06): lin 6 (3.3e-11)
-------------------------------------------------------------------------------------------------------------
 T = 362, DT = 2, NI = 3, LI = 20, RES = 2.3e-15 (2.5e-07), CFL=0.249 (ELAPSED 00:00:17 )
-------------------------------------------------------------------------------------------------------------
	 #1 (2.0829e-03, 8.0793e-07): lin 7 (1.1e-11)
	 #2 (7.4984e-06, 1.2847e+00): lin 7 (4.6e-12)
	 #3 (1.2909e-08, 2.9260e-03): lin 7 (3.2e-12)
-------------------------------------------------------------------------------------------------------------
 T = 364, DT = 2, NI = 3, LI = 21, RES = 2.3e-15 (8.9e-08), CFL=0.248 (ELAPSED 00:00:17 )
-------------------------------------------------------------------------------------------------------------
	 #1 (1.0363e-03, 6.5503e-07): lin 6 (7.7e-12)
	 #2 (1.5274e-06, 1.0691e-02): lin 6 (3.0e-12)
-------------------------------------------------------------------------------------------------------------
 T = 365, DT = 1, NI = 2, LI = 12, RES = 2.7e-11 (1.6e-07), CFL=0.124 (ELAPSED 00:00:17 )
-------------------------------------------------------------------------------------------------------------
