Processing mesh: 729 reservoir blocks, 2 well blocks, 1946 connections
Linear solver type is gmres+cpr
Engine: 	2-phase 4-component isothermal flow with kinetic reaction and diffusion CPU engine
OpenMP threads: 	2

START SIMULATION
-------------------------------------------------------------------------------------------------------------
Well PROD initialized with BHP-control
	 #1 (1.6480e-07, 4.0926e-01): lin 2 (1.1e-15)
	 #2 (2.0263e-13, 3.6196e-04): lin 2 (1.2e-14)
-------------------------------------------------------------------------------------------------------------
 T = 0.0001, DT = 0.0001, NI = 2, LI = 4, RES = 1.1e-16 (3.6e-10), CFL=0.000 (ELAPSED 00:00:00 )
-------------------------------------------------------------------------------------------------------------
	 #1 (2.4705e-07, 9.3652e-04): lin 2 (5.6e-15)
-------------------------------------------------------------------------------------------------------------
 T = 0.00025, DT = 0.00015, NI = 1, LI = 2, RES = 4.6e-13 (5.1e-08), CFL=0.000 (ELAPSED 00:00:00 )
-------------------------------------------------------------------------------------------------------------
	 #1 (3.7025e-07, 8.8185e-04): lin 2 (3.1e-15)
-------------------------------------------------------------------------------------------------------------
 T = 0.000475, DT = 0.000225, NI = 1, LI = 2, RES = 1.0e-12 (7.4e-08), CFL=0.000 (ELAPSED 00:00:00 )
-------------------------------------------------------------------------------------------------------------
	 #1 (5.5465e-07, 6.8160e-04): lin 2 (2.1e-14)
-------------------------------------------------------------------------------------------------------------
 T = 0.0008125, DT = 0.0003375, NI = 1, LI = 2, RES = 2.3e-12 (2.8e-07), CFL=0.000 (ELAPSED 00:00:00 )
-------------------------------------------------------------------------------------------------------------
	 #1 (8.3033e-07, 4.1415e-04): lin 2 (2.0e-13)
-------------------------------------------------------------------------------------------------------------
 T = 0.00131875, DT = 0.00050625, NI = 1, LI = 2, RES = 9.3e-12 (2.0e-07), CFL=0.000 (ELAPSED 00:00:00 )
-------------------------------------------------------------------------------------------------------------
	 #1 (1.2418e-06, 1.7299e-04): lin 2 (1.9e-12)
-------------------------------------------------------------------------------------------------------------
 T = 0.00207813, DT = 0.000759375, NI = 1, LI = 2, RES = 1.2e-11 (3.9e-07), CFL=0.000 (ELAPSED 00:00:00 )
-------------------------------------------------------------------------------------------------------------
	 #1 (1.8546e-06, 1.0458e-04): lin 2 (3.4e-13)
-------------------------------------------------------------------------------------------------------------
 T = 0.00321719, DT = 0.00113906, NI = 1, LI = 2, RES = 2.6e-11 (4.6e-07), CFL=0.000 (ELAPSED 00:00:00 )
-------------------------------------------------------------------------------------------------------------
	 #1 (2.7637e-06, 1.5684e-04): lin 2 (1.4e-14)
	 #2 (5.6853e-11, 1.6114e-06): lin 2 (6.2e-15)
-------------------------------------------------------------------------------------------------------------
 T = 0.00492578, DT = 0.00170859, NI = 2, LI = 4, RES = 1.2e-16 (2.8e-11), CFL=0.000 (ELAPSED 00:00:00 )
-------------------------------------------------------------------------------------------------------------
	 #1 (4.1054e-06, 2.3521e-04): lin 2 (2.8e-14)
	 #2 (1.4089e-09, 4.6620e-06): lin 2 (6.0e-15)
-------------------------------------------------------------------------------------------------------------
 T = 0.00748867, DT = 0.00256289, NI = 2, LI = 4, RES = 1.1e-16 (3.6e-11), CFL=0.000 (ELAPSED 00:00:00 )
-------------------------------------------------------------------------------------------------------------
	 #1 (6.0702e-06, 3.5269e-04): lin 2 (8.6e-13)
	 #2 (2.7136e-10, 1.4992e-05): lin 2 (1.5e-12)
-------------------------------------------------------------------------------------------------------------
 T = 0.011333, DT = 0.00384434, NI = 2, LI = 4, RES = 1.0e-16 (6.2e-11), CFL=0.000 (ELAPSED 00:00:00 )
-------------------------------------------------------------------------------------------------------------
	 #1 (8.9155e-06, 5.2876e-04): lin 2 (2.0e-11)
	 #2 (5.8069e-10, 4.6787e-05): lin 2 (3.6e-11)
-------------------------------------------------------------------------------------------------------------
 T = 0.0170995, DT = 0.0057665, NI = 2, LI = 4, RES = 1.2e-16 (6.9e-10), CFL=0.000 (ELAPSED 00:00:00 )
-------------------------------------------------------------------------------------------------------------
	 #1 (1.2971e-05, 7.9253e-04): lin 3 (1.6e-14)
	 #2 (3.4124e-09, 1.8468e-04): lin 3 (8.5e-15)
-------------------------------------------------------------------------------------------------------------
 T = 0.0257493, DT = 0.00864976, NI = 2, LI = 6, RES = 1.2e-16 (4.4e-09), CFL=0.000 (ELAPSED 00:00:00 )
-------------------------------------------------------------------------------------------------------------
	 #1 (1.8631e-05, 1.1875e-03): lin 2 (1.3e-11)
	 #2 (1.3769e-09, 4.1548e-04): lin 2 (2.8e-11)
-------------------------------------------------------------------------------------------------------------
 T = 0.0387239, DT = 0.0129746, NI = 2, LI = 4, RES = 9.7e-17 (3.7e-08), CFL=0.000 (ELAPSED 00:00:00 )
-------------------------------------------------------------------------------------------------------------
	 #1 (2.6321e-05, 1.7786e-03): lin 2 (8.4e-11)
	 #2 (3.2877e-09, 1.1698e-03): lin 3 (1.5e-14)
-------------------------------------------------------------------------------------------------------------
 T = 0.0581859, DT = 0.019462, NI = 2, LI = 5, RES = 1.5e-16 (2.9e-07), CFL=0.000 (ELAPSED 00:00:00 )
-------------------------------------------------------------------------------------------------------------
	 #1 (3.6475e-05, 2.6625e-03): lin 3 (7.1e-14)
	 #2 (5.8617e-09, 3.0185e-03): lin 3 (3.6e-14)
	 #3 (1.6977e-16, 2.1561e-06): lin 3 (1.2e-13)
-------------------------------------------------------------------------------------------------------------
 T = 0.0873788, DT = 0.0291929, NI = 3, LI = 9, RES = 1.0e-16 (5.0e-11), CFL=0.000 (ELAPSED 00:00:00 )
-------------------------------------------------------------------------------------------------------------
	 #1 (4.9624e-05, 3.9832e-03): lin 6 (5.7e-12)
	 #2 (1.4039e-08, 7.3380e-03): lin 6 (1.2e-11)
	 #3 (1.3647e-15, 3.1257e-06): lin 5 (2.0e-11)
-------------------------------------------------------------------------------------------------------------
 T = 0.131168, DT = 0.0437894, NI = 3, LI = 17, RES = 9.8e-17 (6.7e-10), CFL=0.000 (ELAPSED 00:00:00 )
-------------------------------------------------------------------------------------------------------------
	 #1 (6.6758e-05, 5.9550e-03): lin 7 (7.7e-11)
	 #2 (2.4474e-08, 1.7741e-02): lin 8 (3.4e-12)
	 #3 (3.6062e-15, 1.0575e-05): lin 6 (9.0e-12)
-------------------------------------------------------------------------------------------------------------
 T = 0.196852, DT = 0.0656841, NI = 3, LI = 21, RES = 1.0e-16 (4.2e-10), CFL=0.001 (ELAPSED 00:00:00 )
-------------------------------------------------------------------------------------------------------------
	 #1 (8.9943e-05, 8.8969e-03): lin 12 (6.4e-11)
	 #2 (3.8829e-08, 3.7593e-02): lin 11 (1.8e-11)
	 #3 (5.3038e-15, 5.1941e-05): lin 8 (2.3e-11)
-------------------------------------------------------------------------------------------------------------
 T = 0.295378, DT = 0.0985261, NI = 3, LI = 31, RES = 1.1e-16 (3.4e-09), CFL=0.001 (ELAPSED 00:00:00 )
-------------------------------------------------------------------------------------------------------------
	 #1 (1.2248e-04, 1.3283e-02): lin 32 (5.9e-11)
	 #2 (6.3708e-08, 7.9935e-02): lin 34 (1.8e-11)
	 #3 (2.0378e-14, 4.9340e-04): lin 31 (7.2e-12)
-------------------------------------------------------------------------------------------------------------
 T = 0.443168, DT = 0.147789, NI = 3, LI = 97, RES = 1.1e-16 (1.2e-07), CFL=0.002 (ELAPSED 00:00:00 )
-------------------------------------------------------------------------------------------------------------
	 #1 (1.6801e-04, 1.9816e-02): lin 27 (4.7e-11)
	 #2 (1.8465e-07, 3.3026e-01): lin 51 (5.8e-09) NC
	 #3 (2.2669e-12, 1.4169e-03): lin 51 (5.4e-07) NC
	 #4 (1.3538e-16, 6.8863e-06): lin 50 (5.4e-10) NC
-------------------------------------------------------------------------------------------------------------
 T = 0.664851, DT = 0.221684, NI = 4, LI = 179, RES = 1.3e-16 (5.4e-10), CFL=0.003 (ELAPSED 00:00:00 )
-------------------------------------------------------------------------------------------------------------
	 #1 (2.2941e-04, 2.9517e-02): lin 16 (5.3e-11)
	 #2 (1.9869e-07, 4.3041e-01): lin 21 (9.0e-11)
	 #3 (1.5540e-13, 5.4597e-03): lin 14 (4.6e-11)
	 #4 (1.4302e-16, 9.6013e-05): lin 17 (7.2e-11)
-------------------------------------------------------------------------------------------------------------
 T = 0.997377, DT = 0.332526, NI = 4, LI = 68, RES = 1.4e-16 (4.7e-09), CFL=0.005 (ELAPSED 00:00:00 )
-------------------------------------------------------------------------------------------------------------
	 #1 (3.0902e-04, 4.3848e-02): lin 15 (2.3e-11)
	 #2 (1.1267e-06, 9.5434e-01): lin 17 (7.1e-11)
	 #3 (1.6718e-12, 1.7872e-03): lin 12 (4.8e-11)
	 #4 (1.9027e-16, 1.2784e-03): lin 11 (5.6e-11)
	 #5 (1.7612e-16, 1.4156e-05): lin 15 (9.6e-11)
-------------------------------------------------------------------------------------------------------------
 T = 1.49617, DT = 0.498789, NI = 5, LI = 70, RES = 1.8e-16 (5.8e-09), CFL=0.008 (ELAPSED 00:00:00 )
-------------------------------------------------------------------------------------------------------------
	 #1 (4.0991e-04, 6.5044e-02): lin 17 (2.6e-11)
	 #2 (1.0676e-06, 9.9736e-01): lin 18 (8.3e-11)
	 #3 (3.6144e-12, 2.6250e-02): lin 12 (3.9e-11)
	 #4 (2.3448e-16, 1.2380e-02): lin 11 (3.1e-11)
	 #5 (2.3438e-16, 2.9852e-04): lin 11 (6.5e-11)
	 #6 (2.2332e-16, 1.0497e-05): lin 17 (4.9e-11)
-------------------------------------------------------------------------------------------------------------
 T = 2.24435, DT = 0.748183, NI = 6, LI = 86, RES = 2.4e-16 (2.0e-09), CFL=0.012 (ELAPSED 00:00:01 )
-------------------------------------------------------------------------------------------------------------
	 #1 (5.3347e-04, 9.6342e-02): lin 20 (5.5e-11)
Local chop applied in 2 block(s)
	 #2 (1.4752e-05, 4.0506e+00): lin 10 (4.1e-11)
Local chop applied in 2 block(s)
	 #3 (5.0916e-09, 5.8152e-02): lin 10 (5.7e-12)
Composition correction applied to solid in 0 block(s), to fluid in 2 block(s) with var corrections: 2 0 0 2 
Local chop applied in 2 block(s)
	 #4 (3.8634e-16, 6.2613e+02): lin 8 (9.0e-11)
Composition correction applied to solid in 0 block(s), to fluid in 2 block(s) with var corrections: 2 0 0 2 
Local chop applied in 2 block(s)
	 #5 (4.3085e-16, 2.5825e+03): lin 8 (3.2e-11)
Composition correction applied to solid in 0 block(s), to fluid in 2 block(s) with var corrections: 2 0 0 2 
Local chop applied in 2 block(s)
	 #6 (5.0694e-16, 6.8920e+03): lin 8 (1.3e-11)
Composition correction applied to solid in 0 block(s), to fluid in 2 block(s) with var corrections: 2 0 0 2 
Local chop applied in 2 block(s)
	 #7 (5.1321e-16, 1.5935e+04): lin 7 (7.6e-11)
Composition correction applied to solid in 0 block(s), to fluid in 2 block(s) with var corrections: 2 0 0 2 
Local chop applied in 2 block(s)
	 #8 (5.5472e-15, 3.4300e+04): lin 7 (2.5e-11)
Composition correction applied to solid in 0 block(s), to fluid in 2 block(s) with var corrections: 2 0 0 2 
Local chop applied in 2 block(s)
	 #9 (3.1132e-15, 6.9028e+04): lin 7 (1.1e-11)
Composition correction applied to solid in 0 block(s), to fluid in 2 block(s) with var corrections: 2 2 2 2 
Local chop applied in 2 block(s)
	 #10 (1.9853e-15, 1.0644e+05): lin 6 (9.6e-11)
Composition correction applied to solid in 0 block(s), to fluid in 2 block(s) with var corrections: 2 2 2 2 
	 #11 (1.4019e-14, 1.3064e+05): lin 5 (2.3e-11)
Composition correction applied to solid in 0 block(s), to fluid in 2 block(s) with var corrections: 0 2 2 0 
Local chop applied in 2 block(s)
	 #12 (3.1921e-15, 1.1106e+05): lin 6 (8.7e-11)
Composition correction applied to solid in 0 block(s), to fluid in 2 block(s) with var corrections: 2 2 2 2 
Local chop applied in 2 block(s)
	 #13 (1.1669e-14, 1.2918e+05): lin 5 (2.6e-11)
Composition correction applied to solid in 0 block(s), to fluid in 2 block(s) with var corrections: 0 2 2 0 
Local chop applied in 2 block(s)
	 #14 (3.4540e-15, 1.1119e+05): lin 6 (8.7e-11)
Composition correction applied to solid in 0 block(s), to fluid in 2 block(s) with var corrections: 2 2 2 2 
Local chop applied in 2 block(s)
	 #15 (1.1680e-14, 1.2921e+05): lin 5 (2.6e-11)
Composition correction applied to solid in 0 block(s), to fluid in 2 block(s) with var corrections: 0 2 2 0 
Local chop applied in 2 block(s)
	 #16 (3.4402e-15, 1.1119e+05): lin 6 (8.7e-11)
Composition correction applied to solid in 0 block(s), to fluid in 2 block(s) with var corrections: 2 2 2 2 
Local chop applied in 2 block(s)
	 #17 (1.1671e-14, 1.2921e+05): lin 5 (2.6e-11)
Composition correction applied to solid in 0 block(s), to fluid in 2 block(s) with var corrections: 0 2 2 0 
Local chop applied in 2 block(s)
	 #18 (3.4411e-15, 1.1119e+05): lin 6 (8.7e-11)
Composition correction applied to solid in 0 block(s), to fluid in 2 block(s) with var corrections: 2 2 2 2 
Local chop applied in 2 block(s)
FAILED TO CONVERGE WITH DT = 1.122 (newton residual wells) 
	 #1 (3.5564e-04, 6.4228e-02): lin 18 (6.0e-11)
	 #2 (7.8629e-06, 1.4004e+00): lin 8 (3.9e-12)
Local chop applied in 2 block(s)
	 #3 (1.3325e-09, 2.7218e-02): lin 7 (6.5e-12)
Local chop applied in 2 block(s)
	 #4 (2.5037e-16, 3.2911e-02): lin 6 (8.3e-11)
Composition correction applied to solid in 0 block(s), to fluid in 2 block(s) with var corrections: 2 0 0 2 
Local chop applied in 2 block(s)
	 #5 (2.5122e-16, 1.7921e+02): lin 6 (6.1e-11)
Composition correction applied to solid in 0 block(s), to fluid in 2 block(s) with var corrections: 2 0 0 2 
Local chop applied in 2 block(s)
	 #6 (2.3744e-16, 7.8751e+02): lin 6 (2.0e-11)
Composition correction applied to solid in 0 block(s), to fluid in 2 block(s) with var corrections: 2 0 0 2 
Local chop applied in 2 block(s)
	 #7 (2.2320e-16, 2.0262e+03): lin 6 (9.1e-12)
Composition correction applied to solid in 0 block(s), to fluid in 2 block(s) with var corrections: 2 0 0 2 
Local chop applied in 2 block(s)
	 #8 (2.3703e-16, 4.4659e+03): lin 5 (4.6e-11)
Composition correction applied to solid in 0 block(s), to fluid in 2 block(s) with var corrections: 2 0 0 2 
Local chop applied in 2 block(s)
	 #9 (6.9727e-16, 9.6528e+03): lin 5 (1.8e-11)
Composition correction applied to solid in 0 block(s), to fluid in 2 block(s) with var corrections: 2 0 0 2 
Local chop applied in 2 block(s)
	 #10 (5.3810e-16, 2.3031e+04): lin 5 (6.4e-12)
Composition correction applied to solid in 0 block(s), to fluid in 2 block(s) with var corrections: 2 0 0 2 
Local chop applied in 2 block(s)
	 #11 (3.9682e-16, 3.7704e+04): lin 4 (9.5e-11)
Composition correction applied to solid in 0 block(s), to fluid in 2 block(s) with var corrections: 2 0 0 2 
Local chop applied in 2 block(s)
	 #12 (5.1534e-15, 5.3072e+04): lin 4 (1.8e-11)
Composition correction applied to solid in 0 block(s), to fluid in 2 block(s) with var corrections: 2 2 2 2 
Local chop applied in 2 block(s)
	 #13 (1.1813e-15, 4.4679e+04): lin 4 (1.6e-11)
Composition correction applied to solid in 0 block(s), to fluid in 2 block(s) with var corrections: 0 2 2 0 
Local chop applied in 2 block(s)
	 #14 (8.3769e-16, 3.0824e+04): lin 4 (1.7e-11)
Local chop applied in 2 block(s)
	 #15 (6.6537e-16, 1.7374e+04): lin 4 (1.5e-11)
Local chop applied in 2 block(s)
	 #16 (4.1329e-16, 3.9973e+03): lin 4 (2.2e-11)
	 #17 (2.4872e-16, 4.1910e+01): lin 4 (7.9e-12)
	 #18 (2.2243e-16, 1.2432e-01): lin 4 (2.7e-11)
-------------------------------------------------------------------------------------------------------------
 T = 2.99253, DT = 0.748183, NI = 18, LI = 104, RES = 2.3e-16 (2.3e-07), CFL=0.012 (ELAPSED 00:00:01 )
-------------------------------------------------------------------------------------------------------------
	 #1 (4.7253e-04, 6.9441e-02): lin 11 (2.8e-11)
	 #2 (2.4455e-06, 3.0690e+00): lin 9 (1.6e-11)
	 #3 (9.1921e-10, 4.8373e-04): lin 9 (1.6e-11)
-------------------------------------------------------------------------------------------------------------
 T = 4.11481, DT = 1.12227, NI = 3, LI = 29, RES = 3.3e-16 (5.7e-09), CFL=0.019 (ELAPSED 00:00:01 )
-------------------------------------------------------------------------------------------------------------
	 #1 (6.1275e-04, 8.8236e-03): lin 14 (2.2e-11)
	 #2 (1.9891e-06, 4.7438e+00): lin 8 (1.3e-11)
	 #3 (4.1163e-09, 1.5306e-05): lin 9 (3.5e-11)
-------------------------------------------------------------------------------------------------------------
 T = 5.79822, DT = 1.68341, NI = 3, LI = 31, RES = 1.5e-15 (3.9e-08), CFL=0.028 (ELAPSED 00:00:01 )
-------------------------------------------------------------------------------------------------------------
	 #1 (6.1575e-04, 4.1562e-05): lin 9 (4.2e-11)
	 #2 (7.7513e-06, 5.0259e+00): lin 9 (4.7e-12)
	 #3 (3.9478e-09, 2.8629e-05): lin 9 (6.8e-12)
-------------------------------------------------------------------------------------------------------------
 T = 7.79822, DT = 2, NI = 3, LI = 27, RES = 5.8e-16 (3.1e-08), CFL=0.033 (ELAPSED 00:00:01 )
-------------------------------------------------------------------------------------------------------------
	 #1 (5.3208e-04, 3.2365e-05): lin 8 (2.2e-11)
	 #2 (3.9977e-05, 2.9440e+00): lin 7 (1.3e-11)
	 #3 (2.8975e-07, 9.9062e-07): lin 7 (5.6e-11)
-------------------------------------------------------------------------------------------------------------
 T = 9.79822, DT = 2, NI = 3, LI = 22, RES = 2.7e-12 (4.0e-08), CFL=0.033 (ELAPSED 00:00:01 )
-------------------------------------------------------------------------------------------------------------
	 #1 (4.8032e-04, 2.4861e-05): lin 7 (7.3e-12)
	 #2 (3.0590e-05, 3.7392e+00): lin 5 (2.3e-11)
	 #3 (3.6151e-08, 4.5636e-05): lin 5 (1.4e-11)
-------------------------------------------------------------------------------------------------------------
 T = 11.7982, DT = 2, NI = 3, LI = 17, RES = 3.9e-15 (1.0e-08), CFL=0.033 (ELAPSED 00:00:01 )
-------------------------------------------------------------------------------------------------------------
	 #1 (4.4788e-04, 1.9532e-05): lin 5 (2.0e-11)
	 #2 (6.3571e-06, 1.1878e+00): lin 5 (6.8e-12)
	 #3 (3.7455e-09, 2.3985e-06): lin 5 (6.3e-12)
-------------------------------------------------------------------------------------------------------------
 T = 13.7982, DT = 2, NI = 3, LI = 15, RES = 5.9e-16 (2.4e-09), CFL=0.033 (ELAPSED 00:00:02 )
-------------------------------------------------------------------------------------------------------------
	 #1 (4.2893e-04, 1.5509e-05): lin 5 (4.4e-12)
	 #2 (6.9918e-06, 7.8144e-01): lin 5 (2.2e-12)
	 #3 (2.3515e-09, 1.0719e-06): lin 5 (9.6e-13)
-------------------------------------------------------------------------------------------------------------
 T = 15.7982, DT = 2, NI = 3, LI = 15, RES = 5.0e-16 (2.5e-08), CFL=0.033 (ELAPSED 00:00:02 )
-------------------------------------------------------------------------------------------------------------
	 #1 (4.2552e-04, 1.2571e-05): lin 5 (1.0e-12)
	 #2 (2.8177e-05, 5.3941e-01): lin 4 (1.8e-11)
-------------------------------------------------------------------------------------------------------------
 T = 17.7982, DT = 2, NI = 2, LI = 9, RES = 9.4e-10 (7.6e-08), CFL=0.033 (ELAPSED 00:00:02 )
-------------------------------------------------------------------------------------------------------------
	 #1 (4.2121e-04, 1.0296e-05): lin 4 (4.6e-11)
	 #2 (5.6444e-06, 3.8408e-01): lin 4 (3.9e-11)
-------------------------------------------------------------------------------------------------------------
 T = 19.7982, DT = 2, NI = 2, LI = 8, RES = 1.2e-11 (6.8e-07), CFL=0.033 (ELAPSED 00:00:02 )
-------------------------------------------------------------------------------------------------------------
	 #1 (4.1879e-04, 8.0296e-06): lin 4 (7.1e-11)
	 #2 (5.7187e-06, 2.8309e-01): lin 4 (8.1e-11)
-------------------------------------------------------------------------------------------------------------
 T = 21.7982, DT = 2, NI = 2, LI = 8, RES = 1.1e-09 (2.5e-07), CFL=0.033 (ELAPSED 00:00:02 )
-------------------------------------------------------------------------------------------------------------
	 #1 (4.2128e-04, 7.1672e-06): lin 4 (4.7e-11)
	 #2 (2.0695e-05, 2.1203e-01): lin 4 (3.7e-11)
	 #3 (1.1933e-08, 2.9364e-07): lin 4 (9.8e-11)
-------------------------------------------------------------------------------------------------------------
 T = 23.7982, DT = 2, NI = 3, LI = 12, RES = 1.4e-15 (5.6e-08), CFL=0.033 (ELAPSED 00:00:02 )
-------------------------------------------------------------------------------------------------------------
	 #1 (4.2794e-04, 6.4162e-06): lin 4 (2.8e-11)
	 #2 (4.2371e-06, 1.6326e-01): lin 4 (3.1e-11)
-------------------------------------------------------------------------------------------------------------
 T = 25.7982, DT = 2, NI = 2, LI = 8, RES = 2.3e-10 (3.2e-08), CFL=0.033 (ELAPSED 00:00:02 )
-------------------------------------------------------------------------------------------------------------
	 #1 (4.3433e-04, 5.4513e-06): lin 4 (2.0e-11)
	 #2 (3.2748e-06, 1.0710e-01): lin 4 (4.2e-12)
-------------------------------------------------------------------------------------------------------------
 T = 27.7982, DT = 2, NI = 2, LI = 8, RES = 1.5e-11 (4.0e-09), CFL=0.033 (ELAPSED 00:00:02 )
-------------------------------------------------------------------------------------------------------------
	 #1 (4.3878e-04, 4.7665e-06): lin 4 (5.2e-12)
	 #2 (9.7918e-06, 1.1259e+00): lin 4 (1.2e-12)
	 #3 (2.4002e-08, 2.0389e-07): lin 4 (6.7e-13)
-------------------------------------------------------------------------------------------------------------
 T = 29.7982, DT = 2, NI = 3, LI = 12, RES = 1.4e-15 (3.2e-08), CFL=0.033 (ELAPSED 00:00:02 )
-------------------------------------------------------------------------------------------------------------
	 #1 (4.4611e-05, 4.1615e-07): lin 2 (3.4e-11)
	 #2 (2.1525e-08, 1.3500e-05): lin 2 (3.7e-11)
-------------------------------------------------------------------------------------------------------------
 T = 30, DT = 0.201784, NI = 2, LI = 4, RES = 2.1e-15 (4.6e-09), CFL=0.003 (ELAPSED 00:00:02 )
-------------------------------------------------------------------------------------------------------------
	 #1 (4.4254e-04, 4.1791e-06): lin 4 (1.8e-12)
	 #2 (1.2847e-06, 9.1201e-01): lin 4 (1.8e-13)
-------------------------------------------------------------------------------------------------------------
 T = 32, DT = 2, NI = 2, LI = 8, RES = 5.4e-12 (9.8e-07), CFL=0.032 (ELAPSED 00:00:02 )
-------------------------------------------------------------------------------------------------------------
	 #1 (4.4529e-04, 2.6356e-06): lin 4 (2.6e-13)
	 #2 (1.1797e-06, 6.2520e-02): lin 4 (1.6e-13)
-------------------------------------------------------------------------------------------------------------
 T = 34, DT = 2, NI = 2, LI = 8, RES = 1.0e-11 (6.8e-09), CFL=0.032 (ELAPSED 00:00:02 )
-------------------------------------------------------------------------------------------------------------
	 #1 (4.4747e-04, 3.3669e-06): lin 4 (2.0e-13)
	 #2 (1.0195e-06, 5.0308e-02): lin 4 (1.7e-13)
-------------------------------------------------------------------------------------------------------------
 T = 36, DT = 2, NI = 2, LI = 8, RES = 7.7e-12 (2.7e-08), CFL=0.032 (ELAPSED 00:00:02 )
-------------------------------------------------------------------------------------------------------------
	 #1 (4.4917e-04, 3.2230e-06): lin 4 (1.6e-13)
	 #2 (9.1155e-07, 4.0656e-02): lin 4 (1.6e-13)
-------------------------------------------------------------------------------------------------------------
 T = 38, DT = 2, NI = 2, LI = 8, RES = 8.9e-12 (1.6e-08), CFL=0.032 (ELAPSED 00:00:02 )
-------------------------------------------------------------------------------------------------------------
	 #1 (4.5046e-04, 3.0619e-06): lin 4 (1.3e-13)
	 #2 (9.4058e-07, 3.3131e-02): lin 4 (1.4e-13)
-------------------------------------------------------------------------------------------------------------
 T = 40, DT = 2, NI = 2, LI = 8, RES = 9.9e-12 (4.8e-09), CFL=0.032 (ELAPSED 00:00:02 )
-------------------------------------------------------------------------------------------------------------
	 #1 (4.5144e-04, 2.9138e-06): lin 4 (1.1e-13)
	 #2 (9.6923e-07, 2.8147e-02): lin 4 (1.4e-13)
-------------------------------------------------------------------------------------------------------------
 T = 42, DT = 2, NI = 2, LI = 8, RES = 1.1e-11 (2.8e-08), CFL=0.032 (ELAPSED 00:00:02 )
-------------------------------------------------------------------------------------------------------------
	 #1 (4.5221e-04, 2.7412e-06): lin 4 (8.7e-14)
	 #2 (9.5808e-07, 2.2743e-02): lin 4 (1.2e-13)
-------------------------------------------------------------------------------------------------------------
 T = 44, DT = 2, NI = 2, LI = 8, RES = 1.8e-10 (5.8e-08), CFL=0.032 (ELAPSED 00:00:02 )
-------------------------------------------------------------------------------------------------------------
	 #1 (4.5282e-04, 2.6149e-06): lin 4 (7.3e-14)
	 #2 (9.7014e-07, 1.8992e-02): lin 4 (1.1e-13)
-------------------------------------------------------------------------------------------------------------
 T = 46, DT = 2, NI = 2, LI = 8, RES = 1.1e-10 (3.8e-08), CFL=0.032 (ELAPSED 00:00:02 )
-------------------------------------------------------------------------------------------------------------
	 #1 (4.5331e-04, 2.5843e-06): lin 3 (9.5e-11)
	 #2 (1.0345e-06, 1.5921e-02): lin 3 (9.3e-11)
-------------------------------------------------------------------------------------------------------------
 T = 48, DT = 2, NI = 2, LI = 6, RES = 1.6e-10 (5.2e-08), CFL=0.032 (ELAPSED 00:00:03 )
-------------------------------------------------------------------------------------------------------------
	 #1 (4.5373e-04, 2.4186e-06): lin 3 (8.4e-11)
	 #2 (9.6496e-07, 1.4059e-02): lin 4 (9.0e-14)
-------------------------------------------------------------------------------------------------------------
 T = 50, DT = 2, NI = 2, LI = 7, RES = 1.4e-11 (5.2e-08), CFL=0.032 (ELAPSED 00:00:03 )
-------------------------------------------------------------------------------------------------------------
	 #1 (4.5408e-04, 2.4073e-06): lin 3 (7.5e-11)
	 #2 (9.8442e-07, 1.1266e-02): lin 3 (9.0e-11)
-------------------------------------------------------------------------------------------------------------
 T = 52, DT = 2, NI = 2, LI = 6, RES = 3.6e-10 (3.2e-08), CFL=0.032 (ELAPSED 00:00:03 )
-------------------------------------------------------------------------------------------------------------
	 #1 (4.5438e-04, 2.2550e-06): lin 3 (6.7e-11)
	 #2 (1.0200e-06, 9.7204e-03): lin 3 (8.0e-11)
-------------------------------------------------------------------------------------------------------------
 T = 54, DT = 2, NI = 2, LI = 6, RES = 1.6e-11 (6.0e-08), CFL=0.032 (ELAPSED 00:00:03 )
-------------------------------------------------------------------------------------------------------------
	 #1 (4.5464e-04, 2.1487e-06): lin 3 (6.0e-11)
	 #2 (1.0201e-06, 8.0415e-03): lin 3 (7.7e-11)
-------------------------------------------------------------------------------------------------------------
 T = 56, DT = 2, NI = 2, LI = 6, RES = 1.6e-11 (5.1e-08), CFL=0.032 (ELAPSED 00:00:03 )
-------------------------------------------------------------------------------------------------------------
	 #1 (4.5487e-04, 2.1757e-06): lin 3 (5.4e-11)
	 #2 (9.8884e-07, 6.8041e-03): lin 3 (7.2e-11)
-------------------------------------------------------------------------------------------------------------
 T = 58, DT = 2, NI = 2, LI = 6, RES = 1.7e-11 (5.2e-08), CFL=0.032 (ELAPSED 00:00:03 )
-------------------------------------------------------------------------------------------------------------
	 #1 (4.5508e-04, 2.1170e-06): lin 3 (4.9e-11)
	 #2 (9.8997e-07, 5.7754e-03): lin 3 (6.4e-11)
-------------------------------------------------------------------------------------------------------------
 T = 60, DT = 2, NI = 2, LI = 6, RES = 1.9e-11 (2.2e-08), CFL=0.032 (ELAPSED 00:00:03 )
-------------------------------------------------------------------------------------------------------------
	 #1 (4.5528e-04, 2.0290e-06): lin 3 (4.5e-11)
	 #2 (1.0161e-06, 4.8713e-03): lin 3 (5.7e-11)
-------------------------------------------------------------------------------------------------------------
 T = 62, DT = 2, NI = 2, LI = 6, RES = 1.7e-11 (3.5e-08), CFL=0.032 (ELAPSED 00:00:03 )
-------------------------------------------------------------------------------------------------------------
	 #1 (4.5546e-04, 1.9653e-06): lin 3 (4.1e-11)
	 #2 (9.8336e-07, 4.1224e-03): lin 3 (5.1e-11)
-------------------------------------------------------------------------------------------------------------
 T = 64, DT = 2, NI = 2, LI = 6, RES = 1.7e-11 (4.4e-08), CFL=0.032 (ELAPSED 00:00:03 )
-------------------------------------------------------------------------------------------------------------
	 #1 (4.5563e-04, 1.9242e-06): lin 3 (3.7e-11)
	 #2 (1.0194e-06, 3.4870e-03): lin 3 (4.6e-11)
-------------------------------------------------------------------------------------------------------------
 T = 66, DT = 2, NI = 2, LI = 6, RES = 1.7e-11 (3.2e-08), CFL=0.032 (ELAPSED 00:00:03 )
-------------------------------------------------------------------------------------------------------------
	 #1 (4.5579e-04, 1.8012e-06): lin 3 (3.4e-11)
	 #2 (9.9944e-07, 2.9463e-03): lin 3 (4.3e-11)
-------------------------------------------------------------------------------------------------------------
 T = 68, DT = 2, NI = 2, LI = 6, RES = 1.8e-11 (9.6e-09), CFL=0.032 (ELAPSED 00:00:03 )
-------------------------------------------------------------------------------------------------------------
	 #1 (4.5595e-04, 1.7959e-06): lin 3 (3.2e-11)
	 #2 (1.0138e-06, 2.6355e-03): lin 3 (4.0e-11)
-------------------------------------------------------------------------------------------------------------
 T = 70, DT = 2, NI = 2, LI = 6, RES = 1.8e-11 (8.3e-09), CFL=0.032 (ELAPSED 00:00:03 )
-------------------------------------------------------------------------------------------------------------
	 #1 (4.5611e-04, 1.7272e-06): lin 3 (2.9e-11)
	 #2 (9.8308e-07, 2.0945e-03): lin 3 (3.5e-11)
-------------------------------------------------------------------------------------------------------------
 T = 72, DT = 2, NI = 2, LI = 6, RES = 1.8e-11 (2.1e-08), CFL=0.032 (ELAPSED 00:00:03 )
-------------------------------------------------------------------------------------------------------------
	 #1 (4.5626e-04, 1.7065e-06): lin 3 (2.7e-11)
	 #2 (1.0546e-06, 1.7597e-03): lin 3 (3.3e-11)
-------------------------------------------------------------------------------------------------------------
 T = 74, DT = 2, NI = 2, LI = 6, RES = 1.8e-11 (3.1e-08), CFL=0.032 (ELAPSED 00:00:03 )
-------------------------------------------------------------------------------------------------------------
	 #1 (4.5641e-04, 1.6770e-06): lin 3 (2.5e-11)
	 #2 (1.0057e-06, 1.4737e-03): lin 3 (3.1e-11)
-------------------------------------------------------------------------------------------------------------
 T = 76, DT = 2, NI = 2, LI = 6, RES = 1.8e-11 (5.7e-08), CFL=0.032 (ELAPSED 00:00:03 )
-------------------------------------------------------------------------------------------------------------
	 #1 (4.5655e-04, 1.6662e-06): lin 3 (2.4e-11)
	 #2 (9.9863e-07, 1.2308e-03): lin 3 (2.9e-11)
-------------------------------------------------------------------------------------------------------------
 T = 78, DT = 2, NI = 2, LI = 6, RES = 1.9e-11 (2.5e-08), CFL=0.032 (ELAPSED 00:00:03 )
-------------------------------------------------------------------------------------------------------------
	 #1 (4.5669e-04, 1.6005e-06): lin 3 (2.2e-11)
	 #2 (9.8411e-07, 1.0220e-03): lin 3 (2.7e-11)
-------------------------------------------------------------------------------------------------------------
 T = 80, DT = 2, NI = 2, LI = 6, RES = 1.8e-11 (8.2e-09), CFL=0.032 (ELAPSED 00:00:03 )
-------------------------------------------------------------------------------------------------------------
	 #1 (4.5683e-04, 1.5346e-06): lin 3 (2.1e-11)
	 #2 (1.0313e-06, 8.4504e-04): lin 3 (2.6e-11)
-------------------------------------------------------------------------------------------------------------
 T = 82, DT = 2, NI = 2, LI = 6, RES = 1.8e-11 (1.5e-08), CFL=0.032 (ELAPSED 00:00:03 )
-------------------------------------------------------------------------------------------------------------
	 #1 (4.5696e-04, 1.4965e-06): lin 3 (1.9e-11)
	 #2 (1.0311e-06, 6.9492e-04): lin 3 (2.4e-11)
-------------------------------------------------------------------------------------------------------------
 T = 84, DT = 2, NI = 2, LI = 6, RES = 1.8e-11 (3.5e-08), CFL=0.032 (ELAPSED 00:00:03 )
-------------------------------------------------------------------------------------------------------------
	 #1 (4.5708e-04, 1.5154e-06): lin 3 (1.8e-11)
	 #2 (1.1029e-06, 6.7622e-04): lin 3 (2.1e-11)
-------------------------------------------------------------------------------------------------------------
 T = 86, DT = 2, NI = 2, LI = 6, RES = 1.7e-11 (4.7e-08), CFL=0.032 (ELAPSED 00:00:03 )
-------------------------------------------------------------------------------------------------------------
	 #1 (4.5720e-04, 1.4017e-06): lin 3 (1.7e-11)
	 #2 (1.0507e-06, 4.6013e-04): lin 3 (2.0e-11)
-------------------------------------------------------------------------------------------------------------
 T = 88, DT = 2, NI = 2, LI = 6, RES = 1.8e-11 (5.0e-09), CFL=0.032 (ELAPSED 00:00:03 )
-------------------------------------------------------------------------------------------------------------
	 #1 (4.5732e-04, 1.4145e-06): lin 3 (1.6e-11)
	 #2 (1.0888e-06, 3.6967e-04): lin 3 (2.0e-11)
-------------------------------------------------------------------------------------------------------------
 T = 90, DT = 2, NI = 2, LI = 6, RES = 1.7e-11 (3.7e-08), CFL=0.032 (ELAPSED 00:00:03 )
-------------------------------------------------------------------------------------------------------------
	 #1 (4.5743e-04, 1.4312e-06): lin 3 (1.5e-11)
	 #2 (1.0716e-06, 2.9378e-04): lin 3 (1.8e-11)
-------------------------------------------------------------------------------------------------------------
 T = 92, DT = 2, NI = 2, LI = 6, RES = 1.7e-11 (5.8e-08), CFL=0.032 (ELAPSED 00:00:03 )
-------------------------------------------------------------------------------------------------------------
	 #1 (4.5755e-04, 1.4286e-06): lin 3 (1.4e-11)
	 #2 (1.0621e-06, 2.3051e-04): lin 3 (1.7e-11)
-------------------------------------------------------------------------------------------------------------
 T = 94, DT = 2, NI = 2, LI = 6, RES = 2.1e-10 (4.6e-08), CFL=0.032 (ELAPSED 00:00:04 )
-------------------------------------------------------------------------------------------------------------
	 #1 (4.5765e-04, 1.3054e-06): lin 3 (1.3e-11)
	 #2 (1.0601e-06, 1.7800e-04): lin 3 (1.6e-11)
-------------------------------------------------------------------------------------------------------------
 T = 96, DT = 2, NI = 2, LI = 6, RES = 1.7e-11 (4.8e-08), CFL=0.032 (ELAPSED 00:00:04 )
-------------------------------------------------------------------------------------------------------------
	 #1 (4.5775e-04, 1.2840e-06): lin 3 (1.3e-11)
	 #2 (1.0609e-06, 1.3478e-04): lin 3 (1.5e-11)
-------------------------------------------------------------------------------------------------------------
 T = 98, DT = 2, NI = 2, LI = 6, RES = 1.7e-11 (3.2e-08), CFL=0.032 (ELAPSED 00:00:04 )
-------------------------------------------------------------------------------------------------------------
	 #1 (4.5785e-04, 1.3426e-06): lin 3 (1.2e-11)
	 #2 (9.8437e-07, 1.0023e-04): lin 3 (1.4e-11)
-------------------------------------------------------------------------------------------------------------
 T = 100, DT = 2, NI = 2, LI = 6, RES = 1.7e-11 (2.1e-08), CFL=0.032 (ELAPSED 00:00:04 )
-------------------------------------------------------------------------------------------------------------
	 #1 (4.5794e-04, 1.3142e-06): lin 3 (1.1e-11)
	 #2 (9.6142e-07, 7.1426e-05): lin 3 (1.4e-11)
-------------------------------------------------------------------------------------------------------------
 T = 102, DT = 2, NI = 2, LI = 6, RES = 1.8e-11 (1.2e-08), CFL=0.032 (ELAPSED 00:00:04 )
-------------------------------------------------------------------------------------------------------------
	 #1 (4.5804e-04, 1.2661e-06): lin 3 (1.1e-11)
	 #2 (1.0005e-06, 4.9237e-05): lin 3 (1.3e-11)
-------------------------------------------------------------------------------------------------------------
 T = 104, DT = 2, NI = 2, LI = 6, RES = 2.4e-10 (1.8e-08), CFL=0.032 (ELAPSED 00:00:04 )
-------------------------------------------------------------------------------------------------------------
	 #1 (4.5813e-04, 1.2443e-06): lin 3 (1.0e-11)
	 #2 (9.9165e-07, 3.1998e-05): lin 3 (1.2e-11)
-------------------------------------------------------------------------------------------------------------
 T = 106, DT = 2, NI = 2, LI = 6, RES = 1.7e-11 (1.0e-08), CFL=0.032 (ELAPSED 00:00:04 )
-------------------------------------------------------------------------------------------------------------
	 #1 (4.5821e-04, 1.2380e-06): lin 3 (9.8e-12)
	 #2 (9.6033e-07, 1.9144e-05): lin 3 (1.2e-11)
-------------------------------------------------------------------------------------------------------------
 T = 108, DT = 2, NI = 2, LI = 6, RES = 1.7e-11 (5.7e-08), CFL=0.032 (ELAPSED 00:00:04 )
-------------------------------------------------------------------------------------------------------------
	 #1 (4.5830e-04, 1.1793e-06): lin 3 (9.4e-12)
	 #2 (9.6082e-07, 1.0068e-05): lin 3 (1.2e-11)
-------------------------------------------------------------------------------------------------------------
 T = 110, DT = 2, NI = 2, LI = 6, RES = 2.2e-11 (5.7e-08), CFL=0.032 (ELAPSED 00:00:04 )
-------------------------------------------------------------------------------------------------------------
	 #1 (4.5839e-04, 1.1676e-06): lin 3 (9.0e-12)
	 #2 (1.0379e-06, 4.1268e-06): lin 3 (1.1e-11)
-------------------------------------------------------------------------------------------------------------
 T = 112, DT = 2, NI = 2, LI = 6, RES = 1.7e-11 (4.3e-09), CFL=0.032 (ELAPSED 00:00:04 )
-------------------------------------------------------------------------------------------------------------
	 #1 (4.5847e-04, 1.2078e-06): lin 3 (8.6e-12)
	 #2 (9.8518e-07, 8.7681e-07): lin 3 (1.0e-11)
-------------------------------------------------------------------------------------------------------------
 T = 114, DT = 2, NI = 2, LI = 6, RES = 1.7e-11 (2.4e-08), CFL=0.032 (ELAPSED 00:00:04 )
-------------------------------------------------------------------------------------------------------------
	 #1 (4.5854e-04, 1.1789e-06): lin 3 (8.3e-12)
	 #2 (9.5657e-07, 5.0169e-08): lin 3 (1.0e-11)
-------------------------------------------------------------------------------------------------------------
 T = 116, DT = 2, NI = 2, LI = 6, RES = 1.7e-11 (4.0e-08), CFL=0.032 (ELAPSED 00:00:04 )
-------------------------------------------------------------------------------------------------------------
	 #1 (4.5862e-04, 1.2321e-06): lin 3 (7.9e-12)
	 #2 (9.9613e-07, 9.2083e-07): lin 3 (9.7e-12)
-------------------------------------------------------------------------------------------------------------
 T = 118, DT = 2, NI = 2, LI = 6, RES = 1.6e-11 (7.4e-09), CFL=0.032 (ELAPSED 00:00:04 )
-------------------------------------------------------------------------------------------------------------
	 #1 (4.5869e-04, 1.1922e-06): lin 3 (7.6e-12)
	 #2 (9.9143e-07, 3.5026e-06): lin 3 (9.1e-12)
-------------------------------------------------------------------------------------------------------------
 T = 120, DT = 2, NI = 2, LI = 6, RES = 1.7e-11 (6.1e-08), CFL=0.032 (ELAPSED 00:00:04 )
-------------------------------------------------------------------------------------------------------------
	 #1 (4.5876e-04, 1.2371e-06): lin 3 (7.3e-12)
	 #2 (9.5947e-07, 7.5144e-06): lin 3 (8.9e-12)
-------------------------------------------------------------------------------------------------------------
 T = 122, DT = 2, NI = 2, LI = 6, RES = 1.6e-11 (1.7e-08), CFL=0.032 (ELAPSED 00:00:04 )
-------------------------------------------------------------------------------------------------------------
	 #1 (4.5883e-04, 1.1878e-06): lin 3 (7.1e-12)
	 #2 (1.0067e-06, 1.2503e-05): lin 3 (8.6e-12)
-------------------------------------------------------------------------------------------------------------
 T = 124, DT = 2, NI = 2, LI = 6, RES = 3.3e-11 (3.7e-08), CFL=0.032 (ELAPSED 00:00:04 )
-------------------------------------------------------------------------------------------------------------
	 #1 (4.5890e-04, 1.2023e-06): lin 3 (6.8e-12)
	 #2 (9.6417e-07, 1.8484e-05): lin 3 (8.1e-12)
-------------------------------------------------------------------------------------------------------------
 T = 126, DT = 2, NI = 2, LI = 6, RES = 1.6e-11 (4.3e-08), CFL=0.032 (ELAPSED 00:00:04 )
-------------------------------------------------------------------------------------------------------------
	 #1 (4.5896e-04, 1.2037e-06): lin 3 (6.6e-12)
	 #2 (9.7515e-07, 2.5227e-05): lin 3 (8.2e-12)
-------------------------------------------------------------------------------------------------------------
 T = 128, DT = 2, NI = 2, LI = 6, RES = 1.6e-11 (4.0e-08), CFL=0.032 (ELAPSED 00:00:04 )
-------------------------------------------------------------------------------------------------------------
	 #1 (4.5902e-04, 1.1191e-06): lin 3 (6.3e-12)
	 #2 (9.4093e-07, 3.2481e-05): lin 3 (7.7e-12)
-------------------------------------------------------------------------------------------------------------
 T = 130, DT = 2, NI = 2, LI = 6, RES = 1.4e-10 (4.8e-08), CFL=0.032 (ELAPSED 00:00:04 )
-------------------------------------------------------------------------------------------------------------
	 #1 (4.5908e-04, 1.1076e-06): lin 3 (6.1e-12)
	 #2 (1.0314e-06, 4.0135e-05): lin 3 (7.5e-12)
-------------------------------------------------------------------------------------------------------------
 T = 132, DT = 2, NI = 2, LI = 6, RES = 1.5e-11 (3.5e-08), CFL=0.032 (ELAPSED 00:00:04 )
-------------------------------------------------------------------------------------------------------------
	 #1 (4.5913e-04, 1.1864e-06): lin 3 (5.9e-12)
	 #2 (9.6570e-07, 4.8442e-05): lin 3 (7.3e-12)
-------------------------------------------------------------------------------------------------------------
 T = 134, DT = 2, NI = 2, LI = 6, RES = 1.5e-11 (3.5e-08), CFL=0.032 (ELAPSED 00:00:04 )
-------------------------------------------------------------------------------------------------------------
	 #1 (4.5918e-04, 1.1163e-06): lin 3 (5.8e-12)
	 #2 (9.4887e-07, 5.6555e-05): lin 3 (6.7e-12)
-------------------------------------------------------------------------------------------------------------
 T = 136, DT = 2, NI = 2, LI = 6, RES = 2.3e-11 (1.8e-08), CFL=0.032 (ELAPSED 00:00:04 )
-------------------------------------------------------------------------------------------------------------
	 #1 (4.5923e-04, 1.1321e-06): lin 3 (5.6e-12)
	 #2 (9.9085e-07, 6.4972e-05): lin 3 (7.0e-12)
-------------------------------------------------------------------------------------------------------------
 T = 138, DT = 2, NI = 2, LI = 6, RES = 1.5e-11 (1.8e-08), CFL=0.032 (ELAPSED 00:00:04 )
-------------------------------------------------------------------------------------------------------------
	 #1 (4.5928e-04, 1.1670e-06): lin 3 (5.4e-12)
	 #2 (9.7405e-07, 7.3594e-05): lin 3 (6.4e-12)
-------------------------------------------------------------------------------------------------------------
 T = 140, DT = 2, NI = 2, LI = 6, RES = 1.5e-11 (8.6e-10), CFL=0.032 (ELAPSED 00:00:04 )
-------------------------------------------------------------------------------------------------------------
	 #1 (4.5933e-04, 1.1508e-06): lin 3 (5.3e-12)
	 #2 (9.3595e-07, 8.2197e-05): lin 3 (6.5e-12)
-------------------------------------------------------------------------------------------------------------
 T = 142, DT = 2, NI = 2, LI = 6, RES = 1.5e-11 (4.6e-08), CFL=0.032 (ELAPSED 00:00:05 )
-------------------------------------------------------------------------------------------------------------
	 #1 (4.5937e-04, 1.1954e-06): lin 3 (5.1e-12)
	 #2 (1.0017e-06, 9.0724e-05): lin 3 (6.3e-12)
-------------------------------------------------------------------------------------------------------------
 T = 144, DT = 2, NI = 2, LI = 6, RES = 1.7e-11 (4.2e-08), CFL=0.032 (ELAPSED 00:00:05 )
-------------------------------------------------------------------------------------------------------------
	 #1 (4.5941e-04, 1.1932e-06): lin 3 (5.0e-12)
	 #2 (9.8708e-07, 9.9185e-05): lin 3 (6.3e-12)
-------------------------------------------------------------------------------------------------------------
 T = 146, DT = 2, NI = 2, LI = 6, RES = 1.4e-11 (9.8e-09), CFL=0.032 (ELAPSED 00:00:05 )
-------------------------------------------------------------------------------------------------------------
	 #1 (4.5945e-04, 1.1451e-06): lin 3 (4.9e-12)
	 #2 (9.1494e-07, 1.0756e-04): lin 3 (5.9e-12)
-------------------------------------------------------------------------------------------------------------
 T = 148, DT = 2, NI = 2, LI = 6, RES = 1.5e-11 (1.1e-08), CFL=0.032 (ELAPSED 00:00:05 )
-------------------------------------------------------------------------------------------------------------
	 #1 (4.5948e-04, 1.1470e-06): lin 3 (4.8e-12)
	 #2 (9.3353e-07, 1.1580e-04): lin 3 (6.0e-12)
-------------------------------------------------------------------------------------------------------------
 T = 150, DT = 2, NI = 2, LI = 6, RES = 1.5e-11 (3.5e-08), CFL=0.032 (ELAPSED 00:00:05 )
-------------------------------------------------------------------------------------------------------------
	 #1 (4.5952e-04, 1.1267e-06): lin 3 (4.7e-12)
	 #2 (9.3807e-07, 1.2378e-04): lin 3 (6.0e-12)
-------------------------------------------------------------------------------------------------------------
 T = 152, DT = 2, NI = 2, LI = 6, RES = 1.5e-11 (3.5e-08), CFL=0.032 (ELAPSED 00:00:05 )
-------------------------------------------------------------------------------------------------------------
	 #1 (4.5955e-04, 1.1308e-06): lin 3 (4.6e-12)
	 #2 (9.7732e-07, 1.3179e-04): lin 3 (5.6e-12)
-------------------------------------------------------------------------------------------------------------
 T = 154, DT = 2, NI = 2, LI = 6, RES = 1.4e-11 (8.8e-09), CFL=0.032 (ELAPSED 00:00:05 )
-------------------------------------------------------------------------------------------------------------
	 #1 (4.5958e-04, 1.1773e-06): lin 3 (4.5e-12)
	 #2 (9.8658e-07, 1.3941e-04): lin 3 (5.2e-12)
-------------------------------------------------------------------------------------------------------------
 T = 156, DT = 2, NI = 2, LI = 6, RES = 1.4e-10 (5.0e-08), CFL=0.032 (ELAPSED 00:00:05 )
-------------------------------------------------------------------------------------------------------------
	 #1 (4.5961e-04, 1.1250e-06): lin 3 (4.4e-12)
	 #2 (9.8261e-07, 1.7284e-04): lin 3 (5.2e-12)
-------------------------------------------------------------------------------------------------------------
 T = 158, DT = 2, NI = 2, LI = 6, RES = 1.4e-11 (3.6e-08), CFL=0.032 (ELAPSED 00:00:05 )
-------------------------------------------------------------------------------------------------------------
	 #1 (4.5962e-04, 1.1420e-06): lin 3 (4.3e-12)
	 #2 (9.8070e-07, 1.5425e-04): lin 3 (5.4e-12)
-------------------------------------------------------------------------------------------------------------
 T = 160, DT = 2, NI = 2, LI = 6, RES = 1.3e-11 (3.0e-08), CFL=0.032 (ELAPSED 00:00:05 )
-------------------------------------------------------------------------------------------------------------
	 #1 (4.5964e-04, 1.2098e-06): lin 3 (4.2e-12)
	 #2 (9.7681e-07, 1.6135e-04): lin 3 (5.3e-12)
-------------------------------------------------------------------------------------------------------------
 T = 162, DT = 2, NI = 2, LI = 6, RES = 1.3e-11 (6.0e-08), CFL=0.032 (ELAPSED 00:00:05 )
-------------------------------------------------------------------------------------------------------------
	 #1 (4.5965e-04, 1.1274e-06): lin 3 (4.2e-12)
	 #2 (9.6721e-07, 1.6823e-04): lin 3 (5.0e-12)
-------------------------------------------------------------------------------------------------------------
 T = 164, DT = 2, NI = 2, LI = 6, RES = 1.3e-11 (1.7e-08), CFL=0.032 (ELAPSED 00:00:05 )
-------------------------------------------------------------------------------------------------------------
	 #1 (4.5967e-04, 1.1759e-06): lin 3 (4.1e-12)
	 #2 (9.9636e-07, 1.7485e-04): lin 3 (5.0e-12)
-------------------------------------------------------------------------------------------------------------
 T = 166, DT = 2, NI = 2, LI = 6, RES = 1.3e-11 (2.6e-08), CFL=0.032 (ELAPSED 00:00:05 )
-------------------------------------------------------------------------------------------------------------
	 #1 (4.5968e-04, 1.2250e-06): lin 3 (4.0e-12)
	 #2 (9.8222e-07, 1.8120e-04): lin 3 (4.9e-12)
-------------------------------------------------------------------------------------------------------------
 T = 168, DT = 2, NI = 2, LI = 6, RES = 1.3e-11 (2.7e-08), CFL=0.032 (ELAPSED 00:00:05 )
-------------------------------------------------------------------------------------------------------------
	 #1 (4.5969e-04, 1.1807e-06): lin 3 (3.9e-12)
	 #2 (9.3118e-07, 1.8747e-04): lin 3 (4.8e-12)
-------------------------------------------------------------------------------------------------------------
 T = 170, DT = 2, NI = 2, LI = 6, RES = 3.6e-11 (4.1e-08), CFL=0.032 (ELAPSED 00:00:05 )
-------------------------------------------------------------------------------------------------------------
	 #1 (4.5971e-04, 1.2548e-06): lin 3 (3.9e-12)
	 #2 (9.4837e-07, 1.9345e-04): lin 3 (4.6e-12)
-------------------------------------------------------------------------------------------------------------
 T = 172, DT = 2, NI = 2, LI = 6, RES = 1.3e-11 (2.8e-08), CFL=0.032 (ELAPSED 00:00:05 )
-------------------------------------------------------------------------------------------------------------
	 #1 (4.5972e-04, 1.2501e-06): lin 3 (3.8e-12)
	 #2 (9.0795e-07, 1.9921e-04): lin 3 (4.3e-12)
-------------------------------------------------------------------------------------------------------------
 T = 174, DT = 2, NI = 2, LI = 6, RES = 1.3e-11 (4.3e-08), CFL=0.032 (ELAPSED 00:00:05 )
-------------------------------------------------------------------------------------------------------------
	 #1 (4.5973e-04, 1.2739e-06): lin 3 (3.8e-12)
	 #2 (8.9080e-07, 2.0464e-04): lin 3 (4.5e-12)
-------------------------------------------------------------------------------------------------------------
 T = 176, DT = 2, NI = 2, LI = 6, RES = 1.1e-10 (5.1e-08), CFL=0.032 (ELAPSED 00:00:05 )
-------------------------------------------------------------------------------------------------------------
	 #1 (4.5975e-04, 1.1905e-06): lin 3 (3.7e-12)
	 #2 (9.5538e-07, 2.0996e-04): lin 3 (4.3e-12)
-------------------------------------------------------------------------------------------------------------
 T = 178, DT = 2, NI = 2, LI = 6, RES = 2.4e-11 (5.7e-08), CFL=0.032 (ELAPSED 00:00:05 )
-------------------------------------------------------------------------------------------------------------
	 #1 (4.5976e-04, 1.1938e-06): lin 3 (3.7e-12)
	 #2 (9.0001e-07, 2.1501e-04): lin 3 (5.1e-12)
-------------------------------------------------------------------------------------------------------------
 T = 180, DT = 2, NI = 2, LI = 6, RES = 1.3e-11 (5.8e-08), CFL=0.032 (ELAPSED 00:00:05 )
-------------------------------------------------------------------------------------------------------------
	 #1 (4.5978e-04, 1.3156e-06): lin 3 (3.6e-12)
	 #2 (9.3671e-07, 2.2011e-04): lin 3 (4.8e-12)
-------------------------------------------------------------------------------------------------------------
 T = 182, DT = 2, NI = 2, LI = 6, RES = 1.5e-11 (4.4e-08), CFL=0.032 (ELAPSED 00:00:05 )
-------------------------------------------------------------------------------------------------------------
	 #1 (4.5979e-04, 1.3123e-06): lin 3 (3.6e-12)
	 #2 (9.0976e-07, 2.2467e-04): lin 3 (4.4e-12)
-------------------------------------------------------------------------------------------------------------
 T = 184, DT = 2, NI = 2, LI = 6, RES = 1.3e-11 (3.8e-08), CFL=0.032 (ELAPSED 00:00:05 )
-------------------------------------------------------------------------------------------------------------
	 #1 (4.5981e-04, 1.3167e-06): lin 3 (3.6e-12)
	 #2 (9.2129e-07, 2.2922e-04): lin 3 (4.2e-12)
-------------------------------------------------------------------------------------------------------------
 T = 186, DT = 2, NI = 2, LI = 6, RES = 1.3e-11 (5.6e-08), CFL=0.032 (ELAPSED 00:00:05 )
-------------------------------------------------------------------------------------------------------------
	 #1 (4.5983e-04, 1.2348e-06): lin 3 (3.5e-12)
	 #2 (9.2016e-07, 2.3351e-04): lin 3 (4.0e-12)
-------------------------------------------------------------------------------------------------------------
 T = 188, DT = 2, NI = 2, LI = 6, RES = 1.2e-11 (2.9e-08), CFL=0.032 (ELAPSED 00:00:05 )
-------------------------------------------------------------------------------------------------------------
	 #1 (4.5985e-04, 1.2721e-06): lin 3 (3.5e-12)
	 #2 (9.4799e-07, 2.3769e-04): lin 3 (4.1e-12)
-------------------------------------------------------------------------------------------------------------
 T = 190, DT = 2, NI = 2, LI = 6, RES = 2.3e-11 (3.6e-08), CFL=0.032 (ELAPSED 00:00:05 )
-------------------------------------------------------------------------------------------------------------
	 #1 (4.5986e-04, 1.2758e-06): lin 3 (3.4e-12)
	 #2 (8.7931e-07, 2.4161e-04): lin 3 (4.5e-12)
-------------------------------------------------------------------------------------------------------------
 T = 192, DT = 2, NI = 2, LI = 6, RES = 1.2e-11 (4.9e-09), CFL=0.032 (ELAPSED 00:00:05 )
-------------------------------------------------------------------------------------------------------------
	 #1 (4.5989e-04, 1.3269e-06): lin 3 (3.4e-12)
	 #2 (9.0397e-07, 2.4528e-04): lin 3 (4.1e-12)
-------------------------------------------------------------------------------------------------------------
 T = 194, DT = 2, NI = 2, LI = 6, RES = 9.5e-11 (1.4e-08), CFL=0.032 (ELAPSED 00:00:05 )
-------------------------------------------------------------------------------------------------------------
	 #1 (4.5991e-04, 1.3198e-06): lin 3 (3.4e-12)
	 #2 (8.9565e-07, 2.4894e-04): lin 3 (3.7e-12)
-------------------------------------------------------------------------------------------------------------
 T = 196, DT = 2, NI = 2, LI = 6, RES = 1.2e-11 (1.4e-08), CFL=0.032 (ELAPSED 00:00:05 )
-------------------------------------------------------------------------------------------------------------
	 #1 (4.5993e-04, 1.3590e-06): lin 3 (3.4e-12)
	 #2 (8.9196e-07, 3.4265e-04): lin 3 (4.4e-12)
-------------------------------------------------------------------------------------------------------------
 T = 198, DT = 2, NI = 2, LI = 6, RES = 1.2e-11 (1.0e-08), CFL=0.032 (ELAPSED 00:00:05 )
-------------------------------------------------------------------------------------------------------------
	 #1 (4.5996e-04, 1.3625e-06): lin 3 (3.3e-12)
	 #2 (8.7918e-07, 2.5570e-04): lin 3 (4.0e-12)
-------------------------------------------------------------------------------------------------------------
 T = 200, DT = 2, NI = 2, LI = 6, RES = 1.2e-11 (5.6e-08), CFL=0.032 (ELAPSED 00:00:06 )
-------------------------------------------------------------------------------------------------------------
	 #1 (4.5999e-04, 1.3088e-06): lin 3 (3.3e-12)
	 #2 (8.6917e-07, 2.5881e-04): lin 3 (3.6e-12)
-------------------------------------------------------------------------------------------------------------
 T = 202, DT = 2, NI = 2, LI = 6, RES = 1.2e-11 (4.8e-08), CFL=0.032 (ELAPSED 00:00:06 )
-------------------------------------------------------------------------------------------------------------
	 #1 (4.6002e-04, 1.4225e-06): lin 3 (3.3e-12)
	 #2 (8.7871e-07, 2.6187e-04): lin 3 (4.2e-12)
-------------------------------------------------------------------------------------------------------------
 T = 204, DT = 2, NI = 2, LI = 6, RES = 1.2e-11 (2.9e-08), CFL=0.032 (ELAPSED 00:00:06 )
-------------------------------------------------------------------------------------------------------------
	 #1 (4.6005e-04, 1.3602e-06): lin 3 (3.3e-12)
	 #2 (8.8299e-07, 2.6478e-04): lin 3 (3.8e-12)
-------------------------------------------------------------------------------------------------------------
 T = 206, DT = 2, NI = 2, LI = 6, RES = 1.1e-11 (1.8e-08), CFL=0.032 (ELAPSED 00:00:06 )
-------------------------------------------------------------------------------------------------------------
	 #1 (4.6008e-04, 1.3840e-06): lin 3 (3.2e-12)
	 #2 (8.9106e-07, 2.6749e-04): lin 3 (4.7e-12)
-------------------------------------------------------------------------------------------------------------
 T = 208, DT = 2, NI = 2, LI = 6, RES = 1.1e-11 (6.2e-08), CFL=0.032 (ELAPSED 00:00:06 )
-------------------------------------------------------------------------------------------------------------
	 #1 (4.6012e-04, 1.3543e-06): lin 3 (3.2e-12)
	 #2 (8.8778e-07, 2.6812e-04): lin 3 (3.4e-12)
-------------------------------------------------------------------------------------------------------------
 T = 210, DT = 2, NI = 2, LI = 6, RES = 1.1e-11 (4.0e-08), CFL=0.032 (ELAPSED 00:00:06 )
-------------------------------------------------------------------------------------------------------------
	 #1 (4.6018e-04, 1.3890e-06): lin 3 (3.2e-12)
	 #2 (8.6842e-07, 2.6962e-04): lin 3 (3.9e-12)
-------------------------------------------------------------------------------------------------------------
 T = 212, DT = 2, NI = 2, LI = 6, RES = 3.9e-11 (2.8e-08), CFL=0.032 (ELAPSED 00:00:06 )
-------------------------------------------------------------------------------------------------------------
	 #1 (4.6023e-04, 1.4679e-06): lin 3 (3.1e-12)
	 #2 (8.6957e-07, 2.7182e-04): lin 3 (3.6e-12)
-------------------------------------------------------------------------------------------------------------
 T = 214, DT = 2, NI = 2, LI = 6, RES = 1.1e-11 (6.1e-08), CFL=0.032 (ELAPSED 00:00:06 )
-------------------------------------------------------------------------------------------------------------
	 #1 (4.6029e-04, 1.3949e-06): lin 3 (3.0e-12)
	 #2 (8.6674e-07, 2.7418e-04): lin 3 (3.9e-12)
-------------------------------------------------------------------------------------------------------------
 T = 216, DT = 2, NI = 2, LI = 6, RES = 1.1e-11 (5.3e-08), CFL=0.032 (ELAPSED 00:00:06 )
-------------------------------------------------------------------------------------------------------------
	 #1 (4.6035e-04, 1.4169e-06): lin 3 (3.0e-12)
	 #2 (8.5820e-07, 2.7656e-04): lin 3 (4.5e-12)
-------------------------------------------------------------------------------------------------------------
 T = 218, DT = 2, NI = 2, LI = 6, RES = 2.5e-10 (3.4e-08), CFL=0.032 (ELAPSED 00:00:06 )
-------------------------------------------------------------------------------------------------------------
	 #1 (4.6041e-04, 1.4486e-06): lin 3 (3.0e-12)
	 #2 (8.9720e-07, 2.7888e-04): lin 3 (3.6e-12)
-------------------------------------------------------------------------------------------------------------
 T = 220, DT = 2, NI = 2, LI = 6, RES = 1.1e-11 (2.4e-08), CFL=0.032 (ELAPSED 00:00:06 )
-------------------------------------------------------------------------------------------------------------
	 #1 (4.6047e-04, 1.4719e-06): lin 3 (3.0e-12)
	 #2 (8.9782e-07, 2.8118e-04): lin 3 (3.6e-12)
-------------------------------------------------------------------------------------------------------------
 T = 222, DT = 2, NI = 2, LI = 6, RES = 1.3e-11 (1.3e-08), CFL=0.032 (ELAPSED 00:00:06 )
-------------------------------------------------------------------------------------------------------------
	 #1 (4.6047e-04, 1.4967e-06): lin 3 (3.0e-12)
	 #2 (9.1150e-07, 2.8277e-04): lin 3 (3.4e-12)
-------------------------------------------------------------------------------------------------------------
 T = 224, DT = 2, NI = 2, LI = 6, RES = 3.6e-10 (2.9e-08), CFL=0.032 (ELAPSED 00:00:06 )
-------------------------------------------------------------------------------------------------------------
	 #1 (4.6045e-04, 1.4949e-06): lin 3 (3.0e-12)
	 #2 (8.6600e-07, 2.8449e-04): lin 3 (3.6e-12)
-------------------------------------------------------------------------------------------------------------
 T = 226, DT = 2, NI = 2, LI = 6, RES = 1.1e-11 (3.3e-08), CFL=0.032 (ELAPSED 00:00:06 )
-------------------------------------------------------------------------------------------------------------
	 #1 (4.6043e-04, 1.5696e-06): lin 3 (3.0e-12)
	 #2 (8.6976e-07, 2.8597e-04): lin 3 (3.7e-12)
-------------------------------------------------------------------------------------------------------------
 T = 228, DT = 2, NI = 2, LI = 6, RES = 1.9e-11 (3.9e-08), CFL=0.032 (ELAPSED 00:00:06 )
-------------------------------------------------------------------------------------------------------------
	 #1 (4.6042e-04, 1.5146e-06): lin 3 (2.9e-12)
	 #2 (8.6314e-07, 2.8748e-04): lin 3 (4.0e-12)
-------------------------------------------------------------------------------------------------------------
 T = 230, DT = 2, NI = 2, LI = 6, RES = 1.0e-11 (2.0e-08), CFL=0.032 (ELAPSED 00:00:06 )
-------------------------------------------------------------------------------------------------------------
	 #1 (4.6043e-04, 1.5860e-06): lin 3 (2.9e-12)
	 #2 (9.3094e-07, 3.8761e-04): lin 3 (3.5e-12)
-------------------------------------------------------------------------------------------------------------
 T = 232, DT = 2, NI = 2, LI = 6, RES = 1.1e-11 (4.7e-08), CFL=0.032 (ELAPSED 00:00:06 )
-------------------------------------------------------------------------------------------------------------
	 #1 (4.6038e-04, 1.5307e-06): lin 3 (2.9e-12)
	 #2 (8.5836e-07, 2.9156e-04): lin 3 (2.9e-12)
-------------------------------------------------------------------------------------------------------------
 T = 234, DT = 2, NI = 2, LI = 6, RES = 9.8e-12 (6.7e-09), CFL=0.032 (ELAPSED 00:00:06 )
-------------------------------------------------------------------------------------------------------------
	 #1 (4.6022e-04, 1.5842e-06): lin 3 (2.9e-12)
	 #2 (8.9359e-07, 2.9380e-04): lin 3 (3.8e-12)
-------------------------------------------------------------------------------------------------------------
 T = 236, DT = 2, NI = 2, LI = 6, RES = 9.6e-12 (5.5e-08), CFL=0.032 (ELAPSED 00:00:06 )
-------------------------------------------------------------------------------------------------------------
	 #1 (4.6006e-04, 1.6594e-06): lin 3 (2.9e-12)
	 #2 (8.7657e-07, 2.9565e-04): lin 3 (4.1e-12)
-------------------------------------------------------------------------------------------------------------
 T = 238, DT = 2, NI = 2, LI = 6, RES = 9.5e-12 (3.1e-08), CFL=0.032 (ELAPSED 00:00:06 )
-------------------------------------------------------------------------------------------------------------
	 #1 (4.5991e-04, 1.5902e-06): lin 3 (2.9e-12)
	 #2 (8.4615e-07, 2.9730e-04): lin 3 (3.6e-12)
-------------------------------------------------------------------------------------------------------------
 T = 240, DT = 2, NI = 2, LI = 6, RES = 2.9e-10 (6.0e-08), CFL=0.032 (ELAPSED 00:00:06 )
-------------------------------------------------------------------------------------------------------------
	 #1 (4.5977e-04, 1.6945e-06): lin 3 (2.8e-12)
	 #2 (8.6636e-07, 2.9880e-04): lin 3 (4.8e-12)
-------------------------------------------------------------------------------------------------------------
 T = 242, DT = 2, NI = 2, LI = 6, RES = 3.1e-10 (6.1e-08), CFL=0.032 (ELAPSED 00:00:06 )
-------------------------------------------------------------------------------------------------------------
	 #1 (4.5962e-04, 1.5917e-06): lin 3 (2.7e-12)
	 #2 (9.6696e-07, 3.0097e-04): lin 3 (5.1e-12)
-------------------------------------------------------------------------------------------------------------
 T = 244, DT = 2, NI = 2, LI = 6, RES = 3.2e-10 (1.4e-08), CFL=0.032 (ELAPSED 00:00:06 )
-------------------------------------------------------------------------------------------------------------
	 #1 (4.5933e-04, 1.6809e-06): lin 3 (2.7e-12)
	 #2 (9.0356e-07, 3.0301e-04): lin 3 (3.0e-12)
-------------------------------------------------------------------------------------------------------------
 T = 246, DT = 2, NI = 2, LI = 6, RES = 8.9e-12 (3.1e-08), CFL=0.032 (ELAPSED 00:00:06 )
-------------------------------------------------------------------------------------------------------------
	 #1 (4.5903e-04, 1.7126e-06): lin 3 (2.7e-12)
	 #2 (9.1082e-07, 3.0484e-04): lin 3 (3.3e-12)
-------------------------------------------------------------------------------------------------------------
 T = 248, DT = 2, NI = 2, LI = 6, RES = 8.9e-12 (1.7e-08), CFL=0.032 (ELAPSED 00:00:06 )
-------------------------------------------------------------------------------------------------------------
	 #1 (4.5874e-04, 1.6820e-06): lin 3 (2.7e-12)
	 #2 (9.1993e-07, 3.0667e-04): lin 3 (3.0e-12)
-------------------------------------------------------------------------------------------------------------
 T = 250, DT = 2, NI = 2, LI = 6, RES = 7.1e-11 (4.4e-08), CFL=0.032 (ELAPSED 00:00:06 )
-------------------------------------------------------------------------------------------------------------
	 #1 (4.5844e-04, 1.6726e-06): lin 3 (2.6e-12)
	 #2 (8.8700e-07, 3.0820e-04): lin 3 (2.3e-12)
-------------------------------------------------------------------------------------------------------------
 T = 252, DT = 2, NI = 2, LI = 6, RES = 1.0e-11 (5.0e-08), CFL=0.032 (ELAPSED 00:00:06 )
-------------------------------------------------------------------------------------------------------------
	 #1 (4.5815e-04, 1.7807e-06): lin 3 (2.6e-12)
	 #2 (9.5087e-07, 3.1023e-04): lin 3 (3.9e-12)
-------------------------------------------------------------------------------------------------------------
 T = 254, DT = 2, NI = 2, LI = 6, RES = 1.0e-11 (1.5e-08), CFL=0.032 (ELAPSED 00:00:06 )
-------------------------------------------------------------------------------------------------------------
	 #1 (4.5778e-04, 1.7335e-06): lin 3 (2.5e-12)
	 #2 (8.3740e-07, 3.1337e-04): lin 3 (3.6e-12)
-------------------------------------------------------------------------------------------------------------
 T = 256, DT = 2, NI = 2, LI = 6, RES = 9.3e-12 (4.5e-08), CFL=0.032 (ELAPSED 00:00:06 )
-------------------------------------------------------------------------------------------------------------
	 #1 (4.5735e-04, 1.7217e-06): lin 3 (2.4e-12)
	 #2 (8.1205e-07, 3.1585e-04): lin 3 (3.4e-12)
-------------------------------------------------------------------------------------------------------------
 T = 258, DT = 2, NI = 2, LI = 6, RES = 8.9e-12 (4.8e-09), CFL=0.032 (ELAPSED 00:00:06 )
-------------------------------------------------------------------------------------------------------------
	 #1 (4.5692e-04, 1.7776e-06): lin 3 (2.4e-12)
	 #2 (8.6657e-07, 3.1817e-04): lin 3 (3.7e-12)
-------------------------------------------------------------------------------------------------------------
 T = 260, DT = 2, NI = 2, LI = 6, RES = 2.8e-11 (1.4e-08), CFL=0.032 (ELAPSED 00:00:06 )
-------------------------------------------------------------------------------------------------------------
	 #1 (4.5647e-04, 1.8135e-06): lin 3 (2.4e-12)
	 #2 (9.2280e-07, 3.2032e-04): lin 3 (3.4e-12)
-------------------------------------------------------------------------------------------------------------
 T = 262, DT = 2, NI = 2, LI = 6, RES = 7.8e-12 (3.8e-08), CFL=0.032 (ELAPSED 00:00:06 )
-------------------------------------------------------------------------------------------------------------
	 #1 (4.5603e-04, 1.7802e-06): lin 3 (2.3e-12)
	 #2 (8.1725e-07, 4.1588e-04): lin 3 (2.8e-12)
-------------------------------------------------------------------------------------------------------------
 T = 264, DT = 2, NI = 2, LI = 6, RES = 8.6e-12 (1.6e-08), CFL=0.032 (ELAPSED 00:00:07 )
-------------------------------------------------------------------------------------------------------------
	 #1 (4.5558e-04, 1.8158e-06): lin 3 (2.2e-12)
	 #2 (8.1097e-07, 3.2588e-04): lin 3 (2.8e-12)
-------------------------------------------------------------------------------------------------------------
 T = 266, DT = 2, NI = 2, LI = 6, RES = 8.6e-12 (3.5e-09), CFL=0.032 (ELAPSED 00:00:07 )
-------------------------------------------------------------------------------------------------------------
	 #1 (4.5501e-04, 1.8524e-06): lin 3 (2.1e-12)
	 #2 (8.0756e-07, 3.2891e-04): lin 3 (3.9e-12)
-------------------------------------------------------------------------------------------------------------
 T = 268, DT = 2, NI = 2, LI = 6, RES = 8.1e-12 (5.2e-08), CFL=0.032 (ELAPSED 00:00:07 )
-------------------------------------------------------------------------------------------------------------
	 #1 (4.5444e-04, 1.8176e-06): lin 3 (2.1e-12)
	 #2 (8.8936e-07, 3.3171e-04): lin 3 (3.7e-12)
-------------------------------------------------------------------------------------------------------------
 T = 270, DT = 2, NI = 2, LI = 6, RES = 7.6e-12 (3.6e-09), CFL=0.032 (ELAPSED 00:00:07 )
-------------------------------------------------------------------------------------------------------------
	 #1 (4.5385e-04, 1.8845e-06): lin 3 (2.1e-12)
	 #2 (8.0360e-07, 3.3418e-04): lin 3 (2.7e-12)
-------------------------------------------------------------------------------------------------------------
 T = 272, DT = 2, NI = 2, LI = 6, RES = 8.0e-12 (4.7e-08), CFL=0.032 (ELAPSED 00:00:07 )
-------------------------------------------------------------------------------------------------------------
	 #1 (4.5327e-04, 1.8630e-06): lin 3 (2.2e-12)
	 #2 (8.0842e-07, 3.3682e-04): lin 3 (3.1e-12)
-------------------------------------------------------------------------------------------------------------
 T = 274, DT = 2, NI = 2, LI = 6, RES = 7.1e-12 (6.2e-08), CFL=0.032 (ELAPSED 00:00:07 )
-------------------------------------------------------------------------------------------------------------
	 #1 (4.5269e-04, 1.8685e-06): lin 3 (2.2e-12)
	 #2 (8.6733e-07, 3.3989e-04): lin 3 (4.1e-12)
-------------------------------------------------------------------------------------------------------------
 T = 276, DT = 2, NI = 2, LI = 6, RES = 8.3e-12 (6.1e-08), CFL=0.032 (ELAPSED 00:00:07 )
-------------------------------------------------------------------------------------------------------------
	 #1 (4.5205e-04, 1.8910e-06): lin 3 (2.2e-12)
	 #2 (7.8490e-07, 3.4394e-04): lin 3 (3.1e-12)
-------------------------------------------------------------------------------------------------------------
 T = 278, DT = 2, NI = 2, LI = 6, RES = 7.9e-12 (4.0e-08), CFL=0.032 (ELAPSED 00:00:07 )
-------------------------------------------------------------------------------------------------------------
	 #1 (4.5134e-04, 2.0113e-06): lin 3 (2.1e-12)
	 #2 (8.1631e-07, 3.4756e-04): lin 3 (2.7e-12)
-------------------------------------------------------------------------------------------------------------
 T = 280, DT = 2, NI = 2, LI = 6, RES = 9.5e-11 (5.1e-08), CFL=0.032 (ELAPSED 00:00:07 )
-------------------------------------------------------------------------------------------------------------
	 #1 (4.5062e-04, 2.0450e-06): lin 3 (2.1e-12)
	 #2 (8.3378e-07, 3.5088e-04): lin 3 (2.9e-12)
-------------------------------------------------------------------------------------------------------------
 T = 282, DT = 2, NI = 2, LI = 6, RES = 7.1e-12 (1.5e-08), CFL=0.032 (ELAPSED 00:00:07 )
-------------------------------------------------------------------------------------------------------------
	 #1 (4.4990e-04, 2.0332e-06): lin 3 (2.3e-12)
	 #2 (8.1249e-07, 3.5409e-04): lin 3 (2.9e-12)
-------------------------------------------------------------------------------------------------------------
 T = 284, DT = 2, NI = 2, LI = 6, RES = 7.0e-12 (1.8e-09), CFL=0.032 (ELAPSED 00:00:07 )
-------------------------------------------------------------------------------------------------------------
	 #1 (4.4918e-04, 2.0409e-06): lin 3 (2.4e-12)
	 #2 (8.3395e-07, 3.5765e-04): lin 3 (3.0e-12)
-------------------------------------------------------------------------------------------------------------
 T = 286, DT = 2, NI = 2, LI = 6, RES = 7.0e-12 (1.6e-08), CFL=0.032 (ELAPSED 00:00:07 )
-------------------------------------------------------------------------------------------------------------
	 #1 (4.4847e-04, 2.0520e-06): lin 3 (2.4e-12)
	 #2 (8.9495e-07, 3.6099e-04): lin 3 (4.6e-12)
-------------------------------------------------------------------------------------------------------------
 T = 288, DT = 2, NI = 2, LI = 6, RES = 7.9e-12 (1.2e-08), CFL=0.032 (ELAPSED 00:00:07 )
-------------------------------------------------------------------------------------------------------------
	 #1 (4.4765e-04, 2.0814e-06): lin 3 (2.6e-12)
	 #2 (8.5821e-07, 3.6577e-04): lin 3 (3.2e-12)
-------------------------------------------------------------------------------------------------------------
 T = 290, DT = 2, NI = 2, LI = 6, RES = 6.6e-12 (1.7e-08), CFL=0.032 (ELAPSED 00:00:07 )
-------------------------------------------------------------------------------------------------------------
	 #1 (4.4681e-04, 2.1037e-06): lin 3 (2.6e-12)
	 #2 (7.6297e-07, 3.7000e-04): lin 3 (2.0e-12)
-------------------------------------------------------------------------------------------------------------
 T = 292, DT = 2, NI = 2, LI = 6, RES = 7.0e-12 (3.6e-08), CFL=0.032 (ELAPSED 00:00:07 )
-------------------------------------------------------------------------------------------------------------
	 #1 (4.4595e-04, 2.1124e-06): lin 3 (2.6e-12)
	 #2 (8.1419e-07, 4.5567e-04): lin 3 (3.7e-12)
-------------------------------------------------------------------------------------------------------------
 T = 294, DT = 2, NI = 2, LI = 6, RES = 6.6e-12 (3.1e-08), CFL=0.032 (ELAPSED 00:00:07 )
-------------------------------------------------------------------------------------------------------------
	 #1 (4.4509e-04, 2.1420e-06): lin 3 (2.9e-12)
	 #2 (7.6239e-07, 3.7768e-04): lin 3 (3.6e-12)
-------------------------------------------------------------------------------------------------------------
 T = 296, DT = 2, NI = 2, LI = 6, RES = 6.3e-12 (1.2e-08), CFL=0.032 (ELAPSED 00:00:07 )
-------------------------------------------------------------------------------------------------------------
	 #1 (4.4423e-04, 2.2113e-06): lin 3 (3.0e-12)
	 #2 (7.8976e-07, 3.8191e-04): lin 3 (3.5e-12)
-------------------------------------------------------------------------------------------------------------
 T = 298, DT = 2, NI = 2, LI = 6, RES = 6.8e-12 (1.9e-08), CFL=0.032 (ELAPSED 00:00:07 )
-------------------------------------------------------------------------------------------------------------
	 #1 (4.4336e-04, 2.2119e-06): lin 3 (3.7e-12)
	 #2 (8.0214e-07, 3.8622e-04): lin 3 (6.3e-12)
-------------------------------------------------------------------------------------------------------------
 T = 300, DT = 2, NI = 2, LI = 6, RES = 6.7e-12 (5.5e-08), CFL=0.032 (ELAPSED 00:00:07 )
-------------------------------------------------------------------------------------------------------------
	 #1 (4.4237e-04, 2.2096e-06): lin 3 (3.6e-12)
	 #2 (7.4768e-07, 3.9144e-04): lin 3 (2.4e-12)
-------------------------------------------------------------------------------------------------------------
 T = 302, DT = 2, NI = 2, LI = 6, RES = 6.4e-12 (3.4e-08), CFL=0.032 (ELAPSED 00:00:07 )
-------------------------------------------------------------------------------------------------------------
	 #1 (4.4136e-04, 2.3292e-06): lin 3 (2.8e-12)
	 #2 (8.2763e-07, 3.9622e-04): lin 3 (2.7e-12)
-------------------------------------------------------------------------------------------------------------
 T = 304, DT = 2, NI = 2, LI = 6, RES = 6.0e-12 (3.9e-08), CFL=0.032 (ELAPSED 00:00:07 )
-------------------------------------------------------------------------------------------------------------
	 #1 (4.4035e-04, 2.3685e-06): lin 3 (2.9e-12)
	 #2 (7.5989e-07, 4.0079e-04): lin 3 (4.0e-12)
-------------------------------------------------------------------------------------------------------------
 T = 306, DT = 2, NI = 2, LI = 6, RES = 7.4e-12 (7.2e-09), CFL=0.032 (ELAPSED 00:00:07 )
-------------------------------------------------------------------------------------------------------------
	 #1 (4.3933e-04, 2.3728e-06): lin 3 (2.9e-12)
	 #2 (7.3365e-07, 4.0550e-04): lin 3 (5.4e-12)
-------------------------------------------------------------------------------------------------------------
 T = 308, DT = 2, NI = 2, LI = 6, RES = 6.3e-12 (2.2e-08), CFL=0.032 (ELAPSED 00:00:07 )
-------------------------------------------------------------------------------------------------------------
	 #1 (4.3833e-04, 2.4243e-06): lin 3 (2.9e-12)
	 #2 (7.8313e-07, 4.1024e-04): lin 3 (4.9e-12)
-------------------------------------------------------------------------------------------------------------
 T = 310, DT = 2, NI = 2, LI = 6, RES = 6.5e-12 (8.5e-09), CFL=0.032 (ELAPSED 00:00:07 )
-------------------------------------------------------------------------------------------------------------
	 #1 (4.3727e-04, 2.4329e-06): lin 3 (2.8e-12)
	 #2 (7.9793e-07, 4.1025e-04): lin 3 (5.1e-12)
-------------------------------------------------------------------------------------------------------------
 T = 312, DT = 2, NI = 2, LI = 6, RES = 5.7e-12 (2.4e-08), CFL=0.032 (ELAPSED 00:00:07 )
-------------------------------------------------------------------------------------------------------------
	 #1 (4.3614e-04, 2.5044e-06): lin 3 (2.9e-12)
	 #2 (7.9523e-07, 4.2114e-04): lin 3 (4.2e-12)
-------------------------------------------------------------------------------------------------------------
 T = 314, DT = 2, NI = 2, LI = 6, RES = 5.6e-12 (1.7e-08), CFL=0.032 (ELAPSED 00:00:07 )
-------------------------------------------------------------------------------------------------------------
	 #1 (4.3500e-04, 2.5383e-06): lin 3 (2.9e-12)
	 #2 (7.4541e-07, 4.2648e-04): lin 3 (2.8e-12)
-------------------------------------------------------------------------------------------------------------
 T = 316, DT = 2, NI = 2, LI = 6, RES = 5.6e-12 (4.2e-08), CFL=0.032 (ELAPSED 00:00:07 )
-------------------------------------------------------------------------------------------------------------
	 #1 (4.3386e-04, 2.6058e-06): lin 3 (3.0e-12)
	 #2 (7.1306e-07, 4.3180e-04): lin 3 (4.3e-12)
-------------------------------------------------------------------------------------------------------------
 T = 318, DT = 2, NI = 2, LI = 6, RES = 5.6e-12 (2.7e-09), CFL=0.032 (ELAPSED 00:00:07 )
-------------------------------------------------------------------------------------------------------------
	 #1 (4.3272e-04, 2.6069e-06): lin 3 (3.0e-12)
	 #2 (7.2418e-07, 4.3734e-04): lin 3 (4.1e-12)
-------------------------------------------------------------------------------------------------------------
 T = 320, DT = 2, NI = 2, LI = 6, RES = 5.6e-12 (3.6e-08), CFL=0.032 (ELAPSED 00:00:07 )
-------------------------------------------------------------------------------------------------------------
	 #1 (4.3160e-04, 2.6912e-06): lin 3 (3.0e-12)
	 #2 (7.9432e-07, 5.2909e-04): lin 3 (6.4e-12)
-------------------------------------------------------------------------------------------------------------
 T = 322, DT = 2, NI = 2, LI = 6, RES = 1.7e-11 (4.6e-08), CFL=0.032 (ELAPSED 00:00:08 )
-------------------------------------------------------------------------------------------------------------
	 #1 (4.3041e-04, 2.6545e-06): lin 3 (3.0e-12)
	 #2 (7.2351e-07, 4.4859e-04): lin 3 (4.2e-12)
-------------------------------------------------------------------------------------------------------------
 T = 324, DT = 2, NI = 2, LI = 6, RES = 5.8e-12 (3.6e-08), CFL=0.032 (ELAPSED 00:00:08 )
-------------------------------------------------------------------------------------------------------------
	 #1 (4.2916e-04, 2.7818e-06): lin 3 (3.0e-12)
	 #2 (7.1871e-07, 4.5532e-04): lin 3 (3.0e-12)
-------------------------------------------------------------------------------------------------------------
 T = 326, DT = 2, NI = 2, LI = 6, RES = 5.3e-12 (3.1e-08), CFL=0.032 (ELAPSED 00:00:08 )
-------------------------------------------------------------------------------------------------------------
	 #1 (4.2790e-04, 2.8285e-06): lin 3 (3.1e-12)
	 #2 (7.0839e-07, 4.6161e-04): lin 3 (4.5e-12)
-------------------------------------------------------------------------------------------------------------
 T = 328, DT = 2, NI = 2, LI = 6, RES = 5.6e-12 (4.0e-08), CFL=0.032 (ELAPSED 00:00:08 )
-------------------------------------------------------------------------------------------------------------
	 #1 (4.2665e-04, 2.8130e-06): lin 3 (3.1e-12)
	 #2 (7.2308e-07, 4.6761e-04): lin 3 (5.4e-12)
-------------------------------------------------------------------------------------------------------------
 T = 330, DT = 2, NI = 2, LI = 6, RES = 4.8e-12 (4.5e-08), CFL=0.032 (ELAPSED 00:00:08 )
-------------------------------------------------------------------------------------------------------------
	 #1 (4.2540e-04, 2.8630e-06): lin 3 (3.1e-12)
	 #2 (7.0921e-07, 4.7385e-04): lin 3 (4.1e-12)
-------------------------------------------------------------------------------------------------------------
 T = 332, DT = 2, NI = 2, LI = 6, RES = 5.1e-12 (2.1e-09), CFL=0.032 (ELAPSED 00:00:08 )
-------------------------------------------------------------------------------------------------------------
	 #1 (4.2415e-04, 2.9623e-06): lin 3 (3.1e-12)
	 #2 (7.4633e-07, 4.8005e-04): lin 3 (6.9e-12)
-------------------------------------------------------------------------------------------------------------
 T = 334, DT = 2, NI = 2, LI = 6, RES = 5.3e-12 (3.9e-08), CFL=0.032 (ELAPSED 00:00:08 )
-------------------------------------------------------------------------------------------------------------
	 #1 (4.2284e-04, 3.0622e-06): lin 3 (3.2e-12)
	 #2 (6.8737e-07, 4.8657e-04): lin 3 (4.2e-12)
-------------------------------------------------------------------------------------------------------------
 T = 336, DT = 2, NI = 2, LI = 6, RES = 5.2e-12 (2.6e-08), CFL=0.032 (ELAPSED 00:00:08 )
-------------------------------------------------------------------------------------------------------------
	 #1 (4.2148e-04, 3.0605e-06): lin 3 (3.1e-12)
	 #2 (6.8040e-07, 4.9387e-04): lin 3 (2.5e-12)
-------------------------------------------------------------------------------------------------------------
 T = 338, DT = 2, NI = 2, LI = 6, RES = 4.8e-12 (2.2e-09), CFL=0.032 (ELAPSED 00:00:08 )
-------------------------------------------------------------------------------------------------------------
	 #1 (4.2012e-04, 3.1512e-06): lin 3 (3.2e-12)
	 #2 (7.1423e-07, 5.0088e-04): lin 3 (3.6e-12)
-------------------------------------------------------------------------------------------------------------
 T = 340, DT = 2, NI = 2, LI = 6, RES = 4.6e-12 (4.6e-08), CFL=0.032 (ELAPSED 00:00:08 )
-------------------------------------------------------------------------------------------------------------
	 #1 (4.1873e-04, 3.1699e-06): lin 3 (3.2e-12)
	 #2 (7.6160e-07, 5.0767e-04): lin 3 (4.8e-12)
-------------------------------------------------------------------------------------------------------------
 T = 342, DT = 2, NI = 2, LI = 6, RES = 3.9e-12 (6.1e-08), CFL=0.032 (ELAPSED 00:00:08 )
-------------------------------------------------------------------------------------------------------------
	 #1 (4.1735e-04, 3.3421e-06): lin 3 (3.2e-12)
	 #2 (7.3515e-07, 5.1507e-04): lin 3 (2.7e-12)
-------------------------------------------------------------------------------------------------------------
 T = 344, DT = 2, NI = 2, LI = 6, RES = 1.1e-11 (2.5e-08), CFL=0.032 (ELAPSED 00:00:08 )
-------------------------------------------------------------------------------------------------------------
	 #1 (4.1597e-04, 3.3296e-06): lin 3 (3.2e-12)
	 #2 (7.4422e-07, 5.2210e-04): lin 3 (6.4e-12)
-------------------------------------------------------------------------------------------------------------
 T = 346, DT = 2, NI = 2, LI = 6, RES = 4.7e-12 (5.0e-08), CFL=0.032 (ELAPSED 00:00:08 )
-------------------------------------------------------------------------------------------------------------
	 #1 (4.1453e-04, 3.3775e-06): lin 3 (3.2e-12)
	 #2 (6.5030e-07, 6.4065e-04): lin 3 (4.0e-12)
-------------------------------------------------------------------------------------------------------------
 T = 348, DT = 2, NI = 2, LI = 6, RES = 4.6e-12 (1.3e-08), CFL=0.032 (ELAPSED 00:00:08 )
-------------------------------------------------------------------------------------------------------------
	 #1 (4.1303e-04, 3.5085e-06): lin 3 (3.2e-12)
	 #2 (7.3771e-07, 5.3716e-04): lin 3 (3.6e-12)
-------------------------------------------------------------------------------------------------------------
 T = 350, DT = 2, NI = 2, LI = 6, RES = 4.0e-12 (6.2e-08), CFL=0.032 (ELAPSED 00:00:08 )
-------------------------------------------------------------------------------------------------------------
	 #1 (4.1151e-04, 3.6331e-06): lin 3 (3.2e-12)
	 #2 (6.4848e-07, 5.4477e-04): lin 3 (3.6e-12)
-------------------------------------------------------------------------------------------------------------
 T = 352, DT = 2, NI = 2, LI = 6, RES = 4.4e-12 (2.8e-09), CFL=0.031 (ELAPSED 00:00:08 )
-------------------------------------------------------------------------------------------------------------
	 #1 (4.0998e-04, 3.6556e-06): lin 3 (3.2e-12)
	 #2 (6.5802e-07, 5.5206e-04): lin 3 (5.1e-12)
-------------------------------------------------------------------------------------------------------------
 T = 354, DT = 2, NI = 2, LI = 6, RES = 3.8e-12 (5.4e-08), CFL=0.031 (ELAPSED 00:00:08 )
-------------------------------------------------------------------------------------------------------------
	 #1 (4.0845e-04, 3.7890e-06): lin 3 (3.2e-12)
	 #2 (7.2171e-07, 5.5968e-04): lin 3 (3.5e-12)
-------------------------------------------------------------------------------------------------------------
 T = 356, DT = 2, NI = 2, LI = 6, RES = 3.9e-12 (2.2e-08), CFL=0.031 (ELAPSED 00:00:08 )
-------------------------------------------------------------------------------------------------------------
	 #1 (4.0694e-04, 3.8432e-06): lin 3 (3.2e-12)
	 #2 (6.8125e-07, 5.6709e-04): lin 3 (5.4e-12)
-------------------------------------------------------------------------------------------------------------
 T = 358, DT = 2, NI = 2, LI = 6, RES = 4.4e-12 (2.8e-08), CFL=0.031 (ELAPSED 00:00:08 )
-------------------------------------------------------------------------------------------------------------
	 #1 (4.0537e-04, 3.9377e-06): lin 3 (3.2e-12)
	 #2 (6.6921e-07, 5.7458e-04): lin 3 (2.1e-12)
-------------------------------------------------------------------------------------------------------------
 T = 360, DT = 2, NI = 2, LI = 6, RES = 3.9e-12 (4.7e-08), CFL=0.031 (ELAPSED 00:00:08 )
-------------------------------------------------------------------------------------------------------------
	 #1 (4.0372e-04, 4.0474e-06): lin 3 (3.4e-12)
	 #2 (7.2462e-07, 5.8259e-04): lin 3 (5.0e-12)
-------------------------------------------------------------------------------------------------------------
 T = 362, DT = 2, NI = 2, LI = 6, RES = 3.7e-12 (4.2e-08), CFL=0.031 (ELAPSED 00:00:08 )
-------------------------------------------------------------------------------------------------------------
	 #1 (4.0207e-04, 4.1360e-06): lin 3 (3.3e-12)
	 #2 (6.9236e-07, 5.9163e-04): lin 3 (3.8e-12)
-------------------------------------------------------------------------------------------------------------
 T = 364, DT = 2, NI = 2, LI = 6, RES = 3.6e-12 (1.1e-08), CFL=0.031 (ELAPSED 00:00:08 )
-------------------------------------------------------------------------------------------------------------
	 #1 (2.0021e-04, 2.1013e-06): lin 3 (7.0e-14)
	 #2 (1.8907e-07, 7.4494e-05): lin 3 (1.0e-13)
-------------------------------------------------------------------------------------------------------------
 T = 365, DT = 1, NI = 2, LI = 6, RES = 2.2e-13 (1.2e-08), CFL=0.016 (ELAPSED 00:00:08 )
-------------------------------------------------------------------------------------------------------------
