Processing mesh: 729 reservoir blocks, 2 well blocks, 1946 connections
Linear solver type is gmres+cpr
Engine: 	2-phase 4-component isothermal flow with kinetic reaction and diffusion CPU engine
OpenMP threads: 	2

START SIMULATION
-------------------------------------------------------------------------------------------------------------
Well PROD initialized with BHP-control
	 #1 (3.6200e-08, 9.0036e-02): lin 1 (8.6e-11)
	 #2 (9.8188e-15, 1.6813e-05): lin 2 (5.9e-16)
-------------------------------------------------------------------------------------------------------------
 T = 0.0001, DT = 0.0001, NI = 2, LI = 3, RES = 8.1e-17 (1.3e-11), CFL=0.000 (ELAPSED 00:00:00 )
-------------------------------------------------------------------------------------------------------------
	 #1 (5.4292e-08, 2.5577e-04): lin 2 (4.2e-15)
-------------------------------------------------------------------------------------------------------------
 T = 0.00025, DT = 0.00015, NI = 1, LI = 2, RES = 2.2e-14 (1.4e-10), CFL=0.000 (ELAPSED 00:00:00 )
-------------------------------------------------------------------------------------------------------------
	 #1 (8.1422e-08, 3.5783e-04): lin 2 (2.7e-14)
-------------------------------------------------------------------------------------------------------------
 T = 0.000475, DT = 0.000225, NI = 1, LI = 2, RES = 5.0e-14 (7.4e-09), CFL=0.000 (ELAPSED 00:00:00 )
-------------------------------------------------------------------------------------------------------------
	 #1 (1.2210e-07, 4.4615e-04): lin 2 (3.3e-14)
-------------------------------------------------------------------------------------------------------------
 T = 0.0008125, DT = 0.0003375, NI = 1, LI = 2, RES = 1.1e-13 (1.4e-08), CFL=0.000 (ELAPSED 00:00:00 )
-------------------------------------------------------------------------------------------------------------
	 #1 (1.8307e-07, 5.1262e-04): lin 2 (1.8e-14)
-------------------------------------------------------------------------------------------------------------
 T = 0.00131875, DT = 0.00050625, NI = 1, LI = 2, RES = 2.5e-13 (2.2e-08), CFL=0.000 (ELAPSED 00:00:00 )
-------------------------------------------------------------------------------------------------------------
	 #1 (2.7442e-07, 5.2632e-04): lin 2 (9.5e-14)
-------------------------------------------------------------------------------------------------------------
 T = 0.00207813, DT = 0.000759375, NI = 1, LI = 2, RES = 5.7e-13 (3.1e-08), CFL=0.000 (ELAPSED 00:00:00 )
-------------------------------------------------------------------------------------------------------------
	 #1 (4.1122e-07, 4.6432e-04): lin 2 (1.4e-14)
-------------------------------------------------------------------------------------------------------------
 T = 0.00321719, DT = 0.00113906, NI = 1, LI = 2, RES = 1.3e-12 (1.6e-07), CFL=0.000 (ELAPSED 00:00:00 )
-------------------------------------------------------------------------------------------------------------
	 #1 (6.1593e-07, 3.3405e-04): lin 2 (2.4e-14)
-------------------------------------------------------------------------------------------------------------
 T = 0.00492578, DT = 0.00170859, NI = 1, LI = 2, RES = 2.9e-12 (9.4e-08), CFL=0.000 (ELAPSED 00:00:00 )
-------------------------------------------------------------------------------------------------------------
	 #1 (9.2186e-07, 1.7815e-04): lin 2 (3.4e-14)
-------------------------------------------------------------------------------------------------------------
 T = 0.00748867, DT = 0.00256289, NI = 1, LI = 2, RES = 2.6e-11 (7.1e-08), CFL=0.000 (ELAPSED 00:00:00 )
-------------------------------------------------------------------------------------------------------------
	 #1 (1.3782e-06, 8.2053e-05): lin 2 (1.9e-13)
-------------------------------------------------------------------------------------------------------------
 T = 0.011333, DT = 0.00384434, NI = 1, LI = 2, RES = 1.4e-11 (4.9e-07), CFL=0.000 (ELAPSED 00:00:00 )
-------------------------------------------------------------------------------------------------------------
	 #1 (2.0572e-06, 1.1647e-04): lin 2 (4.1e-12)
	 #2 (3.1679e-11, 1.3421e-06): lin 1 (9.2e-11)
-------------------------------------------------------------------------------------------------------------
 T = 0.0170995, DT = 0.0057665, NI = 2, LI = 3, RES = 1.2e-16 (2.6e-11), CFL=0.000 (ELAPSED 00:00:00 )
-------------------------------------------------------------------------------------------------------------
	 #1 (3.0633e-06, 1.7467e-04): lin 2 (6.8e-11)
	 #2 (2.2554e-10, 1.9579e-06): lin 2 (1.8e-15)
-------------------------------------------------------------------------------------------------------------
 T = 0.0257493, DT = 0.00864976, NI = 2, LI = 4, RES = 1.2e-16 (3.3e-11), CFL=0.000 (ELAPSED 00:00:00 )
-------------------------------------------------------------------------------------------------------------
	 #1 (4.5454e-06, 2.6194e-04): lin 2 (2.3e-12)
	 #2 (1.5339e-10, 6.3126e-06): lin 1 (3.8e-11)
-------------------------------------------------------------------------------------------------------------
 T = 0.0387239, DT = 0.0129746, NI = 2, LI = 3, RES = 1.2e-16 (5.6e-11), CFL=0.000 (ELAPSED 00:00:00 )
-------------------------------------------------------------------------------------------------------------
	 #1 (6.7097e-06, 3.9275e-04): lin 2 (1.1e-11)
	 #2 (3.3213e-10, 2.0440e-05): lin 1 (4.7e-11)
-------------------------------------------------------------------------------------------------------------
 T = 0.0581859, DT = 0.019462, NI = 2, LI = 3, RES = 1.1e-16 (1.0e-10), CFL=0.000 (ELAPSED 00:00:00 )
-------------------------------------------------------------------------------------------------------------
	 #1 (9.8317e-06, 5.8879e-04): lin 2 (5.2e-11)
	 #2 (5.6604e-10, 6.8293e-05): lin 2 (3.3e-14)
-------------------------------------------------------------------------------------------------------------
 T = 0.0873788, DT = 0.0291929, NI = 2, LI = 4, RES = 9.2e-17 (1.1e-09), CFL=0.000 (ELAPSED 00:00:00 )
-------------------------------------------------------------------------------------------------------------
	 #1 (1.4258e-05, 8.8245e-04): lin 3 (5.3e-14)
	 #2 (1.4730e-09, 2.0220e-04): lin 2 (1.3e-13)
-------------------------------------------------------------------------------------------------------------
 T = 0.131168, DT = 0.0437894, NI = 2, LI = 5, RES = 9.7e-17 (7.9e-09), CFL=0.000 (ELAPSED 00:00:00 )
-------------------------------------------------------------------------------------------------------------
	 #1 (2.0389e-05, 1.3221e-03): lin 3 (6.5e-13)
	 #2 (3.5223e-09, 5.5158e-04): lin 2 (9.8e-13)
-------------------------------------------------------------------------------------------------------------
 T = 0.196852, DT = 0.0656841, NI = 2, LI = 5, RES = 1.1e-16 (6.8e-08), CFL=0.000 (ELAPSED 00:00:00 )
-------------------------------------------------------------------------------------------------------------
	 #1 (2.8648e-05, 1.9799e-03): lin 3 (7.3e-12)
	 #2 (4.4846e-09, 1.5175e-03): lin 2 (3.3e-11)
	 #3 (1.1652e-16, 2.9291e-06): lin 3 (3.5e-12)
-------------------------------------------------------------------------------------------------------------
 T = 0.295378, DT = 0.0985261, NI = 3, LI = 8, RES = 8.4e-17 (6.2e-10), CFL=0.000 (ELAPSED 00:00:00 )
-------------------------------------------------------------------------------------------------------------
	 #1 (3.9465e-05, 2.9634e-03): lin 3 (7.1e-11)
	 #2 (1.3533e-08, 4.3812e-03): lin 3 (1.5e-13)
-------------------------------------------------------------------------------------------------------------
 T = 0.443168, DT = 0.147789, NI = 2, LI = 6, RES = 7.0e-16 (7.8e-07), CFL=0.000 (ELAPSED 00:00:00 )
-------------------------------------------------------------------------------------------------------------
	 #1 (5.3419e-05, 4.4326e-03): lin 22 (5.9e-11)
	 #2 (1.5058e-08, 1.0297e-02): lin 20 (7.6e-11)
	 #3 (2.2104e-13, 2.2227e-05): lin 21 (5.0e-11)
-------------------------------------------------------------------------------------------------------------
 T = 0.664851, DT = 0.221684, NI = 3, LI = 63, RES = 1.0e-16 (8.4e-10), CFL=0.000 (ELAPSED 00:00:00 )
-------------------------------------------------------------------------------------------------------------
	 #1 (7.1688e-05, 6.6257e-03): lin 13 (2.2e-11)
	 #2 (2.8659e-08, 2.2785e-02): lin 13 (3.8e-11)
	 #3 (5.9435e-11, 9.3158e-05): lin 14 (2.3e-11)
-------------------------------------------------------------------------------------------------------------
 T = 0.997377, DT = 0.332526, NI = 3, LI = 40, RES = 3.5e-14 (1.4e-09), CFL=0.001 (ELAPSED 00:00:00 )
-------------------------------------------------------------------------------------------------------------
	 #1 (9.6638e-05, 9.8972e-03): lin 12 (5.2e-11)
	 #2 (4.5153e-08, 4.4954e-02): lin 10 (9.1e-11)
	 #3 (7.3471e-11, 1.2286e-04): lin 11 (5.9e-11)
-------------------------------------------------------------------------------------------------------------
 T = 1.49617, DT = 0.498789, NI = 3, LI = 33, RES = 1.9e-11 (6.1e-09), CFL=0.001 (ELAPSED 00:00:00 )
-------------------------------------------------------------------------------------------------------------
	 #1 (1.3170e-04, 1.4774e-02): lin 11 (3.7e-11)
	 #2 (7.1648e-08, 9.9750e-02): lin 10 (1.6e-11)
	 #3 (2.9932e-14, 2.3386e-04): lin 7 (2.1e-11)
-------------------------------------------------------------------------------------------------------------
 T = 2.24435, DT = 0.748183, NI = 3, LI = 28, RES = 1.1e-16 (3.5e-07), CFL=0.002 (ELAPSED 00:00:00 )
-------------------------------------------------------------------------------------------------------------
	 #1 (1.8021e-04, 2.2034e-02): lin 12 (9.1e-11)
	 #2 (5.0330e-07, 9.2036e-01): lin 11 (2.6e-11)
	 #3 (6.4360e-13, 7.4978e-04): lin 7 (8.0e-11)
	 #4 (1.4630e-16, 2.0396e-05): lin 11 (5.1e-11)
-------------------------------------------------------------------------------------------------------------
 T = 3.36662, DT = 1.12227, NI = 4, LI = 41, RES = 1.2e-16 (6.7e-09), CFL=0.003 (ELAPSED 00:00:00 )
-------------------------------------------------------------------------------------------------------------
	 #1 (2.4448e-04, 3.2795e-02): lin 14 (2.8e-11)
	 #2 (2.3575e-07, 5.2727e-01): lin 12 (1.9e-11)
	 #3 (4.7728e-13, 6.9464e-03): lin 9 (3.1e-11)
	 #4 (1.6133e-16, 1.5552e-04): lin 9 (9.8e-11)
-------------------------------------------------------------------------------------------------------------
 T = 5.05003, DT = 1.68341, NI = 4, LI = 44, RES = 1.6e-16 (9.8e-09), CFL=0.005 (ELAPSED 00:00:00 )
-------------------------------------------------------------------------------------------------------------
	 #1 (2.5861e-04, 3.8571e-02): lin 14 (6.4e-11)
	 #2 (3.7938e-07, 6.3220e-01): lin 12 (3.7e-11)
	 #3 (1.1093e-12, 1.8023e-02): lin 9 (4.1e-11)
	 #4 (1.7330e-16, 2.1122e-04): lin 8 (7.6e-11)
-------------------------------------------------------------------------------------------------------------
 T = 7.05003, DT = 2, NI = 4, LI = 43, RES = 1.7e-16 (7.3e-07), CFL=0.007 (ELAPSED 00:00:00 )
-------------------------------------------------------------------------------------------------------------
	 #1 (2.3154e-04, 3.8207e-02): lin 14 (5.1e-11)
	 #2 (5.7819e-07, 4.6324e-01): lin 12 (3.6e-11)
	 #3 (1.1688e-12, 6.3591e-03): lin 7 (9.6e-11)
	 #4 (1.7397e-16, 6.8539e-04): lin 8 (7.1e-11)
	 #5 (1.6442e-16, 1.4185e-05): lin 12 (2.4e-11)
-------------------------------------------------------------------------------------------------------------
 T = 9.05003, DT = 2, NI = 5, LI = 53, RES = 1.6e-16 (2.6e-09), CFL=0.007 (ELAPSED 00:00:00 )
-------------------------------------------------------------------------------------------------------------
	 #1 (2.1076e-04, 3.7915e-02): lin 14 (4.0e-11)
	 #2 (9.7456e-07, 1.8910e+00): lin 12 (4.0e-11)
	 #3 (3.0674e-12, 9.0064e-03): lin 8 (4.7e-11)
	 #4 (1.6531e-16, 4.6564e-03): lin 8 (6.7e-11)
	 #5 (1.6097e-16, 4.1007e-04): lin 9 (5.8e-11)
-------------------------------------------------------------------------------------------------------------
 T = 11.05, DT = 2, NI = 5, LI = 51, RES = 1.6e-16 (9.2e-07), CFL=0.007 (ELAPSED 00:00:00 )
-------------------------------------------------------------------------------------------------------------
	 #1 (1.9354e-04, 3.7626e-02): lin 14 (3.2e-11)
Local chop applied in 2 block(s)
	 #2 (3.1561e-07, 3.2426e-01): lin 12 (4.1e-11)
Local chop applied in 2 block(s)
	 #3 (5.4160e-13, 3.9569e-02): lin 10 (2.7e-11)
Local chop applied in 2 block(s)
	 #4 (1.5897e-16, 3.5380e-02): lin 10 (4.8e-11)
Local chop applied in 2 block(s)
	 #5 (1.7156e-16, 3.2168e-02): lin 10 (7.6e-11)
Composition correction applied to solid in 0 block(s), to fluid in 2 block(s) with var corrections: 2 0 0 2 
Local chop applied in 2 block(s)
	 #6 (1.7477e-16, 1.2145e+02): lin 10 (3.4e-11)
Composition correction applied to solid in 0 block(s), to fluid in 2 block(s) with var corrections: 2 0 0 2 
Local chop applied in 2 block(s)
	 #7 (1.6526e-16, 4.1071e+02): lin 9 (5.7e-11)
Composition correction applied to solid in 0 block(s), to fluid in 2 block(s) with var corrections: 2 0 0 2 
Local chop applied in 2 block(s)
	 #8 (1.7322e-16, 9.5899e+02): lin 9 (2.6e-11)
Composition correction applied to solid in 0 block(s), to fluid in 2 block(s) with var corrections: 2 0 0 2 
Local chop applied in 2 block(s)
	 #9 (1.6661e-16, 2.0509e+03): lin 8 (5.4e-11)
Composition correction applied to solid in 0 block(s), to fluid in 2 block(s) with var corrections: 2 0 0 2 
	 #10 (1.7431e-16, 4.9116e+03): lin 5 (5.6e-11)
	 #11 (1.6560e-16, 1.2430e+03): lin 9 (4.9e-11)
Composition correction applied to solid in 0 block(s), to fluid in 2 block(s) with var corrections: 2 0 0 2 
	 #12 (1.7818e-16, 5.1186e+02): lin 6 (7.0e-11)
	 #13 (1.7168e-16, 7.3293e+00): lin 11 (2.7e-11)
Composition correction applied to solid in 0 block(s), to fluid in 2 block(s) with var corrections: 2 0 0 2 
	 #14 (1.7238e-16, 2.6525e+03): lin 6 (2.7e-11)
Composition correction applied to solid in 0 block(s), to fluid in 2 block(s) with var corrections: 0 0 0 2 
	 #15 (1.6848e-16, 1.1146e+02): lin 6 (8.8e-11)
	 #16 (1.6959e-16, 2.3568e+00): lin 11 (3.6e-11)
Composition correction applied to solid in 0 block(s), to fluid in 2 block(s) with var corrections: 2 0 0 2 
	 #17 (1.7408e-16, 2.5722e+03): lin 6 (5.5e-11)
Composition correction applied to solid in 0 block(s), to fluid in 2 block(s) with var corrections: 2 0 0 2 
	 #18 (1.6939e-16, 5.1014e+01): lin 6 (4.1e-11)
	 #19 (1.7219e-16, 3.2011e+00): lin 11 (3.3e-11)
Composition correction applied to solid in 0 block(s), to fluid in 2 block(s) with var corrections: 2 0 0 2 
	 #20 (1.7176e-16, 2.6720e+03): lin 7 (3.1e-11)
Composition correction applied to solid in 0 block(s), to fluid in 2 block(s) with var corrections: 2 0 0 2 
FAILED TO CONVERGE WITH DT = 2.000 (newton residual wells) 
	 #1 (1.2902e-04, 2.5084e-02): lin 13 (1.7e-11)
	 #2 (1.7269e-07, 1.1297e-01): lin 11 (6.3e-11)
Local chop applied in 2 block(s)
	 #3 (1.2964e-13, 3.7795e-03): lin 9 (2.1e-11)
	 #4 (1.3082e-16, 3.9310e-03): lin 9 (3.5e-11)
	 #5 (1.3027e-16, 1.1531e-03): lin 9 (4.2e-11)
	 #6 (1.2990e-16, 3.2546e-06): lin 9 (6.3e-11)
-------------------------------------------------------------------------------------------------------------
 T = 12.3834, DT = 1.33333, NI = 6, LI = 60, RES = 1.3e-16 (4.5e-07), CFL=0.005 (ELAPSED 00:00:01 )
-------------------------------------------------------------------------------------------------------------
	 #1 (1.8338e-04, 3.7442e-02): lin 14 (2.6e-11)
Composition correction applied to solid in 0 block(s), to fluid in 2 block(s) with var corrections: 2 0 0 2 
Local chop applied in 2 block(s)
	 #2 (7.1284e-07, 5.3504e+02): lin 12 (4.2e-11)
Composition correction applied to solid in 0 block(s), to fluid in 2 block(s) with var corrections: 2 0 0 2 
Local chop applied in 2 block(s)
	 #3 (3.4934e-12, 1.6651e+03): lin 9 (3.1e-11)
Composition correction applied to solid in 0 block(s), to fluid in 2 block(s) with var corrections: 2 0 0 2 
Local chop applied in 2 block(s)
	 #4 (1.6921e-16, 4.0016e+03): lin 8 (5.0e-11)
Composition correction applied to solid in 0 block(s), to fluid in 2 block(s) with var corrections: 2 0 0 2 
Local chop applied in 2 block(s)
	 #5 (1.6767e-16, 8.9616e+03): lin 7 (8.1e-11)
Composition correction applied to solid in 0 block(s), to fluid in 2 block(s) with var corrections: 2 0 0 2 
Local chop applied in 2 block(s)
	 #6 (1.7621e-16, 2.0178e+04): lin 7 (2.3e-11)
Composition correction applied to solid in 0 block(s), to fluid in 2 block(s) with var corrections: 2 2 2 2 
Local chop applied in 2 block(s)
	 #7 (1.7469e-16, 3.1875e+04): lin 6 (8.3e-11)
Composition correction applied to solid in 0 block(s), to fluid in 2 block(s) with var corrections: 2 2 2 2 
Local chop applied in 2 block(s)
	 #8 (1.5061e-16, 4.2922e+04): lin 6 (6.3e-11)
Composition correction applied to solid in 0 block(s), to fluid in 2 block(s) with var corrections: 2 2 2 2 
	 #9 (1.6834e-16, 5.1376e+04): lin 4 (5.7e-11)
Composition correction applied to solid in 0 block(s), to fluid in 2 block(s) with var corrections: 0 2 2 0 
Local chop applied in 2 block(s)
	 #10 (1.7128e-15, 4.3565e+04): lin 6 (8.5e-11)
Composition correction applied to solid in 0 block(s), to fluid in 2 block(s) with var corrections: 2 2 2 2 
Local chop applied in 2 block(s)
	 #11 (1.6809e-16, 5.0723e+04): lin 4 (8.0e-11)
Composition correction applied to solid in 0 block(s), to fluid in 2 block(s) with var corrections: 0 2 2 0 
Local chop applied in 2 block(s)
	 #12 (2.3473e-15, 4.3622e+04): lin 6 (8.5e-11)
Composition correction applied to solid in 0 block(s), to fluid in 2 block(s) with var corrections: 2 2 2 2 
Local chop applied in 2 block(s)
	 #13 (1.6852e-16, 5.0737e+04): lin 4 (7.9e-11)
Composition correction applied to solid in 0 block(s), to fluid in 2 block(s) with var corrections: 0 2 2 0 
Local chop applied in 2 block(s)
	 #14 (2.2101e-15, 4.3621e+04): lin 6 (8.5e-11)
Composition correction applied to solid in 0 block(s), to fluid in 2 block(s) with var corrections: 2 2 2 2 
Local chop applied in 2 block(s)
	 #15 (1.6007e-16, 5.0737e+04): lin 4 (7.9e-11)
Composition correction applied to solid in 0 block(s), to fluid in 2 block(s) with var corrections: 0 2 2 0 
Local chop applied in 2 block(s)
	 #16 (2.2153e-15, 4.3621e+04): lin 6 (8.5e-11)
Composition correction applied to solid in 0 block(s), to fluid in 2 block(s) with var corrections: 2 2 2 2 
Local chop applied in 2 block(s)
	 #17 (1.6611e-16, 5.0737e+04): lin 4 (7.9e-11)
Composition correction applied to solid in 0 block(s), to fluid in 2 block(s) with var corrections: 0 2 2 0 
Local chop applied in 2 block(s)
	 #18 (2.1972e-15, 4.3621e+04): lin 6 (8.5e-11)
Composition correction applied to solid in 0 block(s), to fluid in 2 block(s) with var corrections: 2 2 2 2 
Local chop applied in 2 block(s)
	 #19 (1.5809e-16, 5.0737e+04): lin 4 (7.9e-11)
Composition correction applied to solid in 0 block(s), to fluid in 2 block(s) with var corrections: 0 2 2 0 
Local chop applied in 2 block(s)
	 #20 (2.1914e-15, 4.3621e+04): lin 6 (8.5e-11)
Composition correction applied to solid in 0 block(s), to fluid in 2 block(s) with var corrections: 2 2 2 2 
Local chop applied in 2 block(s)
FAILED TO CONVERGE WITH DT = 2.000 (newton residual wells) 
	 #1 (1.2226e-04, 2.4962e-02): lin 13 (1.7e-11)
Composition correction applied to solid in 0 block(s), to fluid in 2 block(s) with var corrections: 2 0 0 2 
Local chop applied in 2 block(s)
	 #2 (1.6947e-07, 1.7483e+02): lin 10 (6.5e-11)
Composition correction applied to solid in 0 block(s), to fluid in 2 block(s) with var corrections: 2 0 0 2 
Local chop applied in 2 block(s)
	 #3 (1.3588e-13, 5.6738e+02): lin 8 (6.2e-11)
Composition correction applied to solid in 0 block(s), to fluid in 2 block(s) with var corrections: 2 0 0 2 
Local chop applied in 2 block(s)
	 #4 (1.3889e-16, 1.3432e+03): lin 8 (2.6e-11)
Composition correction applied to solid in 0 block(s), to fluid in 2 block(s) with var corrections: 2 0 0 2 
Local chop applied in 2 block(s)
	 #5 (1.3299e-16, 2.9308e+03): lin 7 (6.3e-11)
Composition correction applied to solid in 0 block(s), to fluid in 2 block(s) with var corrections: 2 0 0 2 
Local chop applied in 2 block(s)
	 #6 (1.3685e-16, 6.5592e+03): lin 7 (2.3e-11)
Composition correction applied to solid in 0 block(s), to fluid in 2 block(s) with var corrections: 2 0 0 2 
Local chop applied in 2 block(s)
	 #7 (1.4233e-16, 1.2973e+04): lin 6 (6.4e-11)
Composition correction applied to solid in 0 block(s), to fluid in 2 block(s) with var corrections: 2 0 0 2 
Local chop applied in 2 block(s)
	 #8 (1.3679e-16, 1.9555e+04): lin 6 (4.7e-11)
Composition correction applied to solid in 0 block(s), to fluid in 2 block(s) with var corrections: 2 2 2 2 
Local chop applied in 2 block(s)
	 #9 (1.3379e-16, 2.5955e+04): lin 5 (4.3e-11)
Composition correction applied to solid in 0 block(s), to fluid in 2 block(s) with var corrections: 2 2 2 2 
Local chop applied in 2 block(s)
	 #10 (1.3253e-16, 2.2386e+04): lin 5 (6.0e-11)
Composition correction applied to solid in 0 block(s), to fluid in 2 block(s) with var corrections: 0 2 2 0 
Local chop applied in 2 block(s)
	 #11 (1.4446e-16, 1.6796e+04): lin 5 (7.1e-11)
Composition correction applied to solid in 0 block(s), to fluid in 2 block(s) with var corrections: 0 2 2 0 
Local chop applied in 2 block(s)
	 #12 (1.3367e-16, 1.1432e+04): lin 5 (8.4e-11)
Local chop applied in 2 block(s)
	 #13 (1.3462e-16, 6.2573e+03): lin 6 (2.4e-11)
Local chop applied in 2 block(s)
	 #14 (1.4035e-16, 1.0720e+03): lin 6 (9.9e-11)
	 #15 (1.4793e-16, 2.2419e+01): lin 6 (4.4e-11)
	 #16 (1.3339e-16, 3.0163e-02): lin 8 (2.8e-11)
-------------------------------------------------------------------------------------------------------------
 T = 13.7167, DT = 1.33333, NI = 16, LI = 111, RES = 1.3e-16 (1.6e-08), CFL=0.005 (ELAPSED 00:00:01 )
-------------------------------------------------------------------------------------------------------------
	 #1 (1.7431e-04, 1.4834e-02): lin 14 (2.1e-11)
	 #2 (2.1971e-06, 2.2558e-01): lin 12 (4.1e-11)
	 #3 (4.1113e-11, 3.7337e-06): lin 12 (4.1e-11)
-------------------------------------------------------------------------------------------------------------
 T = 15.7167, DT = 2, NI = 3, LI = 38, RES = 1.6e-16 (3.7e-09), CFL=0.007 (ELAPSED 00:00:01 )
-------------------------------------------------------------------------------------------------------------
	 #1 (1.6252e-04, 1.7088e-03): lin 14 (2.3e-11)
	 #2 (3.5030e-07, 1.7326e-01): lin 12 (4.2e-11)
-------------------------------------------------------------------------------------------------------------
 T = 17.7167, DT = 2, NI = 2, LI = 26, RES = 8.6e-13 (1.7e-07), CFL=0.007 (ELAPSED 00:00:01 )
-------------------------------------------------------------------------------------------------------------
	 #1 (1.5226e-04, 1.1443e-05): lin 13 (8.5e-11)
	 #2 (3.2382e-07, 1.4442e-01): lin 12 (3.9e-11)
-------------------------------------------------------------------------------------------------------------
 T = 19.7167, DT = 2, NI = 2, LI = 25, RES = 2.4e-13 (4.2e-08), CFL=0.007 (ELAPSED 00:00:01 )
-------------------------------------------------------------------------------------------------------------
	 #1 (1.4327e-04, 1.1720e-05): lin 13 (7.5e-11)
	 #2 (1.5143e-07, 2.4581e-02): lin 12 (4.3e-11)
-------------------------------------------------------------------------------------------------------------
 T = 21.7167, DT = 2, NI = 2, LI = 25, RES = 1.4e-13 (1.2e-08), CFL=0.007 (ELAPSED 00:00:01 )
-------------------------------------------------------------------------------------------------------------
	 #1 (1.3532e-04, 1.0834e-05): lin 13 (7.5e-11)
	 #2 (5.0367e-07, 9.6576e-01): lin 12 (4.0e-11)
	 #3 (9.5600e-13, 1.1639e-06): lin 12 (1.6e-11)
-------------------------------------------------------------------------------------------------------------
 T = 23.7167, DT = 2, NI = 3, LI = 37, RES = 1.8e-16 (1.7e-09), CFL=0.007 (ELAPSED 00:00:01 )
-------------------------------------------------------------------------------------------------------------
	 #1 (1.2810e-04, 9.9538e-06): lin 13 (7.2e-11)
	 #2 (4.4234e-08, 9.0323e-02): lin 12 (5.0e-11)
-------------------------------------------------------------------------------------------------------------
 T = 25.7167, DT = 2, NI = 2, LI = 25, RES = 3.0e-14 (4.3e-09), CFL=0.007 (ELAPSED 00:00:01 )
-------------------------------------------------------------------------------------------------------------
	 #1 (1.2164e-04, 9.1923e-06): lin 13 (6.8e-11)
	 #2 (4.5936e-08, 7.7470e-02): lin 12 (3.6e-11)
-------------------------------------------------------------------------------------------------------------
 T = 27.7167, DT = 2, NI = 2, LI = 25, RES = 1.7e-14 (1.5e-08), CFL=0.007 (ELAPSED 00:00:01 )
-------------------------------------------------------------------------------------------------------------
	 #1 (1.1588e-04, 8.5237e-06): lin 13 (6.4e-11)
	 #2 (1.6155e-07, 6.6823e-02): lin 12 (2.9e-11)
-------------------------------------------------------------------------------------------------------------
 T = 29.7167, DT = 2, NI = 2, LI = 25, RES = 7.8e-14 (6.0e-09), CFL=0.007 (ELAPSED 00:00:01 )
-------------------------------------------------------------------------------------------------------------
	 #1 (1.5685e-05, 1.1243e-06): lin 8 (4.4e-11)
	 #2 (3.6370e-09, 1.8443e-04): lin 8 (1.6e-11)
-------------------------------------------------------------------------------------------------------------
 T = 30, DT = 0.2833, NI = 2, LI = 16, RES = 1.1e-16 (1.1e-09), CFL=0.001 (ELAPSED 00:00:01 )
-------------------------------------------------------------------------------------------------------------
	 #1 (1.1003e-04, 7.9013e-06): lin 13 (5.9e-11)
	 #2 (9.4215e-07, 5.6821e-02): lin 12 (4.4e-11)
-------------------------------------------------------------------------------------------------------------
 T = 32, DT = 2, NI = 2, LI = 25, RES = 7.0e-12 (1.5e-08), CFL=0.007 (ELAPSED 00:00:01 )
-------------------------------------------------------------------------------------------------------------
	 #1 (1.0548e-04, 7.3480e-06): lin 13 (5.4e-11)
	 #2 (8.6171e-08, 4.9314e-02): lin 13 (5.9e-11)
-------------------------------------------------------------------------------------------------------------
 T = 34, DT = 2, NI = 2, LI = 26, RES = 1.0e-13 (4.2e-09), CFL=0.007 (ELAPSED 00:00:01 )
-------------------------------------------------------------------------------------------------------------
	 #1 (1.0138e-04, 6.8604e-06): lin 13 (4.2e-11)
	 #2 (7.8580e-08, 4.2925e-02): lin 13 (2.0e-11)
-------------------------------------------------------------------------------------------------------------
 T = 36, DT = 2, NI = 2, LI = 26, RES = 5.3e-14 (3.9e-09), CFL=0.007 (ELAPSED 00:00:01 )
-------------------------------------------------------------------------------------------------------------
	 #1 (9.7670e-05, 6.4375e-06): lin 13 (3.7e-11)
	 #2 (4.0904e-08, 3.8259e-02): lin 13 (1.6e-11)
-------------------------------------------------------------------------------------------------------------
 T = 38, DT = 2, NI = 2, LI = 26, RES = 2.6e-14 (1.2e-08), CFL=0.007 (ELAPSED 00:00:01 )
-------------------------------------------------------------------------------------------------------------
	 #1 (9.4294e-05, 6.0639e-06): lin 13 (3.0e-11)
	 #2 (1.5062e-07, 3.3498e-02): lin 12 (5.4e-11)
-------------------------------------------------------------------------------------------------------------
 T = 40, DT = 2, NI = 2, LI = 25, RES = 2.5e-14 (9.3e-09), CFL=0.007 (ELAPSED 00:00:01 )
-------------------------------------------------------------------------------------------------------------
	 #1 (9.1215e-05, 5.6940e-06): lin 13 (2.9e-11)
	 #2 (1.7747e-08, 2.9961e-02): lin 13 (3.8e-11)
-------------------------------------------------------------------------------------------------------------
 T = 42, DT = 2, NI = 2, LI = 26, RES = 5.4e-15 (1.0e-08), CFL=0.007 (ELAPSED 00:00:01 )
-------------------------------------------------------------------------------------------------------------
	 #1 (8.8396e-05, 5.3822e-06): lin 13 (2.9e-11)
	 #2 (3.3617e-08, 2.7003e-02): lin 13 (3.8e-11)
-------------------------------------------------------------------------------------------------------------
 T = 44, DT = 2, NI = 2, LI = 26, RES = 2.8e-15 (3.3e-09), CFL=0.007 (ELAPSED 00:00:01 )
-------------------------------------------------------------------------------------------------------------
	 #1 (8.5806e-05, 5.0831e-06): lin 13 (2.8e-11)
	 #2 (3.7474e-08, 6.4184e-02): lin 13 (3.9e-11)
-------------------------------------------------------------------------------------------------------------
 T = 46, DT = 2, NI = 2, LI = 26, RES = 2.0e-15 (5.8e-09), CFL=0.007 (ELAPSED 00:00:02 )
-------------------------------------------------------------------------------------------------------------
	 #1 (8.3409e-05, 4.8151e-06): lin 13 (2.8e-11)
	 #2 (6.0041e-08, 5.7090e-02): lin 14 (3.0e-11)
-------------------------------------------------------------------------------------------------------------
 T = 48, DT = 2, NI = 2, LI = 27, RES = 1.0e-13 (1.0e-08), CFL=0.007 (ELAPSED 00:00:02 )
-------------------------------------------------------------------------------------------------------------
	 #1 (8.1169e-05, 4.5565e-06): lin 13 (2.2e-11)
	 #2 (1.8526e-07, 2.9557e-01): lin 12 (3.7e-11)
-------------------------------------------------------------------------------------------------------------
 T = 50, DT = 2, NI = 2, LI = 25, RES = 9.6e-14 (3.2e-08), CFL=0.007 (ELAPSED 00:00:02 )
-------------------------------------------------------------------------------------------------------------
	 #1 (7.9055e-05, 4.2703e-06): lin 13 (3.1e-11)
	 #2 (2.0854e-08, 1.8000e-02): lin 14 (2.9e-11)
-------------------------------------------------------------------------------------------------------------
 T = 52, DT = 2, NI = 2, LI = 27, RES = 1.0e-12 (6.0e-10), CFL=0.007 (ELAPSED 00:00:02 )
-------------------------------------------------------------------------------------------------------------
	 #1 (7.7091e-05, 4.0840e-06): lin 13 (3.6e-11)
	 #2 (1.0921e-08, 1.6282e-02): lin 13 (3.8e-11)
-------------------------------------------------------------------------------------------------------------
 T = 54, DT = 2, NI = 2, LI = 26, RES = 5.7e-16 (9.7e-09), CFL=0.007 (ELAPSED 00:00:02 )
-------------------------------------------------------------------------------------------------------------
	 #1 (7.5265e-05, 3.8933e-06): lin 13 (4.2e-11)
	 #2 (8.5690e-08, 1.4752e-02): lin 14 (5.9e-11)
-------------------------------------------------------------------------------------------------------------
 T = 56, DT = 2, NI = 2, LI = 27, RES = 6.9e-11 (1.3e-08), CFL=0.007 (ELAPSED 00:00:02 )
-------------------------------------------------------------------------------------------------------------
	 #1 (7.3561e-05, 3.7106e-06): lin 13 (2.8e-11)
	 #2 (1.4521e-08, 1.3381e-02): lin 13 (5.3e-11)
-------------------------------------------------------------------------------------------------------------
 T = 58, DT = 2, NI = 2, LI = 26, RES = 3.5e-16 (9.6e-09), CFL=0.007 (ELAPSED 00:00:02 )
-------------------------------------------------------------------------------------------------------------
	 #1 (7.1969e-05, 3.5370e-06): lin 13 (5.7e-11)
	 #2 (1.4773e-07, 1.2198e-02): lin 13 (6.2e-11)
-------------------------------------------------------------------------------------------------------------
 T = 60, DT = 2, NI = 2, LI = 26, RES = 3.8e-09 (4.6e-10), CFL=0.007 (ELAPSED 00:00:02 )
-------------------------------------------------------------------------------------------------------------
	 #1 (7.0477e-05, 3.3723e-06): lin 12 (9.0e-11)
	 #2 (9.3824e-08, 1.1188e-02): lin 12 (8.2e-11)
-------------------------------------------------------------------------------------------------------------
 T = 62, DT = 2, NI = 2, LI = 24, RES = 1.2e-10 (6.2e-09), CFL=0.007 (ELAPSED 00:00:02 )
-------------------------------------------------------------------------------------------------------------
	 #1 (6.9076e-05, 3.2279e-06): lin 11 (7.8e-11)
	 #2 (2.6997e-08, 1.0440e-02): lin 12 (7.3e-11)
-------------------------------------------------------------------------------------------------------------
 T = 64, DT = 2, NI = 2, LI = 23, RES = 3.7e-11 (6.1e-09), CFL=0.007 (ELAPSED 00:00:02 )
-------------------------------------------------------------------------------------------------------------
	 #1 (6.7758e-05, 3.0726e-06): lin 12 (1.4e-11)
	 #2 (1.0220e-07, 9.5234e-03): lin 12 (1.7e-11)
-------------------------------------------------------------------------------------------------------------
 T = 66, DT = 2, NI = 2, LI = 24, RES = 7.8e-14 (9.2e-09), CFL=0.007 (ELAPSED 00:00:02 )
-------------------------------------------------------------------------------------------------------------
	 #1 (6.6515e-05, 2.9481e-06): lin 12 (1.7e-11)
	 #2 (9.0324e-09, 8.6953e-03): lin 11 (7.3e-11)
-------------------------------------------------------------------------------------------------------------
 T = 68, DT = 2, NI = 2, LI = 23, RES = 1.7e-15 (6.4e-09), CFL=0.007 (ELAPSED 00:00:02 )
-------------------------------------------------------------------------------------------------------------
	 #1 (6.5343e-05, 2.8531e-06): lin 12 (2.2e-11)
	 #2 (1.7580e-08, 8.0572e-03): lin 12 (2.6e-11)
-------------------------------------------------------------------------------------------------------------
 T = 70, DT = 2, NI = 2, LI = 24, RES = 2.5e-15 (1.3e-08), CFL=0.007 (ELAPSED 00:00:02 )
-------------------------------------------------------------------------------------------------------------
	 #1 (6.4232e-05, 2.7142e-06): lin 12 (2.5e-11)
	 #2 (4.1659e-08, 7.5996e-03): lin 12 (3.7e-11)
-------------------------------------------------------------------------------------------------------------
 T = 72, DT = 2, NI = 2, LI = 24, RES = 3.1e-15 (1.2e-08), CFL=0.007 (ELAPSED 00:00:02 )
-------------------------------------------------------------------------------------------------------------
	 #1 (6.3179e-05, 2.6114e-06): lin 12 (5.0e-11)
	 #2 (7.0611e-09, 6.9468e-03): lin 12 (3.3e-11)
-------------------------------------------------------------------------------------------------------------
 T = 74, DT = 2, NI = 2, LI = 24, RES = 9.1e-16 (2.8e-10), CFL=0.007 (ELAPSED 00:00:02 )
-------------------------------------------------------------------------------------------------------------
	 #1 (6.2179e-05, 2.5411e-06): lin 12 (5.0e-11)
	 #2 (5.8556e-08, 6.4859e-03): lin 11 (3.4e-11)
-------------------------------------------------------------------------------------------------------------
 T = 76, DT = 2, NI = 2, LI = 23, RES = 1.2e-14 (1.3e-08), CFL=0.007 (ELAPSED 00:00:02 )
-------------------------------------------------------------------------------------------------------------
	 #1 (6.1227e-05, 2.4250e-06): lin 12 (4.4e-11)
	 #2 (4.6557e-08, 6.1216e-03): lin 12 (3.3e-11)
-------------------------------------------------------------------------------------------------------------
 T = 78, DT = 2, NI = 2, LI = 24, RES = 8.3e-15 (3.6e-09), CFL=0.007 (ELAPSED 00:00:02 )
-------------------------------------------------------------------------------------------------------------
	 #1 (6.0319e-05, 2.3674e-06): lin 12 (4.7e-11)
	 #2 (5.1992e-08, 5.6802e-03): lin 12 (3.1e-11)
-------------------------------------------------------------------------------------------------------------
 T = 80, DT = 2, NI = 2, LI = 24, RES = 1.1e-14 (4.2e-10), CFL=0.007 (ELAPSED 00:00:02 )
-------------------------------------------------------------------------------------------------------------
	 #1 (5.9452e-05, 2.2906e-06): lin 12 (5.3e-11)
	 #2 (1.1460e-08, 5.4654e-03): lin 12 (4.4e-11)
-------------------------------------------------------------------------------------------------------------
 T = 82, DT = 2, NI = 2, LI = 24, RES = 8.0e-16 (8.2e-09), CFL=0.007 (ELAPSED 00:00:02 )
-------------------------------------------------------------------------------------------------------------
	 #1 (5.8622e-05, 2.2159e-06): lin 12 (5.6e-11)
	 #2 (9.9112e-09, 5.0127e-03): lin 12 (4.3e-11)
-------------------------------------------------------------------------------------------------------------
 T = 84, DT = 2, NI = 2, LI = 24, RES = 5.4e-16 (2.7e-09), CFL=0.007 (ELAPSED 00:00:02 )
-------------------------------------------------------------------------------------------------------------
	 #1 (5.7827e-05, 2.1572e-06): lin 12 (6.3e-11)
	 #2 (8.0315e-09, 4.8924e-03): lin 12 (1.8e-11)
-------------------------------------------------------------------------------------------------------------
 T = 86, DT = 2, NI = 2, LI = 24, RES = 4.1e-16 (1.3e-08), CFL=0.007 (ELAPSED 00:00:02 )
-------------------------------------------------------------------------------------------------------------
	 #1 (5.7064e-05, 2.0565e-06): lin 12 (6.4e-11)
	 #2 (4.6104e-09, 4.4518e-03): lin 12 (6.8e-11)
-------------------------------------------------------------------------------------------------------------
 T = 88, DT = 2, NI = 2, LI = 24, RES = 3.4e-16 (1.0e-08), CFL=0.007 (ELAPSED 00:00:02 )
-------------------------------------------------------------------------------------------------------------
	 #1 (5.6332e-05, 2.0395e-06): lin 13 (1.7e-11)
	 #2 (6.2851e-08, 4.3867e-03): lin 12 (3.8e-11)
-------------------------------------------------------------------------------------------------------------
 T = 90, DT = 2, NI = 2, LI = 25, RES = 5.5e-15 (1.2e-09), CFL=0.007 (ELAPSED 00:00:02 )
-------------------------------------------------------------------------------------------------------------
	 #1 (5.5628e-05, 1.9494e-06): lin 13 (1.7e-11)
	 #2 (4.0645e-09, 3.9804e-03): lin 13 (3.6e-11)
-------------------------------------------------------------------------------------------------------------
 T = 92, DT = 2, NI = 2, LI = 26, RES = 2.1e-16 (1.1e-08), CFL=0.007 (ELAPSED 00:00:02 )
-------------------------------------------------------------------------------------------------------------
	 #1 (5.4951e-05, 1.9265e-06): lin 13 (1.8e-11)
	 #2 (7.5633e-09, 3.9372e-03): lin 13 (3.3e-11)
-------------------------------------------------------------------------------------------------------------
 T = 94, DT = 2, NI = 2, LI = 26, RES = 2.1e-16 (7.8e-09), CFL=0.007 (ELAPSED 00:00:02 )
-------------------------------------------------------------------------------------------------------------
	 #1 (5.4299e-05, 1.8349e-06): lin 13 (1.8e-11)
	 #2 (8.7729e-09, 3.5812e-03): lin 13 (2.5e-11)
-------------------------------------------------------------------------------------------------------------
 T = 96, DT = 2, NI = 2, LI = 26, RES = 1.9e-16 (1.3e-08), CFL=0.007 (ELAPSED 00:00:02 )
-------------------------------------------------------------------------------------------------------------
	 #1 (5.3670e-05, 1.7980e-06): lin 13 (1.8e-11)
	 #2 (9.7039e-09, 3.5252e-03): lin 13 (3.2e-11)
-------------------------------------------------------------------------------------------------------------
 T = 98, DT = 2, NI = 2, LI = 26, RES = 3.6e-16 (4.6e-09), CFL=0.007 (ELAPSED 00:00:02 )
-------------------------------------------------------------------------------------------------------------
	 #1 (5.3064e-05, 1.7573e-06): lin 13 (1.9e-11)
	 #2 (8.0014e-09, 3.2356e-03): lin 13 (2.9e-11)
-------------------------------------------------------------------------------------------------------------
 T = 100, DT = 2, NI = 2, LI = 26, RES = 1.9e-16 (1.3e-08), CFL=0.007 (ELAPSED 00:00:02 )
-------------------------------------------------------------------------------------------------------------
	 #1 (5.2479e-05, 1.7286e-06): lin 13 (1.9e-11)
	 #2 (6.4428e-09, 3.1434e-03): lin 13 (3.1e-11)
-------------------------------------------------------------------------------------------------------------
 T = 102, DT = 2, NI = 2, LI = 26, RES = 2.3e-16 (8.1e-09), CFL=0.007 (ELAPSED 00:00:02 )
-------------------------------------------------------------------------------------------------------------
	 #1 (5.1914e-05, 1.6642e-06): lin 13 (1.9e-11)
	 #2 (6.1982e-09, 2.9389e-03): lin 12 (8.9e-11)
-------------------------------------------------------------------------------------------------------------
 T = 104, DT = 2, NI = 2, LI = 25, RES = 2.1e-16 (1.2e-08), CFL=0.007 (ELAPSED 00:00:02 )
-------------------------------------------------------------------------------------------------------------
	 #1 (5.1369e-05, 1.6377e-06): lin 13 (2.0e-11)
	 #2 (7.2561e-09, 2.7706e-03): lin 11 (7.7e-11)
-------------------------------------------------------------------------------------------------------------
 T = 106, DT = 2, NI = 2, LI = 24, RES = 2.2e-16 (1.3e-08), CFL=0.007 (ELAPSED 00:00:02 )
-------------------------------------------------------------------------------------------------------------
	 #1 (5.0841e-05, 1.6154e-06): lin 13 (2.0e-11)
	 #2 (7.3998e-09, 2.2072e-03): lin 12 (8.1e-11)
-------------------------------------------------------------------------------------------------------------
 T = 108, DT = 2, NI = 2, LI = 25, RES = 2.4e-16 (2.6e-09), CFL=0.007 (ELAPSED 00:00:02 )
-------------------------------------------------------------------------------------------------------------
	 #1 (5.0330e-05, 1.5455e-06): lin 13 (2.0e-11)
	 #2 (3.8550e-09, 1.9950e-03): lin 13 (3.1e-11)
-------------------------------------------------------------------------------------------------------------
 T = 110, DT = 2, NI = 2, LI = 26, RES = 2.5e-16 (9.6e-09), CFL=0.007 (ELAPSED 00:00:02 )
-------------------------------------------------------------------------------------------------------------
	 #1 (4.9835e-05, 1.5130e-06): lin 13 (2.0e-11)
	 #2 (2.2561e-08, 5.2998e-02): lin 13 (3.1e-11)
-------------------------------------------------------------------------------------------------------------
 T = 112, DT = 2, NI = 2, LI = 26, RES = 1.3e-15 (3.1e-09), CFL=0.007 (ELAPSED 00:00:03 )
-------------------------------------------------------------------------------------------------------------
	 #1 (4.9353e-05, 1.4869e-06): lin 13 (2.0e-11)
	 #2 (9.3253e-09, 3.1888e-04): lin 13 (4.2e-11)
-------------------------------------------------------------------------------------------------------------
 T = 114, DT = 2, NI = 2, LI = 26, RES = 1.8e-16 (4.0e-09), CFL=0.007 (ELAPSED 00:00:03 )
-------------------------------------------------------------------------------------------------------------
	 #1 (4.8882e-05, 1.4464e-06): lin 13 (2.0e-11)
	 #2 (4.8898e-09, 2.5465e-04): lin 13 (4.5e-11)
-------------------------------------------------------------------------------------------------------------
 T = 116, DT = 2, NI = 2, LI = 26, RES = 1.7e-16 (4.6e-09), CFL=0.007 (ELAPSED 00:00:03 )
-------------------------------------------------------------------------------------------------------------
	 #1 (4.8424e-05, 1.4273e-06): lin 13 (2.0e-11)
	 #2 (5.6902e-09, 1.4558e-04): lin 13 (4.1e-11)
-------------------------------------------------------------------------------------------------------------
 T = 118, DT = 2, NI = 2, LI = 26, RES = 1.8e-16 (1.3e-09), CFL=0.007 (ELAPSED 00:00:03 )
-------------------------------------------------------------------------------------------------------------
	 #1 (4.7981e-05, 1.3745e-06): lin 13 (2.0e-11)
	 #2 (6.7952e-08, 1.0928e-01): lin 11 (5.1e-11)
-------------------------------------------------------------------------------------------------------------
 T = 120, DT = 2, NI = 2, LI = 24, RES = 1.2e-14 (4.2e-09), CFL=0.007 (ELAPSED 00:00:03 )
-------------------------------------------------------------------------------------------------------------
	 #1 (4.7544e-05, 1.3421e-06): lin 13 (2.0e-11)
	 #2 (6.0298e-09, 2.0515e-03): lin 13 (3.2e-11)
-------------------------------------------------------------------------------------------------------------
 T = 122, DT = 2, NI = 2, LI = 26, RES = 2.1e-16 (7.7e-09), CFL=0.007 (ELAPSED 00:00:03 )
-------------------------------------------------------------------------------------------------------------
	 #1 (4.7121e-05, 1.3149e-06): lin 13 (2.0e-11)
	 #2 (4.8084e-09, 2.0508e-03): lin 13 (3.7e-11)
-------------------------------------------------------------------------------------------------------------
 T = 124, DT = 2, NI = 2, LI = 26, RES = 1.9e-16 (1.2e-08), CFL=0.007 (ELAPSED 00:00:03 )
-------------------------------------------------------------------------------------------------------------
	 #1 (4.6710e-05, 1.2883e-06): lin 13 (2.1e-11)
	 #2 (4.4396e-09, 1.8871e-03): lin 13 (4.9e-11)
-------------------------------------------------------------------------------------------------------------
 T = 126, DT = 2, NI = 2, LI = 26, RES = 1.7e-16 (4.9e-09), CFL=0.007 (ELAPSED 00:00:03 )
-------------------------------------------------------------------------------------------------------------
	 #1 (4.6311e-05, 1.2601e-06): lin 13 (2.1e-11)
	 #2 (4.0190e-09, 1.8128e-03): lin 13 (4.5e-11)
-------------------------------------------------------------------------------------------------------------
 T = 128, DT = 2, NI = 2, LI = 26, RES = 1.8e-16 (1.2e-08), CFL=0.007 (ELAPSED 00:00:03 )
-------------------------------------------------------------------------------------------------------------
	 #1 (4.5924e-05, 1.2514e-06): lin 13 (2.1e-11)
	 #2 (5.2255e-09, 1.8176e-03): lin 12 (9.7e-11)
-------------------------------------------------------------------------------------------------------------
 T = 130, DT = 2, NI = 2, LI = 25, RES = 1.9e-16 (3.7e-09), CFL=0.007 (ELAPSED 00:00:03 )
-------------------------------------------------------------------------------------------------------------
	 #1 (4.5548e-05, 1.2029e-06): lin 13 (2.1e-11)
	 #2 (5.0902e-09, 1.6773e-03): lin 13 (3.7e-11)
-------------------------------------------------------------------------------------------------------------
 T = 132, DT = 2, NI = 2, LI = 26, RES = 1.8e-16 (3.9e-09), CFL=0.007 (ELAPSED 00:00:03 )
-------------------------------------------------------------------------------------------------------------
	 #1 (4.5183e-05, 1.1746e-06): lin 13 (2.1e-11)
	 #2 (4.4325e-09, 1.6156e-03): lin 13 (5.1e-11)
-------------------------------------------------------------------------------------------------------------
 T = 134, DT = 2, NI = 2, LI = 26, RES = 1.9e-16 (8.1e-10), CFL=0.007 (ELAPSED 00:00:03 )
-------------------------------------------------------------------------------------------------------------
	 #1 (4.4829e-05, 1.1637e-06): lin 13 (2.1e-11)
	 #2 (2.3675e-08, 1.6017e-03): lin 12 (6.5e-11)
-------------------------------------------------------------------------------------------------------------
 T = 136, DT = 2, NI = 2, LI = 25, RES = 1.7e-15 (4.7e-09), CFL=0.007 (ELAPSED 00:00:03 )
-------------------------------------------------------------------------------------------------------------
	 #1 (4.4484e-05, 1.1306e-06): lin 13 (2.1e-11)
	 #2 (4.9091e-09, 1.5016e-03): lin 13 (3.6e-11)
-------------------------------------------------------------------------------------------------------------
 T = 138, DT = 2, NI = 2, LI = 26, RES = 1.8e-16 (3.5e-09), CFL=0.007 (ELAPSED 00:00:03 )
-------------------------------------------------------------------------------------------------------------
	 #1 (4.4148e-05, 1.1056e-06): lin 13 (2.1e-11)
	 #2 (5.5393e-09, 1.4497e-03): lin 13 (5.1e-11)
-------------------------------------------------------------------------------------------------------------
 T = 140, DT = 2, NI = 2, LI = 26, RES = 1.8e-16 (1.3e-08), CFL=0.007 (ELAPSED 00:00:03 )
-------------------------------------------------------------------------------------------------------------
	 #1 (4.3823e-05, 1.1096e-06): lin 13 (2.1e-11)
	 #2 (5.8503e-09, 1.3969e-03): lin 13 (4.2e-11)
-------------------------------------------------------------------------------------------------------------
 T = 142, DT = 2, NI = 2, LI = 26, RES = 1.8e-16 (1.3e-08), CFL=0.007 (ELAPSED 00:00:03 )
-------------------------------------------------------------------------------------------------------------
	 #1 (4.3506e-05, 1.0701e-06): lin 13 (2.1e-11)
	 #2 (4.9319e-09, 1.3536e-03): lin 13 (3.2e-11)
-------------------------------------------------------------------------------------------------------------
 T = 144, DT = 2, NI = 2, LI = 26, RES = 1.8e-16 (3.1e-09), CFL=0.007 (ELAPSED 00:00:04 )
-------------------------------------------------------------------------------------------------------------
	 #1 (4.3197e-05, 1.0493e-06): lin 13 (2.1e-11)
	 #2 (4.3790e-09, 1.3094e-03): lin 13 (3.6e-11)
-------------------------------------------------------------------------------------------------------------
 T = 146, DT = 2, NI = 2, LI = 26, RES = 1.8e-16 (6.2e-09), CFL=0.007 (ELAPSED 00:00:04 )
-------------------------------------------------------------------------------------------------------------
	 #1 (4.2897e-05, 1.0293e-06): lin 13 (2.1e-11)
	 #2 (5.0266e-09, 1.2676e-03): lin 13 (4.5e-11)
-------------------------------------------------------------------------------------------------------------
 T = 148, DT = 2, NI = 2, LI = 26, RES = 1.8e-16 (3.2e-09), CFL=0.007 (ELAPSED 00:00:04 )
-------------------------------------------------------------------------------------------------------------
	 #1 (4.2605e-05, 1.0283e-06): lin 13 (2.1e-11)
	 #2 (5.1819e-09, 1.2574e-03): lin 13 (3.3e-11)
-------------------------------------------------------------------------------------------------------------
 T = 150, DT = 2, NI = 2, LI = 26, RES = 1.8e-16 (2.8e-09), CFL=0.007 (ELAPSED 00:00:04 )
-------------------------------------------------------------------------------------------------------------
	 #1 (4.2321e-05, 1.0014e-06): lin 13 (2.2e-11)
	 #2 (6.5518e-09, 1.1891e-03): lin 13 (2.7e-11)
-------------------------------------------------------------------------------------------------------------
 T = 152, DT = 2, NI = 2, LI = 26, RES = 4.2e-16 (3.9e-09), CFL=0.007 (ELAPSED 00:00:04 )
-------------------------------------------------------------------------------------------------------------
	 #1 (4.2044e-05, 9.7537e-07): lin 13 (2.2e-11)
	 #2 (2.4101e-09, 1.1546e-03): lin 13 (4.6e-11)
-------------------------------------------------------------------------------------------------------------
 T = 154, DT = 2, NI = 2, LI = 26, RES = 1.7e-16 (3.9e-09), CFL=0.007 (ELAPSED 00:00:04 )
-------------------------------------------------------------------------------------------------------------
	 #1 (4.1774e-05, 9.6698e-07): lin 13 (2.1e-11)
	 #2 (3.8080e-09, 1.1188e-03): lin 13 (3.4e-11)
-------------------------------------------------------------------------------------------------------------
 T = 156, DT = 2, NI = 2, LI = 26, RES = 1.7e-16 (5.5e-10), CFL=0.007 (ELAPSED 00:00:04 )
-------------------------------------------------------------------------------------------------------------
	 #1 (4.1512e-05, 9.6187e-07): lin 13 (2.2e-11)
	 #2 (6.0377e-09, 1.1264e-03): lin 13 (4.9e-11)
-------------------------------------------------------------------------------------------------------------
 T = 158, DT = 2, NI = 2, LI = 26, RES = 1.8e-16 (7.2e-10), CFL=0.007 (ELAPSED 00:00:04 )
-------------------------------------------------------------------------------------------------------------
	 #1 (4.1256e-05, 9.3994e-07): lin 13 (2.2e-11)
	 #2 (3.5711e-09, 1.0526e-03): lin 12 (8.1e-11)
-------------------------------------------------------------------------------------------------------------
 T = 160, DT = 2, NI = 2, LI = 25, RES = 1.8e-16 (1.6e-09), CFL=0.007 (ELAPSED 00:00:04 )
-------------------------------------------------------------------------------------------------------------
	 #1 (4.1007e-05, 9.1819e-07): lin 13 (2.2e-11)
	 #2 (3.5877e-09, 1.0225e-03): lin 13 (3.4e-11)
-------------------------------------------------------------------------------------------------------------
 T = 162, DT = 2, NI = 2, LI = 26, RES = 1.8e-16 (2.4e-09), CFL=0.007 (ELAPSED 00:00:04 )
-------------------------------------------------------------------------------------------------------------
	 #1 (4.0764e-05, 9.1406e-07): lin 13 (2.2e-11)
	 #2 (2.5967e-09, 9.9384e-04): lin 13 (4.8e-11)
-------------------------------------------------------------------------------------------------------------
 T = 164, DT = 2, NI = 2, LI = 26, RES = 1.9e-16 (4.9e-09), CFL=0.007 (ELAPSED 00:00:04 )
-------------------------------------------------------------------------------------------------------------
	 #1 (4.0527e-05, 8.9895e-07): lin 13 (2.2e-11)
	 #2 (3.3376e-09, 9.9448e-04): lin 13 (3.4e-11)
-------------------------------------------------------------------------------------------------------------
 T = 166, DT = 2, NI = 2, LI = 26, RES = 1.9e-16 (9.2e-09), CFL=0.007 (ELAPSED 00:00:04 )
-------------------------------------------------------------------------------------------------------------
	 #1 (4.0296e-05, 8.7769e-07): lin 13 (2.2e-11)
	 #2 (1.2728e-08, 9.3997e-04): lin 13 (3.9e-11)
-------------------------------------------------------------------------------------------------------------
 T = 168, DT = 2, NI = 2, LI = 26, RES = 1.0e-15 (1.2e-08), CFL=0.007 (ELAPSED 00:00:04 )
-------------------------------------------------------------------------------------------------------------
	 #1 (4.0072e-05, 8.7728e-07): lin 13 (2.1e-11)
	 #2 (2.4193e-09, 9.1431e-04): lin 13 (4.0e-11)
-------------------------------------------------------------------------------------------------------------
 T = 170, DT = 2, NI = 2, LI = 26, RES = 1.6e-16 (1.0e-08), CFL=0.007 (ELAPSED 00:00:04 )
-------------------------------------------------------------------------------------------------------------
	 #1 (3.9853e-05, 8.4815e-07): lin 13 (2.1e-11)
	 #2 (3.5992e-09, 8.8979e-04): lin 13 (5.7e-11)
-------------------------------------------------------------------------------------------------------------
 T = 172, DT = 2, NI = 2, LI = 26, RES = 1.8e-16 (5.2e-09), CFL=0.007 (ELAPSED 00:00:04 )
-------------------------------------------------------------------------------------------------------------
	 #1 (3.9640e-05, 8.5639e-07): lin 13 (2.1e-11)
	 #2 (2.2155e-08, 8.6551e-04): lin 12 (2.8e-11)
-------------------------------------------------------------------------------------------------------------
 T = 174, DT = 2, NI = 2, LI = 25, RES = 9.0e-16 (1.3e-08), CFL=0.007 (ELAPSED 00:00:04 )
-------------------------------------------------------------------------------------------------------------
	 #1 (3.9432e-05, 8.3031e-07): lin 13 (2.1e-11)
	 #2 (8.3113e-09, 8.4366e-04): lin 13 (2.4e-11)
-------------------------------------------------------------------------------------------------------------
 T = 176, DT = 2, NI = 2, LI = 26, RES = 2.9e-16 (5.6e-09), CFL=0.007 (ELAPSED 00:00:04 )
-------------------------------------------------------------------------------------------------------------
	 #1 (3.9229e-05, 8.0999e-07): lin 13 (2.2e-11)
	 #2 (1.2010e-08, 8.2215e-04): lin 10 (7.8e-11)
-------------------------------------------------------------------------------------------------------------
 T = 178, DT = 2, NI = 2, LI = 23, RES = 6.4e-16 (1.8e-09), CFL=0.007 (ELAPSED 00:00:04 )
-------------------------------------------------------------------------------------------------------------
	 #1 (3.9031e-05, 8.0750e-07): lin 13 (2.2e-11)
	 #2 (1.6372e-08, 8.0149e-04): lin 12 (5.5e-11)
-------------------------------------------------------------------------------------------------------------
 T = 180, DT = 2, NI = 2, LI = 25, RES = 1.1e-15 (2.4e-09), CFL=0.007 (ELAPSED 00:00:04 )
-------------------------------------------------------------------------------------------------------------
	 #1 (3.8838e-05, 8.0551e-07): lin 13 (2.2e-11)
	 #2 (3.2215e-09, 7.8161e-04): lin 13 (3.3e-11)
-------------------------------------------------------------------------------------------------------------
 T = 182, DT = 2, NI = 2, LI = 26, RES = 1.8e-16 (7.5e-10), CFL=0.007 (ELAPSED 00:00:04 )
-------------------------------------------------------------------------------------------------------------
	 #1 (3.8650e-05, 7.9783e-07): lin 13 (2.2e-11)
	 #2 (3.3477e-09, 7.8969e-04): lin 13 (3.6e-11)
-------------------------------------------------------------------------------------------------------------
 T = 184, DT = 2, NI = 2, LI = 26, RES = 1.8e-16 (2.7e-09), CFL=0.007 (ELAPSED 00:00:04 )
-------------------------------------------------------------------------------------------------------------
	 #1 (3.8467e-05, 7.8566e-07): lin 13 (2.2e-11)
	 #2 (3.5355e-09, 7.4402e-04): lin 13 (4.3e-11)
-------------------------------------------------------------------------------------------------------------
 T = 186, DT = 2, NI = 2, LI = 26, RES = 1.7e-16 (9.0e-10), CFL=0.007 (ELAPSED 00:00:04 )
-------------------------------------------------------------------------------------------------------------
	 #1 (3.8288e-05, 7.6387e-07): lin 13 (2.2e-11)
	 #2 (3.5121e-09, 7.2631e-04): lin 13 (3.4e-11)
-------------------------------------------------------------------------------------------------------------
 T = 188, DT = 2, NI = 2, LI = 26, RES = 1.7e-16 (8.4e-09), CFL=0.007 (ELAPSED 00:00:04 )
-------------------------------------------------------------------------------------------------------------
	 #1 (3.8113e-05, 7.6770e-07): lin 13 (2.2e-11)
	 #2 (2.2587e-09, 7.0940e-04): lin 13 (5.6e-11)
-------------------------------------------------------------------------------------------------------------
 T = 190, DT = 2, NI = 2, LI = 26, RES = 1.7e-16 (1.2e-08), CFL=0.007 (ELAPSED 00:00:04 )
-------------------------------------------------------------------------------------------------------------
	 #1 (3.7943e-05, 7.4176e-07): lin 13 (2.2e-11)
	 #2 (2.9415e-09, 6.9274e-04): lin 13 (3.6e-11)
-------------------------------------------------------------------------------------------------------------
 T = 192, DT = 2, NI = 2, LI = 26, RES = 1.8e-16 (7.2e-09), CFL=0.007 (ELAPSED 00:00:04 )
-------------------------------------------------------------------------------------------------------------
	 #1 (3.7776e-05, 7.4159e-07): lin 13 (2.2e-11)
	 #2 (3.9514e-09, 7.1179e-04): lin 13 (4.5e-11)
-------------------------------------------------------------------------------------------------------------
 T = 194, DT = 2, NI = 2, LI = 26, RES = 1.9e-16 (3.6e-09), CFL=0.007 (ELAPSED 00:00:04 )
-------------------------------------------------------------------------------------------------------------
	 #1 (3.7614e-05, 7.3032e-07): lin 13 (2.2e-11)
	 #2 (2.6524e-09, 6.6150e-04): lin 13 (3.7e-11)
-------------------------------------------------------------------------------------------------------------
 T = 196, DT = 2, NI = 2, LI = 26, RES = 1.8e-16 (1.2e-08), CFL=0.007 (ELAPSED 00:00:04 )
-------------------------------------------------------------------------------------------------------------
	 #1 (3.7456e-05, 7.0720e-07): lin 13 (2.2e-11)
	 #2 (3.0863e-09, 6.4751e-04): lin 13 (4.8e-11)
-------------------------------------------------------------------------------------------------------------
 T = 198, DT = 2, NI = 2, LI = 26, RES = 1.7e-16 (4.5e-09), CFL=0.007 (ELAPSED 00:00:04 )
-------------------------------------------------------------------------------------------------------------
	 #1 (3.7301e-05, 7.1949e-07): lin 13 (2.2e-11)
	 #2 (2.6630e-09, 6.3247e-04): lin 13 (3.6e-11)
-------------------------------------------------------------------------------------------------------------
 T = 200, DT = 2, NI = 2, LI = 26, RES = 1.7e-16 (1.2e-08), CFL=0.007 (ELAPSED 00:00:04 )
-------------------------------------------------------------------------------------------------------------
	 #1 (3.7150e-05, 7.2287e-07): lin 13 (2.3e-11)
	 #2 (2.6637e-09, 6.1868e-04): lin 13 (4.4e-11)
-------------------------------------------------------------------------------------------------------------
 T = 202, DT = 2, NI = 2, LI = 26, RES = 1.8e-16 (2.7e-09), CFL=0.007 (ELAPSED 00:00:04 )
-------------------------------------------------------------------------------------------------------------
	 #1 (3.7003e-05, 7.0363e-07): lin 13 (2.3e-11)
	 #2 (6.2826e-09, 6.2418e-04): lin 14 (5.4e-11)
-------------------------------------------------------------------------------------------------------------
 T = 204, DT = 2, NI = 2, LI = 27, RES = 6.3e-16 (1.6e-09), CFL=0.007 (ELAPSED 00:00:04 )
-------------------------------------------------------------------------------------------------------------
	 #1 (3.6859e-05, 6.9779e-07): lin 13 (2.0e-11)
	 #2 (2.7032e-09, 5.9234e-04): lin 13 (2.1e-11)
-------------------------------------------------------------------------------------------------------------
 T = 206, DT = 2, NI = 2, LI = 26, RES = 1.8e-16 (1.3e-08), CFL=0.007 (ELAPSED 00:00:04 )
-------------------------------------------------------------------------------------------------------------
	 #1 (3.6718e-05, 6.9456e-07): lin 13 (1.9e-11)
	 #2 (4.8039e-09, 5.7982e-04): lin 13 (2.2e-11)
-------------------------------------------------------------------------------------------------------------
 T = 208, DT = 2, NI = 2, LI = 26, RES = 1.8e-16 (4.5e-09), CFL=0.007 (ELAPSED 00:00:04 )
-------------------------------------------------------------------------------------------------------------
	 #1 (3.6581e-05, 6.7934e-07): lin 13 (2.0e-11)
	 #2 (5.1142e-09, 5.6806e-04): lin 12 (3.2e-11)
-------------------------------------------------------------------------------------------------------------
 T = 210, DT = 2, NI = 2, LI = 25, RES = 1.7e-16 (3.9e-09), CFL=0.007 (ELAPSED 00:00:04 )
-------------------------------------------------------------------------------------------------------------
	 #1 (3.6448e-05, 6.7479e-07): lin 13 (1.9e-11)
	 #2 (2.4241e-09, 5.5653e-04): lin 13 (3.2e-11)
-------------------------------------------------------------------------------------------------------------
 T = 212, DT = 2, NI = 2, LI = 26, RES = 1.8e-16 (1.3e-08), CFL=0.007 (ELAPSED 00:00:04 )
-------------------------------------------------------------------------------------------------------------
	 #1 (3.6317e-05, 6.5401e-07): lin 13 (2.0e-11)
	 #2 (3.0432e-09, 5.4538e-04): lin 13 (2.7e-11)
-------------------------------------------------------------------------------------------------------------
 T = 214, DT = 2, NI = 2, LI = 26, RES = 1.7e-16 (5.8e-10), CFL=0.007 (ELAPSED 00:00:05 )
-------------------------------------------------------------------------------------------------------------
	 #1 (3.6189e-05, 6.6262e-07): lin 13 (2.0e-11)
	 #2 (1.5484e-08, 5.9295e-04): lin 14 (3.5e-11)
-------------------------------------------------------------------------------------------------------------
 T = 216, DT = 2, NI = 2, LI = 27, RES = 5.1e-16 (1.2e-08), CFL=0.007 (ELAPSED 00:00:05 )
-------------------------------------------------------------------------------------------------------------
	 #1 (3.6065e-05, 6.3671e-07): lin 13 (2.1e-11)
	 #2 (2.1790e-09, 5.2572e-04): lin 13 (2.9e-11)
-------------------------------------------------------------------------------------------------------------
 T = 218, DT = 2, NI = 2, LI = 26, RES = 1.8e-16 (1.3e-08), CFL=0.007 (ELAPSED 00:00:05 )
-------------------------------------------------------------------------------------------------------------
	 #1 (3.5943e-05, 6.3105e-07): lin 13 (2.0e-11)
	 #2 (5.4451e-09, 5.1598e-04): lin 13 (3.6e-11)
-------------------------------------------------------------------------------------------------------------
 T = 220, DT = 2, NI = 2, LI = 26, RES = 2.2e-16 (2.8e-09), CFL=0.007 (ELAPSED 00:00:05 )
-------------------------------------------------------------------------------------------------------------
	 #1 (3.5824e-05, 6.4068e-07): lin 13 (2.0e-11)
	 #2 (3.5431e-09, 5.0690e-04): lin 12 (9.9e-11)
-------------------------------------------------------------------------------------------------------------
 T = 222, DT = 2, NI = 2, LI = 25, RES = 1.7e-16 (2.2e-10), CFL=0.007 (ELAPSED 00:00:05 )
-------------------------------------------------------------------------------------------------------------
	 #1 (3.5709e-05, 6.3385e-07): lin 13 (2.0e-11)
	 #2 (5.2456e-09, 4.9779e-04): lin 14 (3.1e-11)
-------------------------------------------------------------------------------------------------------------
 T = 224, DT = 2, NI = 2, LI = 27, RES = 2.1e-16 (8.4e-09), CFL=0.007 (ELAPSED 00:00:05 )
-------------------------------------------------------------------------------------------------------------
	 #1 (3.5595e-05, 6.2249e-07): lin 13 (2.0e-11)
	 #2 (3.9675e-09, 4.8824e-04): lin 12 (8.2e-11)
-------------------------------------------------------------------------------------------------------------
 T = 226, DT = 2, NI = 2, LI = 25, RES = 1.7e-16 (7.1e-09), CFL=0.007 (ELAPSED 00:00:05 )
-------------------------------------------------------------------------------------------------------------
	 #1 (3.5485e-05, 6.3562e-07): lin 13 (2.0e-11)
	 #2 (7.7924e-09, 4.8005e-04): lin 14 (4.6e-11)
-------------------------------------------------------------------------------------------------------------
 T = 228, DT = 2, NI = 2, LI = 27, RES = 3.4e-16 (5.5e-09), CFL=0.007 (ELAPSED 00:00:05 )
-------------------------------------------------------------------------------------------------------------
	 #1 (3.5377e-05, 6.2173e-07): lin 13 (1.7e-11)
	 #2 (1.6184e-08, 4.7153e-04): lin 12 (9.6e-11)
-------------------------------------------------------------------------------------------------------------
 T = 230, DT = 2, NI = 2, LI = 25, RES = 5.3e-16 (7.3e-09), CFL=0.007 (ELAPSED 00:00:05 )
-------------------------------------------------------------------------------------------------------------
	 #1 (3.5271e-05, 6.1834e-07): lin 13 (1.8e-11)
	 #2 (5.5540e-09, 4.6351e-04): lin 13 (5.4e-11)
-------------------------------------------------------------------------------------------------------------
 T = 232, DT = 2, NI = 2, LI = 26, RES = 1.9e-16 (7.7e-09), CFL=0.007 (ELAPSED 00:00:05 )
-------------------------------------------------------------------------------------------------------------
	 #1 (3.5168e-05, 6.0201e-07): lin 12 (9.8e-11)
	 #2 (3.1738e-09, 4.5607e-04): lin 13 (9.7e-11)
-------------------------------------------------------------------------------------------------------------
 T = 234, DT = 2, NI = 2, LI = 25, RES = 1.8e-16 (5.3e-09), CFL=0.007 (ELAPSED 00:00:05 )
-------------------------------------------------------------------------------------------------------------
	 #1 (3.5068e-05, 6.0314e-07): lin 12 (9.0e-11)
	 #2 (2.2362e-09, 4.4852e-04): lin 13 (6.0e-11)
-------------------------------------------------------------------------------------------------------------
 T = 236, DT = 2, NI = 2, LI = 25, RES = 1.8e-16 (5.3e-09), CFL=0.007 (ELAPSED 00:00:05 )
-------------------------------------------------------------------------------------------------------------
	 #1 (3.4970e-05, 6.0195e-07): lin 12 (8.1e-11)
	 #2 (9.5847e-09, 4.4109e-04): lin 13 (9.8e-11)
-------------------------------------------------------------------------------------------------------------
 T = 238, DT = 2, NI = 2, LI = 25, RES = 4.0e-16 (3.8e-09), CFL=0.007 (ELAPSED 00:00:05 )
-------------------------------------------------------------------------------------------------------------
	 #1 (3.4874e-05, 6.0208e-07): lin 12 (4.9e-11)
	 #2 (2.2746e-08, 4.9863e-04): lin 13 (4.4e-11)
-------------------------------------------------------------------------------------------------------------
 T = 240, DT = 2, NI = 2, LI = 25, RES = 1.8e-15 (5.7e-09), CFL=0.007 (ELAPSED 00:00:05 )
-------------------------------------------------------------------------------------------------------------
	 #1 (3.4780e-05, 5.9567e-07): lin 12 (4.5e-11)
	 #2 (6.1764e-09, 4.2673e-04): lin 13 (7.6e-11)
-------------------------------------------------------------------------------------------------------------
 T = 242, DT = 2, NI = 2, LI = 25, RES = 2.4e-16 (1.1e-08), CFL=0.007 (ELAPSED 00:00:05 )
-------------------------------------------------------------------------------------------------------------
	 #1 (3.4689e-05, 5.7710e-07): lin 12 (3.4e-11)
	 #2 (7.6367e-09, 4.1979e-04): lin 12 (4.7e-11)
-------------------------------------------------------------------------------------------------------------
 T = 244, DT = 2, NI = 2, LI = 24, RES = 1.9e-16 (4.3e-09), CFL=0.007 (ELAPSED 00:00:05 )
-------------------------------------------------------------------------------------------------------------
	 #1 (3.4600e-05, 5.9123e-07): lin 12 (3.4e-11)
	 #2 (1.6978e-08, 4.1336e-04): lin 11 (4.6e-11)
-------------------------------------------------------------------------------------------------------------
 T = 246, DT = 2, NI = 2, LI = 23, RES = 1.1e-15 (4.4e-10), CFL=0.007 (ELAPSED 00:00:05 )
-------------------------------------------------------------------------------------------------------------
	 #1 (3.4513e-05, 5.8701e-07): lin 12 (3.4e-11)
	 #2 (3.4548e-09, 4.0658e-04): lin 12 (2.4e-11)
-------------------------------------------------------------------------------------------------------------
 T = 248, DT = 2, NI = 2, LI = 24, RES = 1.8e-16 (8.1e-09), CFL=0.007 (ELAPSED 00:00:05 )
-------------------------------------------------------------------------------------------------------------
	 #1 (3.4427e-05, 5.7761e-07): lin 12 (3.4e-11)
	 #2 (1.0638e-08, 4.0025e-04): lin 12 (4.0e-11)
-------------------------------------------------------------------------------------------------------------
 T = 250, DT = 2, NI = 2, LI = 24, RES = 4.4e-16 (4.8e-10), CFL=0.007 (ELAPSED 00:00:05 )
-------------------------------------------------------------------------------------------------------------
	 #1 (3.4344e-05, 5.8382e-07): lin 12 (3.4e-11)
	 #2 (1.9166e-09, 4.2899e-04): lin 12 (3.6e-11)
-------------------------------------------------------------------------------------------------------------
 T = 252, DT = 2, NI = 2, LI = 24, RES = 1.7e-16 (4.7e-10), CFL=0.007 (ELAPSED 00:00:05 )
-------------------------------------------------------------------------------------------------------------
	 #1 (3.4263e-05, 5.7551e-07): lin 12 (3.4e-11)
	 #2 (2.5077e-09, 3.8764e-04): lin 12 (4.1e-11)
-------------------------------------------------------------------------------------------------------------
 T = 254, DT = 2, NI = 2, LI = 24, RES = 1.6e-16 (9.6e-09), CFL=0.007 (ELAPSED 00:00:05 )
-------------------------------------------------------------------------------------------------------------
	 #1 (3.4184e-05, 5.5820e-07): lin 12 (3.3e-11)
	 #2 (2.8678e-09, 3.8228e-04): lin 12 (2.6e-11)
-------------------------------------------------------------------------------------------------------------
 T = 256, DT = 2, NI = 2, LI = 24, RES = 1.8e-16 (7.1e-09), CFL=0.007 (ELAPSED 00:00:05 )
-------------------------------------------------------------------------------------------------------------
	 #1 (3.4106e-05, 5.5950e-07): lin 12 (3.3e-11)
	 #2 (2.5087e-09, 3.7563e-04): lin 12 (2.9e-11)
-------------------------------------------------------------------------------------------------------------
 T = 258, DT = 2, NI = 2, LI = 24, RES = 1.7e-16 (4.6e-09), CFL=0.007 (ELAPSED 00:00:05 )
-------------------------------------------------------------------------------------------------------------
	 #1 (3.4031e-05, 5.6068e-07): lin 12 (3.4e-11)
	 #2 (3.4078e-09, 3.6982e-04): lin 12 (6.0e-11)
-------------------------------------------------------------------------------------------------------------
 T = 260, DT = 2, NI = 2, LI = 24, RES = 1.8e-16 (4.3e-09), CFL=0.007 (ELAPSED 00:00:05 )
-------------------------------------------------------------------------------------------------------------
	 #1 (3.3957e-05, 5.6824e-07): lin 12 (3.3e-11)
	 #2 (2.1151e-09, 3.6416e-04): lin 12 (3.2e-11)
-------------------------------------------------------------------------------------------------------------
 T = 262, DT = 2, NI = 2, LI = 24, RES = 1.7e-16 (5.3e-09), CFL=0.007 (ELAPSED 00:00:05 )
-------------------------------------------------------------------------------------------------------------
	 #1 (3.3884e-05, 5.5766e-07): lin 12 (3.3e-11)
	 #2 (2.2186e-09, 3.5862e-04): lin 12 (3.0e-11)
-------------------------------------------------------------------------------------------------------------
 T = 264, DT = 2, NI = 2, LI = 24, RES = 1.7e-16 (7.1e-09), CFL=0.007 (ELAPSED 00:00:05 )
-------------------------------------------------------------------------------------------------------------
	 #1 (3.3814e-05, 5.5467e-07): lin 12 (3.3e-11)
	 #2 (4.1412e-09, 4.0565e-04): lin 12 (6.7e-11)
-------------------------------------------------------------------------------------------------------------
 T = 266, DT = 2, NI = 2, LI = 24, RES = 1.8e-16 (8.2e-09), CFL=0.007 (ELAPSED 00:00:05 )
-------------------------------------------------------------------------------------------------------------
	 #1 (3.3745e-05, 5.5708e-07): lin 12 (3.3e-11)
	 #2 (2.8527e-09, 3.4787e-04): lin 12 (2.4e-11)
-------------------------------------------------------------------------------------------------------------
 T = 268, DT = 2, NI = 2, LI = 24, RES = 1.8e-16 (7.6e-09), CFL=0.007 (ELAPSED 00:00:05 )
-------------------------------------------------------------------------------------------------------------
	 #1 (3.3677e-05, 5.5312e-07): lin 12 (3.3e-11)
	 #2 (1.5648e-09, 3.4274e-04): lin 12 (1.7e-11)
-------------------------------------------------------------------------------------------------------------
 T = 270, DT = 2, NI = 2, LI = 24, RES = 1.8e-16 (4.9e-09), CFL=0.007 (ELAPSED 00:00:05 )
-------------------------------------------------------------------------------------------------------------
	 #1 (3.3611e-05, 5.4937e-07): lin 12 (3.3e-11)
	 #2 (2.5331e-09, 3.3771e-04): lin 12 (2.6e-11)
-------------------------------------------------------------------------------------------------------------
 T = 272, DT = 2, NI = 2, LI = 24, RES = 1.9e-16 (6.1e-09), CFL=0.007 (ELAPSED 00:00:05 )
-------------------------------------------------------------------------------------------------------------
	 #1 (3.3547e-05, 5.3752e-07): lin 12 (3.3e-11)
	 #2 (5.7121e-09, 3.3278e-04): lin 12 (2.9e-11)
-------------------------------------------------------------------------------------------------------------
 T = 274, DT = 2, NI = 2, LI = 24, RES = 2.1e-16 (5.4e-09), CFL=0.007 (ELAPSED 00:00:05 )
-------------------------------------------------------------------------------------------------------------
	 #1 (3.3484e-05, 5.3707e-07): lin 12 (3.3e-11)
	 #2 (3.3159e-09, 3.2816e-04): lin 12 (3.4e-11)
-------------------------------------------------------------------------------------------------------------
 T = 276, DT = 2, NI = 2, LI = 24, RES = 1.7e-16 (1.6e-09), CFL=0.007 (ELAPSED 00:00:05 )
-------------------------------------------------------------------------------------------------------------
	 #1 (3.3422e-05, 5.3966e-07): lin 12 (3.2e-11)
	 #2 (2.5998e-09, 3.2351e-04): lin 12 (2.4e-11)
-------------------------------------------------------------------------------------------------------------
 T = 278, DT = 2, NI = 2, LI = 24, RES = 1.7e-16 (4.0e-09), CFL=0.007 (ELAPSED 00:00:05 )
-------------------------------------------------------------------------------------------------------------
	 #1 (3.3362e-05, 5.4396e-07): lin 12 (3.2e-11)
	 #2 (2.2504e-09, 3.6461e-04): lin 12 (2.7e-11)
-------------------------------------------------------------------------------------------------------------
 T = 280, DT = 2, NI = 2, LI = 24, RES = 1.9e-16 (8.7e-09), CFL=0.007 (ELAPSED 00:00:05 )
-------------------------------------------------------------------------------------------------------------
	 #1 (3.3304e-05, 5.2082e-07): lin 12 (3.2e-11)
	 #2 (2.0630e-09, 3.1447e-04): lin 13 (4.0e-11)
-------------------------------------------------------------------------------------------------------------
 T = 282, DT = 2, NI = 2, LI = 25, RES = 1.9e-16 (4.0e-09), CFL=0.007 (ELAPSED 00:00:05 )
-------------------------------------------------------------------------------------------------------------
	 #1 (3.3246e-05, 5.2882e-07): lin 14 (3.0e-11)
	 #2 (3.0047e-09, 3.1011e-04): lin 13 (2.1e-11)
-------------------------------------------------------------------------------------------------------------
 T = 284, DT = 2, NI = 2, LI = 27, RES = 1.9e-16 (2.2e-09), CFL=0.007 (ELAPSED 00:00:05 )
-------------------------------------------------------------------------------------------------------------
	 #1 (3.3190e-05, 5.2605e-07): lin 14 (3.0e-11)
	 #2 (3.3292e-09, 3.0587e-04): lin 13 (2.0e-11)
-------------------------------------------------------------------------------------------------------------
 T = 286, DT = 2, NI = 2, LI = 27, RES = 1.9e-16 (9.2e-10), CFL=0.007 (ELAPSED 00:00:05 )
-------------------------------------------------------------------------------------------------------------
	 #1 (3.3135e-05, 5.2373e-07): lin 14 (3.0e-11)
	 #2 (1.2837e-08, 3.0171e-04): lin 12 (6.8e-11)
-------------------------------------------------------------------------------------------------------------
 T = 288, DT = 2, NI = 2, LI = 26, RES = 4.3e-16 (8.2e-10), CFL=0.007 (ELAPSED 00:00:05 )
-------------------------------------------------------------------------------------------------------------
	 #1 (3.3082e-05, 5.2098e-07): lin 14 (3.0e-11)
	 #2 (9.6777e-09, 2.9764e-04): lin 12 (4.7e-11)
-------------------------------------------------------------------------------------------------------------
 T = 290, DT = 2, NI = 2, LI = 26, RES = 4.2e-16 (1.3e-09), CFL=0.007 (ELAPSED 00:00:05 )
-------------------------------------------------------------------------------------------------------------
	 #1 (3.3030e-05, 5.2194e-07): lin 14 (3.0e-11)
	 #2 (6.4242e-09, 2.9365e-04): lin 12 (6.9e-11)
-------------------------------------------------------------------------------------------------------------
 T = 292, DT = 2, NI = 2, LI = 26, RES = 2.3e-16 (4.2e-09), CFL=0.007 (ELAPSED 00:00:05 )
-------------------------------------------------------------------------------------------------------------
	 #1 (3.2978e-05, 5.1555e-07): lin 14 (3.0e-11)
	 #2 (3.8959e-09, 3.0606e-04): lin 13 (3.1e-11)
-------------------------------------------------------------------------------------------------------------
 T = 294, DT = 2, NI = 2, LI = 27, RES = 1.8e-16 (3.4e-09), CFL=0.007 (ELAPSED 00:00:06 )
-------------------------------------------------------------------------------------------------------------
	 #1 (3.2929e-05, 5.1143e-07): lin 14 (3.0e-11)
	 #2 (7.1277e-10, 2.8592e-04): lin 13 (5.7e-11)
-------------------------------------------------------------------------------------------------------------
 T = 296, DT = 2, NI = 2, LI = 27, RES = 1.8e-16 (6.0e-09), CFL=0.007 (ELAPSED 00:00:06 )
-------------------------------------------------------------------------------------------------------------
	 #1 (3.2880e-05, 4.9926e-07): lin 14 (3.0e-11)
	 #2 (1.3005e-08, 2.8219e-04): lin 12 (3.1e-11)
-------------------------------------------------------------------------------------------------------------
 T = 298, DT = 2, NI = 2, LI = 26, RES = 7.1e-16 (4.9e-09), CFL=0.007 (ELAPSED 00:00:06 )
-------------------------------------------------------------------------------------------------------------
	 #1 (3.2832e-05, 5.0893e-07): lin 14 (3.0e-11)
	 #2 (1.9565e-09, 2.7856e-04): lin 13 (4.3e-11)
-------------------------------------------------------------------------------------------------------------
 T = 300, DT = 2, NI = 2, LI = 27, RES = 1.8e-16 (1.1e-08), CFL=0.007 (ELAPSED 00:00:06 )
-------------------------------------------------------------------------------------------------------------
	 #1 (3.2785e-05, 5.1411e-07): lin 14 (3.0e-11)
	 #2 (2.7462e-09, 2.7499e-04): lin 13 (2.1e-11)
-------------------------------------------------------------------------------------------------------------
 T = 302, DT = 2, NI = 2, LI = 27, RES = 1.8e-16 (4.4e-09), CFL=0.007 (ELAPSED 00:00:06 )
-------------------------------------------------------------------------------------------------------------
	 #1 (3.2740e-05, 4.9789e-07): lin 14 (3.0e-11)
	 #2 (2.7542e-09, 2.7153e-04): lin 13 (2.0e-11)
-------------------------------------------------------------------------------------------------------------
 T = 304, DT = 2, NI = 2, LI = 27, RES = 1.8e-16 (1.1e-08), CFL=0.007 (ELAPSED 00:00:06 )
-------------------------------------------------------------------------------------------------------------
	 #1 (3.2695e-05, 5.1227e-07): lin 14 (2.9e-11)
	 #2 (1.4893e-09, 2.6811e-04): lin 13 (4.1e-11)
-------------------------------------------------------------------------------------------------------------
 T = 306, DT = 2, NI = 2, LI = 27, RES = 1.7e-16 (1.2e-08), CFL=0.007 (ELAPSED 00:00:06 )
-------------------------------------------------------------------------------------------------------------
	 #1 (3.2652e-05, 5.1237e-07): lin 14 (2.9e-11)
	 #2 (1.4238e-09, 2.6480e-04): lin 13 (3.5e-11)
-------------------------------------------------------------------------------------------------------------
 T = 308, DT = 2, NI = 2, LI = 27, RES = 1.7e-16 (9.7e-09), CFL=0.007 (ELAPSED 00:00:06 )
-------------------------------------------------------------------------------------------------------------
	 #1 (3.2609e-05, 4.8971e-07): lin 14 (2.9e-11)
	 #2 (2.8345e-09, 6.1711e-03): lin 13 (2.8e-11)
-------------------------------------------------------------------------------------------------------------
 T = 310, DT = 2, NI = 2, LI = 27, RES = 1.9e-16 (5.9e-09), CFL=0.007 (ELAPSED 00:00:06 )
-------------------------------------------------------------------------------------------------------------
	 #1 (3.2567e-05, 4.9813e-07): lin 14 (2.9e-11)
	 #2 (2.2780e-09, 7.7250e-05): lin 12 (1.0e-10)
-------------------------------------------------------------------------------------------------------------
 T = 312, DT = 2, NI = 2, LI = 26, RES = 1.8e-16 (5.8e-09), CFL=0.007 (ELAPSED 00:00:06 )
-------------------------------------------------------------------------------------------------------------
	 #1 (3.2526e-05, 4.7963e-07): lin 14 (2.9e-11)
	 #2 (2.1466e-09, 7.4391e-05): lin 13 (2.3e-11)
-------------------------------------------------------------------------------------------------------------
 T = 314, DT = 2, NI = 2, LI = 27, RES = 1.7e-16 (6.5e-09), CFL=0.007 (ELAPSED 00:00:06 )
-------------------------------------------------------------------------------------------------------------
	 #1 (3.2486e-05, 4.9064e-07): lin 14 (2.9e-11)
	 #2 (1.0111e-09, 7.1761e-05): lin 13 (4.4e-11)
-------------------------------------------------------------------------------------------------------------
 T = 316, DT = 2, NI = 2, LI = 27, RES = 1.7e-16 (3.0e-09), CFL=0.007 (ELAPSED 00:00:06 )
-------------------------------------------------------------------------------------------------------------
	 #1 (3.2447e-05, 4.8072e-07): lin 14 (2.9e-11)
	 #2 (2.8888e-09, 6.8916e-05): lin 12 (8.3e-11)
-------------------------------------------------------------------------------------------------------------
 T = 318, DT = 2, NI = 2, LI = 26, RES = 1.8e-16 (2.9e-09), CFL=0.007 (ELAPSED 00:00:06 )
-------------------------------------------------------------------------------------------------------------
	 #1 (3.2408e-05, 4.8576e-07): lin 14 (2.9e-11)
	 #2 (1.1329e-09, 6.6330e-05): lin 13 (3.9e-11)
-------------------------------------------------------------------------------------------------------------
 T = 320, DT = 2, NI = 2, LI = 27, RES = 1.8e-16 (1.7e-09), CFL=0.007 (ELAPSED 00:00:06 )
-------------------------------------------------------------------------------------------------------------
	 #1 (3.2371e-05, 4.8351e-07): lin 14 (2.9e-11)
	 #2 (1.2011e-09, 6.3803e-05): lin 13 (3.7e-11)
-------------------------------------------------------------------------------------------------------------
 T = 322, DT = 2, NI = 2, LI = 27, RES = 1.8e-16 (1.3e-08), CFL=0.007 (ELAPSED 00:00:06 )
-------------------------------------------------------------------------------------------------------------
	 #1 (3.2334e-05, 4.9388e-07): lin 14 (2.9e-11)
	 #2 (2.9453e-09, 6.1348e-05): lin 13 (1.6e-11)
-------------------------------------------------------------------------------------------------------------
 T = 324, DT = 2, NI = 2, LI = 27, RES = 1.8e-16 (6.4e-09), CFL=0.007 (ELAPSED 00:00:06 )
-------------------------------------------------------------------------------------------------------------
	 #1 (3.2298e-05, 4.8609e-07): lin 14 (2.9e-11)
	 #2 (3.9419e-09, 6.2898e-03): lin 13 (4.2e-11)
-------------------------------------------------------------------------------------------------------------
 T = 326, DT = 2, NI = 2, LI = 27, RES = 1.8e-16 (6.6e-09), CFL=0.007 (ELAPSED 00:00:06 )
-------------------------------------------------------------------------------------------------------------
	 #1 (3.2263e-05, 4.6941e-07): lin 14 (2.9e-11)
	 #2 (3.1512e-09, 8.7316e-06): lin 12 (9.7e-11)
-------------------------------------------------------------------------------------------------------------
 T = 328, DT = 2, NI = 2, LI = 26, RES = 1.7e-16 (6.0e-09), CFL=0.007 (ELAPSED 00:00:06 )
-------------------------------------------------------------------------------------------------------------
	 #1 (3.2227e-05, 4.7233e-07): lin 14 (2.9e-11)
	 #2 (9.8940e-10, 9.0494e-06): lin 13 (4.2e-11)
-------------------------------------------------------------------------------------------------------------
 T = 330, DT = 2, NI = 2, LI = 27, RES = 1.7e-16 (1.0e-08), CFL=0.007 (ELAPSED 00:00:06 )
-------------------------------------------------------------------------------------------------------------
	 #1 (3.2193e-05, 4.5533e-07): lin 14 (2.9e-11)
	 #2 (3.4581e-09, 8.5168e-06): lin 13 (2.2e-11)
-------------------------------------------------------------------------------------------------------------
 T = 332, DT = 2, NI = 2, LI = 27, RES = 1.7e-16 (5.4e-09), CFL=0.007 (ELAPSED 00:00:06 )
-------------------------------------------------------------------------------------------------------------
	 #1 (3.2159e-05, 4.6991e-07): lin 14 (2.9e-11)
	 #2 (1.0155e-09, 8.4117e-06): lin 13 (3.9e-11)
-------------------------------------------------------------------------------------------------------------
 T = 334, DT = 2, NI = 2, LI = 27, RES = 1.7e-16 (5.1e-10), CFL=0.007 (ELAPSED 00:00:06 )
-------------------------------------------------------------------------------------------------------------
	 #1 (3.2127e-05, 4.6298e-07): lin 14 (2.9e-11)
	 #2 (3.4509e-09, 8.3129e-06): lin 12 (8.3e-11)
-------------------------------------------------------------------------------------------------------------
 T = 336, DT = 2, NI = 2, LI = 26, RES = 1.8e-16 (1.6e-09), CFL=0.007 (ELAPSED 00:00:06 )
-------------------------------------------------------------------------------------------------------------
	 #1 (3.2094e-05, 4.6383e-07): lin 14 (2.9e-11)
	 #2 (1.3433e-09, 8.2079e-06): lin 13 (3.0e-11)
-------------------------------------------------------------------------------------------------------------
 T = 338, DT = 2, NI = 2, LI = 27, RES = 1.7e-16 (4.5e-09), CFL=0.007 (ELAPSED 00:00:06 )
-------------------------------------------------------------------------------------------------------------
	 #1 (3.2063e-05, 4.5679e-07): lin 14 (2.8e-11)
	 #2 (3.3232e-09, 8.1267e-06): lin 13 (4.8e-11)
-------------------------------------------------------------------------------------------------------------
 T = 340, DT = 2, NI = 2, LI = 27, RES = 1.7e-16 (9.9e-09), CFL=0.007 (ELAPSED 00:00:06 )
-------------------------------------------------------------------------------------------------------------
	 #1 (3.2032e-05, 4.6961e-07): lin 14 (2.8e-11)
	 #2 (8.7093e-09, 1.3244e-02): lin 12 (6.3e-11)
-------------------------------------------------------------------------------------------------------------
 T = 342, DT = 2, NI = 2, LI = 26, RES = 2.2e-16 (4.3e-09), CFL=0.007 (ELAPSED 00:00:06 )
-------------------------------------------------------------------------------------------------------------
	 #1 (3.2002e-05, 4.6446e-07): lin 14 (2.8e-11)
	 #2 (9.1121e-10, 2.4055e-04): lin 13 (4.0e-11)
-------------------------------------------------------------------------------------------------------------
 T = 344, DT = 2, NI = 2, LI = 27, RES = 1.8e-16 (3.9e-09), CFL=0.007 (ELAPSED 00:00:06 )
-------------------------------------------------------------------------------------------------------------
	 #1 (3.1971e-05, 4.5916e-07): lin 14 (2.8e-11)
	 #2 (1.6172e-09, 2.1661e-04): lin 13 (4.2e-11)
-------------------------------------------------------------------------------------------------------------
 T = 346, DT = 2, NI = 2, LI = 27, RES = 1.7e-16 (5.4e-09), CFL=0.007 (ELAPSED 00:00:06 )
-------------------------------------------------------------------------------------------------------------
	 #1 (3.1941e-05, 4.4461e-07): lin 14 (2.8e-11)
	 #2 (2.7346e-09, 2.1379e-04): lin 12 (9.4e-11)
-------------------------------------------------------------------------------------------------------------
 T = 348, DT = 2, NI = 2, LI = 26, RES = 1.8e-16 (5.0e-09), CFL=0.007 (ELAPSED 00:00:06 )
-------------------------------------------------------------------------------------------------------------
	 #1 (3.1912e-05, 4.4391e-07): lin 14 (2.8e-11)
	 #2 (2.0743e-09, 2.1104e-04): lin 13 (1.8e-11)
-------------------------------------------------------------------------------------------------------------
 T = 350, DT = 2, NI = 2, LI = 27, RES = 1.8e-16 (1.1e-08), CFL=0.007 (ELAPSED 00:00:06 )
-------------------------------------------------------------------------------------------------------------
	 #1 (3.1884e-05, 4.3738e-07): lin 14 (2.8e-11)
	 #2 (2.6561e-09, 2.0841e-04): lin 12 (9.6e-11)
-------------------------------------------------------------------------------------------------------------
 T = 352, DT = 2, NI = 2, LI = 26, RES = 1.7e-16 (1.0e-08), CFL=0.007 (ELAPSED 00:00:06 )
-------------------------------------------------------------------------------------------------------------
	 #1 (3.1856e-05, 4.3635e-07): lin 14 (2.8e-11)
	 #2 (3.1722e-09, 2.0590e-04): lin 13 (4.7e-11)
-------------------------------------------------------------------------------------------------------------
 T = 354, DT = 2, NI = 2, LI = 27, RES = 1.8e-16 (3.1e-09), CFL=0.007 (ELAPSED 00:00:06 )
-------------------------------------------------------------------------------------------------------------
	 #1 (3.1828e-05, 4.4842e-07): lin 14 (2.8e-11)
	 #2 (1.0165e-09, 2.0344e-04): lin 13 (3.3e-11)
-------------------------------------------------------------------------------------------------------------
 T = 356, DT = 2, NI = 2, LI = 27, RES = 1.7e-16 (1.1e-08), CFL=0.007 (ELAPSED 00:00:06 )
-------------------------------------------------------------------------------------------------------------
	 #1 (3.1802e-05, 4.3330e-07): lin 14 (2.8e-11)
	 #2 (2.3068e-09, 2.0108e-04): lin 13 (1.6e-11)
-------------------------------------------------------------------------------------------------------------
 T = 358, DT = 2, NI = 2, LI = 27, RES = 1.7e-16 (1.7e-09), CFL=0.007 (ELAPSED 00:00:06 )
-------------------------------------------------------------------------------------------------------------
	 #1 (3.1776e-05, 4.4162e-07): lin 14 (2.8e-11)
	 #2 (1.5086e-09, 1.9876e-04): lin 13 (2.6e-11)
-------------------------------------------------------------------------------------------------------------
 T = 360, DT = 2, NI = 2, LI = 27, RES = 1.8e-16 (1.1e-08), CFL=0.007 (ELAPSED 00:00:06 )
-------------------------------------------------------------------------------------------------------------
	 #1 (3.1750e-05, 4.5316e-07): lin 14 (2.8e-11)
	 #2 (3.1092e-09, 2.1078e-04): lin 12 (7.6e-11)
-------------------------------------------------------------------------------------------------------------
 T = 362, DT = 2, NI = 2, LI = 26, RES = 1.8e-16 (4.6e-09), CFL=0.007 (ELAPSED 00:00:06 )
-------------------------------------------------------------------------------------------------------------
	 #1 (3.1725e-05, 4.4132e-07): lin 14 (2.8e-11)
	 #2 (9.3759e-10, 1.9435e-04): lin 13 (3.5e-11)
-------------------------------------------------------------------------------------------------------------
 T = 364, DT = 2, NI = 2, LI = 27, RES = 1.7e-16 (9.2e-09), CFL=0.007 (ELAPSED 00:00:06 )
-------------------------------------------------------------------------------------------------------------
	 #1 (1.5850e-05, 2.1949e-07): lin 11 (2.4e-11)
	 #2 (2.2588e-10, 2.4155e-05): lin 10 (3.2e-11)
-------------------------------------------------------------------------------------------------------------
 T = 365, DT = 1, NI = 2, LI = 21, RES = 1.4e-16 (6.0e-09), CFL=0.003 (ELAPSED 00:00:06 )
-------------------------------------------------------------------------------------------------------------
