darts-linear-solvers built on Sep 15 2026 16:46:12 by sanderbertdacosta@MacBook-Air-van-Sander.local from bb040aa025bfcafff20578654ad0b0d819d463a0
darts-engines built on Sep 15 2026 16:46:13 by sanderbertdacosta@MacBook-Air-van-Sander.local from bb040aa025bfcafff20578654ad0b0d819d463a0
darts-discretizer built on Sep 15 2026 16:46:13 by sanderbertdacosta@MacBook-Air-van-Sander.local from bb040aa025bfcafff20578654ad0b0d819d463a0
Processing mesh: 729 reservoir blocks, 2 well blocks, 1946 connections
Linear solver type is gmres+cpr
Engine: 	2-phase 4-component isothermal flow with kinetic reaction and diffusion CPU engine
OpenMP threads: 	2

START SIMULATION
-------------------------------------------------------------------------------------------------------------
Well PROD initialized with BHP-control
	 #1 (1.6454e-07, 4.0926e-01): lin 1 (1.9e-11)
	 #2 (2.0254e-13, 3.6196e-04): lin 2 (6.9e-15)
-------------------------------------------------------------------------------------------------------------
 T = 0.0001, DT = 0.0001, NI = 2, LI = 3, RES = 1.1e-16 (3.6e-10), CFL=0.000 (ELAPSED 00:00:00 )
-------------------------------------------------------------------------------------------------------------
	 #1 (2.4667e-07, 9.3652e-04): lin 2 (1.1e-14)
-------------------------------------------------------------------------------------------------------------
 T = 0.00025, DT = 0.00015, NI = 1, LI = 2, RES = 4.6e-13 (5.1e-08), CFL=0.000 (ELAPSED 00:00:00 )
-------------------------------------------------------------------------------------------------------------
	 #1 (3.6968e-07, 8.8185e-04): lin 2 (1.8e-14)
-------------------------------------------------------------------------------------------------------------
 T = 0.000475, DT = 0.000225, NI = 1, LI = 2, RES = 1.0e-12 (7.4e-08), CFL=0.000 (ELAPSED 00:00:00 )
-------------------------------------------------------------------------------------------------------------
	 #1 (5.5378e-07, 6.8160e-04): lin 2 (2.1e-14)
-------------------------------------------------------------------------------------------------------------
 T = 0.0008125, DT = 0.0003375, NI = 1, LI = 2, RES = 2.3e-12 (2.8e-07), CFL=0.000 (ELAPSED 00:00:00 )
-------------------------------------------------------------------------------------------------------------
	 #1 (8.2903e-07, 4.1415e-04): lin 2 (2.0e-14)
-------------------------------------------------------------------------------------------------------------
 T = 0.00131875, DT = 0.00050625, NI = 1, LI = 2, RES = 9.3e-12 (2.0e-07), CFL=0.000 (ELAPSED 00:00:00 )
-------------------------------------------------------------------------------------------------------------
	 #1 (1.2399e-06, 1.7299e-04): lin 2 (3.3e-14)
-------------------------------------------------------------------------------------------------------------
 T = 0.00207813, DT = 0.000759375, NI = 1, LI = 2, RES = 1.2e-11 (3.9e-07), CFL=0.000 (ELAPSED 00:00:00 )
-------------------------------------------------------------------------------------------------------------
	 #1 (1.8516e-06, 1.0458e-04): lin 2 (1.9e-14)
-------------------------------------------------------------------------------------------------------------
 T = 0.00321719, DT = 0.00113906, NI = 1, LI = 2, RES = 2.6e-11 (4.6e-07), CFL=0.000 (ELAPSED 00:00:00 )
-------------------------------------------------------------------------------------------------------------
	 #1 (2.7591e-06, 1.5684e-04): lin 2 (1.7e-14)
	 #2 (5.6850e-11, 1.6114e-06): lin 1 (1.8e-11)
-------------------------------------------------------------------------------------------------------------
 T = 0.00492578, DT = 0.00170859, NI = 2, LI = 3, RES = 9.1e-17 (2.8e-11), CFL=0.000 (ELAPSED 00:00:00 )
-------------------------------------------------------------------------------------------------------------
	 #1 (4.0984e-06, 2.3521e-04): lin 2 (1.3e-14)
	 #2 (1.4089e-09, 4.6620e-06): lin 1 (2.4e-12)
-------------------------------------------------------------------------------------------------------------
 T = 0.00748867, DT = 0.00256289, NI = 2, LI = 3, RES = 1.1e-16 (3.6e-11), CFL=0.000 (ELAPSED 00:00:00 )
-------------------------------------------------------------------------------------------------------------
	 #1 (6.0592e-06, 3.5269e-04): lin 2 (4.5e-14)
	 #2 (2.7135e-10, 1.4992e-05): lin 1 (3.5e-11)
-------------------------------------------------------------------------------------------------------------
 T = 0.011333, DT = 0.00384434, NI = 2, LI = 3, RES = 1.0e-16 (6.1e-11), CFL=0.000 (ELAPSED 00:00:00 )
-------------------------------------------------------------------------------------------------------------
	 #1 (8.8981e-06, 5.2876e-04): lin 2 (9.6e-13)
	 #2 (5.8068e-10, 4.6787e-05): lin 1 (6.3e-11)
-------------------------------------------------------------------------------------------------------------
 T = 0.0170995, DT = 0.0057665, NI = 2, LI = 3, RES = 1.1e-16 (6.8e-10), CFL=0.000 (ELAPSED 00:00:00 )
-------------------------------------------------------------------------------------------------------------
	 #1 (1.2943e-05, 7.9253e-04): lin 2 (1.6e-11)
	 #2 (3.4124e-09, 1.8468e-04): lin 1 (5.1e-11)
-------------------------------------------------------------------------------------------------------------
 T = 0.0257493, DT = 0.00864976, NI = 2, LI = 3, RES = 1.1e-16 (4.3e-09), CFL=0.000 (ELAPSED 00:00:00 )
-------------------------------------------------------------------------------------------------------------
	 #1 (1.8584e-05, 1.1875e-03): lin 2 (3.2e-12)
	 #2 (1.3768e-09, 4.1548e-04): lin 2 (5.6e-15)
-------------------------------------------------------------------------------------------------------------
 T = 0.0387239, DT = 0.0129746, NI = 2, LI = 4, RES = 1.2e-16 (3.7e-08), CFL=0.000 (ELAPSED 00:00:00 )
-------------------------------------------------------------------------------------------------------------
	 #1 (2.6242e-05, 1.7786e-03): lin 2 (4.6e-11)
	 #2 (3.2876e-09, 1.1698e-03): lin 2 (2.3e-13)
-------------------------------------------------------------------------------------------------------------
 T = 0.0581859, DT = 0.019462, NI = 2, LI = 4, RES = 1.4e-16 (2.9e-07), CFL=0.000 (ELAPSED 00:00:00 )
-------------------------------------------------------------------------------------------------------------
	 #1 (3.6338e-05, 2.6625e-03): lin 3 (7.3e-14)
	 #2 (5.8616e-09, 3.0185e-03): lin 2 (2.3e-12)
	 #3 (1.5343e-16, 2.1554e-06): lin 3 (2.4e-13)
-------------------------------------------------------------------------------------------------------------
 T = 0.0873788, DT = 0.0291929, NI = 3, LI = 8, RES = 8.7e-17 (6.3e-10), CFL=0.000 (ELAPSED 00:00:00 )
-------------------------------------------------------------------------------------------------------------
	 #1 (4.9382e-05, 3.9832e-03): lin 5 (5.3e-11)
	 #2 (1.4039e-08, 7.3382e-03): lin 4 (2.6e-12)
	 #3 (1.3670e-15, 3.1251e-06): lin 5 (4.8e-11)
-------------------------------------------------------------------------------------------------------------
 T = 0.131168, DT = 0.0437894, NI = 3, LI = 14, RES = 9.5e-17 (1.3e-09), CFL=0.000 (ELAPSED 00:00:00 )
-------------------------------------------------------------------------------------------------------------
	 #1 (6.6329e-05, 5.9550e-03): lin 8 (6.8e-12)
	 #2 (2.4474e-08, 1.7741e-02): lin 6 (3.6e-11)
	 #3 (3.6029e-15, 1.0576e-05): lin 7 (1.8e-11)
-------------------------------------------------------------------------------------------------------------
 T = 0.196852, DT = 0.0656841, NI = 3, LI = 21, RES = 9.7e-17 (4.2e-10), CFL=0.001 (ELAPSED 00:00:00 )
-------------------------------------------------------------------------------------------------------------
	 #1 (8.9196e-05, 8.8969e-03): lin 30 (4.5e-11)
	 #2 (3.8831e-08, 3.7594e-02): lin 28 (8.9e-11)
	 #3 (5.2936e-15, 5.1934e-05): lin 28 (2.3e-11)
-------------------------------------------------------------------------------------------------------------
 T = 0.295378, DT = 0.0985261, NI = 3, LI = 86, RES = 1.1e-16 (4.3e-09), CFL=0.001 (ELAPSED 00:00:00 )
-------------------------------------------------------------------------------------------------------------
	 #1 (1.2121e-04, 1.3283e-02): lin 22 (2.4e-11)
	 #2 (6.3711e-08, 7.9941e-02): lin 22 (4.6e-11)
	 #3 (3.9345e-13, 4.9348e-04): lin 20 (6.5e-11)
-------------------------------------------------------------------------------------------------------------
 T = 0.443168, DT = 0.147789, NI = 3, LI = 64, RES = 1.2e-16 (1.2e-07), CFL=0.002 (ELAPSED 00:00:00 )
-------------------------------------------------------------------------------------------------------------
	 #1 (1.6587e-04, 1.9816e-02): lin 14 (3.8e-11)
	 #2 (1.8475e-07, 3.3042e-01): lin 12 (5.2e-11)
	 #3 (4.8977e-12, 1.4153e-03): lin 12 (6.9e-11)
	 #4 (1.4031e-16, 6.8928e-06): lin 12 (4.3e-11)
-------------------------------------------------------------------------------------------------------------
 T = 0.664851, DT = 0.221684, NI = 4, LI = 50, RES = 1.2e-16 (6.2e-09), CFL=0.003 (ELAPSED 00:00:00 )
-------------------------------------------------------------------------------------------------------------
	 #1 (2.2582e-04, 2.9517e-02): lin 11 (7.5e-11)
	 #2 (1.9880e-07, 4.3059e-01): lin 9 (1.8e-11)
	 #3 (3.1745e-11, 5.4901e-03): lin 9 (4.1e-11)
	 #4 (2.3675e-14, 9.4927e-05): lin 8 (1.3e-11)
-------------------------------------------------------------------------------------------------------------
 T = 0.997377, DT = 0.332526, NI = 4, LI = 37, RES = 1.4e-16 (7.8e-09), CFL=0.005 (ELAPSED 00:00:00 )
-------------------------------------------------------------------------------------------------------------
	 #1 (3.0290e-04, 4.3848e-02): lin 10 (6.1e-11)
	 #2 (1.1276e-06, 9.5542e-01): lin 9 (1.9e-11)
	 #3 (6.1105e-13, 2.3072e-03): lin 5 (7.3e-11)
	 #4 (1.8725e-16, 1.3371e-03): lin 6 (7.4e-11)
	 #5 (1.6154e-16, 1.2319e-05): lin 9 (3.0e-11)
-------------------------------------------------------------------------------------------------------------
 T = 1.49617, DT = 0.498789, NI = 5, LI = 39, RES = 1.8e-16 (1.5e-08), CFL=0.008 (ELAPSED 00:00:00 )
-------------------------------------------------------------------------------------------------------------
	 #1 (3.9931e-04, 6.5044e-02): lin 12 (9.7e-12)
	 #2 (1.0655e-06, 9.9615e-01): lin 10 (2.1e-11)
	 #3 (3.9216e-12, 1.6499e-02): lin 7 (1.3e-11)
	 #4 (2.2917e-16, 2.0209e-02): lin 7 (1.5e-11)
	 #5 (2.3085e-16, 2.0890e-03): lin 7 (4.0e-11)
	 #6 (2.1804e-16, 1.5027e-05): lin 10 (1.6e-11)
-------------------------------------------------------------------------------------------------------------
 T = 2.24435, DT = 0.748183, NI = 6, LI = 53, RES = 2.2e-16 (1.7e-08), CFL=0.012 (ELAPSED 00:00:00 )
-------------------------------------------------------------------------------------------------------------
	 #1 (5.1475e-04, 9.6341e-02): lin 13 (2.3e-11)
Local chop applied in 2 block(s)
	 #2 (1.8634e-06, 4.1422e+00): lin 11 (5.5e-11)
Local chop applied in 2 block(s)
	 #3 (1.1848e-11, 1.5183e-01): lin 9 (3.9e-11)
Composition correction applied to solid in 0 block(s), to fluid in 2 block(s) with var corrections: 2 0 0 2 
Local chop applied in 2 block(s)
	 #4 (3.3271e-16, 6.2581e+02): lin 9 (2.5e-11)
Composition correction applied to solid in 0 block(s), to fluid in 2 block(s) with var corrections: 2 0 0 2 
Local chop applied in 2 block(s)
	 #5 (3.1387e-16, 2.5817e+03): lin 8 (4.8e-11)
Composition correction applied to solid in 0 block(s), to fluid in 2 block(s) with var corrections: 2 0 0 2 
Local chop applied in 2 block(s)
	 #6 (3.3456e-16, 6.8903e+03): lin 8 (1.9e-11)
Composition correction applied to solid in 0 block(s), to fluid in 2 block(s) with var corrections: 2 0 0 2 
Local chop applied in 2 block(s)
	 #7 (3.4135e-16, 1.5932e+04): lin 7 (4.2e-11)
Composition correction applied to solid in 0 block(s), to fluid in 2 block(s) with var corrections: 2 0 0 2 
Local chop applied in 2 block(s)
	 #8 (3.6810e-16, 3.4293e+04): lin 6 (5.9e-11)
Composition correction applied to solid in 0 block(s), to fluid in 2 block(s) with var corrections: 2 0 0 2 
Local chop applied in 2 block(s)
	 #9 (3.1415e-16, 6.9019e+04): lin 6 (1.4e-11)
Composition correction applied to solid in 0 block(s), to fluid in 2 block(s) with var corrections: 2 2 2 2 
Local chop applied in 2 block(s)
	 #10 (3.5049e-16, 1.0643e+05): lin 5 (8.4e-11)
Composition correction applied to solid in 0 block(s), to fluid in 2 block(s) with var corrections: 2 2 2 2 
	 #11 (9.4997e-16, 1.3064e+05): lin 4 (6.7e-11)
Composition correction applied to solid in 0 block(s), to fluid in 2 block(s) with var corrections: 0 2 2 0 
Local chop applied in 2 block(s)
	 #12 (2.4668e-14, 1.1106e+05): lin 6 (2.7e-11)
Composition correction applied to solid in 0 block(s), to fluid in 2 block(s) with var corrections: 2 2 2 2 
Local chop applied in 2 block(s)
	 #13 (3.3257e-16, 1.2918e+05): lin 4 (9.0e-11)
Composition correction applied to solid in 0 block(s), to fluid in 2 block(s) with var corrections: 0 2 2 0 
Local chop applied in 2 block(s)
	 #14 (3.2855e-14, 1.1119e+05): lin 6 (2.7e-11)
Composition correction applied to solid in 0 block(s), to fluid in 2 block(s) with var corrections: 2 2 2 2 
Local chop applied in 2 block(s)
	 #15 (3.3165e-16, 1.2921e+05): lin 4 (9.0e-11)
Composition correction applied to solid in 0 block(s), to fluid in 2 block(s) with var corrections: 0 2 2 0 
Local chop applied in 2 block(s)
	 #16 (3.2787e-14, 1.1118e+05): lin 6 (2.7e-11)
Composition correction applied to solid in 0 block(s), to fluid in 2 block(s) with var corrections: 2 2 2 2 
Local chop applied in 2 block(s)
	 #17 (3.4534e-16, 1.2921e+05): lin 4 (9.0e-11)
Composition correction applied to solid in 0 block(s), to fluid in 2 block(s) with var corrections: 0 2 2 0 
Local chop applied in 2 block(s)
	 #18 (3.2762e-14, 1.1118e+05): lin 6 (2.7e-11)
Composition correction applied to solid in 0 block(s), to fluid in 2 block(s) with var corrections: 2 2 2 2 
Local chop applied in 2 block(s)
	 #19 (3.2750e-16, 1.2921e+05): lin 4 (9.0e-11)
Composition correction applied to solid in 0 block(s), to fluid in 2 block(s) with var corrections: 0 2 2 0 
Local chop applied in 2 block(s)
	 #20 (3.2779e-14, 1.1118e+05): lin 6 (2.7e-11)
Composition correction applied to solid in 0 block(s), to fluid in 2 block(s) with var corrections: 2 2 2 2 
Local chop applied in 2 block(s)
FAILED TO CONVERGE WITH DT = 1.122 (newton residual wells) 
	 #1 (3.4317e-04, 6.4227e-02): lin 11 (9.9e-11)
	 #2 (7.0725e-07, 1.4525e+00): lin 10 (1.8e-11)
Local chop applied in 2 block(s)
	 #3 (2.0430e-12, 7.0181e-02): lin 8 (2.8e-11)
Local chop applied in 2 block(s)
	 #4 (2.6152e-16, 6.1819e-02): lin 8 (5.4e-11)
Composition correction applied to solid in 0 block(s), to fluid in 2 block(s) with var corrections: 2 0 0 2 
Local chop applied in 2 block(s)
	 #5 (2.6127e-16, 1.7906e+02): lin 8 (4.0e-11)
Composition correction applied to solid in 0 block(s), to fluid in 2 block(s) with var corrections: 2 0 0 2 
Local chop applied in 2 block(s)
	 #6 (2.6730e-16, 7.8717e+02): lin 8 (1.3e-11)
Composition correction applied to solid in 0 block(s), to fluid in 2 block(s) with var corrections: 2 0 0 2 
Local chop applied in 2 block(s)
	 #7 (2.4527e-16, 2.0255e+03): lin 7 (4.5e-11)
Composition correction applied to solid in 0 block(s), to fluid in 2 block(s) with var corrections: 2 0 0 2 
Local chop applied in 2 block(s)
	 #8 (2.5424e-16, 4.4644e+03): lin 7 (1.9e-11)
Composition correction applied to solid in 0 block(s), to fluid in 2 block(s) with var corrections: 2 0 0 2 
Local chop applied in 2 block(s)
	 #9 (2.4405e-16, 9.6495e+03): lin 6 (6.3e-11)
Composition correction applied to solid in 0 block(s), to fluid in 2 block(s) with var corrections: 2 0 0 2 
Local chop applied in 2 block(s)
	 #10 (2.3044e-16, 2.3022e+04): lin 6 (2.0e-11)
Composition correction applied to solid in 0 block(s), to fluid in 2 block(s) with var corrections: 2 0 0 2 
Local chop applied in 2 block(s)
	 #11 (2.2844e-16, 3.7694e+04): lin 5 (7.5e-11)
Composition correction applied to solid in 0 block(s), to fluid in 2 block(s) with var corrections: 2 0 0 2 
Local chop applied in 2 block(s)
	 #12 (2.4636e-16, 5.3061e+04): lin 4 (5.7e-11)
Composition correction applied to solid in 0 block(s), to fluid in 2 block(s) with var corrections: 2 2 2 2 
Local chop applied in 2 block(s)
	 #13 (7.6390e-16, 4.4668e+04): lin 5 (1.9e-11)
Composition correction applied to solid in 0 block(s), to fluid in 2 block(s) with var corrections: 0 2 2 0 
Local chop applied in 2 block(s)
	 #14 (2.3449e-16, 3.0814e+04): lin 5 (2.4e-11)
Local chop applied in 2 block(s)
	 #15 (2.4882e-16, 1.7365e+04): lin 5 (3.1e-11)
Local chop applied in 2 block(s)
	 #16 (2.7696e-16, 3.9874e+03): lin 6 (1.8e-11)
	 #17 (2.4840e-16, 4.2119e+01): lin 5 (7.2e-11)
	 #18 (2.4829e-16, 1.2478e-01): lin 6 (3.1e-11)
-------------------------------------------------------------------------------------------------------------
 T = 2.99253, DT = 0.748183, NI = 18, LI = 120, RES = 2.5e-16 (2.5e-07), CFL=0.012 (ELAPSED 00:00:00 )
-------------------------------------------------------------------------------------------------------------
	 #1 (4.5102e-04, 6.9443e-02): lin 13 (1.9e-11)
	 #2 (2.5196e-06, 3.0886e+00): lin 11 (5.2e-11)
	 #3 (6.0213e-11, 4.8496e-04): lin 11 (4.0e-11)
-------------------------------------------------------------------------------------------------------------
 T = 4.11481, DT = 1.12227, NI = 3, LI = 35, RES = 3.2e-16 (2.8e-08), CFL=0.019 (ELAPSED 00:00:01 )
-------------------------------------------------------------------------------------------------------------
	 #1 (5.7424e-04, 8.8239e-03): lin 14 (2.3e-11)
	 #2 (4.1798e-06, 4.9452e+00): lin 12 (4.9e-11)
	 #3 (2.2233e-11, 2.4883e-05): lin 12 (4.0e-11)
-------------------------------------------------------------------------------------------------------------
 T = 5.79822, DT = 1.68341, NI = 3, LI = 38, RES = 4.5e-16 (4.7e-08), CFL=0.028 (ELAPSED 00:00:01 )
-------------------------------------------------------------------------------------------------------------
	 #1 (5.5976e-04, 4.1814e-05): lin 14 (3.3e-11)
	 #2 (3.1838e-06, 5.1360e+00): lin 12 (8.5e-11)
	 #3 (2.8976e-11, 2.1768e-05): lin 13 (3.4e-11)
-------------------------------------------------------------------------------------------------------------
 T = 7.79822, DT = 2, NI = 3, LI = 39, RES = 5.3e-16 (4.2e-08), CFL=0.033 (ELAPSED 00:00:01 )
-------------------------------------------------------------------------------------------------------------
	 #1 (4.6408e-04, 3.2655e-05): lin 14 (3.1e-11)
	 #2 (3.8714e-06, 3.0222e+00): lin 13 (1.5e-11)
	 #3 (1.9548e-11, 3.2561e-05): lin 12 (9.9e-11)
-------------------------------------------------------------------------------------------------------------
 T = 9.79822, DT = 2, NI = 3, LI = 39, RES = 5.3e-16 (3.0e-08), CFL=0.033 (ELAPSED 00:00:01 )
-------------------------------------------------------------------------------------------------------------
	 #1 (4.0002e-04, 2.5331e-05): lin 13 (6.4e-11)
	 #2 (2.8823e-06, 4.9735e+00): lin 12 (9.2e-11)
	 #3 (1.8562e-11, 2.9304e-05): lin 13 (2.0e-11)
-------------------------------------------------------------------------------------------------------------
 T = 11.7982, DT = 2, NI = 3, LI = 38, RES = 5.6e-16 (1.6e-08), CFL=0.033 (ELAPSED 00:00:01 )
-------------------------------------------------------------------------------------------------------------
	 #1 (3.5434e-04, 2.0100e-05): lin 13 (5.1e-11)
	 #2 (7.2828e-07, 1.2876e+00): lin 13 (1.7e-11)
	 #3 (1.9168e-12, 1.8347e-06): lin 13 (2.1e-11)
-------------------------------------------------------------------------------------------------------------
 T = 13.7982, DT = 2, NI = 3, LI = 39, RES = 5.5e-16 (3.8e-08), CFL=0.033 (ELAPSED 00:00:01 )
-------------------------------------------------------------------------------------------------------------
	 #1 (3.2024e-04, 1.6258e-05): lin 13 (4.5e-11)
	 #2 (1.0010e-06, 8.8522e-01): lin 13 (2.1e-11)
	 #3 (6.6729e-12, 1.4336e-06): lin 13 (5.0e-11)
-------------------------------------------------------------------------------------------------------------
 T = 15.7982, DT = 2, NI = 3, LI = 39, RES = 5.5e-16 (2.7e-08), CFL=0.033 (ELAPSED 00:00:01 )
-------------------------------------------------------------------------------------------------------------
	 #1 (2.9432e-04, 1.3417e-05): lin 13 (4.6e-11)
	 #2 (6.4068e-07, 6.3946e-01): lin 13 (1.6e-11)
	 #3 (9.7478e-13, 2.5795e-06): lin 13 (1.4e-11)
-------------------------------------------------------------------------------------------------------------
 T = 17.7982, DT = 2, NI = 3, LI = 39, RES = 5.6e-16 (1.9e-08), CFL=0.032 (ELAPSED 00:00:01 )
-------------------------------------------------------------------------------------------------------------
	 #1 (2.7393e-04, 1.1391e-05): lin 13 (3.1e-11)
	 #2 (3.7682e-07, 4.8012e-01): lin 13 (1.7e-11)
-------------------------------------------------------------------------------------------------------------
 T = 19.7982, DT = 2, NI = 2, LI = 26, RES = 3.2e-13 (4.8e-07), CFL=0.032 (ELAPSED 00:00:01 )
-------------------------------------------------------------------------------------------------------------
	 #1 (2.5736e-04, 9.3822e-06): lin 13 (4.5e-11)
	 #2 (9.1969e-07, 3.7354e-01): lin 12 (5.7e-11)
-------------------------------------------------------------------------------------------------------------
 T = 21.7982, DT = 2, NI = 2, LI = 25, RES = 6.5e-13 (3.4e-07), CFL=0.032 (ELAPSED 00:00:01 )
-------------------------------------------------------------------------------------------------------------
	 #1 (2.4355e-04, 8.3242e-06): lin 13 (6.8e-11)
	 #2 (3.4573e-07, 2.9798e-01): lin 14 (6.6e-11)
-------------------------------------------------------------------------------------------------------------
 T = 23.7982, DT = 2, NI = 2, LI = 27, RES = 1.4e-10 (4.8e-08), CFL=0.032 (ELAPSED 00:00:01 )
-------------------------------------------------------------------------------------------------------------
	 #1 (2.3186e-04, 7.6523e-06): lin 13 (4.6e-11)
	 #2 (3.8741e-07, 7.4106e-01): lin 14 (5.0e-11)
-------------------------------------------------------------------------------------------------------------
 T = 25.7982, DT = 2, NI = 2, LI = 27, RES = 8.2e-11 (1.2e-07), CFL=0.032 (ELAPSED 00:00:01 )
-------------------------------------------------------------------------------------------------------------
	 #1 (2.2176e-04, 6.9786e-06): lin 13 (7.5e-11)
	 #2 (6.6904e-07, 1.3326e+00): lin 14 (5.2e-11)
	 #3 (2.8925e-10, 1.8127e-06): lin 15 (7.7e-11)
-------------------------------------------------------------------------------------------------------------
 T = 27.7982, DT = 2, NI = 3, LI = 42, RES = 5.3e-16 (2.2e-08), CFL=0.032 (ELAPSED 00:00:01 )
-------------------------------------------------------------------------------------------------------------
	 #1 (2.1283e-04, 6.1373e-06): lin 13 (8.9e-11)
	 #2 (1.7425e-07, 1.6750e-01): lin 14 (4.7e-11)
-------------------------------------------------------------------------------------------------------------
 T = 29.7982, DT = 2, NI = 2, LI = 27, RES = 2.2e-10 (5.0e-08), CFL=0.032 (ELAPSED 00:00:01 )
-------------------------------------------------------------------------------------------------------------
	 #1 (2.0682e-05, 5.5631e-07): lin 7 (2.6e-11)
	 #2 (1.0912e-09, 1.6888e-04): lin 6 (6.1e-11)
-------------------------------------------------------------------------------------------------------------
 T = 30, DT = 0.201784, NI = 2, LI = 13, RES = 1.3e-16 (2.4e-09), CFL=0.003 (ELAPSED 00:00:01 )
-------------------------------------------------------------------------------------------------------------
	 #1 (2.0423e-04, 5.5221e-06): lin 13 (5.1e-11)
	 #2 (3.0770e-07, 1.3995e-01): lin 13 (3.0e-11)
	 #3 (2.2513e-08, 5.5665e-08): lin 13 (8.4e-11)
-------------------------------------------------------------------------------------------------------------
 T = 32, DT = 2, NI = 3, LI = 39, RES = 1.6e-11 (3.9e-08), CFL=0.032 (ELAPSED 00:00:01 )
-------------------------------------------------------------------------------------------------------------
	 #1 (1.9745e-04, 5.0035e-06): lin 12 (5.6e-11)
	 #2 (1.1524e-07, 1.1883e-01): lin 13 (1.8e-11)
-------------------------------------------------------------------------------------------------------------
 T = 34, DT = 2, NI = 2, LI = 25, RES = 1.4e-10 (6.6e-08), CFL=0.032 (ELAPSED 00:00:01 )
-------------------------------------------------------------------------------------------------------------
	 #1 (1.9147e-04, 4.5737e-06): lin 12 (2.8e-11)
	 #2 (1.1411e-07, 1.0305e-01): lin 12 (2.6e-11)
-------------------------------------------------------------------------------------------------------------
 T = 36, DT = 2, NI = 2, LI = 24, RES = 1.5e-14 (4.9e-08), CFL=0.032 (ELAPSED 00:00:01 )
-------------------------------------------------------------------------------------------------------------
	 #1 (1.8617e-04, 4.2627e-06): lin 12 (2.6e-11)
	 #2 (1.5450e-07, 9.0461e-02): lin 12 (3.6e-11)
-------------------------------------------------------------------------------------------------------------
 T = 38, DT = 2, NI = 2, LI = 24, RES = 2.0e-13 (3.4e-08), CFL=0.032 (ELAPSED 00:00:01 )
-------------------------------------------------------------------------------------------------------------
	 #1 (1.8146e-04, 4.0541e-06): lin 12 (3.8e-11)
	 #2 (1.5994e-07, 8.0013e-02): lin 12 (4.8e-11)
-------------------------------------------------------------------------------------------------------------
 T = 40, DT = 2, NI = 2, LI = 24, RES = 2.0e-14 (2.4e-08), CFL=0.032 (ELAPSED 00:00:01 )
-------------------------------------------------------------------------------------------------------------
	 #1 (1.7726e-04, 3.7887e-06): lin 12 (6.2e-11)
	 #2 (2.6875e-08, 7.1289e-02): lin 12 (6.0e-11)
-------------------------------------------------------------------------------------------------------------
 T = 42, DT = 2, NI = 2, LI = 24, RES = 9.4e-15 (3.3e-08), CFL=0.032 (ELAPSED 00:00:01 )
-------------------------------------------------------------------------------------------------------------
	 #1 (1.7351e-04, 3.5084e-06): lin 12 (7.0e-11)
	 #2 (2.5252e-08, 6.3861e-02): lin 12 (5.1e-11)
-------------------------------------------------------------------------------------------------------------
 T = 44, DT = 2, NI = 2, LI = 24, RES = 6.3e-15 (4.0e-08), CFL=0.032 (ELAPSED 00:00:01 )
-------------------------------------------------------------------------------------------------------------
	 #1 (1.7016e-04, 3.3856e-06): lin 12 (7.8e-11)
	 #2 (2.5688e-08, 5.7434e-02): lin 12 (4.6e-11)
-------------------------------------------------------------------------------------------------------------
 T = 46, DT = 2, NI = 2, LI = 24, RES = 4.9e-15 (3.9e-08), CFL=0.032 (ELAPSED 00:00:01 )
-------------------------------------------------------------------------------------------------------------
	 #1 (1.6715e-04, 3.2152e-06): lin 12 (8.6e-11)
	 #2 (8.1071e-08, 5.2085e-02): lin 12 (6.9e-11)
-------------------------------------------------------------------------------------------------------------
 T = 48, DT = 2, NI = 2, LI = 24, RES = 2.8e-14 (7.1e-08), CFL=0.032 (ELAPSED 00:00:01 )
-------------------------------------------------------------------------------------------------------------
	 #1 (1.6445e-04, 2.9541e-06): lin 13 (2.2e-11)
	 #2 (7.9232e-08, 4.7875e-02): lin 13 (2.0e-11)
-------------------------------------------------------------------------------------------------------------
 T = 50, DT = 2, NI = 2, LI = 26, RES = 2.7e-14 (1.1e-07), CFL=0.032 (ELAPSED 00:00:01 )
-------------------------------------------------------------------------------------------------------------
	 #1 (1.6203e-04, 2.7812e-06): lin 13 (2.3e-11)
	 #2 (1.1427e-07, 4.4994e-02): lin 12 (8.8e-11)
-------------------------------------------------------------------------------------------------------------
 T = 52, DT = 2, NI = 2, LI = 25, RES = 2.4e-14 (8.2e-09), CFL=0.032 (ELAPSED 00:00:01 )
-------------------------------------------------------------------------------------------------------------
	 #1 (1.5985e-04, 2.7663e-06): lin 13 (2.3e-11)
	 #2 (8.6852e-08, 4.1281e-02): lin 13 (2.5e-11)
-------------------------------------------------------------------------------------------------------------
 T = 54, DT = 2, NI = 2, LI = 26, RES = 2.4e-14 (5.5e-08), CFL=0.032 (ELAPSED 00:00:01 )
-------------------------------------------------------------------------------------------------------------
	 #1 (1.5789e-04, 2.6476e-06): lin 13 (2.4e-11)
	 #2 (3.2478e-07, 3.7989e-02): lin 12 (3.5e-11)
-------------------------------------------------------------------------------------------------------------
 T = 56, DT = 2, NI = 2, LI = 25, RES = 7.1e-14 (2.9e-08), CFL=0.032 (ELAPSED 00:00:01 )
-------------------------------------------------------------------------------------------------------------
	 #1 (1.5613e-04, 2.6119e-06): lin 13 (2.4e-11)
	 #2 (2.5161e-08, 3.5444e-02): lin 12 (4.1e-11)
-------------------------------------------------------------------------------------------------------------
 T = 58, DT = 2, NI = 2, LI = 25, RES = 2.0e-15 (2.7e-08), CFL=0.032 (ELAPSED 00:00:02 )
-------------------------------------------------------------------------------------------------------------
	 #1 (1.5454e-04, 2.5846e-06): lin 13 (2.5e-11)
	 #2 (1.9775e-08, 3.3597e-02): lin 13 (4.7e-11)
-------------------------------------------------------------------------------------------------------------
 T = 60, DT = 2, NI = 2, LI = 26, RES = 6.6e-16 (2.3e-08), CFL=0.032 (ELAPSED 00:00:02 )
-------------------------------------------------------------------------------------------------------------
	 #1 (1.5311e-04, 2.5192e-06): lin 13 (2.5e-11)
	 #2 (9.1661e-08, 3.0921e-02): lin 13 (3.0e-11)
-------------------------------------------------------------------------------------------------------------
 T = 62, DT = 2, NI = 2, LI = 26, RES = 9.3e-15 (4.7e-08), CFL=0.032 (ELAPSED 00:00:02 )
-------------------------------------------------------------------------------------------------------------
	 #1 (1.5182e-04, 2.4015e-06): lin 13 (2.6e-11)
	 #2 (3.5044e-08, 2.9037e-02): lin 12 (3.2e-11)
-------------------------------------------------------------------------------------------------------------
 T = 64, DT = 2, NI = 2, LI = 25, RES = 1.9e-15 (4.2e-08), CFL=0.032 (ELAPSED 00:00:02 )
-------------------------------------------------------------------------------------------------------------
	 #1 (1.5066e-04, 2.4111e-06): lin 13 (2.6e-11)
	 #2 (7.2867e-08, 2.7598e-02): lin 13 (2.1e-11)
-------------------------------------------------------------------------------------------------------------
 T = 66, DT = 2, NI = 2, LI = 26, RES = 1.9e-14 (5.9e-08), CFL=0.032 (ELAPSED 00:00:02 )
-------------------------------------------------------------------------------------------------------------
	 #1 (1.4961e-04, 2.3834e-06): lin 13 (2.6e-11)
	 #2 (2.3657e-08, 2.5757e-02): lin 11 (6.4e-11)
-------------------------------------------------------------------------------------------------------------
 T = 68, DT = 2, NI = 2, LI = 24, RES = 1.2e-15 (4.3e-08), CFL=0.032 (ELAPSED 00:00:02 )
-------------------------------------------------------------------------------------------------------------
	 #1 (1.4867e-04, 2.3153e-06): lin 13 (2.6e-11)
	 #2 (8.1274e-08, 1.7529e-01): lin 13 (3.8e-11)
-------------------------------------------------------------------------------------------------------------
 T = 70, DT = 2, NI = 2, LI = 26, RES = 1.6e-14 (7.4e-09), CFL=0.032 (ELAPSED 00:00:02 )
-------------------------------------------------------------------------------------------------------------
	 #1 (1.4781e-04, 2.2207e-06): lin 13 (2.5e-11)
	 #2 (2.1750e-08, 6.2266e-03): lin 11 (5.9e-11)
-------------------------------------------------------------------------------------------------------------
 T = 72, DT = 2, NI = 2, LI = 24, RES = 1.2e-15 (1.5e-08), CFL=0.032 (ELAPSED 00:00:02 )
-------------------------------------------------------------------------------------------------------------
	 #1 (1.4702e-04, 2.1665e-06): lin 13 (2.4e-11)
	 #2 (1.8719e-07, 4.4113e-01): lin 13 (3.3e-11)
-------------------------------------------------------------------------------------------------------------
 T = 74, DT = 2, NI = 2, LI = 26, RES = 5.0e-14 (5.2e-08), CFL=0.032 (ELAPSED 00:00:02 )
-------------------------------------------------------------------------------------------------------------
	 #1 (1.4630e-04, 2.0654e-06): lin 13 (2.3e-11)
	 #2 (6.7824e-08, 1.2306e-01): lin 12 (3.7e-11)
-------------------------------------------------------------------------------------------------------------
 T = 76, DT = 2, NI = 2, LI = 25, RES = 1.1e-14 (4.5e-08), CFL=0.032 (ELAPSED 00:00:02 )
-------------------------------------------------------------------------------------------------------------
	 #1 (1.4565e-04, 2.1342e-06): lin 13 (2.3e-11)
	 #2 (1.8101e-08, 2.0712e-02): lin 13 (2.0e-11)
-------------------------------------------------------------------------------------------------------------
 T = 78, DT = 2, NI = 2, LI = 26, RES = 9.2e-16 (7.5e-10), CFL=0.032 (ELAPSED 00:00:02 )
-------------------------------------------------------------------------------------------------------------
	 #1 (1.4503e-04, 2.0334e-06): lin 13 (2.3e-11)
	 #2 (2.2417e-08, 1.9039e-02): lin 13 (3.7e-11)
-------------------------------------------------------------------------------------------------------------
 T = 80, DT = 2, NI = 2, LI = 26, RES = 7.0e-16 (3.4e-08), CFL=0.032 (ELAPSED 00:00:02 )
-------------------------------------------------------------------------------------------------------------
	 #1 (1.4448e-04, 2.0450e-06): lin 13 (2.3e-11)
	 #2 (1.8787e-08, 1.8706e-02): lin 11 (6.0e-11)
-------------------------------------------------------------------------------------------------------------
 T = 82, DT = 2, NI = 2, LI = 24, RES = 8.1e-16 (3.7e-09), CFL=0.032 (ELAPSED 00:00:02 )
-------------------------------------------------------------------------------------------------------------
	 #1 (1.4397e-04, 1.9433e-06): lin 13 (2.3e-11)
	 #2 (2.3918e-08, 1.7281e-02): lin 13 (2.9e-11)
-------------------------------------------------------------------------------------------------------------
 T = 84, DT = 2, NI = 2, LI = 26, RES = 7.8e-16 (2.9e-08), CFL=0.032 (ELAPSED 00:00:02 )
-------------------------------------------------------------------------------------------------------------
	 #1 (1.4351e-04, 1.9552e-06): lin 13 (2.5e-11)
	 #2 (1.1927e-07, 1.7041e-02): lin 12 (4.5e-11)
-------------------------------------------------------------------------------------------------------------
 T = 86, DT = 2, NI = 2, LI = 25, RES = 1.5e-14 (2.0e-08), CFL=0.031 (ELAPSED 00:00:02 )
-------------------------------------------------------------------------------------------------------------
	 #1 (1.4310e-04, 1.8910e-06): lin 13 (2.4e-11)
	 #2 (9.7399e-08, 1.5862e-02): lin 11 (7.3e-11)
-------------------------------------------------------------------------------------------------------------
 T = 88, DT = 2, NI = 2, LI = 24, RES = 3.1e-14 (8.1e-09), CFL=0.031 (ELAPSED 00:00:02 )
-------------------------------------------------------------------------------------------------------------
	 #1 (1.4272e-04, 1.8407e-06): lin 13 (2.3e-11)
	 #2 (1.9911e-08, 1.5591e-02): lin 11 (9.2e-11)
-------------------------------------------------------------------------------------------------------------
 T = 90, DT = 2, NI = 2, LI = 24, RES = 6.3e-16 (4.3e-08), CFL=0.031 (ELAPSED 00:00:02 )
-------------------------------------------------------------------------------------------------------------
	 #1 (1.4238e-04, 1.8475e-06): lin 13 (2.3e-11)
	 #2 (1.9385e-08, 1.4694e-02): lin 13 (9.4e-11)
-------------------------------------------------------------------------------------------------------------
 T = 92, DT = 2, NI = 2, LI = 26, RES = 6.3e-16 (5.6e-08), CFL=0.031 (ELAPSED 00:00:02 )
-------------------------------------------------------------------------------------------------------------
	 #1 (1.4206e-04, 1.8329e-06): lin 13 (2.4e-11)
	 #2 (1.8427e-08, 1.4292e-02): lin 13 (2.1e-11)
-------------------------------------------------------------------------------------------------------------
 T = 94, DT = 2, NI = 2, LI = 26, RES = 6.4e-16 (4.2e-08), CFL=0.031 (ELAPSED 00:00:02 )
-------------------------------------------------------------------------------------------------------------
	 #1 (1.4178e-04, 1.7093e-06): lin 13 (2.4e-11)
	 #2 (2.4972e-08, 1.3710e-02): lin 14 (2.7e-11)
-------------------------------------------------------------------------------------------------------------
 T = 96, DT = 2, NI = 2, LI = 27, RES = 8.6e-16 (2.0e-08), CFL=0.031 (ELAPSED 00:00:02 )
-------------------------------------------------------------------------------------------------------------
	 #1 (1.4152e-04, 1.6906e-06): lin 13 (8.9e-11)
	 #2 (1.9475e-08, 1.3277e-02): lin 13 (2.2e-11)
-------------------------------------------------------------------------------------------------------------
 T = 98, DT = 2, NI = 2, LI = 26, RES = 6.2e-16 (1.7e-08), CFL=0.031 (ELAPSED 00:00:02 )
-------------------------------------------------------------------------------------------------------------
	 #1 (1.4128e-04, 1.7131e-06): lin 13 (8.9e-11)
	 #2 (2.8993e-08, 1.3421e-02): lin 12 (8.2e-11)
-------------------------------------------------------------------------------------------------------------
 T = 100, DT = 2, NI = 2, LI = 25, RES = 1.1e-15 (9.0e-09), CFL=0.031 (ELAPSED 00:00:02 )
-------------------------------------------------------------------------------------------------------------
	 #1 (1.4106e-04, 1.6399e-06): lin 13 (8.9e-11)
	 #2 (3.8523e-08, 1.2507e-02): lin 13 (7.3e-11)
-------------------------------------------------------------------------------------------------------------
 T = 102, DT = 2, NI = 2, LI = 26, RES = 8.8e-16 (6.7e-10), CFL=0.031 (ELAPSED 00:00:02 )
-------------------------------------------------------------------------------------------------------------
	 #1 (1.4085e-04, 1.6340e-06): lin 13 (8.0e-11)
	 #2 (1.5577e-08, 1.2347e-02): lin 14 (2.9e-11)
-------------------------------------------------------------------------------------------------------------
 T = 104, DT = 2, NI = 2, LI = 27, RES = 1.1e-15 (2.9e-08), CFL=0.031 (ELAPSED 00:00:02 )
-------------------------------------------------------------------------------------------------------------
	 #1 (1.4067e-04, 1.6355e-06): lin 13 (7.3e-11)
	 #2 (3.5583e-08, 1.1835e-02): lin 13 (3.0e-11)
-------------------------------------------------------------------------------------------------------------
 T = 106, DT = 2, NI = 2, LI = 26, RES = 1.7e-14 (5.0e-08), CFL=0.031 (ELAPSED 00:00:02 )
-------------------------------------------------------------------------------------------------------------
	 #1 (1.4050e-04, 1.6246e-06): lin 12 (8.7e-11)
	 #2 (2.2561e-08, 1.1531e-02): lin 14 (1.7e-11)
-------------------------------------------------------------------------------------------------------------
 T = 108, DT = 2, NI = 2, LI = 26, RES = 2.7e-15 (3.2e-08), CFL=0.031 (ELAPSED 00:00:02 )
-------------------------------------------------------------------------------------------------------------
	 #1 (1.4034e-04, 1.5347e-06): lin 12 (6.2e-11)
	 #2 (2.6223e-08, 1.1750e-02): lin 13 (5.2e-11)
-------------------------------------------------------------------------------------------------------------
 T = 110, DT = 2, NI = 2, LI = 25, RES = 3.7e-10 (5.6e-09), CFL=0.031 (ELAPSED 00:00:02 )
-------------------------------------------------------------------------------------------------------------
	 #1 (1.4019e-04, 1.5312e-06): lin 12 (5.8e-11)
	 #2 (2.7433e-08, 1.0999e-02): lin 13 (6.3e-11)
-------------------------------------------------------------------------------------------------------------
 T = 112, DT = 2, NI = 2, LI = 25, RES = 3.1e-15 (8.9e-09), CFL=0.031 (ELAPSED 00:00:02 )
-------------------------------------------------------------------------------------------------------------
	 #1 (1.4006e-04, 1.5214e-06): lin 12 (3.9e-11)
	 #2 (1.8976e-08, 1.0807e-02): lin 12 (3.4e-11)
-------------------------------------------------------------------------------------------------------------
 T = 114, DT = 2, NI = 2, LI = 24, RES = 6.3e-16 (5.5e-08), CFL=0.031 (ELAPSED 00:00:02 )
-------------------------------------------------------------------------------------------------------------
	 #1 (1.3993e-04, 1.5510e-06): lin 12 (3.9e-11)
	 #2 (1.4641e-08, 1.0552e-02): lin 12 (4.5e-11)
-------------------------------------------------------------------------------------------------------------
 T = 116, DT = 2, NI = 2, LI = 24, RES = 5.8e-16 (4.6e-08), CFL=0.031 (ELAPSED 00:00:02 )
-------------------------------------------------------------------------------------------------------------
	 #1 (1.3982e-04, 1.4182e-06): lin 12 (3.9e-11)
	 #2 (4.0854e-08, 1.0344e-02): lin 12 (2.2e-11)
-------------------------------------------------------------------------------------------------------------
 T = 118, DT = 2, NI = 2, LI = 24, RES = 2.8e-15 (4.8e-08), CFL=0.031 (ELAPSED 00:00:02 )
-------------------------------------------------------------------------------------------------------------
	 #1 (1.3971e-04, 1.4096e-06): lin 12 (3.9e-11)
	 #2 (5.6541e-08, 1.0371e-02): lin 12 (1.6e-11)
-------------------------------------------------------------------------------------------------------------
 T = 120, DT = 2, NI = 2, LI = 24, RES = 1.3e-14 (2.5e-08), CFL=0.031 (ELAPSED 00:00:02 )
-------------------------------------------------------------------------------------------------------------
	 #1 (1.3961e-04, 1.4576e-06): lin 12 (3.9e-11)
	 #2 (4.6426e-08, 9.9679e-03): lin 12 (1.9e-11)
-------------------------------------------------------------------------------------------------------------
 T = 122, DT = 2, NI = 2, LI = 24, RES = 4.4e-15 (1.3e-08), CFL=0.031 (ELAPSED 00:00:02 )
-------------------------------------------------------------------------------------------------------------
	 #1 (1.3951e-04, 1.3967e-06): lin 12 (3.9e-11)
	 #2 (7.2875e-08, 9.7966e-03): lin 11 (8.0e-11)
-------------------------------------------------------------------------------------------------------------
 T = 124, DT = 2, NI = 2, LI = 23, RES = 1.7e-14 (5.8e-08), CFL=0.031 (ELAPSED 00:00:02 )
-------------------------------------------------------------------------------------------------------------
	 #1 (1.3942e-04, 1.3462e-06): lin 12 (3.9e-11)
	 #2 (1.7017e-08, 1.0010e-02): lin 12 (3.5e-11)
-------------------------------------------------------------------------------------------------------------
 T = 126, DT = 2, NI = 2, LI = 24, RES = 5.7e-16 (4.0e-08), CFL=0.031 (ELAPSED 00:00:02 )
-------------------------------------------------------------------------------------------------------------
	 #1 (1.3934e-04, 1.4135e-06): lin 12 (3.8e-11)
	 #2 (1.6851e-08, 9.4868e-03): lin 12 (3.7e-11)
-------------------------------------------------------------------------------------------------------------
 T = 128, DT = 2, NI = 2, LI = 24, RES = 5.6e-16 (3.1e-08), CFL=0.031 (ELAPSED 00:00:02 )
-------------------------------------------------------------------------------------------------------------
	 #1 (1.3926e-04, 1.3890e-06): lin 12 (3.8e-11)
	 #2 (3.6822e-08, 9.3469e-03): lin 12 (2.6e-11)
-------------------------------------------------------------------------------------------------------------
 T = 130, DT = 2, NI = 2, LI = 24, RES = 1.3e-15 (3.7e-08), CFL=0.031 (ELAPSED 00:00:02 )
-------------------------------------------------------------------------------------------------------------
	 #1 (1.3919e-04, 1.3898e-06): lin 12 (3.8e-11)
	 #2 (2.4227e-08, 9.7081e-03): lin 12 (3.1e-11)
-------------------------------------------------------------------------------------------------------------
 T = 132, DT = 2, NI = 2, LI = 24, RES = 1.2e-15 (2.8e-08), CFL=0.031 (ELAPSED 00:00:02 )
-------------------------------------------------------------------------------------------------------------
	 #1 (1.3912e-04, 1.2951e-06): lin 12 (3.7e-11)
	 #2 (5.6799e-08, 9.1302e-03): lin 11 (6.2e-11)
-------------------------------------------------------------------------------------------------------------
 T = 134, DT = 2, NI = 2, LI = 23, RES = 1.1e-14 (3.3e-09), CFL=0.031 (ELAPSED 00:00:02 )
-------------------------------------------------------------------------------------------------------------
	 #1 (1.3905e-04, 1.3109e-06): lin 13 (3.0e-11)
	 #2 (9.3612e-08, 9.0248e-03): lin 11 (4.9e-11)
-------------------------------------------------------------------------------------------------------------
 T = 136, DT = 2, NI = 2, LI = 24, RES = 1.5e-14 (2.4e-08), CFL=0.031 (ELAPSED 00:00:03 )
-------------------------------------------------------------------------------------------------------------
	 #1 (1.3899e-04, 1.3348e-06): lin 13 (3.0e-11)
	 #2 (3.5473e-08, 9.5079e-03): lin 12 (2.3e-11)
-------------------------------------------------------------------------------------------------------------
 T = 138, DT = 2, NI = 2, LI = 25, RES = 5.0e-15 (3.9e-08), CFL=0.031 (ELAPSED 00:00:03 )
-------------------------------------------------------------------------------------------------------------
	 #1 (1.3892e-04, 1.3243e-06): lin 13 (3.0e-11)
	 #2 (4.6262e-08, 8.8868e-03): lin 11 (3.3e-11)
-------------------------------------------------------------------------------------------------------------
 T = 140, DT = 2, NI = 2, LI = 24, RES = 4.3e-15 (1.1e-08), CFL=0.031 (ELAPSED 00:00:03 )
-------------------------------------------------------------------------------------------------------------
	 #1 (1.3887e-04, 1.2706e-06): lin 13 (3.0e-11)
	 #2 (7.6260e-08, 8.8217e-03): lin 11 (2.0e-11)
-------------------------------------------------------------------------------------------------------------
 T = 142, DT = 2, NI = 2, LI = 24, RES = 1.4e-14 (4.7e-08), CFL=0.031 (ELAPSED 00:00:03 )
-------------------------------------------------------------------------------------------------------------
	 #1 (1.3881e-04, 1.3396e-06): lin 13 (3.0e-11)
	 #2 (4.1361e-08, 9.3745e-03): lin 11 (6.0e-11)
-------------------------------------------------------------------------------------------------------------
 T = 144, DT = 2, NI = 2, LI = 24, RES = 5.0e-15 (4.4e-09), CFL=0.031 (ELAPSED 00:00:03 )
-------------------------------------------------------------------------------------------------------------
	 #1 (1.3876e-04, 1.2793e-06): lin 13 (3.0e-11)
	 #2 (1.9295e-08, 8.7123e-03): lin 12 (3.8e-11)
-------------------------------------------------------------------------------------------------------------
 T = 146, DT = 2, NI = 2, LI = 25, RES = 6.4e-16 (2.7e-09), CFL=0.031 (ELAPSED 00:00:03 )
-------------------------------------------------------------------------------------------------------------
	 #1 (1.3870e-04, 1.2836e-06): lin 13 (3.0e-11)
	 #2 (1.3138e-07, 8.6456e-03): lin 13 (5.4e-11)
-------------------------------------------------------------------------------------------------------------
 T = 148, DT = 2, NI = 2, LI = 26, RES = 7.5e-14 (1.2e-08), CFL=0.031 (ELAPSED 00:00:03 )
-------------------------------------------------------------------------------------------------------------
	 #1 (1.3865e-04, 1.2781e-06): lin 13 (3.9e-11)
	 #2 (2.0674e-08, 8.5900e-03): lin 13 (5.3e-11)
-------------------------------------------------------------------------------------------------------------
 T = 150, DT = 2, NI = 2, LI = 26, RES = 1.5e-15 (5.9e-08), CFL=0.031 (ELAPSED 00:00:03 )
-------------------------------------------------------------------------------------------------------------
	 #1 (1.3860e-04, 1.2104e-06): lin 13 (3.8e-11)
	 #2 (3.8226e-08, 8.5260e-03): lin 13 (4.1e-11)
-------------------------------------------------------------------------------------------------------------
 T = 152, DT = 2, NI = 2, LI = 26, RES = 3.8e-15 (5.2e-08), CFL=0.031 (ELAPSED 00:00:03 )
-------------------------------------------------------------------------------------------------------------
	 #1 (1.3856e-04, 1.2277e-06): lin 13 (3.7e-11)
	 #2 (5.5235e-08, 8.4568e-03): lin 13 (4.0e-11)
-------------------------------------------------------------------------------------------------------------
 T = 154, DT = 2, NI = 2, LI = 26, RES = 5.1e-12 (4.2e-08), CFL=0.031 (ELAPSED 00:00:03 )
-------------------------------------------------------------------------------------------------------------
	 #1 (1.3851e-04, 1.2447e-06): lin 13 (3.6e-11)
	 #2 (6.6273e-08, 8.3970e-03): lin 13 (2.5e-11)
-------------------------------------------------------------------------------------------------------------
 T = 156, DT = 2, NI = 2, LI = 26, RES = 3.4e-13 (3.8e-08), CFL=0.031 (ELAPSED 00:00:03 )
-------------------------------------------------------------------------------------------------------------
	 #1 (1.3847e-04, 1.2272e-06): lin 13 (3.6e-11)
	 #2 (6.0766e-08, 8.3366e-03): lin 13 (3.5e-11)
-------------------------------------------------------------------------------------------------------------
 T = 158, DT = 2, NI = 2, LI = 26, RES = 1.8e-14 (2.3e-09), CFL=0.031 (ELAPSED 00:00:03 )
-------------------------------------------------------------------------------------------------------------
	 #1 (1.3842e-04, 1.2728e-06): lin 13 (3.6e-11)
	 #2 (5.4300e-08, 8.2748e-03): lin 13 (3.7e-11)
-------------------------------------------------------------------------------------------------------------
 T = 160, DT = 2, NI = 2, LI = 26, RES = 3.3e-12 (1.8e-09), CFL=0.031 (ELAPSED 00:00:03 )
-------------------------------------------------------------------------------------------------------------
	 #1 (1.3838e-04, 1.2850e-06): lin 13 (3.6e-11)
	 #2 (2.7178e-08, 8.2181e-03): lin 13 (2.5e-11)
-------------------------------------------------------------------------------------------------------------
 T = 162, DT = 2, NI = 2, LI = 26, RES = 7.7e-16 (5.5e-08), CFL=0.031 (ELAPSED 00:00:03 )
-------------------------------------------------------------------------------------------------------------
	 #1 (1.3834e-04, 1.3155e-06): lin 13 (3.6e-11)
	 #2 (1.8915e-08, 8.1663e-03): lin 13 (4.3e-11)
-------------------------------------------------------------------------------------------------------------
 T = 164, DT = 2, NI = 2, LI = 26, RES = 1.2e-15 (1.5e-08), CFL=0.031 (ELAPSED 00:00:03 )
-------------------------------------------------------------------------------------------------------------
	 #1 (1.3830e-04, 1.2559e-06): lin 13 (3.6e-11)
	 #2 (2.1725e-08, 8.1144e-03): lin 13 (3.9e-11)
-------------------------------------------------------------------------------------------------------------
 T = 166, DT = 2, NI = 2, LI = 26, RES = 1.3e-15 (5.1e-08), CFL=0.031 (ELAPSED 00:00:03 )
-------------------------------------------------------------------------------------------------------------
	 #1 (1.3826e-04, 1.3314e-06): lin 13 (3.6e-11)
	 #2 (1.9030e-08, 8.6786e-03): lin 13 (4.3e-11)
-------------------------------------------------------------------------------------------------------------
 T = 168, DT = 2, NI = 2, LI = 26, RES = 1.1e-15 (4.6e-08), CFL=0.031 (ELAPSED 00:00:03 )
-------------------------------------------------------------------------------------------------------------
	 #1 (1.3822e-04, 1.2123e-06): lin 13 (3.6e-11)
	 #2 (2.0430e-08, 8.0157e-03): lin 15 (3.8e-11)
-------------------------------------------------------------------------------------------------------------
 T = 170, DT = 2, NI = 2, LI = 28, RES = 1.6e-15 (3.5e-09), CFL=0.031 (ELAPSED 00:00:03 )
-------------------------------------------------------------------------------------------------------------
	 #1 (1.3818e-04, 1.2650e-06): lin 15 (1.9e-11)
	 #2 (5.6079e-08, 7.9692e-03): lin 13 (7.2e-11)
-------------------------------------------------------------------------------------------------------------
 T = 172, DT = 2, NI = 2, LI = 28, RES = 9.6e-15 (1.7e-08), CFL=0.031 (ELAPSED 00:00:03 )
-------------------------------------------------------------------------------------------------------------
	 #1 (1.3815e-04, 1.2954e-06): lin 15 (2.5e-11)
	 #2 (7.6574e-08, 8.4939e-03): lin 14 (5.5e-11)
-------------------------------------------------------------------------------------------------------------
 T = 174, DT = 2, NI = 2, LI = 29, RES = 1.4e-13 (4.1e-08), CFL=0.031 (ELAPSED 00:00:03 )
-------------------------------------------------------------------------------------------------------------
	 #1 (1.3811e-04, 1.2179e-06): lin 15 (3.0e-11)
	 #2 (7.4253e-08, 7.8817e-03): lin 15 (9.8e-11)
-------------------------------------------------------------------------------------------------------------
 T = 176, DT = 2, NI = 2, LI = 30, RES = 1.4e-13 (3.5e-08), CFL=0.031 (ELAPSED 00:00:03 )
-------------------------------------------------------------------------------------------------------------
	 #1 (1.3808e-04, 1.3015e-06): lin 16 (4.9e-11)
	 #2 (4.7264e-08, 7.8460e-03): lin 14 (3.7e-11)
-------------------------------------------------------------------------------------------------------------
 T = 178, DT = 2, NI = 2, LI = 30, RES = 3.4e-11 (7.0e-09), CFL=0.031 (ELAPSED 00:00:03 )
-------------------------------------------------------------------------------------------------------------
	 #1 (1.3804e-04, 1.2697e-06): lin 14 (9.7e-11)
	 #2 (1.0517e-07, 2.5133e-01): lin 14 (5.1e-11)
-------------------------------------------------------------------------------------------------------------
 T = 180, DT = 2, NI = 2, LI = 28, RES = 1.4e-14 (3.7e-08), CFL=0.031 (ELAPSED 00:00:03 )
-------------------------------------------------------------------------------------------------------------
	 #1 (1.3800e-04, 1.2208e-06): lin 15 (1.7e-11)
	 #2 (1.4358e-08, 5.2649e-04): lin 14 (3.9e-11)
-------------------------------------------------------------------------------------------------------------
 T = 182, DT = 2, NI = 2, LI = 29, RES = 6.2e-16 (6.1e-08), CFL=0.031 (ELAPSED 00:00:03 )
-------------------------------------------------------------------------------------------------------------
	 #1 (1.3796e-04, 1.3190e-06): lin 15 (1.9e-11)
	 #2 (2.2693e-08, 6.6529e-04): lin 15 (4.3e-11)
-------------------------------------------------------------------------------------------------------------
 T = 184, DT = 2, NI = 2, LI = 30, RES = 4.9e-11 (5.3e-08), CFL=0.031 (ELAPSED 00:00:03 )
-------------------------------------------------------------------------------------------------------------
	 #1 (1.3793e-04, 1.2128e-06): lin 15 (2.6e-11)
	 #2 (4.0252e-08, 8.9179e-02): lin 14 (2.7e-11)
-------------------------------------------------------------------------------------------------------------
 T = 186, DT = 2, NI = 2, LI = 29, RES = 2.4e-15 (3.7e-09), CFL=0.031 (ELAPSED 00:00:03 )
-------------------------------------------------------------------------------------------------------------
	 #1 (1.3789e-04, 1.2536e-06): lin 14 (1.8e-11)
	 #2 (7.4176e-08, 2.8655e-04): lin 13 (1.0e-10)
-------------------------------------------------------------------------------------------------------------
 T = 188, DT = 2, NI = 2, LI = 27, RES = 3.3e-13 (1.6e-08), CFL=0.031 (ELAPSED 00:00:03 )
-------------------------------------------------------------------------------------------------------------
	 #1 (1.3784e-04, 1.2309e-06): lin 14 (1.8e-11)
	 #2 (2.0012e-07, 4.1266e-01): lin 14 (1.7e-11)
-------------------------------------------------------------------------------------------------------------
 T = 190, DT = 2, NI = 2, LI = 28, RES = 4.9e-11 (1.3e-07), CFL=0.031 (ELAPSED 00:00:03 )
-------------------------------------------------------------------------------------------------------------
	 #1 (1.3780e-04, 1.1133e-06): lin 14 (1.8e-11)
	 #2 (1.3728e-08, 7.8025e-03): lin 14 (2.2e-11)
-------------------------------------------------------------------------------------------------------------
 T = 192, DT = 2, NI = 2, LI = 28, RES = 5.3e-16 (3.1e-08), CFL=0.031 (ELAPSED 00:00:03 )
-------------------------------------------------------------------------------------------------------------
	 #1 (1.3775e-04, 1.2625e-06): lin 14 (1.6e-11)
	 #2 (1.4312e-08, 7.5515e-03): lin 14 (2.2e-11)
-------------------------------------------------------------------------------------------------------------
 T = 194, DT = 2, NI = 2, LI = 28, RES = 7.3e-16 (4.5e-08), CFL=0.031 (ELAPSED 00:00:03 )
-------------------------------------------------------------------------------------------------------------
	 #1 (1.3770e-04, 1.2674e-06): lin 14 (1.6e-11)
	 #2 (3.1674e-08, 7.4900e-03): lin 14 (1.8e-11)
-------------------------------------------------------------------------------------------------------------
 T = 196, DT = 2, NI = 2, LI = 28, RES = 2.0e-15 (5.3e-08), CFL=0.031 (ELAPSED 00:00:03 )
-------------------------------------------------------------------------------------------------------------
	 #1 (1.3765e-04, 1.2830e-06): lin 14 (1.6e-11)
	 #2 (3.8269e-08, 7.5026e-03): lin 14 (7.2e-11)
-------------------------------------------------------------------------------------------------------------
 T = 198, DT = 2, NI = 2, LI = 28, RES = 1.7e-11 (3.4e-08), CFL=0.031 (ELAPSED 00:00:03 )
-------------------------------------------------------------------------------------------------------------
	 #1 (1.3761e-04, 1.2635e-06): lin 13 (9.9e-11)
	 #2 (2.6535e-08, 7.3892e-03): lin 13 (9.3e-11)
-------------------------------------------------------------------------------------------------------------
 T = 200, DT = 2, NI = 2, LI = 26, RES = 1.3e-15 (1.9e-08), CFL=0.031 (ELAPSED 00:00:03 )
-------------------------------------------------------------------------------------------------------------
	 #1 (1.3756e-04, 1.2343e-06): lin 13 (1.0e-10)
	 #2 (7.4394e-08, 7.3455e-03): lin 13 (5.6e-11)
-------------------------------------------------------------------------------------------------------------
 T = 202, DT = 2, NI = 2, LI = 26, RES = 1.3e-14 (5.5e-08), CFL=0.031 (ELAPSED 00:00:03 )
-------------------------------------------------------------------------------------------------------------
	 #1 (1.3751e-04, 1.1696e-06): lin 13 (1.0e-10)
	 #2 (4.9514e-08, 7.3077e-03): lin 14 (2.2e-11)
-------------------------------------------------------------------------------------------------------------
 T = 204, DT = 2, NI = 2, LI = 27, RES = 1.7e-14 (2.4e-08), CFL=0.031 (ELAPSED 00:00:03 )
-------------------------------------------------------------------------------------------------------------
	 #1 (1.3747e-04, 1.2081e-06): lin 13 (7.2e-11)
	 #2 (2.1462e-08, 7.2734e-03): lin 14 (2.2e-11)
-------------------------------------------------------------------------------------------------------------
 T = 206, DT = 2, NI = 2, LI = 27, RES = 1.2e-15 (6.1e-08), CFL=0.031 (ELAPSED 00:00:03 )
-------------------------------------------------------------------------------------------------------------
	 #1 (1.3743e-04, 1.1506e-06): lin 13 (4.9e-11)
	 #2 (2.2463e-08, 7.2407e-03): lin 12 (5.5e-11)
-------------------------------------------------------------------------------------------------------------
 T = 208, DT = 2, NI = 2, LI = 25, RES = 5.5e-16 (2.9e-08), CFL=0.031 (ELAPSED 00:00:03 )
-------------------------------------------------------------------------------------------------------------
	 #1 (1.3738e-04, 1.2503e-06): lin 12 (9.5e-11)
	 #2 (3.7316e-08, 7.2167e-03): lin 13 (6.6e-11)
-------------------------------------------------------------------------------------------------------------
 T = 210, DT = 2, NI = 2, LI = 25, RES = 1.6e-11 (1.4e-09), CFL=0.031 (ELAPSED 00:00:04 )
-------------------------------------------------------------------------------------------------------------
	 #1 (1.3734e-04, 1.2301e-06): lin 12 (9.1e-11)
	 #2 (1.5840e-08, 7.4903e-03): lin 13 (3.3e-11)
-------------------------------------------------------------------------------------------------------------
 T = 212, DT = 2, NI = 2, LI = 25, RES = 8.4e-11 (3.3e-08), CFL=0.031 (ELAPSED 00:00:04 )
-------------------------------------------------------------------------------------------------------------
	 #1 (1.3729e-04, 1.2517e-06): lin 12 (7.0e-11)
	 #2 (2.7308e-08, 7.1513e-03): lin 13 (3.8e-11)
-------------------------------------------------------------------------------------------------------------
 T = 214, DT = 2, NI = 2, LI = 25, RES = 1.5e-11 (3.4e-08), CFL=0.031 (ELAPSED 00:00:04 )
-------------------------------------------------------------------------------------------------------------
	 #1 (1.3725e-04, 1.2547e-06): lin 12 (5.8e-11)
	 #2 (1.6469e-08, 7.1245e-03): lin 13 (2.9e-11)
-------------------------------------------------------------------------------------------------------------
 T = 216, DT = 2, NI = 2, LI = 25, RES = 6.0e-16 (9.7e-09), CFL=0.031 (ELAPSED 00:00:04 )
-------------------------------------------------------------------------------------------------------------
	 #1 (1.3721e-04, 1.2207e-06): lin 12 (4.6e-11)
	 #2 (1.7281e-08, 7.2580e-03): lin 12 (3.2e-11)
-------------------------------------------------------------------------------------------------------------
 T = 218, DT = 2, NI = 2, LI = 24, RES = 5.2e-16 (1.6e-08), CFL=0.031 (ELAPSED 00:00:04 )
-------------------------------------------------------------------------------------------------------------
	 #1 (1.3717e-04, 1.2425e-06): lin 12 (4.6e-11)
	 #2 (2.3434e-08, 7.0761e-03): lin 12 (4.6e-11)
-------------------------------------------------------------------------------------------------------------
 T = 220, DT = 2, NI = 2, LI = 24, RES = 6.1e-16 (3.9e-08), CFL=0.031 (ELAPSED 00:00:04 )
-------------------------------------------------------------------------------------------------------------
	 #1 (1.3713e-04, 1.2585e-06): lin 12 (4.5e-11)
	 #2 (1.5859e-08, 7.0525e-03): lin 12 (4.0e-11)
-------------------------------------------------------------------------------------------------------------
 T = 222, DT = 2, NI = 2, LI = 24, RES = 6.0e-16 (5.3e-08), CFL=0.031 (ELAPSED 00:00:04 )
-------------------------------------------------------------------------------------------------------------
	 #1 (1.3709e-04, 1.1763e-06): lin 12 (4.2e-11)
	 #2 (1.6702e-08, 7.0262e-03): lin 12 (4.3e-11)
-------------------------------------------------------------------------------------------------------------
 T = 224, DT = 2, NI = 2, LI = 24, RES = 6.5e-16 (2.8e-08), CFL=0.031 (ELAPSED 00:00:04 )
-------------------------------------------------------------------------------------------------------------
	 #1 (1.3704e-04, 1.2073e-06): lin 12 (4.3e-11)
	 #2 (5.3916e-08, 7.0074e-03): lin 12 (3.3e-11)
-------------------------------------------------------------------------------------------------------------
 T = 226, DT = 2, NI = 2, LI = 24, RES = 4.1e-15 (5.8e-08), CFL=0.031 (ELAPSED 00:00:04 )
-------------------------------------------------------------------------------------------------------------
	 #1 (1.3700e-04, 1.2757e-06): lin 12 (4.4e-11)
	 #2 (1.9940e-08, 6.9836e-03): lin 12 (2.3e-11)
-------------------------------------------------------------------------------------------------------------
 T = 228, DT = 2, NI = 2, LI = 24, RES = 4.8e-15 (2.6e-09), CFL=0.031 (ELAPSED 00:00:04 )
-------------------------------------------------------------------------------------------------------------
	 #1 (1.3696e-04, 1.2306e-06): lin 12 (3.9e-11)
	 #2 (2.1801e-08, 6.9649e-03): lin 12 (5.2e-11)
-------------------------------------------------------------------------------------------------------------
 T = 230, DT = 2, NI = 2, LI = 24, RES = 1.3e-15 (5.2e-08), CFL=0.031 (ELAPSED 00:00:04 )
-------------------------------------------------------------------------------------------------------------
	 #1 (1.3692e-04, 1.1863e-06): lin 12 (4.3e-11)
	 #2 (2.1393e-08, 7.3129e-03): lin 12 (6.4e-11)
-------------------------------------------------------------------------------------------------------------
 T = 232, DT = 2, NI = 2, LI = 24, RES = 1.9e-14 (6.1e-08), CFL=0.031 (ELAPSED 00:00:04 )
-------------------------------------------------------------------------------------------------------------
	 #1 (1.3688e-04, 1.1625e-06): lin 12 (4.8e-11)
	 #2 (1.5181e-08, 6.9297e-03): lin 12 (2.5e-11)
-------------------------------------------------------------------------------------------------------------
 T = 234, DT = 2, NI = 2, LI = 24, RES = 6.0e-16 (1.7e-08), CFL=0.031 (ELAPSED 00:00:04 )
-------------------------------------------------------------------------------------------------------------
	 #1 (1.3685e-04, 1.2107e-06): lin 12 (4.6e-11)
	 #2 (1.5168e-08, 6.9193e-03): lin 12 (6.6e-11)
-------------------------------------------------------------------------------------------------------------
 T = 236, DT = 2, NI = 2, LI = 24, RES = 6.4e-16 (5.5e-08), CFL=0.031 (ELAPSED 00:00:04 )
-------------------------------------------------------------------------------------------------------------
	 #1 (1.3681e-04, 1.1836e-06): lin 12 (4.9e-11)
	 #2 (3.5688e-08, 7.0904e-03): lin 12 (3.6e-11)
-------------------------------------------------------------------------------------------------------------
 T = 238, DT = 2, NI = 2, LI = 24, RES = 2.2e-15 (1.5e-08), CFL=0.031 (ELAPSED 00:00:04 )
-------------------------------------------------------------------------------------------------------------
	 #1 (1.3677e-04, 1.2198e-06): lin 12 (2.0e-11)
	 #2 (3.9137e-08, 6.8914e-03): lin 12 (3.4e-11)
-------------------------------------------------------------------------------------------------------------
 T = 240, DT = 2, NI = 2, LI = 24, RES = 6.8e-15 (2.2e-08), CFL=0.031 (ELAPSED 00:00:04 )
-------------------------------------------------------------------------------------------------------------
	 #1 (1.3673e-04, 1.2508e-06): lin 12 (2.2e-11)
	 #2 (3.7092e-08, 6.8818e-03): lin 12 (2.4e-11)
-------------------------------------------------------------------------------------------------------------
 T = 242, DT = 2, NI = 2, LI = 24, RES = 1.2e-14 (7.2e-09), CFL=0.031 (ELAPSED 00:00:04 )
-------------------------------------------------------------------------------------------------------------
	 #1 (1.3669e-04, 1.2468e-06): lin 12 (2.4e-11)
	 #2 (4.4754e-08, 6.8626e-03): lin 12 (2.4e-11)
-------------------------------------------------------------------------------------------------------------
 T = 244, DT = 2, NI = 2, LI = 24, RES = 4.0e-15 (8.8e-09), CFL=0.031 (ELAPSED 00:00:04 )
-------------------------------------------------------------------------------------------------------------
	 #1 (1.3665e-04, 1.2557e-06): lin 12 (3.1e-11)
	 #2 (6.5415e-08, 6.8502e-03): lin 12 (2.3e-11)
-------------------------------------------------------------------------------------------------------------
 T = 246, DT = 2, NI = 2, LI = 24, RES = 1.5e-14 (2.2e-08), CFL=0.031 (ELAPSED 00:00:04 )
-------------------------------------------------------------------------------------------------------------
	 #1 (1.3662e-04, 1.2080e-06): lin 12 (3.1e-11)
	 #2 (4.6946e-08, 6.8371e-03): lin 12 (4.5e-11)
-------------------------------------------------------------------------------------------------------------
 T = 248, DT = 2, NI = 2, LI = 24, RES = 2.1e-14 (5.2e-08), CFL=0.031 (ELAPSED 00:00:04 )
-------------------------------------------------------------------------------------------------------------
	 #1 (1.3658e-04, 1.2929e-06): lin 12 (6.1e-11)
	 #2 (1.9140e-08, 6.8241e-03): lin 12 (7.0e-11)
-------------------------------------------------------------------------------------------------------------
 T = 250, DT = 2, NI = 2, LI = 24, RES = 5.9e-16 (5.7e-08), CFL=0.031 (ELAPSED 00:00:04 )
-------------------------------------------------------------------------------------------------------------
	 #1 (1.3654e-04, 1.3074e-06): lin 12 (5.5e-11)
	 #2 (2.7204e-08, 7.1825e-03): lin 12 (4.1e-11)
-------------------------------------------------------------------------------------------------------------
 T = 252, DT = 2, NI = 2, LI = 24, RES = 1.8e-15 (3.3e-08), CFL=0.031 (ELAPSED 00:00:04 )
-------------------------------------------------------------------------------------------------------------
	 #1 (1.3650e-04, 1.2055e-06): lin 12 (2.1e-11)
	 #2 (1.5207e-08, 6.8078e-03): lin 12 (5.0e-11)
-------------------------------------------------------------------------------------------------------------
 T = 254, DT = 2, NI = 2, LI = 24, RES = 5.4e-16 (1.7e-08), CFL=0.031 (ELAPSED 00:00:04 )
-------------------------------------------------------------------------------------------------------------
	 #1 (1.3647e-04, 1.2594e-06): lin 12 (2.0e-11)
	 #2 (5.2887e-08, 6.7991e-03): lin 12 (3.8e-11)
-------------------------------------------------------------------------------------------------------------
 T = 256, DT = 2, NI = 2, LI = 24, RES = 5.1e-15 (8.2e-09), CFL=0.031 (ELAPSED 00:00:04 )
-------------------------------------------------------------------------------------------------------------
	 #1 (1.3643e-04, 1.2451e-06): lin 12 (2.0e-11)
	 #2 (7.6866e-08, 6.9813e-03): lin 12 (2.1e-11)
-------------------------------------------------------------------------------------------------------------
 T = 258, DT = 2, NI = 2, LI = 24, RES = 1.8e-14 (2.1e-08), CFL=0.031 (ELAPSED 00:00:04 )
-------------------------------------------------------------------------------------------------------------
	 #1 (1.3640e-04, 1.2318e-06): lin 12 (1.9e-11)
	 #2 (1.5708e-08, 6.8196e-03): lin 12 (6.8e-11)
-------------------------------------------------------------------------------------------------------------
 T = 260, DT = 2, NI = 2, LI = 24, RES = 5.8e-16 (2.6e-09), CFL=0.031 (ELAPSED 00:00:04 )
-------------------------------------------------------------------------------------------------------------
	 #1 (1.3636e-04, 1.2499e-06): lin 12 (2.0e-11)
	 #2 (7.3601e-08, 6.8194e-03): lin 12 (5.4e-11)
-------------------------------------------------------------------------------------------------------------
 T = 262, DT = 2, NI = 2, LI = 24, RES = 2.7e-15 (6.6e-09), CFL=0.031 (ELAPSED 00:00:04 )
-------------------------------------------------------------------------------------------------------------
	 #1 (1.3632e-04, 1.2665e-06): lin 12 (2.6e-11)
	 #2 (3.6824e-08, 6.8255e-03): lin 12 (5.1e-11)
-------------------------------------------------------------------------------------------------------------
 T = 264, DT = 2, NI = 2, LI = 24, RES = 3.4e-15 (5.7e-08), CFL=0.031 (ELAPSED 00:00:04 )
-------------------------------------------------------------------------------------------------------------
	 #1 (1.3629e-04, 1.2131e-06): lin 12 (2.7e-11)
	 #2 (5.0797e-08, 6.8549e-03): lin 12 (2.7e-11)
-------------------------------------------------------------------------------------------------------------
 T = 266, DT = 2, NI = 2, LI = 24, RES = 6.1e-15 (4.1e-09), CFL=0.031 (ELAPSED 00:00:04 )
-------------------------------------------------------------------------------------------------------------
	 #1 (1.3625e-04, 1.2514e-06): lin 12 (2.7e-11)
	 #2 (2.3900e-08, 6.8813e-03): lin 12 (1.7e-11)
-------------------------------------------------------------------------------------------------------------
 T = 268, DT = 2, NI = 2, LI = 24, RES = 7.1e-16 (3.7e-08), CFL=0.031 (ELAPSED 00:00:04 )
-------------------------------------------------------------------------------------------------------------
	 #1 (1.3622e-04, 1.2318e-06): lin 11 (9.4e-11)
	 #2 (1.9099e-08, 6.8979e-03): lin 12 (1.8e-11)
-------------------------------------------------------------------------------------------------------------
 T = 270, DT = 2, NI = 2, LI = 23, RES = 4.9e-16 (3.4e-08), CFL=0.031 (ELAPSED 00:00:04 )
-------------------------------------------------------------------------------------------------------------
	 #1 (1.3618e-04, 1.2476e-06): lin 11 (9.8e-11)
	 #2 (3.7965e-08, 7.2927e-03): lin 12 (2.1e-11)
-------------------------------------------------------------------------------------------------------------
 T = 272, DT = 2, NI = 2, LI = 23, RES = 6.4e-15 (4.4e-08), CFL=0.031 (ELAPSED 00:00:04 )
-------------------------------------------------------------------------------------------------------------
	 #1 (1.3615e-04, 1.2259e-06): lin 12 (1.3e-11)
	 #2 (2.8769e-07, 6.9063e-03): lin 11 (3.8e-11)
-------------------------------------------------------------------------------------------------------------
 T = 274, DT = 2, NI = 2, LI = 23, RES = 3.7e-13 (3.4e-09), CFL=0.031 (ELAPSED 00:00:04 )
-------------------------------------------------------------------------------------------------------------
	 #1 (1.3611e-04, 1.2783e-06): lin 11 (1.6e-11)
	 #2 (4.8575e-08, 6.9145e-03): lin 11 (2.8e-11)
-------------------------------------------------------------------------------------------------------------
 T = 276, DT = 2, NI = 2, LI = 22, RES = 4.4e-15 (1.1e-09), CFL=0.031 (ELAPSED 00:00:04 )
-------------------------------------------------------------------------------------------------------------
	 #1 (1.3608e-04, 1.2883e-06): lin 11 (1.4e-11)
	 #2 (4.3484e-08, 7.1024e-03): lin 11 (1.4e-11)
-------------------------------------------------------------------------------------------------------------
 T = 278, DT = 2, NI = 2, LI = 22, RES = 9.8e-15 (5.9e-08), CFL=0.031 (ELAPSED 00:00:04 )
-------------------------------------------------------------------------------------------------------------
	 #1 (1.3604e-04, 1.3441e-06): lin 11 (1.3e-11)
	 #2 (1.3369e-07, 6.8943e-03): lin 11 (1.1e-11)
-------------------------------------------------------------------------------------------------------------
 T = 280, DT = 2, NI = 2, LI = 22, RES = 2.7e-13 (2.5e-09), CFL=0.031 (ELAPSED 00:00:04 )
-------------------------------------------------------------------------------------------------------------
	 #1 (1.3601e-04, 1.2817e-06): lin 11 (1.3e-11)
	 #2 (5.9412e-08, 6.8991e-03): lin 10 (1.3e-11)
-------------------------------------------------------------------------------------------------------------
 T = 282, DT = 2, NI = 2, LI = 21, RES = 1.5e-14 (2.3e-08), CFL=0.031 (ELAPSED 00:00:04 )
-------------------------------------------------------------------------------------------------------------
	 #1 (1.3598e-04, 1.3134e-06): lin 10 (6.4e-11)
	 #2 (8.2812e-08, 6.9065e-03): lin 11 (8.8e-11)
-------------------------------------------------------------------------------------------------------------
 T = 284, DT = 2, NI = 2, LI = 21, RES = 3.6e-12 (4.1e-08), CFL=0.031 (ELAPSED 00:00:04 )
-------------------------------------------------------------------------------------------------------------
	 #1 (1.3594e-04, 1.3376e-06): lin 11 (3.9e-11)
	 #2 (1.5983e-08, 6.8823e-03): lin 12 (1.6e-11)
-------------------------------------------------------------------------------------------------------------
 T = 286, DT = 2, NI = 2, LI = 23, RES = 1.4e-15 (5.4e-08), CFL=0.031 (ELAPSED 00:00:04 )
-------------------------------------------------------------------------------------------------------------
	 #1 (1.3591e-04, 1.3339e-06): lin 12 (1.6e-11)
	 #2 (1.9089e-08, 6.8746e-03): lin 12 (3.7e-11)
-------------------------------------------------------------------------------------------------------------
 T = 288, DT = 2, NI = 2, LI = 24, RES = 9.1e-16 (5.9e-09), CFL=0.031 (ELAPSED 00:00:04 )
-------------------------------------------------------------------------------------------------------------
	 #1 (1.3588e-04, 1.2848e-06): lin 12 (2.9e-11)
	 #2 (2.7448e-08, 6.8671e-03): lin 13 (9.3e-12)
-------------------------------------------------------------------------------------------------------------
 T = 290, DT = 2, NI = 2, LI = 25, RES = 1.3e-15 (5.6e-08), CFL=0.031 (ELAPSED 00:00:04 )
-------------------------------------------------------------------------------------------------------------
	 #1 (1.3584e-04, 1.2448e-06): lin 12 (9.7e-11)
	 #2 (1.8191e-08, 7.3168e-03): lin 12 (2.3e-11)
-------------------------------------------------------------------------------------------------------------
 T = 292, DT = 2, NI = 2, LI = 24, RES = 5.7e-16 (5.3e-08), CFL=0.031 (ELAPSED 00:00:04 )
-------------------------------------------------------------------------------------------------------------
	 #1 (1.3581e-04, 1.2341e-06): lin 13 (1.6e-11)
	 #2 (1.7290e-08, 6.8559e-03): lin 13 (3.3e-11)
-------------------------------------------------------------------------------------------------------------
 T = 294, DT = 2, NI = 2, LI = 26, RES = 1.2e-15 (2.7e-08), CFL=0.031 (ELAPSED 00:00:04 )
-------------------------------------------------------------------------------------------------------------
	 #1 (1.3578e-04, 1.2647e-06): lin 13 (2.9e-11)
	 #2 (4.7428e-08, 6.8488e-03): lin 12 (2.1e-11)
-------------------------------------------------------------------------------------------------------------
 T = 296, DT = 2, NI = 2, LI = 25, RES = 5.0e-15 (2.4e-08), CFL=0.030 (ELAPSED 00:00:04 )
-------------------------------------------------------------------------------------------------------------
	 #1 (1.3575e-04, 1.3268e-06): lin 12 (2.4e-11)
	 #2 (7.6784e-08, 7.1022e-03): lin 12 (1.2e-11)
-------------------------------------------------------------------------------------------------------------
 T = 298, DT = 2, NI = 2, LI = 24, RES = 1.5e-14 (1.2e-08), CFL=0.030 (ELAPSED 00:00:05 )
-------------------------------------------------------------------------------------------------------------
	 #1 (1.3572e-04, 1.2857e-06): lin 12 (1.8e-11)
	 #2 (7.7743e-08, 6.8363e-03): lin 11 (3.1e-11)
-------------------------------------------------------------------------------------------------------------
 T = 300, DT = 2, NI = 2, LI = 23, RES = 5.7e-11 (5.8e-08), CFL=0.030 (ELAPSED 00:00:05 )
-------------------------------------------------------------------------------------------------------------
	 #1 (1.3568e-04, 1.3510e-06): lin 11 (4.5e-11)
	 #2 (5.1139e-08, 6.8290e-03): lin 11 (2.7e-11)
-------------------------------------------------------------------------------------------------------------
 T = 302, DT = 2, NI = 2, LI = 22, RES = 3.0e-12 (6.2e-08), CFL=0.030 (ELAPSED 00:00:05 )
-------------------------------------------------------------------------------------------------------------
	 #1 (1.3565e-04, 1.2411e-06): lin 11 (1.4e-11)
	 #2 (1.6536e-08, 6.8777e-03): lin 11 (1.6e-11)
-------------------------------------------------------------------------------------------------------------
 T = 304, DT = 2, NI = 2, LI = 22, RES = 1.1e-15 (4.5e-08), CFL=0.030 (ELAPSED 00:00:05 )
-------------------------------------------------------------------------------------------------------------
	 #1 (1.3562e-04, 1.2626e-06): lin 11 (1.2e-11)
	 #2 (1.2908e-08, 6.8092e-03): lin 10 (9.9e-11)
-------------------------------------------------------------------------------------------------------------
 T = 306, DT = 2, NI = 2, LI = 21, RES = 6.6e-16 (4.0e-08), CFL=0.030 (ELAPSED 00:00:05 )
-------------------------------------------------------------------------------------------------------------
	 #1 (1.3559e-04, 1.2531e-06): lin 10 (9.6e-11)
	 #2 (2.1510e-08, 6.8088e-03): lin 10 (8.3e-11)
-------------------------------------------------------------------------------------------------------------
 T = 308, DT = 2, NI = 2, LI = 20, RES = 1.0e-15 (3.3e-08), CFL=0.030 (ELAPSED 00:00:05 )
-------------------------------------------------------------------------------------------------------------
	 #1 (1.3556e-04, 1.3375e-06): lin 10 (8.2e-11)
	 #2 (1.8052e-08, 6.7921e-03): lin 10 (7.4e-11)
-------------------------------------------------------------------------------------------------------------
 T = 310, DT = 2, NI = 2, LI = 20, RES = 9.6e-16 (1.8e-09), CFL=0.030 (ELAPSED 00:00:05 )
-------------------------------------------------------------------------------------------------------------
	 #1 (1.3553e-04, 1.3170e-06): lin 10 (7.2e-11)
	 #2 (4.1272e-08, 2.7240e-03): lin 10 (5.5e-11)
-------------------------------------------------------------------------------------------------------------
 T = 312, DT = 2, NI = 2, LI = 20, RES = 3.7e-15 (5.1e-08), CFL=0.030 (ELAPSED 00:00:05 )
-------------------------------------------------------------------------------------------------------------
	 #1 (1.3550e-04, 1.3494e-06): lin 10 (6.4e-11)
	 #2 (6.5323e-08, 4.0768e-03): lin 10 (7.2e-11)
-------------------------------------------------------------------------------------------------------------
 T = 314, DT = 2, NI = 2, LI = 20, RES = 3.2e-12 (3.3e-08), CFL=0.030 (ELAPSED 00:00:05 )
-------------------------------------------------------------------------------------------------------------
	 #1 (1.3547e-04, 1.2714e-06): lin 10 (4.0e-11)
	 #2 (1.6715e-08, 3.9488e-03): lin 9 (2.8e-11)
-------------------------------------------------------------------------------------------------------------
 T = 316, DT = 2, NI = 2, LI = 19, RES = 5.4e-16 (5.7e-08), CFL=0.030 (ELAPSED 00:00:05 )
-------------------------------------------------------------------------------------------------------------
	 #1 (1.3544e-04, 1.3716e-06): lin 10 (3.6e-11)
	 #2 (9.3426e-08, 2.2366e-01): lin 10 (2.8e-11)
-------------------------------------------------------------------------------------------------------------
 T = 318, DT = 2, NI = 2, LI = 20, RES = 1.3e-14 (5.0e-08), CFL=0.030 (ELAPSED 00:00:05 )
-------------------------------------------------------------------------------------------------------------
	 #1 (1.3541e-04, 1.2536e-06): lin 10 (3.2e-11)
	 #2 (2.4965e-08, 2.3898e-04): lin 10 (4.1e-11)
-------------------------------------------------------------------------------------------------------------
 T = 320, DT = 2, NI = 2, LI = 20, RES = 1.4e-15 (4.1e-08), CFL=0.030 (ELAPSED 00:00:05 )
-------------------------------------------------------------------------------------------------------------
	 #1 (1.3537e-04, 1.3358e-06): lin 10 (3.2e-11)
	 #2 (3.9918e-08, 2.4006e-04): lin 10 (1.9e-11)
-------------------------------------------------------------------------------------------------------------
 T = 322, DT = 2, NI = 2, LI = 20, RES = 4.9e-15 (4.6e-08), CFL=0.030 (ELAPSED 00:00:05 )
-------------------------------------------------------------------------------------------------------------
	 #1 (1.3533e-04, 1.3471e-06): lin 10 (2.8e-11)
	 #2 (5.0229e-08, 2.2436e-04): lin 10 (1.1e-11)
-------------------------------------------------------------------------------------------------------------
 T = 324, DT = 2, NI = 2, LI = 20, RES = 3.6e-11 (3.6e-09), CFL=0.030 (ELAPSED 00:00:05 )
-------------------------------------------------------------------------------------------------------------
	 #1 (1.3530e-04, 1.3055e-06): lin 10 (2.5e-11)
	 #2 (1.0816e-07, 2.2471e-01): lin 10 (1.0e-11)
-------------------------------------------------------------------------------------------------------------
 T = 326, DT = 2, NI = 2, LI = 20, RES = 2.7e-14 (1.5e-08), CFL=0.030 (ELAPSED 00:00:05 )
-------------------------------------------------------------------------------------------------------------
	 #1 (1.3526e-04, 1.2916e-06): lin 10 (2.3e-11)
	 #2 (7.5219e-08, 6.7641e-03): lin 9 (8.8e-11)
-------------------------------------------------------------------------------------------------------------
 T = 328, DT = 2, NI = 2, LI = 19, RES = 1.3e-14 (1.5e-08), CFL=0.030 (ELAPSED 00:00:05 )
-------------------------------------------------------------------------------------------------------------
	 #1 (1.3521e-04, 1.2641e-06): lin 10 (2.1e-11)
	 #2 (5.0167e-08, 6.7135e-03): lin 10 (2.9e-11)
-------------------------------------------------------------------------------------------------------------
 T = 330, DT = 2, NI = 2, LI = 20, RES = 8.8e-12 (3.2e-08), CFL=0.030 (ELAPSED 00:00:05 )
-------------------------------------------------------------------------------------------------------------
	 #1 (1.3517e-04, 1.2535e-06): lin 10 (1.9e-11)
	 #2 (2.2918e-08, 6.9951e-03): lin 10 (3.4e-11)
-------------------------------------------------------------------------------------------------------------
 T = 332, DT = 2, NI = 2, LI = 20, RES = 6.9e-16 (5.4e-08), CFL=0.030 (ELAPSED 00:00:05 )
-------------------------------------------------------------------------------------------------------------
	 #1 (1.3513e-04, 1.2132e-06): lin 10 (1.2e-11)
	 #2 (1.8759e-08, 6.6407e-03): lin 9 (5.9e-11)
-------------------------------------------------------------------------------------------------------------
 T = 334, DT = 2, NI = 2, LI = 19, RES = 7.3e-16 (6.2e-08), CFL=0.030 (ELAPSED 00:00:05 )
-------------------------------------------------------------------------------------------------------------
	 #1 (1.3508e-04, 1.2070e-06): lin 9 (9.9e-11)
	 #2 (6.7405e-08, 6.6108e-03): lin 9 (7.2e-11)
-------------------------------------------------------------------------------------------------------------
 T = 336, DT = 2, NI = 2, LI = 18, RES = 9.8e-15 (1.2e-08), CFL=0.030 (ELAPSED 00:00:05 )
-------------------------------------------------------------------------------------------------------------
	 #1 (1.3504e-04, 1.2894e-06): lin 10 (1.3e-11)
	 #2 (4.6378e-08, 6.7124e-03): lin 10 (1.9e-11)
-------------------------------------------------------------------------------------------------------------
 T = 338, DT = 2, NI = 2, LI = 20, RES = 1.5e-11 (3.6e-08), CFL=0.030 (ELAPSED 00:00:05 )
-------------------------------------------------------------------------------------------------------------
	 #1 (1.3500e-04, 1.3090e-06): lin 9 (6.4e-11)
	 #2 (1.9746e-08, 6.5637e-03): lin 8 (9.7e-11)
-------------------------------------------------------------------------------------------------------------
 T = 340, DT = 2, NI = 2, LI = 17, RES = 5.4e-16 (6.0e-08), CFL=0.030 (ELAPSED 00:00:05 )
-------------------------------------------------------------------------------------------------------------
	 #1 (1.3496e-04, 1.2043e-06): lin 9 (5.3e-11)
	 #2 (2.4822e-08, 6.5417e-03): lin 9 (6.1e-11)
-------------------------------------------------------------------------------------------------------------
 T = 342, DT = 2, NI = 2, LI = 18, RES = 3.7e-13 (3.8e-08), CFL=0.030 (ELAPSED 00:00:05 )
-------------------------------------------------------------------------------------------------------------
	 #1 (1.3491e-04, 1.3122e-06): lin 9 (2.1e-11)
	 #2 (1.7026e-08, 6.5234e-03): lin 9 (9.2e-12)
-------------------------------------------------------------------------------------------------------------
 T = 344, DT = 2, NI = 2, LI = 18, RES = 7.3e-16 (2.0e-08), CFL=0.030 (ELAPSED 00:00:05 )
-------------------------------------------------------------------------------------------------------------
	 #1 (1.3487e-04, 1.2625e-06): lin 9 (1.9e-11)
	 #2 (3.5609e-08, 6.9134e-03): lin 9 (4.5e-11)
-------------------------------------------------------------------------------------------------------------
 T = 346, DT = 2, NI = 2, LI = 18, RES = 1.7e-11 (1.4e-08), CFL=0.030 (ELAPSED 00:00:05 )
-------------------------------------------------------------------------------------------------------------
	 #1 (1.3483e-04, 1.2481e-06): lin 9 (1.7e-11)
	 #2 (1.8501e-08, 6.4896e-03): lin 9 (2.4e-11)
-------------------------------------------------------------------------------------------------------------
 T = 348, DT = 2, NI = 2, LI = 18, RES = 2.9e-12 (5.2e-08), CFL=0.030 (ELAPSED 00:00:05 )
-------------------------------------------------------------------------------------------------------------
	 #1 (1.3479e-04, 1.3222e-06): lin 9 (1.6e-11)
	 #2 (1.6202e-08, 6.4748e-03): lin 8 (8.2e-11)
-------------------------------------------------------------------------------------------------------------
 T = 350, DT = 2, NI = 2, LI = 17, RES = 5.7e-16 (2.5e-08), CFL=0.030 (ELAPSED 00:00:05 )
-------------------------------------------------------------------------------------------------------------
	 #1 (1.3475e-04, 1.3045e-06): lin 9 (1.5e-11)
	 #2 (1.8218e-08, 6.6531e-03): lin 8 (8.8e-11)
-------------------------------------------------------------------------------------------------------------
 T = 352, DT = 2, NI = 2, LI = 17, RES = 7.0e-16 (5.3e-08), CFL=0.030 (ELAPSED 00:00:05 )
-------------------------------------------------------------------------------------------------------------
	 #1 (1.3471e-04, 1.3252e-06): lin 9 (1.5e-11)
	 #2 (1.5666e-08, 6.4465e-03): lin 8 (8.4e-11)
-------------------------------------------------------------------------------------------------------------
 T = 354, DT = 2, NI = 2, LI = 17, RES = 6.3e-16 (1.5e-10), CFL=0.030 (ELAPSED 00:00:05 )
-------------------------------------------------------------------------------------------------------------
	 #1 (1.3467e-04, 1.2676e-06): lin 9 (1.4e-11)
	 #2 (1.6113e-08, 6.4336e-03): lin 8 (8.0e-11)
-------------------------------------------------------------------------------------------------------------
 T = 356, DT = 2, NI = 2, LI = 17, RES = 6.7e-16 (3.8e-08), CFL=0.030 (ELAPSED 00:00:05 )
-------------------------------------------------------------------------------------------------------------
	 #1 (1.3463e-04, 1.3146e-06): lin 9 (1.3e-11)
	 #2 (1.7870e-08, 6.4090e-03): lin 8 (7.4e-11)
-------------------------------------------------------------------------------------------------------------
 T = 358, DT = 2, NI = 2, LI = 17, RES = 6.2e-16 (2.9e-08), CFL=0.030 (ELAPSED 00:00:05 )
-------------------------------------------------------------------------------------------------------------
	 #1 (1.3459e-04, 1.3128e-06): lin 9 (1.3e-11)
	 #2 (1.8112e-08, 6.4121e-03): lin 8 (7.9e-11)
-------------------------------------------------------------------------------------------------------------
 T = 360, DT = 2, NI = 2, LI = 17, RES = 7.2e-16 (5.1e-09), CFL=0.030 (ELAPSED 00:00:05 )
-------------------------------------------------------------------------------------------------------------
	 #1 (1.3455e-04, 1.2604e-06): lin 9 (1.2e-11)
	 #2 (1.4428e-08, 6.4063e-03): lin 9 (1.5e-11)
-------------------------------------------------------------------------------------------------------------
 T = 362, DT = 2, NI = 2, LI = 18, RES = 7.2e-16 (2.1e-08), CFL=0.030 (ELAPSED 00:00:05 )
-------------------------------------------------------------------------------------------------------------
	 #1 (1.3451e-04, 1.2541e-06): lin 9 (9.9e-12)
	 #2 (4.6818e-08, 6.3982e-03): lin 8 (1.8e-11)
-------------------------------------------------------------------------------------------------------------
 T = 364, DT = 2, NI = 2, LI = 17, RES = 8.6e-15 (5.6e-08), CFL=0.030 (ELAPSED 00:00:05 )
-------------------------------------------------------------------------------------------------------------
	 #1 (6.7237e-05, 6.7023e-07): lin 7 (1.7e-11)
	 #2 (7.8564e-09, 8.1532e-04): lin 6 (9.4e-11)
-------------------------------------------------------------------------------------------------------------
 T = 365, DT = 1, NI = 2, LI = 13, RES = 3.0e-16 (2.4e-08), CFL=0.015 (ELAPSED 00:00:05 )
-------------------------------------------------------------------------------------------------------------
