Processing mesh: 729 reservoir blocks, 2 well blocks, 1946 connections
Linear solver type is gmres+cpr
Engine: 	2-phase 4-component isothermal flow with kinetic reaction and diffusion CPU engine
OpenMP threads: 	2

START SIMULATION
-------------------------------------------------------------------------------------------------------------
Well PROD initialized with BHP-control
	 #1 (1.6454e-07, 4.0926e-01): lin 2 (2.0e-15)
	 #2 (2.0254e-13, 3.6196e-04): lin 2 (2.4e-14)
-------------------------------------------------------------------------------------------------------------
 T = 0.0001, DT = 0.0001, NI = 2, LI = 4, RES = 1.3e-16 (3.6e-10), CFL=0.000 (ELAPSED 00:00:00 )
-------------------------------------------------------------------------------------------------------------
	 #1 (2.4667e-07, 9.3652e-04): lin 2 (1.6e-15)
-------------------------------------------------------------------------------------------------------------
 T = 0.00025, DT = 0.00015, NI = 1, LI = 2, RES = 4.6e-13 (5.1e-08), CFL=0.000 (ELAPSED 00:00:00 )
-------------------------------------------------------------------------------------------------------------
	 #1 (3.6968e-07, 8.8185e-04): lin 2 (7.7e-15)
-------------------------------------------------------------------------------------------------------------
 T = 0.000475, DT = 0.000225, NI = 1, LI = 2, RES = 1.0e-12 (7.4e-08), CFL=0.000 (ELAPSED 00:00:00 )
-------------------------------------------------------------------------------------------------------------
	 #1 (5.5378e-07, 6.8160e-04): lin 2 (6.6e-14)
-------------------------------------------------------------------------------------------------------------
 T = 0.0008125, DT = 0.0003375, NI = 1, LI = 2, RES = 2.3e-12 (2.8e-07), CFL=0.000 (ELAPSED 00:00:00 )
-------------------------------------------------------------------------------------------------------------
	 #1 (8.2903e-07, 4.1415e-04): lin 2 (6.7e-13)
-------------------------------------------------------------------------------------------------------------
 T = 0.00131875, DT = 0.00050625, NI = 1, LI = 2, RES = 9.3e-12 (2.0e-07), CFL=0.000 (ELAPSED 00:00:00 )
-------------------------------------------------------------------------------------------------------------
	 #1 (1.2399e-06, 1.7299e-04): lin 2 (6.5e-12)
-------------------------------------------------------------------------------------------------------------
 T = 0.00207813, DT = 0.000759375, NI = 1, LI = 2, RES = 1.2e-11 (3.9e-07), CFL=0.000 (ELAPSED 00:00:00 )
-------------------------------------------------------------------------------------------------------------
	 #1 (1.8516e-06, 1.0458e-04): lin 2 (1.3e-11)
-------------------------------------------------------------------------------------------------------------
 T = 0.00321719, DT = 0.00113906, NI = 1, LI = 2, RES = 2.6e-11 (4.6e-07), CFL=0.000 (ELAPSED 00:00:00 )
-------------------------------------------------------------------------------------------------------------
	 #1 (2.7591e-06, 1.5684e-04): lin 2 (1.6e-15)
	 #2 (5.6850e-11, 1.6114e-06): lin 2 (7.0e-15)
-------------------------------------------------------------------------------------------------------------
 T = 0.00492578, DT = 0.00170859, NI = 2, LI = 4, RES = 1.3e-16 (2.8e-11), CFL=0.000 (ELAPSED 00:00:00 )
-------------------------------------------------------------------------------------------------------------
	 #1 (4.0984e-06, 2.3521e-04): lin 2 (6.1e-14)
	 #2 (1.4089e-09, 4.6620e-06): lin 2 (1.0e-15)
-------------------------------------------------------------------------------------------------------------
 T = 0.00748867, DT = 0.00256289, NI = 2, LI = 4, RES = 9.9e-17 (3.9e-11), CFL=0.000 (ELAPSED 00:00:00 )
-------------------------------------------------------------------------------------------------------------
	 #1 (6.0592e-06, 3.5269e-04): lin 2 (2.2e-12)
	 #2 (2.7135e-10, 1.4992e-05): lin 2 (3.7e-13)
-------------------------------------------------------------------------------------------------------------
 T = 0.011333, DT = 0.00384434, NI = 2, LI = 4, RES = 1.1e-16 (9.8e-11), CFL=0.000 (ELAPSED 00:00:00 )
-------------------------------------------------------------------------------------------------------------
	 #1 (8.8981e-06, 5.2876e-04): lin 2 (6.3e-11)
	 #2 (5.8068e-10, 4.6787e-05): lin 2 (1.0e-11)
-------------------------------------------------------------------------------------------------------------
 T = 0.0170995, DT = 0.0057665, NI = 2, LI = 4, RES = 1.5e-16 (7.0e-10), CFL=0.000 (ELAPSED 00:00:00 )
-------------------------------------------------------------------------------------------------------------
	 #1 (1.2943e-05, 7.9253e-04): lin 3 (3.5e-14)
	 #2 (3.4124e-09, 1.8468e-04): lin 2 (6.7e-11)
-------------------------------------------------------------------------------------------------------------
 T = 0.0257493, DT = 0.00864976, NI = 2, LI = 5, RES = 1.1e-16 (4.2e-09), CFL=0.000 (ELAPSED 00:00:00 )
-------------------------------------------------------------------------------------------------------------
	 #1 (1.8584e-05, 1.1875e-03): lin 2 (4.6e-11)
	 #2 (4.9884e-08, 4.1548e-04): lin 2 (9.3e-11)
-------------------------------------------------------------------------------------------------------------
 T = 0.0387239, DT = 0.0129746, NI = 2, LI = 4, RES = 3.0e-14 (3.7e-08), CFL=0.000 (ELAPSED 00:00:00 )
-------------------------------------------------------------------------------------------------------------
	 #1 (2.6242e-05, 1.7786e-03): lin 3 (1.2e-14)
	 #2 (3.2876e-09, 1.1698e-03): lin 3 (5.4e-15)
-------------------------------------------------------------------------------------------------------------
 T = 0.0581859, DT = 0.019462, NI = 2, LI = 6, RES = 1.2e-16 (2.9e-07), CFL=0.000 (ELAPSED 00:00:00 )
-------------------------------------------------------------------------------------------------------------
	 #1 (3.6338e-05, 2.6625e-03): lin 3 (1.7e-13)
	 #2 (5.8615e-09, 3.0184e-03): lin 3 (2.0e-14)
	 #3 (1.4366e-16, 2.1554e-06): lin 3 (6.3e-13)
-------------------------------------------------------------------------------------------------------------
 T = 0.0873788, DT = 0.0291929, NI = 3, LI = 9, RES = 1.1e-16 (6.8e-10), CFL=0.000 (ELAPSED 00:00:00 )
-------------------------------------------------------------------------------------------------------------
	 #1 (4.9382e-05, 3.9832e-03): lin 7 (6.3e-12)
	 #2 (1.4038e-08, 7.3377e-03): lin 6 (4.0e-11)
	 #3 (1.3515e-15, 3.1269e-06): lin 6 (4.4e-12)
-------------------------------------------------------------------------------------------------------------
 T = 0.131168, DT = 0.0437894, NI = 3, LI = 19, RES = 9.4e-17 (8.3e-10), CFL=0.000 (ELAPSED 00:00:00 )
-------------------------------------------------------------------------------------------------------------
	 #1 (6.6331e-05, 5.9550e-03): lin 10 (2.2e-11)
	 #2 (2.4470e-08, 1.7737e-02): lin 9 (3.9e-11)
	 #3 (3.6107e-15, 1.0570e-05): lin 8 (7.7e-12)
-------------------------------------------------------------------------------------------------------------
 T = 0.196852, DT = 0.0656841, NI = 3, LI = 27, RES = 9.7e-17 (1.1e-09), CFL=0.001 (ELAPSED 00:00:00 )
-------------------------------------------------------------------------------------------------------------
	 #1 (8.9208e-05, 8.8969e-03): lin 34 (2.9e-11)
	 #2 (3.8847e-08, 3.7567e-02): lin 25 (2.6e-11)
	 #3 (5.6563e-15, 5.2084e-05): lin 22 (4.7e-11)
-------------------------------------------------------------------------------------------------------------
 T = 0.295378, DT = 0.0985261, NI = 3, LI = 81, RES = 1.1e-16 (3.1e-09), CFL=0.001 (ELAPSED 00:00:00 )
-------------------------------------------------------------------------------------------------------------
	 #1 (1.2127e-04, 1.3283e-02): lin 26 (6.3e-11)
	 #2 (6.8395e-08, 7.9780e-02): lin 12 (7.3e-11)
	 #3 (2.0345e-14, 4.9102e-04): lin 9 (1.7e-11)
-------------------------------------------------------------------------------------------------------------
 T = 0.443168, DT = 0.147789, NI = 3, LI = 47, RES = 1.2e-16 (1.1e-07), CFL=0.002 (ELAPSED 00:00:00 )
-------------------------------------------------------------------------------------------------------------
	 #1 (1.6610e-04, 1.9816e-02): lin 21 (6.3e-11)
	 #2 (1.7472e-07, 3.2532e-01): lin 22 (3.8e-11)
	 #3 (9.1970e-14, 1.4571e-03): lin 17 (9.3e-11)
	 #4 (1.2542e-16, 6.8960e-06): lin 21 (9.1e-11)
-------------------------------------------------------------------------------------------------------------
 T = 0.664851, DT = 0.221684, NI = 4, LI = 81, RES = 1.2e-16 (3.1e-09), CFL=0.003 (ELAPSED 00:00:00 )
-------------------------------------------------------------------------------------------------------------
	 #1 (2.2654e-04, 2.9517e-02): lin 26 (3.3e-11)
	 #2 (1.9851e-07, 4.2597e-01): lin 26 (5.2e-11)
	 #3 (1.5695e-13, 4.6879e-03): lin 21 (9.0e-11)
	 #4 (1.4251e-16, 1.2800e-04): lin 23 (8.4e-11)
-------------------------------------------------------------------------------------------------------------
 T = 0.997377, DT = 0.332526, NI = 4, LI = 96, RES = 1.4e-16 (4.7e-09), CFL=0.005 (ELAPSED 00:00:00 )
-------------------------------------------------------------------------------------------------------------
	 #1 (3.0481e-04, 4.3849e-02): lin 27 (9.2e-11)
	 #2 (1.1076e-06, 9.3358e-01): lin 29 (6.2e-11)
	 #3 (5.9361e-13, 1.2135e-02): lin 23 (4.4e-11)
	 #4 (1.9194e-16, 1.3402e-04): lin 22 (3.3e-11)
	 #5 (1.6662e-16, 2.2441e-06): lin 29 (5.8e-11)
-------------------------------------------------------------------------------------------------------------
 T = 1.49617, DT = 0.498789, NI = 5, LI = 130, RES = 1.7e-16 (7.7e-09), CFL=0.008 (ELAPSED 00:00:00 )
-------------------------------------------------------------------------------------------------------------
	 #1 (4.0389e-04, 6.5048e-02): lin 33 (5.7e-11)
	 #2 (1.1144e-06, 1.0203e+00): lin 33 (6.7e-11)
	 #3 (4.2637e-12, 5.1572e-02): lin 24 (7.5e-11)
	 #4 (2.4288e-16, 5.7771e-03): lin 24 (7.6e-11)
	 #5 (2.5814e-16, 1.5666e-03): lin 25 (7.6e-11)
	 #6 (2.4315e-16, 5.5015e-06): lin 32 (3.4e-11)
-------------------------------------------------------------------------------------------------------------
 T = 2.24435, DT = 0.748183, NI = 6, LI = 171, RES = 2.4e-16 (1.9e-09), CFL=0.012 (ELAPSED 00:00:00 )
-------------------------------------------------------------------------------------------------------------
	 #1 (5.2492e-04, 9.6360e-02): lin 47 (4.8e-11)
Local chop applied in 2 block(s)
	 #2 (1.7747e-06, 3.9630e+00): lin 45 (6.9e-11)
Local chop applied in 2 block(s)
	 #3 (1.1985e-11, 1.1650e-01): lin 31 (8.3e-11)
Composition correction applied to solid in 0 block(s), to fluid in 2 block(s) with var corrections: 2 0 0 2 
Local chop applied in 2 block(s)
	 #4 (3.4559e-16, 6.2877e+02): lin 30 (9.6e-11)
Composition correction applied to solid in 0 block(s), to fluid in 2 block(s) with var corrections: 2 0 0 2 
Local chop applied in 2 block(s)
	 #5 (4.3024e-16, 2.5902e+03): lin 29 (9.6e-11)
Composition correction applied to solid in 0 block(s), to fluid in 2 block(s) with var corrections: 2 0 0 2 
Local chop applied in 2 block(s)
	 #6 (1.0989e-15, 6.9111e+03): lin 29 (3.9e-11)
Composition correction applied to solid in 0 block(s), to fluid in 2 block(s) with var corrections: 2 0 0 2 
Local chop applied in 2 block(s)
	 #7 (1.1267e-15, 1.5978e+04): lin 27 (9.2e-11)
Composition correction applied to solid in 0 block(s), to fluid in 2 block(s) with var corrections: 2 0 0 2 
Local chop applied in 2 block(s)
	 #8 (5.2883e-15, 3.4387e+04): lin 26 (8.8e-11)
Composition correction applied to solid in 0 block(s), to fluid in 2 block(s) with var corrections: 2 0 0 2 
Local chop applied in 2 block(s)
	 #9 (8.3780e-15, 6.9123e+04): lin 26 (3.6e-11)
Composition correction applied to solid in 0 block(s), to fluid in 2 block(s) with var corrections: 2 2 2 2 
Local chop applied in 2 block(s)
	 #10 (5.0281e-15, 1.0657e+05): lin 25 (7.8e-11)
Composition correction applied to solid in 0 block(s), to fluid in 2 block(s) with var corrections: 2 2 2 2 
	 #11 (1.3391e-14, 1.3071e+05): lin 20 (8.3e-11)
Composition correction applied to solid in 0 block(s), to fluid in 2 block(s) with var corrections: 0 2 2 0 
Local chop applied in 2 block(s)
	 #12 (2.0312e-14, 1.1110e+05): lin 25 (8.8e-11)
Composition correction applied to solid in 0 block(s), to fluid in 2 block(s) with var corrections: 2 2 2 2 
Local chop applied in 2 block(s)
	 #13 (1.4105e-14, 1.2922e+05): lin 20 (9.3e-11)
Composition correction applied to solid in 0 block(s), to fluid in 2 block(s) with var corrections: 0 2 2 0 
Local chop applied in 2 block(s)
	 #14 (2.2204e-14, 1.1123e+05): lin 25 (8.8e-11)
Composition correction applied to solid in 0 block(s), to fluid in 2 block(s) with var corrections: 2 2 2 2 
Local chop applied in 2 block(s)
	 #15 (1.4117e-14, 1.2925e+05): lin 20 (9.2e-11)
Composition correction applied to solid in 0 block(s), to fluid in 2 block(s) with var corrections: 0 2 2 0 
Local chop applied in 2 block(s)
	 #16 (2.2150e-14, 1.1122e+05): lin 25 (8.8e-11)
Composition correction applied to solid in 0 block(s), to fluid in 2 block(s) with var corrections: 2 2 2 2 
Local chop applied in 2 block(s)
	 #17 (1.4115e-14, 1.2925e+05): lin 20 (9.2e-11)
Composition correction applied to solid in 0 block(s), to fluid in 2 block(s) with var corrections: 0 2 2 0 
Local chop applied in 2 block(s)
	 #18 (2.2144e-14, 1.1122e+05): lin 25 (8.8e-11)
Composition correction applied to solid in 0 block(s), to fluid in 2 block(s) with var corrections: 2 2 2 2 
Local chop applied in 2 block(s)
	 #19 (1.4101e-14, 1.2925e+05): lin 20 (9.2e-11)
Composition correction applied to solid in 0 block(s), to fluid in 2 block(s) with var corrections: 0 2 2 0 
Local chop applied in 2 block(s)
	 #20 (2.2139e-14, 1.1122e+05): lin 25 (8.8e-11)
Composition correction applied to solid in 0 block(s), to fluid in 2 block(s) with var corrections: 2 2 2 2 
Local chop applied in 2 block(s)
FAILED TO CONVERGE WITH DT = 1.122 (newton residual wells) 
	 #1 (3.4995e-04, 6.4240e-02): lin 32 (4.8e-11)
	 #2 (6.5939e-07, 1.3757e+00): lin 32 (8.8e-11)
Local chop applied in 2 block(s)
	 #3 (1.9231e-12, 5.2892e-02): lin 26 (8.2e-11)
Local chop applied in 2 block(s)
	 #4 (2.3017e-16, 4.8692e-02): lin 27 (6.5e-11)
Composition correction applied to solid in 0 block(s), to fluid in 2 block(s) with var corrections: 2 0 0 2 
Local chop applied in 2 block(s)
	 #5 (2.4746e-16, 1.8159e+02): lin 27 (4.7e-11)
Composition correction applied to solid in 0 block(s), to fluid in 2 block(s) with var corrections: 2 0 0 2 
Local chop applied in 2 block(s)
	 #6 (2.3712e-16, 7.9353e+02): lin 25 (7.6e-11)
Composition correction applied to solid in 0 block(s), to fluid in 2 block(s) with var corrections: 2 0 0 2 
Local chop applied in 2 block(s)
	 #7 (3.1374e-16, 2.0391e+03): lin 24 (9.4e-11)
Composition correction applied to solid in 0 block(s), to fluid in 2 block(s) with var corrections: 2 0 0 2 
Local chop applied in 2 block(s)
	 #8 (6.9062e-16, 4.4930e+03): lin 24 (4.0e-11)
Composition correction applied to solid in 0 block(s), to fluid in 2 block(s) with var corrections: 2 0 0 2 
Local chop applied in 2 block(s)
	 #9 (6.1860e-16, 9.7130e+03): lin 23 (5.3e-11)
Composition correction applied to solid in 0 block(s), to fluid in 2 block(s) with var corrections: 2 0 0 2 
Local chop applied in 2 block(s)
	 #10 (1.4651e-15, 2.3186e+04): lin 22 (5.7e-11)
Composition correction applied to solid in 0 block(s), to fluid in 2 block(s) with var corrections: 2 0 0 2 
Local chop applied in 2 block(s)
	 #11 (2.8101e-15, 3.7897e+04): lin 21 (8.9e-11)
Composition correction applied to solid in 0 block(s), to fluid in 2 block(s) with var corrections: 2 0 0 2 
Local chop applied in 2 block(s)
	 #12 (5.2320e-15, 5.3279e+04): lin 19 (5.4e-11)
Composition correction applied to solid in 0 block(s), to fluid in 2 block(s) with var corrections: 2 2 2 2 
Local chop applied in 2 block(s)
	 #13 (4.3208e-15, 4.4873e+04): lin 19 (5.9e-11)
Composition correction applied to solid in 0 block(s), to fluid in 2 block(s) with var corrections: 0 2 2 0 
Local chop applied in 2 block(s)
	 #14 (3.4348e-15, 3.1007e+04): lin 19 (7.3e-11)
Local chop applied in 2 block(s)
	 #15 (3.1295e-15, 1.7547e+04): lin 19 (9.0e-11)
Local chop applied in 2 block(s)
	 #16 (2.3755e-15, 4.1768e+03): lin 21 (5.8e-11)
	 #17 (3.5893e-16, 3.7832e+01): lin 20 (7.5e-11)
	 #18 (2.5196e-16, 1.1151e-01): lin 23 (4.1e-11)
-------------------------------------------------------------------------------------------------------------
 T = 2.99253, DT = 0.748183, NI = 18, LI = 423, RES = 2.5e-16 (2.2e-07), CFL=0.012 (ELAPSED 00:00:01 )
-------------------------------------------------------------------------------------------------------------
	 #1 (4.6412e-04, 6.9395e-02): lin 35 (5.5e-11)
	 #2 (1.7187e-06, 2.9866e+00): lin 51 (9.9e-09) NC
	 #3 (2.7116e-11, 4.7064e-04): lin 51 (6.5e-09) NC
-------------------------------------------------------------------------------------------------------------
 T = 4.11481, DT = 1.12227, NI = 3, LI = 137, RES = 3.6e-16 (2.7e-09), CFL=0.019 (ELAPSED 00:00:01 )
-------------------------------------------------------------------------------------------------------------
	 #1 (5.9918e-04, 8.8169e-03): lin 51 (7.4e-09) NC
	 #2 (1.6340e-06, 3.5922e+00): lin 51 (1.7e-10) NC
	 #3 (2.4943e-11, 8.0381e-06): lin 48 (9.5e-11)
-------------------------------------------------------------------------------------------------------------
 T = 5.79822, DT = 1.68341, NI = 3, LI = 150, RES = 4.8e-16 (1.1e-08), CFL=0.028 (ELAPSED 00:00:02 )
-------------------------------------------------------------------------------------------------------------
	 #1 (5.9723e-04, 4.0866e-05): lin 51 (1.4e-08) NC
	 #2 (2.9210e-06, 4.8429e+00): lin 35 (3.6e-11)
	 #3 (1.9294e-11, 2.0297e-05): lin 35 (2.0e-11)
-------------------------------------------------------------------------------------------------------------
 T = 7.79822, DT = 2, NI = 3, LI = 121, RES = 5.6e-16 (3.0e-08), CFL=0.033 (ELAPSED 00:00:02 )
-------------------------------------------------------------------------------------------------------------
	 #1 (5.0926e-04, 3.1688e-05): lin 34 (4.7e-11)
	 #2 (2.7815e-06, 2.7990e+00): lin 33 (5.5e-11)
	 #3 (5.5640e-11, 2.2384e-05): lin 33 (2.4e-11)
-------------------------------------------------------------------------------------------------------------
 T = 9.79822, DT = 2, NI = 3, LI = 100, RES = 5.7e-16 (2.4e-08), CFL=0.033 (ELAPSED 00:00:02 )
-------------------------------------------------------------------------------------------------------------
	 #1 (4.5184e-04, 2.4330e-05): lin 32 (5.7e-11)
	 #2 (1.7234e-06, 9.8554e-01): lin 29 (2.2e-11)
	 #3 (8.3838e-12, 1.0464e-06): lin 28 (7.3e-11)
-------------------------------------------------------------------------------------------------------------
 T = 11.7982, DT = 2, NI = 3, LI = 89, RES = 5.4e-16 (5.2e-08), CFL=0.033 (ELAPSED 00:00:02 )
-------------------------------------------------------------------------------------------------------------
	 #1 (4.1229e-04, 1.9075e-05): lin 27 (8.0e-11)
	 #2 (1.4285e-06, 1.1493e+00): lin 28 (2.5e-11)
	 #3 (4.1115e-12, 1.2843e-06): lin 28 (1.8e-11)
-------------------------------------------------------------------------------------------------------------
 T = 13.7982, DT = 2, NI = 3, LI = 83, RES = 5.5e-16 (4.4e-08), CFL=0.033 (ELAPSED 00:00:02 )
-------------------------------------------------------------------------------------------------------------
	 #1 (3.8333e-04, 1.5229e-05): lin 26 (5.6e-11)
	 #2 (1.1346e-06, 7.6963e-01): lin 26 (4.8e-11)
-------------------------------------------------------------------------------------------------------------
 T = 15.7982, DT = 2, NI = 2, LI = 52, RES = 3.8e-12 (5.1e-07), CFL=0.033 (ELAPSED 00:00:02 )
-------------------------------------------------------------------------------------------------------------
	 #1 (3.6187e-04, 1.1898e-05): lin 25 (4.2e-11)
	 #2 (9.6981e-07, 5.3884e-01): lin 24 (9.3e-11)
-------------------------------------------------------------------------------------------------------------
 T = 17.7982, DT = 2, NI = 2, LI = 49, RES = 3.1e-12 (5.9e-07), CFL=0.033 (ELAPSED 00:00:02 )
-------------------------------------------------------------------------------------------------------------
	 #1 (3.4541e-04, 9.7615e-06): lin 23 (3.4e-11)
	 #2 (9.0076e-07, 3.9037e-01): lin 24 (2.8e-11)
	 #3 (2.0394e-10, 1.6206e-06): lin 24 (3.1e-11)
-------------------------------------------------------------------------------------------------------------
 T = 19.7982, DT = 2, NI = 3, LI = 71, RES = 5.7e-16 (5.2e-08), CFL=0.033 (ELAPSED 00:00:02 )
-------------------------------------------------------------------------------------------------------------
	 #1 (3.3238e-04, 8.7157e-06): lin 22 (6.5e-11)
	 #2 (7.7966e-07, 2.9539e-01): lin 17 (5.6e-11)
-------------------------------------------------------------------------------------------------------------
 T = 21.7982, DT = 2, NI = 2, LI = 39, RES = 4.0e-12 (1.8e-07), CFL=0.033 (ELAPSED 00:00:02 )
-------------------------------------------------------------------------------------------------------------
	 #1 (3.2180e-04, 7.3903e-06): lin 16 (5.3e-11)
	 #2 (6.9540e-07, 2.2766e-01): lin 16 (4.1e-11)
-------------------------------------------------------------------------------------------------------------
 T = 23.7982, DT = 2, NI = 2, LI = 32, RES = 3.8e-12 (2.2e-07), CFL=0.033 (ELAPSED 00:00:02 )
-------------------------------------------------------------------------------------------------------------
	 #1 (3.1306e-04, 6.3870e-06): lin 15 (5.2e-11)
	 #2 (5.4984e-07, 1.7908e-01): lin 17 (2.0e-11)
-------------------------------------------------------------------------------------------------------------
 T = 25.7982, DT = 2, NI = 2, LI = 32, RES = 3.6e-12 (8.9e-08), CFL=0.032 (ELAPSED 00:00:02 )
-------------------------------------------------------------------------------------------------------------
	 #1 (3.0570e-04, 5.7231e-06): lin 15 (9.1e-11)
	 #2 (4.8402e-07, 1.4464e-01): lin 14 (6.9e-11)
-------------------------------------------------------------------------------------------------------------
 T = 27.7982, DT = 2, NI = 2, LI = 29, RES = 3.7e-12 (1.6e-08), CFL=0.032 (ELAPSED 00:00:02 )
-------------------------------------------------------------------------------------------------------------
	 #1 (2.9944e-04, 5.1997e-06): lin 13 (4.8e-11)
	 #2 (4.3939e-07, 2.4356e-01): lin 14 (6.0e-11)
-------------------------------------------------------------------------------------------------------------
 T = 29.7982, DT = 2, NI = 2, LI = 27, RES = 3.7e-12 (1.7e-08), CFL=0.032 (ELAPSED 00:00:02 )
-------------------------------------------------------------------------------------------------------------
	 #1 (2.9669e-05, 4.6756e-07): lin 6 (1.3e-11)
	 #2 (1.2933e-08, 1.6152e-05): lin 7 (8.3e-12)
-------------------------------------------------------------------------------------------------------------
 T = 30, DT = 0.201784, NI = 2, LI = 13, RES = 6.4e-16 (3.8e-09), CFL=0.003 (ELAPSED 00:00:02 )
-------------------------------------------------------------------------------------------------------------
	 #1 (2.9354e-04, 4.5071e-06): lin 13 (3.4e-11)
	 #2 (4.3378e-07, 2.8533e-01): lin 14 (6.4e-11)
-------------------------------------------------------------------------------------------------------------
 T = 32, DT = 2, NI = 2, LI = 27, RES = 3.7e-12 (1.1e-07), CFL=0.032 (ELAPSED 00:00:02 )
-------------------------------------------------------------------------------------------------------------
	 #1 (2.8890e-04, 3.9756e-06): lin 13 (3.2e-11)
	 #2 (3.7556e-07, 8.0534e-02): lin 14 (9.2e-11)
-------------------------------------------------------------------------------------------------------------
 T = 34, DT = 2, NI = 2, LI = 27, RES = 3.5e-12 (3.8e-08), CFL=0.032 (ELAPSED 00:00:02 )
-------------------------------------------------------------------------------------------------------------
	 #1 (2.8484e-04, 3.6183e-06): lin 13 (3.2e-11)
	 #2 (3.9731e-07, 6.7376e-02): lin 15 (3.2e-11)
-------------------------------------------------------------------------------------------------------------
 T = 36, DT = 2, NI = 2, LI = 28, RES = 3.4e-12 (1.6e-08), CFL=0.032 (ELAPSED 00:00:02 )
-------------------------------------------------------------------------------------------------------------
	 #1 (2.8129e-04, 3.3934e-06): lin 14 (1.8e-11)
	 #2 (3.7928e-07, 5.6797e-02): lin 15 (2.8e-11)
-------------------------------------------------------------------------------------------------------------
 T = 38, DT = 2, NI = 2, LI = 29, RES = 3.6e-12 (2.5e-08), CFL=0.032 (ELAPSED 00:00:02 )
-------------------------------------------------------------------------------------------------------------
	 #1 (2.7819e-04, 3.2026e-06): lin 14 (1.1e-11)
	 #2 (3.7713e-07, 4.8593e-02): lin 14 (3.5e-11)
-------------------------------------------------------------------------------------------------------------
 T = 40, DT = 2, NI = 2, LI = 28, RES = 3.5e-12 (3.9e-08), CFL=0.032 (ELAPSED 00:00:03 )
-------------------------------------------------------------------------------------------------------------
	 #1 (2.7546e-04, 3.0545e-06): lin 13 (1.5e-11)
	 #2 (4.0691e-07, 4.1806e-02): lin 14 (2.2e-11)
-------------------------------------------------------------------------------------------------------------
 T = 42, DT = 2, NI = 2, LI = 27, RES = 3.4e-12 (1.3e-09), CFL=0.032 (ELAPSED 00:00:03 )
-------------------------------------------------------------------------------------------------------------
	 #1 (2.7306e-04, 2.9490e-06): lin 12 (8.0e-11)
	 #2 (4.4206e-07, 3.6589e-02): lin 13 (7.8e-11)
-------------------------------------------------------------------------------------------------------------
 T = 44, DT = 2, NI = 2, LI = 25, RES = 3.3e-12 (1.7e-08), CFL=0.032 (ELAPSED 00:00:03 )
-------------------------------------------------------------------------------------------------------------
	 #1 (2.7093e-04, 2.8291e-06): lin 12 (4.3e-11)
	 #2 (4.2079e-07, 3.1591e-02): lin 13 (5.2e-11)
-------------------------------------------------------------------------------------------------------------
 T = 46, DT = 2, NI = 2, LI = 25, RES = 3.2e-12 (3.4e-08), CFL=0.032 (ELAPSED 00:00:03 )
-------------------------------------------------------------------------------------------------------------
	 #1 (2.6906e-04, 2.7828e-06): lin 12 (2.6e-11)
	 #2 (4.2424e-07, 2.7687e-02): lin 13 (2.5e-11)
-------------------------------------------------------------------------------------------------------------
 T = 48, DT = 2, NI = 2, LI = 25, RES = 8.7e-11 (2.7e-08), CFL=0.032 (ELAPSED 00:00:03 )
-------------------------------------------------------------------------------------------------------------
	 #1 (2.6740e-04, 2.6582e-06): lin 12 (1.5e-11)
	 #2 (3.8886e-07, 2.4476e-02): lin 13 (1.6e-11)
-------------------------------------------------------------------------------------------------------------
 T = 50, DT = 2, NI = 2, LI = 25, RES = 3.3e-12 (1.8e-08), CFL=0.032 (ELAPSED 00:00:03 )
-------------------------------------------------------------------------------------------------------------
	 #1 (2.6592e-04, 2.5369e-06): lin 12 (1.1e-11)
	 #2 (3.6619e-07, 2.1578e-02): lin 13 (1.3e-11)
-------------------------------------------------------------------------------------------------------------
 T = 52, DT = 2, NI = 2, LI = 25, RES = 3.4e-12 (2.9e-08), CFL=0.032 (ELAPSED 00:00:03 )
-------------------------------------------------------------------------------------------------------------
	 #1 (2.6461e-04, 2.4336e-06): lin 11 (8.1e-11)
	 #2 (4.4074e-07, 1.9347e-02): lin 12 (9.8e-11)
-------------------------------------------------------------------------------------------------------------
 T = 54, DT = 2, NI = 2, LI = 23, RES = 3.1e-12 (2.9e-08), CFL=0.032 (ELAPSED 00:00:03 )
-------------------------------------------------------------------------------------------------------------
	 #1 (2.6344e-04, 2.3588e-06): lin 11 (6.2e-11)
	 #2 (3.7462e-07, 1.7095e-02): lin 12 (9.4e-11)
-------------------------------------------------------------------------------------------------------------
 T = 56, DT = 2, NI = 2, LI = 23, RES = 3.3e-12 (1.7e-08), CFL=0.032 (ELAPSED 00:00:03 )
-------------------------------------------------------------------------------------------------------------
	 #1 (2.6239e-04, 2.3228e-06): lin 11 (4.8e-11)
	 #2 (3.6281e-07, 1.5370e-02): lin 12 (5.2e-11)
-------------------------------------------------------------------------------------------------------------
 T = 58, DT = 2, NI = 2, LI = 23, RES = 3.3e-12 (1.2e-08), CFL=0.032 (ELAPSED 00:00:03 )
-------------------------------------------------------------------------------------------------------------
	 #1 (2.6146e-04, 2.2568e-06): lin 11 (3.9e-11)
	 #2 (3.8938e-07, 1.3770e-02): lin 12 (5.3e-11)
-------------------------------------------------------------------------------------------------------------
 T = 60, DT = 2, NI = 2, LI = 23, RES = 1.3e-10 (3.3e-08), CFL=0.032 (ELAPSED 00:00:03 )
-------------------------------------------------------------------------------------------------------------
	 #1 (2.6063e-04, 2.1974e-06): lin 11 (3.1e-11)
	 #2 (3.7992e-07, 1.2419e-02): lin 12 (2.7e-11)
-------------------------------------------------------------------------------------------------------------
 T = 62, DT = 2, NI = 2, LI = 23, RES = 3.4e-12 (4.1e-08), CFL=0.032 (ELAPSED 00:00:03 )
-------------------------------------------------------------------------------------------------------------
	 #1 (2.5988e-04, 2.1590e-06): lin 11 (2.5e-11)
	 #2 (3.9152e-07, 1.1700e-02): lin 12 (3.0e-11)
-------------------------------------------------------------------------------------------------------------
 T = 64, DT = 2, NI = 2, LI = 23, RES = 3.2e-12 (5.2e-08), CFL=0.032 (ELAPSED 00:00:03 )
-------------------------------------------------------------------------------------------------------------
	 #1 (2.5921e-04, 2.0966e-06): lin 11 (2.1e-11)
	 #2 (3.9455e-07, 1.0191e-02): lin 12 (2.4e-11)
-------------------------------------------------------------------------------------------------------------
 T = 66, DT = 2, NI = 2, LI = 23, RES = 3.0e-12 (1.9e-08), CFL=0.032 (ELAPSED 00:00:03 )
-------------------------------------------------------------------------------------------------------------
	 #1 (2.5861e-04, 2.0132e-06): lin 11 (1.7e-11)
	 #2 (4.0661e-07, 9.2546e-03): lin 12 (1.7e-11)
-------------------------------------------------------------------------------------------------------------
 T = 68, DT = 2, NI = 2, LI = 23, RES = 3.2e-12 (5.9e-08), CFL=0.032 (ELAPSED 00:00:03 )
-------------------------------------------------------------------------------------------------------------
	 #1 (2.5808e-04, 1.8939e-06): lin 11 (1.5e-11)
	 #2 (3.7623e-07, 8.4369e-03): lin 12 (1.5e-11)
-------------------------------------------------------------------------------------------------------------
 T = 70, DT = 2, NI = 2, LI = 23, RES = 3.3e-12 (3.3e-08), CFL=0.032 (ELAPSED 00:00:03 )
-------------------------------------------------------------------------------------------------------------
	 #1 (2.5760e-04, 1.9122e-06): lin 11 (1.2e-11)
	 #2 (3.9090e-07, 7.7106e-03): lin 12 (1.3e-11)
-------------------------------------------------------------------------------------------------------------
 T = 72, DT = 2, NI = 2, LI = 23, RES = 3.0e-12 (5.2e-09), CFL=0.032 (ELAPSED 00:00:03 )
-------------------------------------------------------------------------------------------------------------
	 #1 (2.5717e-04, 1.8468e-06): lin 10 (9.8e-11)
	 #2 (3.7049e-07, 7.0648e-03): lin 12 (1.1e-11)
-------------------------------------------------------------------------------------------------------------
 T = 74, DT = 2, NI = 2, LI = 22, RES = 3.2e-12 (3.9e-08), CFL=0.032 (ELAPSED 00:00:03 )
-------------------------------------------------------------------------------------------------------------
	 #1 (2.5679e-04, 1.7664e-06): lin 10 (8.0e-11)
	 #2 (4.2408e-07, 6.9000e-03): lin 12 (1.0e-11)
-------------------------------------------------------------------------------------------------------------
 T = 76, DT = 2, NI = 2, LI = 22, RES = 6.9e-11 (3.6e-08), CFL=0.032 (ELAPSED 00:00:03 )
-------------------------------------------------------------------------------------------------------------
	 #1 (2.5644e-04, 1.7102e-06): lin 10 (6.8e-11)
	 #2 (3.7011e-07, 5.9869e-03): lin 11 (8.4e-11)
-------------------------------------------------------------------------------------------------------------
 T = 78, DT = 2, NI = 2, LI = 21, RES = 7.0e-12 (8.4e-09), CFL=0.032 (ELAPSED 00:00:03 )
-------------------------------------------------------------------------------------------------------------
	 #1 (2.5613e-04, 1.7152e-06): lin 10 (6.0e-11)
	 #2 (4.2929e-07, 5.5351e-03): lin 11 (5.0e-11)
-------------------------------------------------------------------------------------------------------------
 T = 80, DT = 2, NI = 2, LI = 21, RES = 3.0e-12 (5.8e-08), CFL=0.032 (ELAPSED 00:00:03 )
-------------------------------------------------------------------------------------------------------------
	 #1 (2.5585e-04, 1.6170e-06): lin 10 (5.9e-11)
	 #2 (3.5793e-07, 5.1496e-03): lin 11 (4.8e-11)
-------------------------------------------------------------------------------------------------------------
 T = 82, DT = 2, NI = 2, LI = 21, RES = 3.0e-12 (5.4e-08), CFL=0.032 (ELAPSED 00:00:03 )
-------------------------------------------------------------------------------------------------------------
	 #1 (2.5559e-04, 1.5860e-06): lin 10 (5.4e-11)
	 #2 (4.1114e-07, 4.7620e-03): lin 11 (4.1e-11)
-------------------------------------------------------------------------------------------------------------
 T = 84, DT = 2, NI = 2, LI = 21, RES = 2.9e-12 (2.9e-08), CFL=0.032 (ELAPSED 00:00:03 )
-------------------------------------------------------------------------------------------------------------
	 #1 (2.5537e-04, 1.6161e-06): lin 10 (4.9e-11)
	 #2 (3.5529e-07, 4.4394e-03): lin 11 (3.0e-11)
-------------------------------------------------------------------------------------------------------------
 T = 86, DT = 2, NI = 2, LI = 21, RES = 3.0e-12 (4.7e-08), CFL=0.032 (ELAPSED 00:00:03 )
-------------------------------------------------------------------------------------------------------------
	 #1 (2.5517e-04, 1.6047e-06): lin 10 (4.2e-11)
	 #2 (3.7121e-07, 4.1411e-03): lin 11 (3.0e-11)
-------------------------------------------------------------------------------------------------------------
 T = 88, DT = 2, NI = 2, LI = 21, RES = 1.1e-10 (1.7e-08), CFL=0.032 (ELAPSED 00:00:03 )
-------------------------------------------------------------------------------------------------------------
	 #1 (2.5498e-04, 1.5144e-06): lin 10 (3.9e-11)
	 #2 (3.5597e-07, 3.8684e-03): lin 11 (1.6e-11)
-------------------------------------------------------------------------------------------------------------
 T = 90, DT = 2, NI = 2, LI = 21, RES = 3.0e-12 (3.5e-08), CFL=0.032 (ELAPSED 00:00:03 )
-------------------------------------------------------------------------------------------------------------
	 #1 (2.5482e-04, 1.4684e-06): lin 10 (3.7e-11)
	 #2 (3.6116e-07, 3.9888e-03): lin 11 (2.6e-11)
-------------------------------------------------------------------------------------------------------------
 T = 92, DT = 2, NI = 2, LI = 21, RES = 3.0e-12 (9.4e-09), CFL=0.032 (ELAPSED 00:00:03 )
-------------------------------------------------------------------------------------------------------------
	 #1 (2.5467e-04, 1.4487e-06): lin 10 (3.6e-11)
	 #2 (3.8175e-07, 3.3995e-03): lin 11 (1.7e-11)
-------------------------------------------------------------------------------------------------------------
 T = 94, DT = 2, NI = 2, LI = 21, RES = 3.0e-12 (2.8e-08), CFL=0.032 (ELAPSED 00:00:04 )
-------------------------------------------------------------------------------------------------------------
	 #1 (2.5453e-04, 1.4035e-06): lin 10 (3.4e-11)
	 #2 (3.5945e-07, 3.2039e-03): lin 11 (1.7e-11)
-------------------------------------------------------------------------------------------------------------
 T = 96, DT = 2, NI = 2, LI = 21, RES = 2.9e-12 (5.8e-08), CFL=0.032 (ELAPSED 00:00:04 )
-------------------------------------------------------------------------------------------------------------
	 #1 (2.5441e-04, 1.3516e-06): lin 10 (3.2e-11)
	 #2 (3.7633e-07, 3.0221e-03): lin 11 (2.2e-11)
-------------------------------------------------------------------------------------------------------------
 T = 98, DT = 2, NI = 2, LI = 21, RES = 2.8e-12 (4.5e-08), CFL=0.032 (ELAPSED 00:00:04 )
-------------------------------------------------------------------------------------------------------------
	 #1 (2.5430e-04, 1.4287e-06): lin 10 (3.0e-11)
	 #2 (4.1591e-07, 2.8521e-03): lin 11 (1.4e-11)
-------------------------------------------------------------------------------------------------------------
 T = 100, DT = 2, NI = 2, LI = 21, RES = 2.7e-12 (4.7e-08), CFL=0.032 (ELAPSED 00:00:04 )
-------------------------------------------------------------------------------------------------------------
	 #1 (2.5420e-04, 1.3160e-06): lin 10 (2.9e-11)
	 #2 (3.6428e-07, 3.0568e-03): lin 11 (1.6e-11)
-------------------------------------------------------------------------------------------------------------
 T = 102, DT = 2, NI = 2, LI = 21, RES = 2.9e-12 (5.9e-08), CFL=0.032 (ELAPSED 00:00:04 )
-------------------------------------------------------------------------------------------------------------
	 #1 (2.5411e-04, 1.2649e-06): lin 10 (2.7e-11)
	 #2 (3.6335e-07, 2.5551e-03): lin 11 (1.9e-11)
-------------------------------------------------------------------------------------------------------------
 T = 104, DT = 2, NI = 2, LI = 21, RES = 2.8e-12 (3.6e-08), CFL=0.032 (ELAPSED 00:00:04 )
-------------------------------------------------------------------------------------------------------------
	 #1 (2.5403e-04, 1.2658e-06): lin 10 (2.6e-11)
	 #2 (3.8330e-07, 2.4215e-03): lin 11 (1.1e-11)
-------------------------------------------------------------------------------------------------------------
 T = 106, DT = 2, NI = 2, LI = 21, RES = 2.7e-12 (1.7e-08), CFL=0.032 (ELAPSED 00:00:04 )
-------------------------------------------------------------------------------------------------------------
	 #1 (2.5396e-04, 1.2635e-06): lin 10 (1.9e-11)
	 #2 (3.5979e-07, 2.2996e-03): lin 11 (1.3e-11)
-------------------------------------------------------------------------------------------------------------
 T = 108, DT = 2, NI = 2, LI = 21, RES = 2.8e-12 (2.1e-08), CFL=0.032 (ELAPSED 00:00:04 )
-------------------------------------------------------------------------------------------------------------
	 #1 (2.5389e-04, 1.2396e-06): lin 10 (1.8e-11)
	 #2 (3.5076e-07, 2.1878e-03): lin 10 (9.5e-11)
-------------------------------------------------------------------------------------------------------------
 T = 110, DT = 2, NI = 2, LI = 20, RES = 2.8e-12 (5.6e-08), CFL=0.032 (ELAPSED 00:00:04 )
-------------------------------------------------------------------------------------------------------------
	 #1 (2.5383e-04, 1.2950e-06): lin 9 (9.8e-11)
	 #2 (3.9340e-07, 2.1669e-03): lin 10 (9.5e-11)
-------------------------------------------------------------------------------------------------------------
 T = 112, DT = 2, NI = 2, LI = 19, RES = 2.6e-12 (3.7e-08), CFL=0.032 (ELAPSED 00:00:04 )
-------------------------------------------------------------------------------------------------------------
	 #1 (2.5378e-04, 1.1817e-06): lin 9 (8.6e-11)
	 #2 (3.5331e-07, 1.9891e-03): lin 10 (7.6e-11)
-------------------------------------------------------------------------------------------------------------
 T = 114, DT = 2, NI = 2, LI = 19, RES = 2.6e-12 (3.3e-08), CFL=0.032 (ELAPSED 00:00:04 )
-------------------------------------------------------------------------------------------------------------
	 #1 (2.5373e-04, 1.1562e-06): lin 9 (8.2e-11)
	 #2 (3.5315e-07, 1.9035e-03): lin 10 (8.6e-11)
-------------------------------------------------------------------------------------------------------------
 T = 116, DT = 2, NI = 2, LI = 19, RES = 2.8e-12 (8.6e-09), CFL=0.032 (ELAPSED 00:00:04 )
-------------------------------------------------------------------------------------------------------------
	 #1 (2.5370e-04, 1.1629e-06): lin 9 (8.0e-11)
	 #2 (3.5333e-07, 1.8219e-03): lin 10 (9.9e-11)
-------------------------------------------------------------------------------------------------------------
 T = 118, DT = 2, NI = 2, LI = 19, RES = 2.8e-12 (4.1e-08), CFL=0.032 (ELAPSED 00:00:04 )
-------------------------------------------------------------------------------------------------------------
	 #1 (2.5366e-04, 1.1937e-06): lin 9 (7.7e-11)
	 #2 (3.5939e-07, 1.7463e-03): lin 10 (7.4e-11)
-------------------------------------------------------------------------------------------------------------
 T = 120, DT = 2, NI = 2, LI = 19, RES = 2.7e-12 (2.5e-08), CFL=0.032 (ELAPSED 00:00:04 )
-------------------------------------------------------------------------------------------------------------
	 #1 (2.5363e-04, 1.1133e-06): lin 9 (7.4e-11)
	 #2 (4.0320e-07, 1.6765e-03): lin 10 (7.2e-11)
-------------------------------------------------------------------------------------------------------------
 T = 122, DT = 2, NI = 2, LI = 19, RES = 2.5e-12 (1.8e-11), CFL=0.032 (ELAPSED 00:00:04 )
-------------------------------------------------------------------------------------------------------------
	 #1 (2.5361e-04, 1.1214e-06): lin 9 (7.1e-11)
	 #2 (3.7559e-07, 1.6118e-03): lin 10 (7.6e-11)
-------------------------------------------------------------------------------------------------------------
 T = 124, DT = 2, NI = 2, LI = 19, RES = 2.6e-12 (5.4e-08), CFL=0.032 (ELAPSED 00:00:04 )
-------------------------------------------------------------------------------------------------------------
	 #1 (2.5358e-04, 1.0531e-06): lin 9 (6.9e-11)
	 #2 (3.4547e-07, 1.7619e-03): lin 10 (3.9e-11)
-------------------------------------------------------------------------------------------------------------
 T = 126, DT = 2, NI = 2, LI = 19, RES = 2.8e-12 (2.4e-08), CFL=0.032 (ELAPSED 00:00:04 )
-------------------------------------------------------------------------------------------------------------
	 #1 (2.5356e-04, 1.1036e-06): lin 9 (6.6e-11)
	 #2 (3.5280e-07, 1.4954e-03): lin 10 (6.7e-11)
-------------------------------------------------------------------------------------------------------------
 T = 128, DT = 2, NI = 2, LI = 19, RES = 2.7e-12 (4.4e-09), CFL=0.032 (ELAPSED 00:00:04 )
-------------------------------------------------------------------------------------------------------------
	 #1 (2.5353e-04, 1.0584e-06): lin 9 (6.4e-11)
	 #2 (3.9115e-07, 1.4438e-03): lin 10 (4.9e-11)
-------------------------------------------------------------------------------------------------------------
 T = 130, DT = 2, NI = 2, LI = 19, RES = 2.5e-12 (5.8e-08), CFL=0.032 (ELAPSED 00:00:04 )
-------------------------------------------------------------------------------------------------------------
	 #1 (2.5351e-04, 9.9211e-07): lin 9 (6.2e-11)
	 #2 (3.6381e-07, 1.3958e-03): lin 10 (3.5e-11)
-------------------------------------------------------------------------------------------------------------
 T = 132, DT = 2, NI = 2, LI = 19, RES = 4.8e-12 (2.0e-08), CFL=0.032 (ELAPSED 00:00:04 )
-------------------------------------------------------------------------------------------------------------
	 #1 (2.5349e-04, 1.0536e-06): lin 9 (6.0e-11)
	 #2 (3.8674e-07, 1.3511e-03): lin 10 (3.4e-11)
-------------------------------------------------------------------------------------------------------------
 T = 134, DT = 2, NI = 2, LI = 19, RES = 2.5e-12 (3.6e-08), CFL=0.032 (ELAPSED 00:00:04 )
-------------------------------------------------------------------------------------------------------------
	 #1 (2.5347e-04, 1.0566e-06): lin 9 (5.8e-11)
	 #2 (3.5058e-07, 1.3096e-03): lin 10 (2.7e-11)
-------------------------------------------------------------------------------------------------------------
 T = 136, DT = 2, NI = 2, LI = 19, RES = 2.6e-12 (5.4e-08), CFL=0.032 (ELAPSED 00:00:04 )
-------------------------------------------------------------------------------------------------------------
	 #1 (2.5346e-04, 1.0608e-06): lin 9 (6.0e-11)
	 #2 (3.6462e-07, 1.2709e-03): lin 10 (5.5e-11)
-------------------------------------------------------------------------------------------------------------
 T = 138, DT = 2, NI = 2, LI = 19, RES = 1.2e-10 (4.7e-08), CFL=0.032 (ELAPSED 00:00:04 )
-------------------------------------------------------------------------------------------------------------
	 #1 (2.5344e-04, 9.4907e-07): lin 9 (6.1e-11)
	 #2 (3.5666e-07, 1.2946e-03): lin 10 (5.7e-11)
-------------------------------------------------------------------------------------------------------------
 T = 140, DT = 2, NI = 2, LI = 19, RES = 2.6e-12 (4.3e-08), CFL=0.032 (ELAPSED 00:00:04 )
-------------------------------------------------------------------------------------------------------------
	 #1 (2.5343e-04, 9.3730e-07): lin 9 (6.7e-11)
	 #2 (4.0322e-07, 1.2008e-03): lin 10 (2.6e-11)
-------------------------------------------------------------------------------------------------------------
 T = 142, DT = 2, NI = 2, LI = 19, RES = 2.4e-12 (3.1e-08), CFL=0.032 (ELAPSED 00:00:04 )
-------------------------------------------------------------------------------------------------------------
	 #1 (2.5342e-04, 9.2840e-07): lin 9 (6.4e-11)
	 #2 (3.5592e-07, 1.1693e-03): lin 10 (4.9e-11)
-------------------------------------------------------------------------------------------------------------
 T = 144, DT = 2, NI = 2, LI = 19, RES = 2.5e-12 (3.2e-09), CFL=0.032 (ELAPSED 00:00:04 )
-------------------------------------------------------------------------------------------------------------
	 #1 (2.5341e-04, 9.4432e-07): lin 9 (9.2e-11)
	 #2 (3.4374e-07, 1.1399e-03): lin 10 (3.3e-11)
-------------------------------------------------------------------------------------------------------------
 T = 146, DT = 2, NI = 2, LI = 19, RES = 2.5e-12 (1.6e-08), CFL=0.032 (ELAPSED 00:00:04 )
-------------------------------------------------------------------------------------------------------------
	 #1 (2.5341e-04, 9.5206e-07): lin 9 (5.5e-11)
	 #2 (3.4712e-07, 1.1124e-03): lin 10 (2.9e-11)
-------------------------------------------------------------------------------------------------------------
 T = 148, DT = 2, NI = 2, LI = 19, RES = 2.5e-12 (3.9e-08), CFL=0.032 (ELAPSED 00:00:04 )
-------------------------------------------------------------------------------------------------------------
	 #1 (2.5341e-04, 9.6284e-07): lin 9 (5.5e-11)
	 #2 (3.4363e-07, 1.0868e-03): lin 10 (1.8e-11)
-------------------------------------------------------------------------------------------------------------
 T = 150, DT = 2, NI = 2, LI = 19, RES = 2.5e-12 (6.0e-09), CFL=0.032 (ELAPSED 00:00:04 )
-------------------------------------------------------------------------------------------------------------
	 #1 (2.5341e-04, 9.0835e-07): lin 9 (5.4e-11)
	 #2 (3.5650e-07, 1.0627e-03): lin 10 (2.0e-11)
-------------------------------------------------------------------------------------------------------------
 T = 152, DT = 2, NI = 2, LI = 19, RES = 2.5e-12 (3.3e-09), CFL=0.032 (ELAPSED 00:00:04 )
-------------------------------------------------------------------------------------------------------------
	 #1 (2.5341e-04, 9.0691e-07): lin 9 (5.3e-11)
	 #2 (3.4511e-07, 1.0401e-03): lin 10 (1.9e-11)
-------------------------------------------------------------------------------------------------------------
 T = 154, DT = 2, NI = 2, LI = 19, RES = 2.4e-12 (2.6e-08), CFL=0.032 (ELAPSED 00:00:05 )
-------------------------------------------------------------------------------------------------------------
	 #1 (2.5341e-04, 8.6821e-07): lin 9 (5.2e-11)
	 #2 (3.4938e-07, 1.0190e-03): lin 10 (1.9e-11)
-------------------------------------------------------------------------------------------------------------
 T = 156, DT = 2, NI = 2, LI = 19, RES = 2.5e-12 (3.5e-08), CFL=0.032 (ELAPSED 00:00:05 )
-------------------------------------------------------------------------------------------------------------
	 #1 (2.5342e-04, 8.4897e-07): lin 9 (5.1e-11)
	 #2 (3.5706e-07, 5.0485e-02): lin 10 (1.8e-11)
-------------------------------------------------------------------------------------------------------------
 T = 158, DT = 2, NI = 2, LI = 19, RES = 2.6e-12 (2.4e-08), CFL=0.032 (ELAPSED 00:00:05 )
-------------------------------------------------------------------------------------------------------------
	 #1 (2.5342e-04, 8.8695e-07): lin 9 (5.0e-11)
	 #2 (3.6343e-07, 2.8855e-04): lin 10 (2.0e-11)
-------------------------------------------------------------------------------------------------------------
 T = 160, DT = 2, NI = 2, LI = 19, RES = 2.4e-12 (1.3e-08), CFL=0.032 (ELAPSED 00:00:05 )
-------------------------------------------------------------------------------------------------------------
	 #1 (2.5342e-04, 8.6565e-07): lin 9 (4.9e-11)
	 #2 (3.7619e-07, 2.7714e-04): lin 10 (3.0e-11)
-------------------------------------------------------------------------------------------------------------
 T = 162, DT = 2, NI = 2, LI = 19, RES = 2.4e-12 (3.7e-08), CFL=0.032 (ELAPSED 00:00:05 )
-------------------------------------------------------------------------------------------------------------
	 #1 (2.5342e-04, 8.7978e-07): lin 9 (4.8e-11)
	 #2 (3.7583e-07, 2.6540e-04): lin 10 (2.1e-11)
-------------------------------------------------------------------------------------------------------------
 T = 164, DT = 2, NI = 2, LI = 19, RES = 2.4e-12 (4.9e-08), CFL=0.032 (ELAPSED 00:00:05 )
-------------------------------------------------------------------------------------------------------------
	 #1 (2.5341e-04, 7.8707e-07): lin 9 (4.8e-11)
	 #2 (3.7189e-07, 2.5480e-04): lin 10 (2.4e-11)
-------------------------------------------------------------------------------------------------------------
 T = 166, DT = 2, NI = 2, LI = 19, RES = 2.3e-12 (3.9e-08), CFL=0.032 (ELAPSED 00:00:05 )
-------------------------------------------------------------------------------------------------------------
	 #1 (2.5341e-04, 7.8808e-07): lin 9 (4.7e-11)
	 #2 (3.5656e-07, 2.4472e-04): lin 10 (2.5e-11)
-------------------------------------------------------------------------------------------------------------
 T = 168, DT = 2, NI = 2, LI = 19, RES = 2.3e-12 (4.1e-08), CFL=0.032 (ELAPSED 00:00:05 )
-------------------------------------------------------------------------------------------------------------
	 #1 (2.5340e-04, 7.7753e-07): lin 9 (4.6e-11)
	 #2 (3.5577e-07, 2.3532e-04): lin 10 (2.4e-11)
-------------------------------------------------------------------------------------------------------------
 T = 170, DT = 2, NI = 2, LI = 19, RES = 2.4e-12 (1.7e-08), CFL=0.032 (ELAPSED 00:00:05 )
-------------------------------------------------------------------------------------------------------------
	 #1 (2.5340e-04, 7.9247e-07): lin 9 (4.5e-11)
	 #2 (3.7411e-07, 2.2623e-04): lin 10 (2.2e-11)
-------------------------------------------------------------------------------------------------------------
 T = 172, DT = 2, NI = 2, LI = 19, RES = 2.3e-12 (1.2e-08), CFL=0.032 (ELAPSED 00:00:05 )
-------------------------------------------------------------------------------------------------------------
	 #1 (2.5340e-04, 7.8899e-07): lin 9 (4.5e-11)
	 #2 (3.9324e-07, 2.1751e-04): lin 10 (2.0e-11)
-------------------------------------------------------------------------------------------------------------
 T = 174, DT = 2, NI = 2, LI = 19, RES = 1.4e-11 (2.8e-08), CFL=0.032 (ELAPSED 00:00:05 )
-------------------------------------------------------------------------------------------------------------
	 #1 (2.5340e-04, 7.6544e-07): lin 9 (4.4e-11)
	 #2 (3.5063e-07, 7.8599e-02): lin 10 (1.1e-11)
-------------------------------------------------------------------------------------------------------------
 T = 176, DT = 2, NI = 2, LI = 19, RES = 2.4e-12 (5.1e-08), CFL=0.032 (ELAPSED 00:00:05 )
-------------------------------------------------------------------------------------------------------------
	 #1 (2.5339e-04, 8.2569e-07): lin 9 (4.3e-11)
	 #2 (3.5840e-07, 3.1335e-05): lin 10 (1.1e-11)
-------------------------------------------------------------------------------------------------------------
 T = 178, DT = 2, NI = 2, LI = 19, RES = 2.4e-12 (4.7e-08), CFL=0.032 (ELAPSED 00:00:05 )
-------------------------------------------------------------------------------------------------------------
	 #1 (2.5339e-04, 8.1192e-07): lin 9 (3.8e-11)
	 #2 (3.5081e-07, 3.2727e-05): lin 10 (1.1e-11)
-------------------------------------------------------------------------------------------------------------
 T = 180, DT = 2, NI = 2, LI = 19, RES = 2.5e-12 (4.4e-08), CFL=0.032 (ELAPSED 00:00:05 )
-------------------------------------------------------------------------------------------------------------
	 #1 (2.5338e-04, 7.1572e-07): lin 9 (3.8e-11)
	 #2 (3.4246e-07, 3.0504e-05): lin 10 (1.1e-11)
-------------------------------------------------------------------------------------------------------------
 T = 182, DT = 2, NI = 2, LI = 19, RES = 2.3e-12 (3.3e-08), CFL=0.032 (ELAPSED 00:00:05 )
-------------------------------------------------------------------------------------------------------------
	 #1 (2.5337e-04, 7.8368e-07): lin 9 (3.7e-11)
	 #2 (3.3062e-07, 3.0070e-05): lin 10 (1.3e-11)
-------------------------------------------------------------------------------------------------------------
 T = 184, DT = 2, NI = 2, LI = 19, RES = 2.2e-12 (4.5e-08), CFL=0.032 (ELAPSED 00:00:05 )
-------------------------------------------------------------------------------------------------------------
	 #1 (2.5336e-04, 7.8789e-07): lin 9 (3.7e-11)
	 #2 (3.4194e-07, 2.9756e-05): lin 10 (9.5e-12)
-------------------------------------------------------------------------------------------------------------
 T = 186, DT = 2, NI = 2, LI = 19, RES = 2.2e-12 (2.9e-08), CFL=0.032 (ELAPSED 00:00:05 )
-------------------------------------------------------------------------------------------------------------
	 #1 (2.5335e-04, 7.6505e-07): lin 9 (3.6e-11)
	 #2 (3.7302e-07, 2.9475e-05): lin 10 (1.0e-11)
-------------------------------------------------------------------------------------------------------------
 T = 188, DT = 2, NI = 2, LI = 19, RES = 2.1e-12 (3.0e-08), CFL=0.032 (ELAPSED 00:00:05 )
-------------------------------------------------------------------------------------------------------------
	 #1 (2.5334e-04, 7.5976e-07): lin 9 (3.5e-11)
	 #2 (3.3543e-07, 2.9079e-05): lin 9 (9.1e-11)
-------------------------------------------------------------------------------------------------------------
 T = 190, DT = 2, NI = 2, LI = 18, RES = 2.2e-12 (1.2e-08), CFL=0.032 (ELAPSED 00:00:05 )
-------------------------------------------------------------------------------------------------------------
	 #1 (2.5333e-04, 7.1185e-07): lin 9 (3.5e-11)
	 #2 (3.9038e-07, 2.8805e-05): lin 9 (8.6e-11)
-------------------------------------------------------------------------------------------------------------
 T = 192, DT = 2, NI = 2, LI = 18, RES = 2.1e-12 (5.1e-09), CFL=0.031 (ELAPSED 00:00:05 )
-------------------------------------------------------------------------------------------------------------
	 #1 (2.5332e-04, 7.1162e-07): lin 9 (3.4e-11)
	 #2 (4.0453e-07, 1.4549e-01): lin 10 (1.2e-11)
-------------------------------------------------------------------------------------------------------------
 T = 194, DT = 2, NI = 2, LI = 19, RES = 2.1e-12 (9.9e-09), CFL=0.031 (ELAPSED 00:00:05 )
-------------------------------------------------------------------------------------------------------------
	 #1 (2.5330e-04, 7.0366e-07): lin 9 (3.4e-11)
	 #2 (3.4748e-07, 9.2549e-04): lin 10 (9.3e-12)
-------------------------------------------------------------------------------------------------------------
 T = 196, DT = 2, NI = 2, LI = 19, RES = 2.2e-12 (2.8e-08), CFL=0.031 (ELAPSED 00:00:05 )
-------------------------------------------------------------------------------------------------------------
	 #1 (2.5329e-04, 7.2338e-07): lin 9 (3.3e-11)
	 #2 (3.4259e-07, 7.6614e-04): lin 10 (8.5e-12)
-------------------------------------------------------------------------------------------------------------
 T = 198, DT = 2, NI = 2, LI = 19, RES = 2.2e-12 (5.9e-08), CFL=0.031 (ELAPSED 00:00:05 )
-------------------------------------------------------------------------------------------------------------
	 #1 (2.5328e-04, 6.3195e-07): lin 9 (3.3e-11)
	 #2 (3.5545e-07, 7.5770e-04): lin 10 (7.6e-12)
-------------------------------------------------------------------------------------------------------------
 T = 200, DT = 2, NI = 2, LI = 19, RES = 2.1e-12 (2.2e-08), CFL=0.031 (ELAPSED 00:00:05 )
-------------------------------------------------------------------------------------------------------------
	 #1 (2.5326e-04, 6.6263e-07): lin 9 (3.2e-11)
	 #2 (3.6660e-07, 7.5008e-04): lin 9 (9.2e-11)
-------------------------------------------------------------------------------------------------------------
 T = 202, DT = 2, NI = 2, LI = 18, RES = 2.0e-12 (4.0e-08), CFL=0.031 (ELAPSED 00:00:05 )
-------------------------------------------------------------------------------------------------------------
	 #1 (2.5324e-04, 7.1630e-07): lin 9 (3.2e-11)
	 #2 (3.7708e-07, 7.4330e-04): lin 9 (8.1e-11)
-------------------------------------------------------------------------------------------------------------
 T = 204, DT = 2, NI = 2, LI = 18, RES = 8.9e-12 (5.6e-08), CFL=0.031 (ELAPSED 00:00:05 )
-------------------------------------------------------------------------------------------------------------
	 #1 (2.5323e-04, 6.1666e-07): lin 9 (3.2e-11)
	 #2 (4.1578e-07, 7.3704e-04): lin 9 (9.7e-11)
-------------------------------------------------------------------------------------------------------------
 T = 206, DT = 2, NI = 2, LI = 18, RES = 1.9e-12 (3.3e-08), CFL=0.031 (ELAPSED 00:00:05 )
-------------------------------------------------------------------------------------------------------------
	 #1 (2.5321e-04, 6.3369e-07): lin 9 (3.1e-11)
	 #2 (3.5653e-07, 7.3119e-04): lin 10 (1.0e-11)
-------------------------------------------------------------------------------------------------------------
 T = 208, DT = 2, NI = 2, LI = 19, RES = 2.2e-12 (2.6e-08), CFL=0.031 (ELAPSED 00:00:05 )
-------------------------------------------------------------------------------------------------------------
	 #1 (2.5319e-04, 6.8535e-07): lin 9 (3.1e-11)
	 #2 (3.2920e-07, 7.2585e-04): lin 9 (9.4e-11)
-------------------------------------------------------------------------------------------------------------
 T = 210, DT = 2, NI = 2, LI = 18, RES = 2.1e-12 (2.2e-08), CFL=0.031 (ELAPSED 00:00:05 )
-------------------------------------------------------------------------------------------------------------
	 #1 (2.5317e-04, 6.7509e-07): lin 9 (3.0e-11)
	 #2 (3.5834e-07, 7.2079e-04): lin 9 (7.5e-11)
-------------------------------------------------------------------------------------------------------------
 T = 212, DT = 2, NI = 2, LI = 18, RES = 1.5e-11 (2.8e-09), CFL=0.031 (ELAPSED 00:00:05 )
-------------------------------------------------------------------------------------------------------------
	 #1 (2.5315e-04, 6.5105e-07): lin 9 (3.0e-11)
	 #2 (3.6477e-07, 7.1604e-04): lin 9 (9.0e-11)
-------------------------------------------------------------------------------------------------------------
 T = 214, DT = 2, NI = 2, LI = 18, RES = 2.0e-12 (1.2e-08), CFL=0.031 (ELAPSED 00:00:05 )
-------------------------------------------------------------------------------------------------------------
	 #1 (2.5313e-04, 6.5412e-07): lin 9 (3.0e-11)
	 #2 (3.3687e-07, 7.9814e-04): lin 10 (8.1e-12)
-------------------------------------------------------------------------------------------------------------
 T = 216, DT = 2, NI = 2, LI = 19, RES = 2.1e-12 (2.0e-08), CFL=0.031 (ELAPSED 00:00:06 )
-------------------------------------------------------------------------------------------------------------
	 #1 (2.5310e-04, 6.5160e-07): lin 9 (2.9e-11)
	 #2 (3.2970e-07, 7.0730e-04): lin 9 (8.6e-11)
-------------------------------------------------------------------------------------------------------------
 T = 218, DT = 2, NI = 2, LI = 18, RES = 7.7e-11 (1.6e-08), CFL=0.031 (ELAPSED 00:00:06 )
-------------------------------------------------------------------------------------------------------------
	 #1 (2.5308e-04, 6.0823e-07): lin 9 (2.9e-11)
	 #2 (3.3778e-07, 7.0336e-04): lin 9 (5.8e-11)
-------------------------------------------------------------------------------------------------------------
 T = 220, DT = 2, NI = 2, LI = 18, RES = 2.0e-12 (4.0e-08), CFL=0.031 (ELAPSED 00:00:06 )
-------------------------------------------------------------------------------------------------------------
	 #1 (2.5305e-04, 5.8012e-07): lin 9 (2.8e-11)
	 #2 (3.7721e-07, 6.9960e-04): lin 9 (8.3e-11)
-------------------------------------------------------------------------------------------------------------
 T = 222, DT = 2, NI = 2, LI = 18, RES = 2.0e-12 (8.5e-09), CFL=0.031 (ELAPSED 00:00:06 )
-------------------------------------------------------------------------------------------------------------
	 #1 (2.5303e-04, 6.2230e-07): lin 9 (2.8e-11)
	 #2 (3.3643e-07, 6.9607e-04): lin 9 (8.5e-11)
-------------------------------------------------------------------------------------------------------------
 T = 224, DT = 2, NI = 2, LI = 18, RES = 2.1e-12 (2.9e-10), CFL=0.031 (ELAPSED 00:00:06 )
-------------------------------------------------------------------------------------------------------------
	 #1 (2.5300e-04, 6.0958e-07): lin 9 (2.8e-11)
	 #2 (3.2368e-07, 6.9268e-04): lin 9 (6.2e-11)
-------------------------------------------------------------------------------------------------------------
 T = 226, DT = 2, NI = 2, LI = 18, RES = 2.0e-12 (3.1e-08), CFL=0.031 (ELAPSED 00:00:06 )
-------------------------------------------------------------------------------------------------------------
	 #1 (2.5297e-04, 5.7481e-07): lin 9 (2.7e-11)
	 #2 (3.6333e-07, 6.8940e-04): lin 9 (5.6e-11)
-------------------------------------------------------------------------------------------------------------
 T = 228, DT = 2, NI = 2, LI = 18, RES = 1.9e-12 (3.2e-08), CFL=0.031 (ELAPSED 00:00:06 )
-------------------------------------------------------------------------------------------------------------
	 #1 (2.5294e-04, 6.3097e-07): lin 9 (2.7e-11)
	 #2 (3.3070e-07, 6.8640e-04): lin 9 (9.1e-11)
-------------------------------------------------------------------------------------------------------------
 T = 230, DT = 2, NI = 2, LI = 18, RES = 2.0e-12 (5.3e-08), CFL=0.031 (ELAPSED 00:00:06 )
-------------------------------------------------------------------------------------------------------------
	 #1 (2.5291e-04, 5.4350e-07): lin 9 (2.7e-11)
	 #2 (3.2457e-07, 6.8351e-04): lin 9 (6.3e-11)
-------------------------------------------------------------------------------------------------------------
 T = 232, DT = 2, NI = 2, LI = 18, RES = 1.9e-12 (5.8e-08), CFL=0.031 (ELAPSED 00:00:06 )
-------------------------------------------------------------------------------------------------------------
	 #1 (2.5288e-04, 6.4761e-07): lin 9 (2.7e-11)
	 #2 (3.7508e-07, 6.8070e-04): lin 9 (5.9e-11)
-------------------------------------------------------------------------------------------------------------
 T = 234, DT = 2, NI = 2, LI = 18, RES = 1.8e-12 (9.4e-09), CFL=0.031 (ELAPSED 00:00:06 )
-------------------------------------------------------------------------------------------------------------
	 #1 (2.5284e-04, 5.7748e-07): lin 9 (2.6e-11)
	 #2 (3.3809e-07, 6.7809e-04): lin 9 (7.8e-11)
-------------------------------------------------------------------------------------------------------------
 T = 236, DT = 2, NI = 2, LI = 18, RES = 2.2e-12 (2.8e-08), CFL=0.031 (ELAPSED 00:00:06 )
-------------------------------------------------------------------------------------------------------------
	 #1 (2.5280e-04, 5.5453e-07): lin 9 (2.5e-11)
	 #2 (3.1771e-07, 8.0190e-04): lin 9 (7.5e-11)
-------------------------------------------------------------------------------------------------------------
 T = 238, DT = 2, NI = 2, LI = 18, RES = 1.9e-12 (3.2e-09), CFL=0.031 (ELAPSED 00:00:06 )
-------------------------------------------------------------------------------------------------------------
	 #1 (2.5277e-04, 5.6736e-07): lin 9 (2.5e-11)
	 #2 (3.8245e-07, 6.7288e-04): lin 9 (6.5e-11)
-------------------------------------------------------------------------------------------------------------
 T = 240, DT = 2, NI = 2, LI = 18, RES = 6.7e-12 (2.2e-08), CFL=0.031 (ELAPSED 00:00:06 )
-------------------------------------------------------------------------------------------------------------
	 #1 (2.5275e-04, 5.4388e-07): lin 9 (2.5e-11)
	 #2 (3.3675e-07, 6.7074e-04): lin 9 (7.3e-11)
-------------------------------------------------------------------------------------------------------------
 T = 242, DT = 2, NI = 2, LI = 18, RES = 2.0e-12 (5.4e-08), CFL=0.031 (ELAPSED 00:00:06 )
-------------------------------------------------------------------------------------------------------------
	 #1 (2.5274e-04, 5.0933e-07): lin 9 (2.5e-11)
	 #2 (3.3909e-07, 6.6874e-04): lin 9 (4.8e-11)
-------------------------------------------------------------------------------------------------------------
 T = 244, DT = 2, NI = 2, LI = 18, RES = 1.8e-12 (5.1e-08), CFL=0.031 (ELAPSED 00:00:06 )
-------------------------------------------------------------------------------------------------------------
	 #1 (2.5272e-04, 6.0779e-07): lin 9 (2.4e-11)
	 #2 (3.4000e-07, 6.6673e-04): lin 9 (6.3e-11)
-------------------------------------------------------------------------------------------------------------
 T = 246, DT = 2, NI = 2, LI = 18, RES = 1.9e-12 (5.4e-08), CFL=0.031 (ELAPSED 00:00:06 )
-------------------------------------------------------------------------------------------------------------
	 #1 (2.5270e-04, 5.0226e-07): lin 9 (2.4e-11)
	 #2 (3.1747e-07, 6.6475e-04): lin 9 (6.1e-11)
-------------------------------------------------------------------------------------------------------------
 T = 248, DT = 2, NI = 2, LI = 18, RES = 1.8e-12 (1.7e-08), CFL=0.031 (ELAPSED 00:00:06 )
-------------------------------------------------------------------------------------------------------------
	 #1 (2.5267e-04, 5.6757e-07): lin 9 (2.4e-11)
	 #2 (3.6346e-07, 6.6293e-04): lin 9 (5.8e-11)
-------------------------------------------------------------------------------------------------------------
 T = 250, DT = 2, NI = 2, LI = 18, RES = 1.8e-12 (2.4e-08), CFL=0.031 (ELAPSED 00:00:06 )
-------------------------------------------------------------------------------------------------------------
	 #1 (2.5265e-04, 5.7051e-07): lin 9 (2.4e-11)
	 #2 (3.3858e-07, 6.6106e-04): lin 9 (5.3e-11)
-------------------------------------------------------------------------------------------------------------
 T = 252, DT = 2, NI = 2, LI = 18, RES = 2.3e-12 (5.0e-08), CFL=0.031 (ELAPSED 00:00:06 )
-------------------------------------------------------------------------------------------------------------
	 #1 (2.5262e-04, 4.9519e-07): lin 9 (2.3e-11)
	 #2 (3.8190e-07, 6.5936e-04): lin 9 (4.8e-11)
-------------------------------------------------------------------------------------------------------------
 T = 254, DT = 2, NI = 2, LI = 18, RES = 1.7e-12 (5.9e-08), CFL=0.031 (ELAPSED 00:00:06 )
-------------------------------------------------------------------------------------------------------------
	 #1 (2.5257e-04, 4.8289e-07): lin 9 (2.3e-11)
	 #2 (3.2253e-07, 6.5758e-04): lin 9 (6.2e-11)
-------------------------------------------------------------------------------------------------------------
 T = 256, DT = 2, NI = 2, LI = 18, RES = 1.9e-12 (5.5e-08), CFL=0.031 (ELAPSED 00:00:06 )
-------------------------------------------------------------------------------------------------------------
	 #1 (2.5253e-04, 4.8245e-07): lin 9 (2.3e-11)
	 #2 (3.4723e-07, 6.5598e-04): lin 9 (4.7e-11)
-------------------------------------------------------------------------------------------------------------
 T = 258, DT = 2, NI = 2, LI = 18, RES = 2.1e-12 (3.2e-08), CFL=0.031 (ELAPSED 00:00:06 )
-------------------------------------------------------------------------------------------------------------
	 #1 (2.5251e-04, 5.6347e-07): lin 9 (2.3e-11)
	 #2 (3.1925e-07, 7.8936e-04): lin 9 (5.2e-11)
-------------------------------------------------------------------------------------------------------------
 T = 260, DT = 2, NI = 2, LI = 18, RES = 1.8e-12 (1.2e-08), CFL=0.031 (ELAPSED 00:00:06 )
-------------------------------------------------------------------------------------------------------------
	 #1 (2.5251e-04, 5.1032e-07): lin 9 (2.3e-11)
	 #2 (3.3395e-07, 6.5334e-04): lin 9 (4.9e-11)
-------------------------------------------------------------------------------------------------------------
 T = 262, DT = 2, NI = 2, LI = 18, RES = 1.8e-12 (3.9e-08), CFL=0.031 (ELAPSED 00:00:06 )
-------------------------------------------------------------------------------------------------------------
	 #1 (2.5250e-04, 4.8066e-07): lin 9 (2.2e-11)
	 #2 (3.5957e-07, 6.5142e-04): lin 9 (3.8e-11)
-------------------------------------------------------------------------------------------------------------
 T = 264, DT = 2, NI = 2, LI = 18, RES = 1.7e-12 (3.3e-08), CFL=0.031 (ELAPSED 00:00:06 )
-------------------------------------------------------------------------------------------------------------
	 #1 (2.5250e-04, 4.8308e-07): lin 9 (2.2e-11)
	 #2 (3.2033e-07, 6.4996e-04): lin 9 (4.2e-11)
-------------------------------------------------------------------------------------------------------------
 T = 266, DT = 2, NI = 2, LI = 18, RES = 1.8e-12 (5.7e-08), CFL=0.031 (ELAPSED 00:00:06 )
-------------------------------------------------------------------------------------------------------------
	 #1 (2.5249e-04, 4.5712e-07): lin 9 (2.2e-11)
	 #2 (3.5078e-07, 6.4868e-04): lin 9 (3.6e-11)
-------------------------------------------------------------------------------------------------------------
 T = 268, DT = 2, NI = 2, LI = 18, RES = 1.7e-12 (2.6e-08), CFL=0.031 (ELAPSED 00:00:06 )
-------------------------------------------------------------------------------------------------------------
	 #1 (2.5249e-04, 4.8434e-07): lin 9 (2.2e-11)
	 #2 (3.1325e-07, 6.4735e-04): lin 9 (4.3e-11)
-------------------------------------------------------------------------------------------------------------
 T = 270, DT = 2, NI = 2, LI = 18, RES = 1.1e-10 (1.3e-08), CFL=0.031 (ELAPSED 00:00:06 )
-------------------------------------------------------------------------------------------------------------
	 #1 (2.5247e-04, 5.1899e-07): lin 9 (2.1e-11)
	 #2 (3.3296e-07, 6.4607e-04): lin 9 (4.6e-11)
-------------------------------------------------------------------------------------------------------------
 T = 272, DT = 2, NI = 2, LI = 18, RES = 1.7e-12 (3.3e-08), CFL=0.031 (ELAPSED 00:00:07 )
-------------------------------------------------------------------------------------------------------------
	 #1 (2.5244e-04, 5.3619e-07): lin 9 (2.1e-11)
	 #2 (3.2133e-07, 6.4493e-04): lin 9 (3.2e-11)
-------------------------------------------------------------------------------------------------------------
 T = 274, DT = 2, NI = 2, LI = 18, RES = 1.8e-12 (5.3e-08), CFL=0.031 (ELAPSED 00:00:07 )
-------------------------------------------------------------------------------------------------------------
	 #1 (2.5240e-04, 4.4970e-07): lin 9 (2.1e-11)
	 #2 (3.3111e-07, 6.4371e-04): lin 9 (5.3e-11)
-------------------------------------------------------------------------------------------------------------
 T = 276, DT = 2, NI = 2, LI = 18, RES = 1.7e-12 (5.4e-08), CFL=0.031 (ELAPSED 00:00:07 )
-------------------------------------------------------------------------------------------------------------
	 #1 (2.5237e-04, 5.5001e-07): lin 9 (2.1e-11)
	 #2 (3.2487e-07, 6.4261e-04): lin 9 (3.3e-11)
-------------------------------------------------------------------------------------------------------------
 T = 278, DT = 2, NI = 2, LI = 18, RES = 1.5e-10 (2.9e-09), CFL=0.031 (ELAPSED 00:00:07 )
-------------------------------------------------------------------------------------------------------------
	 #1 (2.5233e-04, 4.9771e-07): lin 9 (2.2e-11)
	 #2 (3.3072e-07, 6.4153e-04): lin 9 (4.3e-11)
-------------------------------------------------------------------------------------------------------------
 T = 280, DT = 2, NI = 2, LI = 18, RES = 1.8e-12 (4.3e-08), CFL=0.031 (ELAPSED 00:00:07 )
-------------------------------------------------------------------------------------------------------------
	 #1 (2.5229e-04, 4.5016e-07): lin 9 (2.2e-11)
	 #2 (3.1460e-07, 7.6270e-04): lin 9 (3.5e-11)
-------------------------------------------------------------------------------------------------------------
 T = 282, DT = 2, NI = 2, LI = 18, RES = 1.7e-12 (5.2e-08), CFL=0.031 (ELAPSED 00:00:07 )
-------------------------------------------------------------------------------------------------------------
	 #1 (2.5226e-04, 4.3177e-07): lin 9 (2.2e-11)
	 #2 (3.2467e-07, 6.3937e-04): lin 9 (4.2e-11)
-------------------------------------------------------------------------------------------------------------
 T = 284, DT = 2, NI = 2, LI = 18, RES = 1.7e-12 (4.6e-08), CFL=0.031 (ELAPSED 00:00:07 )
-------------------------------------------------------------------------------------------------------------
	 #1 (2.5222e-04, 4.3319e-07): lin 9 (2.2e-11)
	 #2 (3.4892e-07, 6.4203e-04): lin 9 (3.9e-11)
-------------------------------------------------------------------------------------------------------------
 T = 286, DT = 2, NI = 2, LI = 18, RES = 2.0e-12 (5.1e-08), CFL=0.031 (ELAPSED 00:00:07 )
-------------------------------------------------------------------------------------------------------------
	 #1 (2.5220e-04, 4.2632e-07): lin 9 (2.2e-11)
	 #2 (3.1537e-07, 6.3778e-04): lin 9 (3.6e-11)
-------------------------------------------------------------------------------------------------------------
 T = 288, DT = 2, NI = 2, LI = 18, RES = 1.7e-12 (4.2e-09), CFL=0.031 (ELAPSED 00:00:07 )
-------------------------------------------------------------------------------------------------------------
	 #1 (2.5221e-04, 4.7789e-07): lin 9 (2.1e-11)
	 #2 (3.1807e-07, 6.3726e-04): lin 9 (3.9e-11)
-------------------------------------------------------------------------------------------------------------
 T = 290, DT = 2, NI = 2, LI = 18, RES = 3.7e-11 (6.1e-09), CFL=0.031 (ELAPSED 00:00:07 )
-------------------------------------------------------------------------------------------------------------
	 #1 (2.5223e-04, 4.7741e-07): lin 9 (2.1e-11)
	 #2 (3.1568e-07, 6.3653e-04): lin 9 (3.2e-11)
-------------------------------------------------------------------------------------------------------------
 T = 292, DT = 2, NI = 2, LI = 18, RES = 1.7e-12 (5.2e-08), CFL=0.031 (ELAPSED 00:00:07 )
-------------------------------------------------------------------------------------------------------------
	 #1 (2.5226e-04, 5.1994e-07): lin 9 (2.1e-11)
	 #2 (3.0995e-07, 6.3571e-04): lin 9 (4.0e-11)
-------------------------------------------------------------------------------------------------------------
 T = 294, DT = 2, NI = 2, LI = 18, RES = 1.6e-12 (3.7e-08), CFL=0.031 (ELAPSED 00:00:07 )
-------------------------------------------------------------------------------------------------------------
	 #1 (2.5228e-04, 5.0295e-07): lin 9 (2.1e-11)
	 #2 (3.2273e-07, 6.3499e-04): lin 9 (3.4e-11)
-------------------------------------------------------------------------------------------------------------
 T = 296, DT = 2, NI = 2, LI = 18, RES = 1.5e-12 (4.8e-08), CFL=0.031 (ELAPSED 00:00:07 )
-------------------------------------------------------------------------------------------------------------
	 #1 (2.5231e-04, 5.1152e-07): lin 9 (2.1e-11)
	 #2 (3.4281e-07, 6.3479e-04): lin 9 (2.9e-11)
-------------------------------------------------------------------------------------------------------------
 T = 298, DT = 2, NI = 2, LI = 18, RES = 1.8e-12 (4.7e-08), CFL=0.031 (ELAPSED 00:00:07 )
-------------------------------------------------------------------------------------------------------------
	 #1 (2.5232e-04, 4.1608e-07): lin 9 (2.1e-11)
	 #2 (3.0694e-07, 6.3430e-04): lin 9 (4.4e-11)
-------------------------------------------------------------------------------------------------------------
 T = 300, DT = 2, NI = 2, LI = 18, RES = 1.6e-12 (4.6e-08), CFL=0.031 (ELAPSED 00:00:07 )
-------------------------------------------------------------------------------------------------------------
	 #1 (2.5232e-04, 4.1461e-07): lin 9 (2.1e-11)
	 #2 (3.4656e-07, 6.3382e-04): lin 9 (2.3e-11)
-------------------------------------------------------------------------------------------------------------
 T = 302, DT = 2, NI = 2, LI = 18, RES = 1.5e-12 (2.4e-08), CFL=0.031 (ELAPSED 00:00:07 )
-------------------------------------------------------------------------------------------------------------
	 #1 (2.5232e-04, 4.3417e-07): lin 9 (2.1e-11)
	 #2 (3.2953e-07, 7.2920e-04): lin 9 (3.0e-11)
-------------------------------------------------------------------------------------------------------------
 T = 304, DT = 2, NI = 2, LI = 18, RES = 1.6e-12 (5.9e-08), CFL=0.031 (ELAPSED 00:00:07 )
-------------------------------------------------------------------------------------------------------------
	 #1 (2.5231e-04, 5.0734e-07): lin 9 (2.1e-11)
	 #2 (3.0582e-07, 6.3239e-04): lin 9 (3.4e-11)
-------------------------------------------------------------------------------------------------------------
 T = 306, DT = 2, NI = 2, LI = 18, RES = 1.6e-12 (2.5e-08), CFL=0.031 (ELAPSED 00:00:07 )
-------------------------------------------------------------------------------------------------------------
	 #1 (2.5230e-04, 4.6947e-07): lin 9 (2.1e-11)
	 #2 (3.1530e-07, 6.3168e-04): lin 9 (2.6e-11)
-------------------------------------------------------------------------------------------------------------
 T = 308, DT = 2, NI = 2, LI = 18, RES = 1.7e-12 (5.6e-08), CFL=0.031 (ELAPSED 00:00:07 )
-------------------------------------------------------------------------------------------------------------
	 #1 (2.5228e-04, 3.8873e-07): lin 9 (2.0e-11)
	 #2 (3.1627e-07, 6.3103e-04): lin 9 (3.4e-11)
-------------------------------------------------------------------------------------------------------------
 T = 310, DT = 2, NI = 2, LI = 18, RES = 1.6e-12 (6.2e-08), CFL=0.031 (ELAPSED 00:00:07 )
-------------------------------------------------------------------------------------------------------------
	 #1 (2.5225e-04, 5.0133e-07): lin 9 (2.0e-11)
	 #2 (3.4353e-07, 6.3047e-04): lin 9 (3.2e-11)
-------------------------------------------------------------------------------------------------------------
 T = 312, DT = 2, NI = 2, LI = 18, RES = 1.5e-12 (1.4e-08), CFL=0.031 (ELAPSED 00:00:07 )
-------------------------------------------------------------------------------------------------------------
	 #1 (2.5222e-04, 4.2543e-07): lin 9 (2.0e-11)
	 #2 (3.0818e-07, 6.2977e-04): lin 9 (2.4e-11)
-------------------------------------------------------------------------------------------------------------
 T = 314, DT = 2, NI = 2, LI = 18, RES = 1.8e-12 (3.8e-08), CFL=0.031 (ELAPSED 00:00:07 )
-------------------------------------------------------------------------------------------------------------
	 #1 (2.5218e-04, 4.0104e-07): lin 9 (2.0e-11)
	 #2 (3.1816e-07, 6.2917e-04): lin 9 (2.4e-11)
-------------------------------------------------------------------------------------------------------------
 T = 316, DT = 2, NI = 2, LI = 18, RES = 6.3e-12 (3.5e-09), CFL=0.031 (ELAPSED 00:00:07 )
-------------------------------------------------------------------------------------------------------------
	 #1 (2.5213e-04, 4.3256e-07): lin 9 (2.0e-11)
	 #2 (3.6762e-07, 6.2859e-04): lin 9 (3.9e-11)
-------------------------------------------------------------------------------------------------------------
 T = 318, DT = 2, NI = 2, LI = 18, RES = 9.3e-12 (3.4e-08), CFL=0.031 (ELAPSED 00:00:08 )
-------------------------------------------------------------------------------------------------------------
	 #1 (2.5208e-04, 4.6729e-07): lin 9 (2.0e-11)
	 #2 (3.4848e-07, 6.2801e-04): lin 9 (2.6e-11)
-------------------------------------------------------------------------------------------------------------
 T = 320, DT = 2, NI = 2, LI = 18, RES = 1.4e-12 (3.4e-08), CFL=0.031 (ELAPSED 00:00:08 )
-------------------------------------------------------------------------------------------------------------
	 #1 (2.5203e-04, 3.9854e-07): lin 9 (2.0e-11)
	 #2 (3.0475e-07, 6.2710e-04): lin 9 (2.4e-11)
-------------------------------------------------------------------------------------------------------------
 T = 322, DT = 2, NI = 2, LI = 18, RES = 1.5e-12 (3.9e-08), CFL=0.031 (ELAPSED 00:00:08 )
-------------------------------------------------------------------------------------------------------------
	 #1 (2.5198e-04, 4.6847e-07): lin 9 (2.0e-11)
	 #2 (3.1886e-07, 6.2669e-04): lin 9 (2.4e-11)
-------------------------------------------------------------------------------------------------------------
 T = 324, DT = 2, NI = 2, LI = 18, RES = 1.7e-12 (5.3e-08), CFL=0.031 (ELAPSED 00:00:08 )
-------------------------------------------------------------------------------------------------------------
	 #1 (2.5192e-04, 3.7680e-07): lin 9 (1.9e-11)
	 #2 (3.5844e-07, 6.8644e-04): lin 9 (3.1e-11)
-------------------------------------------------------------------------------------------------------------
 T = 326, DT = 2, NI = 2, LI = 18, RES = 1.5e-12 (4.4e-08), CFL=0.031 (ELAPSED 00:00:08 )
-------------------------------------------------------------------------------------------------------------
	 #1 (2.5185e-04, 4.6607e-07): lin 9 (1.9e-11)
	 #2 (3.6367e-07, 6.2556e-04): lin 9 (2.5e-11)
-------------------------------------------------------------------------------------------------------------
 T = 328, DT = 2, NI = 2, LI = 18, RES = 1.3e-12 (2.9e-08), CFL=0.031 (ELAPSED 00:00:08 )
-------------------------------------------------------------------------------------------------------------
	 #1 (2.5178e-04, 4.4453e-07): lin 9 (1.9e-11)
	 #2 (2.9297e-07, 6.2505e-04): lin 9 (2.6e-11)
-------------------------------------------------------------------------------------------------------------
 T = 330, DT = 2, NI = 2, LI = 18, RES = 1.5e-12 (8.0e-09), CFL=0.031 (ELAPSED 00:00:08 )
-------------------------------------------------------------------------------------------------------------
	 #1 (2.5171e-04, 4.2295e-07): lin 9 (1.9e-11)
	 #2 (3.1392e-07, 6.2462e-04): lin 9 (2.7e-11)
-------------------------------------------------------------------------------------------------------------
 T = 332, DT = 2, NI = 2, LI = 18, RES = 1.5e-12 (3.7e-08), CFL=0.031 (ELAPSED 00:00:08 )
-------------------------------------------------------------------------------------------------------------
	 #1 (2.5164e-04, 3.7819e-07): lin 9 (1.9e-11)
	 #2 (3.4569e-07, 6.2403e-04): lin 9 (4.2e-11)
-------------------------------------------------------------------------------------------------------------
 T = 334, DT = 2, NI = 2, LI = 18, RES = 1.5e-12 (2.2e-08), CFL=0.031 (ELAPSED 00:00:08 )
-------------------------------------------------------------------------------------------------------------
	 #1 (2.5158e-04, 4.3338e-07): lin 9 (1.9e-11)
	 #2 (3.1822e-07, 6.2357e-04): lin 9 (2.3e-11)
-------------------------------------------------------------------------------------------------------------
 T = 336, DT = 2, NI = 2, LI = 18, RES = 1.4e-12 (1.1e-09), CFL=0.031 (ELAPSED 00:00:08 )
-------------------------------------------------------------------------------------------------------------
	 #1 (2.5155e-04, 4.1205e-07): lin 9 (1.9e-11)
	 #2 (3.0996e-07, 6.2300e-04): lin 9 (2.3e-11)
-------------------------------------------------------------------------------------------------------------
 T = 338, DT = 2, NI = 2, LI = 18, RES = 1.4e-12 (5.4e-08), CFL=0.031 (ELAPSED 00:00:08 )
-------------------------------------------------------------------------------------------------------------
	 #1 (2.5151e-04, 3.5735e-07): lin 9 (1.9e-11)
	 #2 (3.4199e-07, 6.2244e-04): lin 10 (1.8e-11)
-------------------------------------------------------------------------------------------------------------
 T = 340, DT = 2, NI = 2, LI = 19, RES = 3.8e-11 (1.3e-08), CFL=0.031 (ELAPSED 00:00:08 )
-------------------------------------------------------------------------------------------------------------
	 #1 (2.5149e-04, 3.9606e-07): lin 9 (1.9e-11)
	 #2 (3.0539e-07, 6.2680e-04): lin 9 (4.8e-11)
-------------------------------------------------------------------------------------------------------------
 T = 342, DT = 2, NI = 2, LI = 18, RES = 1.4e-12 (5.9e-08), CFL=0.031 (ELAPSED 00:00:08 )
-------------------------------------------------------------------------------------------------------------
	 #1 (2.5150e-04, 3.4921e-07): lin 9 (1.9e-11)
	 #2 (3.1350e-07, 6.2681e-04): lin 9 (2.4e-11)
-------------------------------------------------------------------------------------------------------------
 T = 344, DT = 2, NI = 2, LI = 18, RES = 1.5e-12 (1.6e-09), CFL=0.031 (ELAPSED 00:00:08 )
-------------------------------------------------------------------------------------------------------------
	 #1 (2.5156e-04, 4.0699e-07): lin 9 (1.8e-11)
	 #2 (3.2958e-07, 6.2564e-04): lin 9 (3.4e-11)
-------------------------------------------------------------------------------------------------------------
 T = 346, DT = 2, NI = 2, LI = 18, RES = 1.5e-12 (2.5e-08), CFL=0.031 (ELAPSED 00:00:08 )
-------------------------------------------------------------------------------------------------------------
	 #1 (2.5162e-04, 3.7924e-07): lin 9 (1.8e-11)
	 #2 (3.2489e-07, 6.4276e-04): lin 9 (2.6e-11)
-------------------------------------------------------------------------------------------------------------
 T = 348, DT = 2, NI = 2, LI = 18, RES = 1.4e-12 (5.9e-08), CFL=0.031 (ELAPSED 00:00:08 )
-------------------------------------------------------------------------------------------------------------
	 #1 (2.5167e-04, 3.4370e-07): lin 9 (1.8e-11)
	 #2 (3.2070e-07, 6.2344e-04): lin 9 (2.4e-11)
-------------------------------------------------------------------------------------------------------------
 T = 350, DT = 2, NI = 2, LI = 18, RES = 1.1e-11 (1.1e-08), CFL=0.031 (ELAPSED 00:00:08 )
-------------------------------------------------------------------------------------------------------------
	 #1 (2.5171e-04, 4.0294e-07): lin 9 (1.8e-11)
	 #2 (4.2584e-07, 6.2271e-04): lin 10 (9.9e-12)
-------------------------------------------------------------------------------------------------------------
 T = 352, DT = 2, NI = 2, LI = 19, RES = 1.3e-11 (5.3e-08), CFL=0.031 (ELAPSED 00:00:08 )
-------------------------------------------------------------------------------------------------------------
	 #1 (2.5182e-04, 3.3987e-07): lin 9 (1.8e-11)
	 #2 (3.2895e-07, 6.2198e-04): lin 9 (3.1e-11)
-------------------------------------------------------------------------------------------------------------
 T = 354, DT = 2, NI = 2, LI = 18, RES = 1.6e-12 (5.1e-08), CFL=0.031 (ELAPSED 00:00:08 )
-------------------------------------------------------------------------------------------------------------
	 #1 (2.5191e-04, 4.4016e-07): lin 9 (1.8e-11)
	 #2 (3.0183e-07, 6.1992e-04): lin 9 (2.5e-11)
-------------------------------------------------------------------------------------------------------------
 T = 356, DT = 2, NI = 2, LI = 18, RES = 1.4e-12 (6.2e-08), CFL=0.031 (ELAPSED 00:00:08 )
-------------------------------------------------------------------------------------------------------------
	 #1 (2.5198e-04, 4.4975e-07): lin 9 (1.7e-11)
	 #2 (3.0562e-07, 6.1920e-04): lin 9 (1.5e-11)
-------------------------------------------------------------------------------------------------------------
 T = 358, DT = 2, NI = 2, LI = 18, RES = 1.4e-12 (1.4e-08), CFL=0.031 (ELAPSED 00:00:08 )
-------------------------------------------------------------------------------------------------------------
	 #1 (2.5205e-04, 4.0117e-07): lin 9 (1.7e-11)
	 #2 (3.2708e-07, 6.1866e-04): lin 9 (2.2e-11)
-------------------------------------------------------------------------------------------------------------
 T = 360, DT = 2, NI = 2, LI = 18, RES = 1.3e-12 (3.9e-08), CFL=0.031 (ELAPSED 00:00:08 )
-------------------------------------------------------------------------------------------------------------
	 #1 (2.5211e-04, 3.4919e-07): lin 9 (1.7e-11)
	 #2 (3.2728e-07, 6.1826e-04): lin 9 (5.9e-11)
-------------------------------------------------------------------------------------------------------------
 T = 362, DT = 2, NI = 2, LI = 18, RES = 9.0e-12 (4.8e-09), CFL=0.031 (ELAPSED 00:00:08 )
-------------------------------------------------------------------------------------------------------------
	 #1 (2.5212e-04, 3.8111e-07): lin 9 (1.7e-11)
	 #2 (3.0962e-07, 6.1780e-04): lin 9 (2.0e-11)
-------------------------------------------------------------------------------------------------------------
 T = 364, DT = 2, NI = 2, LI = 18, RES = 1.3e-12 (2.3e-08), CFL=0.031 (ELAPSED 00:00:08 )
-------------------------------------------------------------------------------------------------------------
	 #1 (1.2607e-04, 2.0320e-07): lin 7 (9.2e-11)
	 #2 (8.0650e-08, 7.7304e-05): lin 8 (1.6e-11)
-------------------------------------------------------------------------------------------------------------
 T = 365, DT = 1, NI = 2, LI = 15, RES = 8.9e-14 (1.5e-08), CFL=0.015 (ELAPSED 00:00:08 )
-------------------------------------------------------------------------------------------------------------
