Processing mesh: 2205 reservoir blocks, 6 well blocks, 5974 connections
Linear solver type is gmres+cpr
Engine: 	2-phase 2-component isothermal flow with kinetic reaction and diffusion CPU engine
OpenMP threads: 	2

START SIMULATION
-------------------------------------------------------------------------------------------------------------
Well PROD initialized with BHP-control
	 #1 (1.5121e-04, 4.4133e+01): lin 2 (5.3e-15)
	 #2 (1.3745e-07, 4.6651e-02): lin 2 (6.4e-15)
-------------------------------------------------------------------------------------------------------------
 T = 0.001, DT = 0.001, NI = 2, LI = 4, RES = 6.2e-13 (9.2e-08), CFL=0.000 (ELAPSED 00:00:00 )
-------------------------------------------------------------------------------------------------------------
	 #1 (2.2190e-04, 3.3539e-04): lin 2 (1.5e-13)
	 #2 (1.6883e-07, 3.2369e-02): lin 2 (1.0e-13)
-------------------------------------------------------------------------------------------------------------
 T = 0.0025, DT = 0.0015, NI = 2, LI = 4, RES = 9.7e-13 (1.5e-07), CFL=0.000 (ELAPSED 00:00:00 )
-------------------------------------------------------------------------------------------------------------
	 #1 (3.2245e-04, 3.4322e-06): lin 2 (9.4e-13)
	 #2 (5.8672e-07, 1.1338e-01): lin 2 (6.5e-13)
	 #3 (1.0177e-11, 1.5721e-06): lin 2 (7.6e-13)
-------------------------------------------------------------------------------------------------------------
 T = 0.00475, DT = 0.00225, NI = 3, LI = 6, RES = 1.1e-16 (1.3e-10), CFL=0.000 (ELAPSED 00:00:00 )
-------------------------------------------------------------------------------------------------------------
	 #1 (4.6166e-04, 5.1725e-06): lin 2 (3.3e-12)
	 #2 (1.1841e-06, 2.2112e-01): lin 2 (1.8e-13)
	 #3 (1.4009e-11, 2.6867e-06): lin 2 (3.7e-12)
-------------------------------------------------------------------------------------------------------------
 T = 0.008125, DT = 0.003375, NI = 3, LI = 6, RES = 9.8e-17 (1.1e-10), CFL=0.000 (ELAPSED 00:00:00 )
-------------------------------------------------------------------------------------------------------------
	 #1 (6.4690e-04, 7.2473e-06): lin 2 (1.9e-11)
	 #2 (2.1306e-06, 4.5110e-01): lin 2 (2.9e-12)
	 #3 (1.2816e-11, 1.9262e-06): lin 2 (5.6e-11)
-------------------------------------------------------------------------------------------------------------
 T = 0.0131875, DT = 0.0050625, NI = 3, LI = 6, RES = 6.7e-17 (2.1e-10), CFL=0.001 (ELAPSED 00:00:00 )
-------------------------------------------------------------------------------------------------------------
	 #1 (8.8023e-04, 9.6394e-06): lin 3 (8.0e-15)
	 #2 (3.0704e-06, 1.5457e-01): lin 2 (7.4e-11)
	 #3 (2.9124e-10, 6.1095e-05): lin 3 (1.9e-15)
-------------------------------------------------------------------------------------------------------------
 T = 0.0207813, DT = 0.00759375, NI = 3, LI = 8, RES = 7.8e-17 (3.4e-10), CFL=0.001 (ELAPSED 00:00:00 )
-------------------------------------------------------------------------------------------------------------
	 #1 (1.1511e-03, 1.2373e-05): lin 3 (1.8e-14)
	 #2 (4.2400e-06, 9.8874e-01): lin 3 (4.2e-15)
	 #3 (2.8350e-10, 5.9510e-05): lin 3 (7.7e-15)
-------------------------------------------------------------------------------------------------------------
 T = 0.0321719, DT = 0.0113906, NI = 3, LI = 9, RES = 8.9e-17 (6.7e-10), CFL=0.003 (ELAPSED 00:00:00 )
-------------------------------------------------------------------------------------------------------------
	 #1 (1.4336e-03, 1.4764e-05): lin 3 (1.6e-13)
	 #2 (7.8480e-06, 2.0392e+00): lin 3 (3.2e-13)
	 #3 (8.6615e-10, 1.9043e-04): lin 3 (1.0e-12)
-------------------------------------------------------------------------------------------------------------
 T = 0.0492578, DT = 0.0170859, NI = 3, LI = 9, RES = 1.5e-16 (8.0e-10), CFL=0.005 (ELAPSED 00:00:00 )
-------------------------------------------------------------------------------------------------------------
	 #1 (1.6897e-03, 1.6448e-05): lin 3 (6.9e-12)
	 #2 (1.6482e-05, 3.4868e+00): lin 3 (7.4e-12)
	 #3 (9.4811e-08, 2.1198e-02): lin 3 (5.8e-12)
-------------------------------------------------------------------------------------------------------------
 T = 0.0748867, DT = 0.0256289, NI = 3, LI = 9, RES = 8.7e-13 (1.9e-07), CFL=0.009 (ELAPSED 00:00:00 )
-------------------------------------------------------------------------------------------------------------
	 #1 (1.8954e-03, 1.6572e-05): lin 3 (8.4e-11)
	 #2 (2.7453e-05, 4.8375e+00): lin 3 (4.8e-11)
	 #3 (1.2724e-07, 2.8099e-02): lin 3 (4.1e-11)
-------------------------------------------------------------------------------------------------------------
 T = 0.11333, DT = 0.0384434, NI = 3, LI = 9, RES = 2.8e-12 (6.2e-07), CFL=0.015 (ELAPSED 00:00:00 )
-------------------------------------------------------------------------------------------------------------
	 #1 (2.0687e-03, 1.5203e-05): lin 4 (2.6e-13)
	 #2 (5.3308e-06, 9.7721e-01): lin 4 (6.7e-13)
	 #3 (1.2793e-10, 2.9209e-06): lin 4 (5.4e-13)
-------------------------------------------------------------------------------------------------------------
 T = 0.170995, DT = 0.057665, NI = 3, LI = 12, RES = 1.8e-16 (2.3e-09), CFL=0.025 (ELAPSED 00:00:00 )
-------------------------------------------------------------------------------------------------------------
	 #1 (2.2718e-03, 1.3388e-05): lin 4 (8.0e-12)
	 #2 (3.2017e-05, 1.3029e+00): lin 4 (7.2e-12)
	 #3 (2.7217e-09, 3.0240e-04): lin 4 (1.0e-11)
-------------------------------------------------------------------------------------------------------------
 T = 0.257493, DT = 0.0864976, NI = 3, LI = 12, RES = 2.5e-16 (2.9e-09), CFL=0.039 (ELAPSED 00:00:00 )
-------------------------------------------------------------------------------------------------------------
	 #1 (2.5620e-03, 1.1096e-05): lin 4 (7.0e-11)
	 #2 (3.4245e-05, 1.4015e+00): lin 4 (5.8e-11)
	 #3 (2.1144e-09, 2.7817e-04): lin 4 (7.7e-11)
-------------------------------------------------------------------------------------------------------------
 T = 0.387239, DT = 0.129746, NI = 3, LI = 12, RES = 3.3e-16 (3.2e-09), CFL=0.059 (ELAPSED 00:00:00 )
-------------------------------------------------------------------------------------------------------------
	 #1 (2.9598e-03, 9.1951e-06): lin 5 (3.0e-12)
	 #2 (5.3585e-05, 1.3884e+00): lin 5 (2.2e-12)
	 #3 (2.7102e-08, 1.1063e-02): lin 5 (1.3e-12)
-------------------------------------------------------------------------------------------------------------
 T = 0.581859, DT = 0.19462, NI = 3, LI = 15, RES = 7.6e-14 (2.3e-08), CFL=0.089 (ELAPSED 00:00:00 )
-------------------------------------------------------------------------------------------------------------
	 #1 (3.4645e-03, 7.8522e-06): lin 5 (4.3e-11)
	 #2 (1.0234e-04, 1.1384e+01): lin 5 (2.6e-11)
	 #3 (2.1436e-07, 1.6885e-03): lin 5 (1.8e-11)
-------------------------------------------------------------------------------------------------------------
 T = 0.873788, DT = 0.291929, NI = 3, LI = 15, RES = 4.5e-14 (1.7e-08), CFL=0.131 (ELAPSED 00:00:00 )
-------------------------------------------------------------------------------------------------------------
	 #1 (4.0819e-03, 6.9896e-06): lin 6 (6.9e-12)
	 #2 (1.0032e-04, 2.0527e+00): lin 6 (1.8e-12)
	 #3 (4.4991e-08, 1.4335e-02): lin 6 (2.2e-12)
-------------------------------------------------------------------------------------------------------------
 T = 1.31168, DT = 0.437894, NI = 3, LI = 18, RES = 2.4e-14 (2.5e-08), CFL=0.194 (ELAPSED 00:00:00 )
-------------------------------------------------------------------------------------------------------------
	 #1 (4.8267e-03, 6.4096e-06): lin 6 (7.4e-11)
	 #2 (1.3800e-04, 3.0843e+00): lin 6 (3.7e-11)
	 #3 (1.1355e-07, 2.7639e-02): lin 6 (2.2e-11)
-------------------------------------------------------------------------------------------------------------
 T = 1.96852, DT = 0.656841, NI = 3, LI = 18, RES = 2.7e-13 (7.9e-08), CFL=0.287 (ELAPSED 00:00:00 )
-------------------------------------------------------------------------------------------------------------
	 #1 (5.7339e-03, 5.8254e-06): lin 7 (2.1e-11)
	 #2 (1.6983e-04, 5.4572e+00): lin 7 (6.7e-12)
	 #3 (6.7155e-08, 2.1242e-02): lin 7 (9.0e-12)
-------------------------------------------------------------------------------------------------------------
 T = 2.95378, DT = 0.985261, NI = 3, LI = 21, RES = 8.5e-14 (5.5e-08), CFL=0.422 (ELAPSED 00:00:00 )
-------------------------------------------------------------------------------------------------------------
	 #1 (6.9006e-03, 5.5450e-06): lin 8 (1.3e-11)
	 #2 (4.5958e-04, 6.8562e+00): lin 7 (7.9e-11)
	 #3 (1.4158e-06, 1.2732e-01): lin 7 (1.9e-11)
	 #4 (3.2083e-11, 7.2750e-06): lin 7 (4.2e-11)
-------------------------------------------------------------------------------------------------------------
 T = 4.43168, DT = 1.47789, NI = 4, LI = 29, RES = 3.4e-15 (7.1e-08), CFL=0.622 (ELAPSED 00:00:00 )
-------------------------------------------------------------------------------------------------------------
	 #1 (7.7706e-03, 4.7272e-06): lin 8 (7.1e-11)
	 #2 (4.2478e-04, 5.2088e+01): lin 8 (1.3e-11)
	 #3 (3.2553e-06, 7.1406e-01): lin 8 (8.7e-12)
	 #4 (1.4384e-11, 4.0235e-06): lin 8 (1.6e-11)
-------------------------------------------------------------------------------------------------------------
 T = 6.43168, DT = 2, NI = 4, LI = 32, RES = 4.4e-15 (1.1e-07), CFL=0.827 (ELAPSED 00:00:00 )
-------------------------------------------------------------------------------------------------------------
	 #1 (6.9254e-03, 3.1933e-06): lin 8 (5.4e-11)
	 #2 (3.4601e-04, 6.5553e-01): lin 8 (1.2e-11)
	 #3 (1.9901e-07, 7.7930e-02): lin 8 (1.4e-11)
-------------------------------------------------------------------------------------------------------------
 T = 8.43168, DT = 2, NI = 3, LI = 24, RES = 1.1e-12 (3.5e-07), CFL=0.815 (ELAPSED 00:00:00 )
-------------------------------------------------------------------------------------------------------------
	 #1 (6.5778e-03, 2.0681e-06): lin 8 (4.2e-11)
	 #2 (2.1085e-04, 2.9249e+01): lin 8 (1.3e-11)
	 #3 (4.3840e-07, 1.0463e-01): lin 8 (1.5e-11)
	 #4 (3.7544e-12, 1.0180e-06): lin 8 (1.4e-11)
-------------------------------------------------------------------------------------------------------------
 T = 10.4317, DT = 2, NI = 4, LI = 32, RES = 4.5e-15 (2.0e-07), CFL=0.806 (ELAPSED 00:00:01 )
-------------------------------------------------------------------------------------------------------------
	 #1 (6.4115e-03, 2.0219e-06): lin 8 (3.5e-11)
	 #2 (1.9494e-04, 3.2402e+00): lin 8 (1.6e-11)
	 #3 (2.7161e-07, 6.1675e-02): lin 8 (1.2e-11)
-------------------------------------------------------------------------------------------------------------
 T = 12.4317, DT = 2, NI = 3, LI = 24, RES = 1.6e-12 (4.3e-07), CFL=0.797 (ELAPSED 00:00:01 )
-------------------------------------------------------------------------------------------------------------
	 #1 (6.3124e-03, 1.4092e-06): lin 8 (2.9e-11)
	 #2 (2.1419e-04, 1.4724e+01): lin 8 (1.4e-11)
	 #3 (7.3407e-09, 1.4083e-03): lin 8 (1.4e-11)
-------------------------------------------------------------------------------------------------------------
 T = 14.4317, DT = 2, NI = 3, LI = 24, RES = 4.4e-15 (2.0e-07), CFL=0.789 (ELAPSED 00:00:01 )
-------------------------------------------------------------------------------------------------------------
	 #1 (6.2392e-03, 1.6587e-06): lin 8 (2.3e-11)
	 #2 (1.0186e-04, 1.8116e+00): lin 8 (1.7e-11)
	 #3 (5.5104e-08, 3.7846e-06): lin 8 (5.9e-12)
-------------------------------------------------------------------------------------------------------------
 T = 16.4317, DT = 2, NI = 3, LI = 24, RES = 4.6e-15 (7.4e-08), CFL=0.781 (ELAPSED 00:00:01 )
-------------------------------------------------------------------------------------------------------------
	 #1 (6.1765e-03, 1.5815e-06): lin 8 (2.2e-11)
	 #2 (9.1394e-05, 1.0675e+00): lin 8 (2.1e-11)
	 #3 (5.3865e-09, 1.4305e-04): lin 8 (7.0e-12)
-------------------------------------------------------------------------------------------------------------
 T = 18.4317, DT = 2, NI = 3, LI = 24, RES = 4.5e-15 (9.5e-08), CFL=0.774 (ELAPSED 00:00:01 )
-------------------------------------------------------------------------------------------------------------
	 #1 (6.1185e-03, 1.4940e-06): lin 8 (2.3e-11)
	 #2 (1.4185e-04, 9.3993e+00): lin 8 (1.8e-11)
	 #3 (3.3684e-07, 1.5988e-04): lin 8 (5.5e-12)
-------------------------------------------------------------------------------------------------------------
 T = 20.4317, DT = 2, NI = 3, LI = 24, RES = 1.7e-14 (1.4e-07), CFL=0.767 (ELAPSED 00:00:01 )
-------------------------------------------------------------------------------------------------------------
	 #1 (6.0633e-03, 1.4793e-06): lin 8 (2.1e-11)
	 #2 (1.2503e-04, 1.1197e-01): lin 8 (1.3e-11)
	 #3 (9.4583e-08, 2.1103e-02): lin 8 (7.1e-12)
-------------------------------------------------------------------------------------------------------------
 T = 22.4317, DT = 2, NI = 3, LI = 24, RES = 1.8e-13 (9.7e-08), CFL=0.760 (ELAPSED 00:00:01 )
-------------------------------------------------------------------------------------------------------------
	 #1 (6.0093e-03, 1.4087e-06): lin 8 (2.1e-11)
	 #2 (7.9630e-05, 2.3371e+00): lin 8 (1.9e-11)
	 #3 (4.1872e-09, 3.7219e-05): lin 8 (8.6e-12)
-------------------------------------------------------------------------------------------------------------
 T = 24.4317, DT = 2, NI = 3, LI = 24, RES = 4.2e-15 (8.8e-08), CFL=0.753 (ELAPSED 00:00:01 )
-------------------------------------------------------------------------------------------------------------
	 #1 (5.9569e-03, 1.4129e-06): lin 8 (2.0e-11)
	 #2 (5.0613e-05, 5.4907e-02): lin 8 (1.9e-11)
	 #3 (5.0541e-10, 5.6454e-05): lin 8 (1.4e-11)
-------------------------------------------------------------------------------------------------------------
 T = 26.4317, DT = 2, NI = 3, LI = 24, RES = 4.2e-15 (6.5e-08), CFL=0.746 (ELAPSED 00:00:01 )
-------------------------------------------------------------------------------------------------------------
	 #1 (5.9051e-03, 1.3595e-06): lin 8 (2.0e-11)
	 #2 (8.7135e-05, 8.2776e+00): lin 8 (1.9e-11)
	 #3 (4.7326e-08, 6.1906e-03): lin 7 (3.2e-11)
-------------------------------------------------------------------------------------------------------------
 T = 28.4317, DT = 2, NI = 3, LI = 23, RES = 4.4e-15 (1.2e-07), CFL=0.740 (ELAPSED 00:00:01 )
-------------------------------------------------------------------------------------------------------------
	 #1 (4.5908e-03, 1.0792e-06): lin 8 (5.1e-12)
	 #2 (5.4583e-05, 9.1471e-01): lin 7 (5.8e-11)
	 #3 (6.0271e-10, 9.9095e-05): lin 7 (9.3e-11)
-------------------------------------------------------------------------------------------------------------
 T = 30, DT = 1.56832, NI = 3, LI = 22, RES = 3.5e-15 (7.0e-08), CFL=0.576 (ELAPSED 00:00:01 )
-------------------------------------------------------------------------------------------------------------
	 #1 (5.8152e-03, 1.3527e-06): lin 8 (1.9e-11)
	 #2 (8.0730e-05, 4.6989e-01): lin 8 (1.7e-11)
	 #3 (6.9483e-09, 1.6601e-03): lin 8 (7.9e-12)
-------------------------------------------------------------------------------------------------------------
 T = 32, DT = 2, NI = 3, LI = 24, RES = 4.8e-15 (9.5e-08), CFL=0.728 (ELAPSED 00:00:02 )
-------------------------------------------------------------------------------------------------------------
	 #1 (5.7657e-03, 1.2899e-06): lin 8 (1.9e-11)
	 #2 (1.2642e-04, 1.5908e+01): lin 8 (1.0e-11)
	 #3 (3.8154e-08, 1.4323e-03): lin 8 (7.6e-12)
-------------------------------------------------------------------------------------------------------------
 T = 34, DT = 2, NI = 3, LI = 24, RES = 3.4e-13 (1.6e-07), CFL=0.722 (ELAPSED 00:00:02 )
-------------------------------------------------------------------------------------------------------------
	 #1 (5.7171e-03, 1.3176e-06): lin 8 (1.7e-11)
	 #2 (9.1411e-05, 6.6950e-01): lin 8 (5.6e-12)
	 #3 (2.9989e-09, 1.1864e-04): lin 8 (9.5e-12)
-------------------------------------------------------------------------------------------------------------
 T = 36, DT = 2, NI = 3, LI = 24, RES = 4.7e-15 (1.3e-07), CFL=0.715 (ELAPSED 00:00:02 )
-------------------------------------------------------------------------------------------------------------
	 #1 (5.6691e-03, 1.3005e-06): lin 8 (1.7e-11)
	 #2 (8.6874e-05, 1.6183e-01): lin 8 (1.1e-11)
	 #3 (6.1348e-08, 3.3168e-03): lin 7 (8.7e-11)
-------------------------------------------------------------------------------------------------------------
 T = 38, DT = 2, NI = 3, LI = 23, RES = 1.0e-14 (1.4e-07), CFL=0.709 (ELAPSED 00:00:02 )
-------------------------------------------------------------------------------------------------------------
	 #1 (5.6218e-03, 1.2439e-06): lin 8 (1.6e-11)
	 #2 (7.9827e-05, 1.1059e+01): lin 8 (1.0e-11)
	 #3 (8.6986e-09, 1.7383e-03): lin 8 (6.2e-12)
-------------------------------------------------------------------------------------------------------------
 T = 40, DT = 2, NI = 3, LI = 24, RES = 4.5e-15 (1.2e-07), CFL=0.703 (ELAPSED 00:00:02 )
-------------------------------------------------------------------------------------------------------------
	 #1 (5.5753e-03, 1.2633e-06): lin 8 (1.6e-11)
	 #2 (4.6958e-05, 2.1290e-01): lin 8 (1.8e-11)
	 #3 (1.8631e-08, 4.0568e-06): lin 8 (5.2e-12)
-------------------------------------------------------------------------------------------------------------
 T = 42, DT = 2, NI = 3, LI = 24, RES = 4.5e-15 (1.7e-07), CFL=0.697 (ELAPSED 00:00:02 )
-------------------------------------------------------------------------------------------------------------
	 #1 (5.5293e-03, 1.2623e-06): lin 8 (1.5e-11)
	 #2 (7.7500e-05, 1.1761e+00): lin 8 (1.2e-11)
	 #3 (1.4743e-09, 1.1158e-04): lin 8 (1.2e-11)
-------------------------------------------------------------------------------------------------------------
 T = 44, DT = 2, NI = 3, LI = 24, RES = 4.6e-15 (8.5e-08), CFL=0.691 (ELAPSED 00:00:02 )
-------------------------------------------------------------------------------------------------------------
	 #1 (5.4841e-03, 1.1927e-06): lin 8 (1.5e-11)
	 #2 (4.3503e-05, 9.0538e-02): lin 8 (1.2e-11)
	 #3 (2.7426e-10, 3.9130e-05): lin 8 (1.2e-11)
-------------------------------------------------------------------------------------------------------------
 T = 46, DT = 2, NI = 3, LI = 24, RES = 4.4e-15 (9.1e-08), CFL=0.686 (ELAPSED 00:00:02 )
-------------------------------------------------------------------------------------------------------------
	 #1 (5.4392e-03, 1.1930e-06): lin 8 (1.5e-11)
	 #2 (8.2833e-05, 2.1251e+00): lin 8 (7.3e-12)
-------------------------------------------------------------------------------------------------------------
 T = 48, DT = 2, NI = 2, LI = 16, RES = 5.4e-09 (5.1e-07), CFL=0.680 (ELAPSED 00:00:02 )
-------------------------------------------------------------------------------------------------------------
	 #1 (5.3953e-03, 1.0731e-06): lin 8 (1.3e-11)
	 #2 (1.1634e-04, 1.0930e+00): lin 8 (5.5e-12)
	 #3 (2.6891e-09, 2.4371e-04): lin 8 (4.6e-12)
-------------------------------------------------------------------------------------------------------------
 T = 50, DT = 2, NI = 3, LI = 24, RES = 4.3e-15 (1.1e-07), CFL=0.674 (ELAPSED 00:00:02 )
-------------------------------------------------------------------------------------------------------------
	 #1 (5.3518e-03, 1.1887e-06): lin 8 (1.3e-11)
	 #2 (1.0021e-04, 1.0220e+00): lin 8 (6.6e-12)
	 #3 (1.0113e-08, 4.6487e-05): lin 8 (6.8e-12)
-------------------------------------------------------------------------------------------------------------
 T = 52, DT = 2, NI = 3, LI = 24, RES = 4.5e-15 (9.2e-08), CFL=0.669 (ELAPSED 00:00:02 )
-------------------------------------------------------------------------------------------------------------
	 #1 (5.3089e-03, 1.1595e-06): lin 8 (1.3e-11)
	 #2 (9.5308e-05, 5.2598e-01): lin 8 (5.5e-12)
	 #3 (1.8305e-08, 4.1926e-03): lin 8 (5.9e-12)
-------------------------------------------------------------------------------------------------------------
 T = 54, DT = 2, NI = 3, LI = 24, RES = 8.6e-15 (4.8e-08), CFL=0.663 (ELAPSED 00:00:03 )
-------------------------------------------------------------------------------------------------------------
	 #1 (5.2665e-03, 1.1049e-06): lin 8 (1.2e-11)
	 #2 (7.5046e-05, 1.2809e+01): lin 8 (9.6e-12)
	 #3 (5.3056e-08, 1.3042e-02): lin 7 (6.3e-11)
-------------------------------------------------------------------------------------------------------------
 T = 56, DT = 2, NI = 3, LI = 23, RES = 3.0e-14 (1.4e-07), CFL=0.658 (ELAPSED 00:00:03 )
-------------------------------------------------------------------------------------------------------------
	 #1 (5.2246e-03, 1.1155e-06): lin 8 (1.2e-11)
	 #2 (7.8221e-05, 1.0085e+00): lin 8 (8.6e-12)
	 #3 (1.0118e-08, 2.1842e-03): lin 8 (5.5e-12)
-------------------------------------------------------------------------------------------------------------
 T = 58, DT = 2, NI = 3, LI = 24, RES = 4.7e-15 (1.9e-07), CFL=0.652 (ELAPSED 00:00:03 )
-------------------------------------------------------------------------------------------------------------
	 #1 (5.1835e-03, 1.1309e-06): lin 8 (1.1e-11)
	 #2 (3.7241e-05, 1.0799e+00): lin 8 (8.5e-12)
	 #3 (1.8925e-09, 6.7793e-06): lin 7 (9.5e-11)
-------------------------------------------------------------------------------------------------------------
 T = 60, DT = 2, NI = 3, LI = 23, RES = 4.7e-15 (7.8e-08), CFL=0.647 (ELAPSED 00:00:03 )
-------------------------------------------------------------------------------------------------------------
	 #1 (5.1429e-03, 1.1193e-06): lin 8 (1.1e-11)
	 #2 (8.7410e-05, 9.4342e-01): lin 8 (5.4e-12)
	 #3 (3.0837e-09, 1.2322e-04): lin 8 (5.7e-12)
-------------------------------------------------------------------------------------------------------------
 T = 62, DT = 2, NI = 3, LI = 24, RES = 4.4e-15 (8.4e-08), CFL=0.642 (ELAPSED 00:00:03 )
-------------------------------------------------------------------------------------------------------------
	 #1 (5.1027e-03, 1.1684e-06): lin 8 (1.1e-11)
	 #2 (6.9445e-05, 8.9030e-01): lin 7 (6.4e-11)
	 #3 (4.0876e-08, 7.1496e-05): lin 7 (6.9e-11)
-------------------------------------------------------------------------------------------------------------
 T = 64, DT = 2, NI = 3, LI = 22, RES = 4.7e-15 (1.2e-07), CFL=0.637 (ELAPSED 00:00:03 )
-------------------------------------------------------------------------------------------------------------
	 #1 (5.0631e-03, 1.1296e-06): lin 8 (1.0e-11)
	 #2 (4.9025e-05, 8.9365e-01): lin 8 (5.9e-12)
-------------------------------------------------------------------------------------------------------------
 T = 66, DT = 2, NI = 2, LI = 16, RES = 1.7e-09 (1.3e-07), CFL=0.632 (ELAPSED 00:00:03 )
-------------------------------------------------------------------------------------------------------------
	 #1 (5.0239e-03, 1.0664e-06): lin 8 (1.0e-11)
	 #2 (3.0157e-05, 8.7313e-01): lin 8 (7.1e-12)
	 #3 (4.8922e-09, 5.5693e-06): lin 8 (5.5e-12)
-------------------------------------------------------------------------------------------------------------
 T = 68, DT = 2, NI = 3, LI = 24, RES = 4.5e-15 (1.1e-07), CFL=0.627 (ELAPSED 00:00:03 )
-------------------------------------------------------------------------------------------------------------
	 #1 (4.9853e-03, 1.0516e-06): lin 8 (9.7e-12)
	 #2 (3.9412e-05, 8.6906e-01): lin 8 (6.6e-12)
-------------------------------------------------------------------------------------------------------------
 T = 70, DT = 2, NI = 2, LI = 16, RES = 5.6e-10 (3.7e-07), CFL=0.622 (ELAPSED 00:00:03 )
-------------------------------------------------------------------------------------------------------------
	 #1 (4.9472e-03, 6.9877e-07): lin 8 (1.0e-11)
	 #2 (7.1735e-05, 8.2540e-01): lin 8 (8.1e-12)
	 #3 (1.1175e-07, 2.5168e-02): lin 7 (4.0e-11)
-------------------------------------------------------------------------------------------------------------
 T = 72, DT = 2, NI = 3, LI = 23, RES = 2.2e-14 (4.6e-08), CFL=0.617 (ELAPSED 00:00:03 )
-------------------------------------------------------------------------------------------------------------
	 #1 (4.9095e-03, 9.9198e-07): lin 8 (9.1e-12)
	 #2 (5.3201e-05, 5.9298e+00): lin 8 (5.8e-12)
	 #3 (9.7197e-09, 2.0619e-03): lin 7 (7.2e-11)
-------------------------------------------------------------------------------------------------------------
 T = 74, DT = 2, NI = 3, LI = 23, RES = 4.7e-15 (1.6e-07), CFL=0.612 (ELAPSED 00:00:03 )
-------------------------------------------------------------------------------------------------------------
	 #1 (4.8723e-03, 9.8301e-07): lin 8 (9.1e-12)
	 #2 (5.2093e-05, 1.0575e+01): lin 8 (5.5e-12)
	 #3 (3.2324e-08, 8.6244e-03): lin 7 (8.9e-11)
-------------------------------------------------------------------------------------------------------------
 T = 76, DT = 2, NI = 3, LI = 23, RES = 2.2e-14 (1.0e-07), CFL=0.607 (ELAPSED 00:00:03 )
-------------------------------------------------------------------------------------------------------------
	 #1 (4.8355e-03, 9.6209e-07): lin 8 (9.0e-12)
	 #2 (5.2594e-05, 1.0530e+01): lin 8 (5.6e-12)
	 #3 (6.9336e-09, 4.5179e-05): lin 8 (4.3e-12)
-------------------------------------------------------------------------------------------------------------
 T = 78, DT = 2, NI = 3, LI = 24, RES = 4.6e-15 (9.1e-08), CFL=0.602 (ELAPSED 00:00:03 )
-------------------------------------------------------------------------------------------------------------
	 #1 (4.7992e-03, 9.5280e-07): lin 8 (8.4e-12)
	 #2 (8.4006e-05, 9.8316e+00): lin 7 (9.3e-11)
	 #3 (4.1592e-07, 9.4271e-02): lin 7 (3.2e-11)
-------------------------------------------------------------------------------------------------------------
 T = 80, DT = 2, NI = 3, LI = 22, RES = 1.6e-12 (3.2e-07), CFL=0.598 (ELAPSED 00:00:04 )
-------------------------------------------------------------------------------------------------------------
	 #1 (4.7634e-03, 7.6889e-07): lin 8 (8.6e-12)
	 #2 (6.7082e-05, 1.0219e+01): lin 8 (4.4e-12)
	 #3 (1.3507e-08, 3.0451e-03): lin 8 (4.4e-12)
-------------------------------------------------------------------------------------------------------------
 T = 82, DT = 2, NI = 3, LI = 24, RES = 5.3e-15 (8.9e-08), CFL=0.593 (ELAPSED 00:00:04 )
-------------------------------------------------------------------------------------------------------------
	 #1 (4.7280e-03, 9.2759e-07): lin 8 (7.7e-12)
	 #2 (5.7283e-05, 9.7315e+00): lin 7 (8.8e-11)
	 #3 (3.1823e-07, 6.9750e-02): lin 7 (5.2e-11)
-------------------------------------------------------------------------------------------------------------
 T = 84, DT = 2, NI = 3, LI = 22, RES = 1.2e-12 (2.4e-07), CFL=0.589 (ELAPSED 00:00:04 )
-------------------------------------------------------------------------------------------------------------
	 #1 (4.6930e-03, 8.6310e-07): lin 8 (7.8e-12)
	 #2 (3.7655e-05, 7.5565e+00): lin 8 (5.3e-12)
	 #3 (3.3578e-09, 3.0514e-05): lin 7 (8.1e-11)
-------------------------------------------------------------------------------------------------------------
 T = 86, DT = 2, NI = 3, LI = 23, RES = 4.3e-15 (1.3e-07), CFL=0.584 (ELAPSED 00:00:04 )
-------------------------------------------------------------------------------------------------------------
	 #1 (4.6584e-03, 9.3098e-07): lin 8 (7.4e-12)
	 #2 (5.9772e-05, 7.4895e-01): lin 7 (8.8e-11)
	 #3 (6.7470e-10, 2.7127e-05): lin 7 (6.3e-11)
-------------------------------------------------------------------------------------------------------------
 T = 88, DT = 2, NI = 3, LI = 22, RES = 4.4e-15 (6.4e-08), CFL=0.580 (ELAPSED 00:00:04 )
-------------------------------------------------------------------------------------------------------------
	 #1 (4.6243e-03, 9.3330e-07): lin 8 (7.2e-12)
	 #2 (2.6929e-05, 7.1997e-01): lin 8 (4.5e-12)
-------------------------------------------------------------------------------------------------------------
 T = 90, DT = 2, NI = 2, LI = 16, RES = 7.4e-10 (5.3e-07), CFL=0.575 (ELAPSED 00:00:04 )
-------------------------------------------------------------------------------------------------------------
	 #1 (4.5905e-03, 1.0637e-06): lin 8 (7.2e-12)
	 #2 (2.5220e-05, 7.0129e-01): lin 7 (8.5e-11)
-------------------------------------------------------------------------------------------------------------
 T = 92, DT = 2, NI = 2, LI = 15, RES = 6.9e-10 (1.2e-07), CFL=0.571 (ELAPSED 00:00:04 )
-------------------------------------------------------------------------------------------------------------
	 #1 (4.5571e-03, 1.2332e-06): lin 8 (7.0e-12)
	 #2 (3.3785e-05, 6.9428e-01): lin 7 (7.9e-11)
	 #3 (9.0307e-10, 1.5557e-06): lin 7 (7.2e-11)
-------------------------------------------------------------------------------------------------------------
 T = 94, DT = 2, NI = 3, LI = 22, RES = 4.3e-15 (1.3e-07), CFL=0.567 (ELAPSED 00:00:04 )
-------------------------------------------------------------------------------------------------------------
	 #1 (4.5241e-03, 1.3209e-06): lin 8 (6.8e-12)
	 #2 (3.7649e-05, 6.6630e-01): lin 7 (7.4e-11)
	 #3 (6.0359e-10, 1.7626e-05): lin 7 (6.9e-11)
-------------------------------------------------------------------------------------------------------------
 T = 96, DT = 2, NI = 3, LI = 22, RES = 4.5e-15 (1.6e-07), CFL=0.563 (ELAPSED 00:00:04 )
-------------------------------------------------------------------------------------------------------------
	 #1 (4.4916e-03, 1.3182e-06): lin 8 (6.5e-12)
	 #2 (4.0698e-05, 6.1259e-01): lin 7 (6.9e-11)
	 #3 (6.3788e-10, 1.6059e-04): lin 7 (5.2e-11)
-------------------------------------------------------------------------------------------------------------
 T = 98, DT = 2, NI = 3, LI = 22, RES = 4.5e-15 (8.2e-08), CFL=0.558 (ELAPSED 00:00:04 )
-------------------------------------------------------------------------------------------------------------
	 #1 (4.4594e-03, 1.2483e-06): lin 8 (6.3e-12)
	 #2 (3.5914e-05, 2.5178e+00): lin 7 (8.0e-11)
	 #3 (8.7284e-10, 2.1740e-04): lin 7 (6.3e-11)
-------------------------------------------------------------------------------------------------------------
 T = 100, DT = 2, NI = 3, LI = 22, RES = 4.5e-15 (9.4e-08), CFL=0.554 (ELAPSED 00:00:04 )
-------------------------------------------------------------------------------------------------------------
	 #1 (4.4275e-03, 1.1093e-06): lin 8 (6.3e-12)
	 #2 (1.9183e-05, 7.6444e-01): lin 8 (5.0e-12)
	 #3 (1.3112e-09, 2.9899e-04): lin 7 (8.1e-11)
-------------------------------------------------------------------------------------------------------------
 T = 102, DT = 2, NI = 3, LI = 23, RES = 4.4e-15 (9.3e-08), CFL=0.550 (ELAPSED 00:00:04 )
-------------------------------------------------------------------------------------------------------------
	 #1 (4.3960e-03, 8.9325e-07): lin 8 (6.0e-12)
	 #2 (2.7552e-05, 1.1734e+00): lin 7 (8.5e-11)
	 #3 (3.5397e-10, 4.8758e-05): lin 7 (4.5e-11)
-------------------------------------------------------------------------------------------------------------
 T = 104, DT = 2, NI = 3, LI = 22, RES = 4.3e-15 (1.6e-08), CFL=0.546 (ELAPSED 00:00:04 )
-------------------------------------------------------------------------------------------------------------
	 #1 (4.3649e-03, 8.2475e-07): lin 8 (6.0e-12)
	 #2 (3.8708e-05, 7.4091e+00): lin 8 (3.8e-12)
	 #3 (1.6033e-09, 8.1005e-05): lin 7 (3.1e-11)
-------------------------------------------------------------------------------------------------------------
 T = 106, DT = 2, NI = 3, LI = 23, RES = 4.3e-15 (1.0e-07), CFL=0.542 (ELAPSED 00:00:05 )
-------------------------------------------------------------------------------------------------------------
	 #1 (4.3342e-03, 9.4235e-07): lin 8 (5.8e-12)
	 #2 (2.0948e-05, 6.1442e-01): lin 7 (4.8e-11)
-------------------------------------------------------------------------------------------------------------
 T = 108, DT = 2, NI = 2, LI = 15, RES = 5.6e-11 (2.2e-07), CFL=0.538 (ELAPSED 00:00:05 )
-------------------------------------------------------------------------------------------------------------
	 #1 (4.3038e-03, 1.3116e-06): lin 8 (5.6e-12)
	 #2 (3.2752e-05, 5.9025e-01): lin 7 (5.1e-11)
-------------------------------------------------------------------------------------------------------------
 T = 110, DT = 2, NI = 2, LI = 15, RES = 6.4e-10 (2.6e-07), CFL=0.534 (ELAPSED 00:00:05 )
-------------------------------------------------------------------------------------------------------------
	 #1 (4.2737e-03, 1.3958e-06): lin 8 (5.6e-12)
	 #2 (4.7078e-05, 5.7507e-01): lin 7 (4.1e-11)
	 #3 (3.6581e-10, 4.9477e-05): lin 7 (1.3e-11)
-------------------------------------------------------------------------------------------------------------
 T = 112, DT = 2, NI = 3, LI = 22, RES = 4.3e-15 (1.9e-07), CFL=0.531 (ELAPSED 00:00:05 )
-------------------------------------------------------------------------------------------------------------
	 #1 (4.2439e-03, 1.2362e-06): lin 8 (5.4e-12)
	 #2 (4.5865e-05, 2.8179e-01): lin 7 (8.8e-11)
	 #3 (4.6321e-09, 1.2866e-03): lin 7 (7.1e-11)
-------------------------------------------------------------------------------------------------------------
 T = 114, DT = 2, NI = 3, LI = 22, RES = 4.4e-15 (7.8e-08), CFL=0.527 (ELAPSED 00:00:05 )
-------------------------------------------------------------------------------------------------------------
	 #1 (4.2144e-03, 9.0199e-07): lin 8 (5.2e-12)
	 #2 (3.3935e-05, 1.3416e+00): lin 7 (6.3e-11)
	 #3 (2.0647e-09, 1.9408e-04): lin 7 (5.3e-11)
-------------------------------------------------------------------------------------------------------------
 T = 116, DT = 2, NI = 3, LI = 22, RES = 4.3e-15 (1.7e-07), CFL=0.523 (ELAPSED 00:00:05 )
-------------------------------------------------------------------------------------------------------------
	 #1 (4.1854e-03, 7.8904e-07): lin 8 (5.1e-12)
	 #2 (2.8598e-05, 5.6454e+00): lin 7 (7.9e-11)
	 #3 (1.7513e-09, 2.5898e-05): lin 7 (6.5e-11)
-------------------------------------------------------------------------------------------------------------
 T = 118, DT = 2, NI = 3, LI = 22, RES = 4.5e-15 (6.1e-08), CFL=0.519 (ELAPSED 00:00:05 )
-------------------------------------------------------------------------------------------------------------
	 #1 (4.1566e-03, 1.2695e-06): lin 8 (5.0e-12)
	 #2 (1.9570e-05, 5.3596e-01): lin 7 (7.6e-11)
	 #3 (1.0330e-10, 4.9144e-06): lin 7 (6.4e-12)
-------------------------------------------------------------------------------------------------------------
 T = 120, DT = 2, NI = 3, LI = 22, RES = 4.5e-15 (1.9e-07), CFL=0.516 (ELAPSED 00:00:05 )
-------------------------------------------------------------------------------------------------------------
	 #1 (4.1281e-03, 1.4318e-06): lin 8 (4.9e-12)
	 #2 (1.7205e-05, 5.1571e-01): lin 7 (6.1e-11)
	 #3 (7.7608e-11, 4.2693e-06): lin 7 (1.6e-11)
-------------------------------------------------------------------------------------------------------------
 T = 122, DT = 2, NI = 3, LI = 22, RES = 4.3e-15 (7.8e-08), CFL=0.512 (ELAPSED 00:00:05 )
-------------------------------------------------------------------------------------------------------------
	 #1 (4.0999e-03, 1.1830e-06): lin 8 (4.8e-12)
	 #2 (2.0282e-05, 2.3693e-01): lin 7 (6.6e-11)
	 #3 (2.0915e-09, 4.8528e-04): lin 7 (5.6e-11)
-------------------------------------------------------------------------------------------------------------
 T = 124, DT = 2, NI = 3, LI = 22, RES = 4.3e-15 (1.6e-07), CFL=0.508 (ELAPSED 00:00:05 )
-------------------------------------------------------------------------------------------------------------
	 #1 (4.0720e-03, 7.6850e-07): lin 8 (4.7e-12)
	 #2 (1.4848e-05, 4.0275e+00): lin 8 (3.8e-12)
	 #3 (1.2732e-09, 4.0888e-06): lin 7 (6.0e-11)
-------------------------------------------------------------------------------------------------------------
 T = 126, DT = 2, NI = 3, LI = 23, RES = 4.6e-15 (1.0e-07), CFL=0.505 (ELAPSED 00:00:05 )
-------------------------------------------------------------------------------------------------------------
	 #1 (4.0445e-03, 1.1360e-06): lin 8 (4.5e-12)
	 #2 (3.1057e-05, 5.1643e-01): lin 7 (5.0e-11)
	 #3 (2.9083e-10, 1.7556e-05): lin 7 (8.8e-12)
-------------------------------------------------------------------------------------------------------------
 T = 128, DT = 2, NI = 3, LI = 22, RES = 4.6e-15 (8.5e-08), CFL=0.501 (ELAPSED 00:00:05 )
-------------------------------------------------------------------------------------------------------------
	 #1 (4.0172e-03, 1.4355e-06): lin 8 (4.5e-12)
	 #2 (3.9193e-05, 1.1939e-01): lin 7 (5.8e-11)
	 #3 (4.0134e-09, 7.3755e-04): lin 7 (5.9e-11)
-------------------------------------------------------------------------------------------------------------
 T = 130, DT = 2, NI = 3, LI = 22, RES = 4.4e-15 (1.2e-07), CFL=0.498 (ELAPSED 00:00:05 )
-------------------------------------------------------------------------------------------------------------
	 #1 (3.9902e-03, 1.2236e-06): lin 8 (4.4e-12)
	 #2 (4.6154e-05, 2.1336e+00): lin 7 (4.1e-11)
	 #3 (2.0725e-08, 4.6469e-03): lin 7 (4.9e-11)
-------------------------------------------------------------------------------------------------------------
 T = 132, DT = 2, NI = 3, LI = 22, RES = 9.1e-15 (1.4e-07), CFL=0.494 (ELAPSED 00:00:05 )
-------------------------------------------------------------------------------------------------------------
	 #1 (3.9635e-03, 7.2920e-07): lin 8 (4.3e-12)
	 #2 (3.7332e-05, 5.2278e+00): lin 7 (5.7e-11)
	 #3 (8.4424e-10, 2.8311e-05): lin 7 (3.5e-11)
-------------------------------------------------------------------------------------------------------------
 T = 134, DT = 2, NI = 3, LI = 22, RES = 4.6e-15 (9.3e-08), CFL=0.491 (ELAPSED 00:00:05 )
-------------------------------------------------------------------------------------------------------------
	 #1 (3.9372e-03, 1.3068e-06): lin 7 (9.9e-11)
	 #2 (1.9887e-05, 4.6947e-01): lin 7 (4.4e-11)
	 #3 (7.2863e-11, 2.0827e-06): lin 7 (5.7e-11)
-------------------------------------------------------------------------------------------------------------
 T = 136, DT = 2, NI = 3, LI = 21, RES = 4.3e-15 (1.7e-07), CFL=0.488 (ELAPSED 00:00:06 )
-------------------------------------------------------------------------------------------------------------
	 #1 (3.9110e-03, 1.4187e-06): lin 7 (9.7e-11)
	 #2 (1.4764e-05, 3.1914e-01): lin 7 (3.7e-11)
	 #3 (7.0169e-10, 1.5719e-04): lin 7 (3.8e-11)
-------------------------------------------------------------------------------------------------------------
 T = 138, DT = 2, NI = 3, LI = 21, RES = 4.5e-15 (1.0e-07), CFL=0.484 (ELAPSED 00:00:06 )
-------------------------------------------------------------------------------------------------------------
	 #1 (3.8850e-03, 1.0082e-06): lin 7 (9.4e-11)
	 #2 (1.6325e-05, 8.1142e-01): lin 7 (3.4e-11)
	 #3 (1.3569e-10, 6.6305e-06): lin 6 (7.7e-11)
-------------------------------------------------------------------------------------------------------------
 T = 140, DT = 2, NI = 3, LI = 20, RES = 4.4e-15 (5.7e-08), CFL=0.481 (ELAPSED 00:00:06 )
-------------------------------------------------------------------------------------------------------------
	 #1 (3.8595e-03, 9.8228e-07): lin 7 (9.2e-11)
	 #2 (1.4192e-05, 4.4900e-01): lin 7 (4.2e-11)
	 #3 (1.4090e-09, 1.3931e-06): lin 7 (2.3e-11)
-------------------------------------------------------------------------------------------------------------
 T = 142, DT = 2, NI = 3, LI = 21, RES = 4.7e-15 (1.4e-07), CFL=0.478 (ELAPSED 00:00:06 )
-------------------------------------------------------------------------------------------------------------
	 #1 (3.8341e-03, 1.4821e-06): lin 8 (4.2e-12)
	 #2 (1.5171e-05, 1.5054e-01): lin 7 (3.8e-11)
	 #3 (2.4305e-10, 2.0432e-05): lin 7 (6.0e-12)
-------------------------------------------------------------------------------------------------------------
 T = 144, DT = 2, NI = 3, LI = 22, RES = 4.1e-15 (7.3e-08), CFL=0.474 (ELAPSED 00:00:06 )
-------------------------------------------------------------------------------------------------------------
	 #1 (3.8090e-03, 1.1599e-06): lin 7 (9.9e-11)
	 #2 (2.0848e-05, 1.0098e+00): lin 7 (4.2e-11)
	 #3 (4.6847e-10, 5.3770e-06): lin 7 (1.3e-11)
-------------------------------------------------------------------------------------------------------------
 T = 146, DT = 2, NI = 3, LI = 21, RES = 4.5e-15 (9.4e-08), CFL=0.471 (ELAPSED 00:00:06 )
-------------------------------------------------------------------------------------------------------------
	 #1 (3.7842e-03, 7.9255e-07): lin 7 (9.8e-11)
	 #2 (1.2543e-05, 4.3062e-01): lin 7 (6.0e-11)
-------------------------------------------------------------------------------------------------------------
 T = 148, DT = 2, NI = 2, LI = 14, RES = 3.4e-10 (8.2e-07), CFL=0.468 (ELAPSED 00:00:06 )
-------------------------------------------------------------------------------------------------------------
	 #1 (3.7596e-03, 1.4857e-06): lin 7 (9.6e-11)
	 #2 (2.2563e-05, 8.7057e-02): lin 7 (2.8e-11)
	 #3 (4.6957e-10, 1.1061e-04): lin 7 (2.7e-11)
-------------------------------------------------------------------------------------------------------------
 T = 150, DT = 2, NI = 3, LI = 21, RES = 4.4e-15 (8.6e-08), CFL=0.465 (ELAPSED 00:00:06 )
-------------------------------------------------------------------------------------------------------------
	 #1 (3.7352e-03, 1.1700e-06): lin 7 (9.4e-11)
	 #2 (9.1127e-06, 2.3546e-01): lin 7 (3.8e-11)
-------------------------------------------------------------------------------------------------------------
 T = 152, DT = 2, NI = 2, LI = 14, RES = 2.2e-10 (1.9e-07), CFL=0.462 (ELAPSED 00:00:06 )
-------------------------------------------------------------------------------------------------------------
	 #1 (3.7112e-03, 8.6782e-07): lin 7 (9.2e-11)
	 #2 (1.2411e-05, 4.1661e-01): lin 7 (4.8e-11)
-------------------------------------------------------------------------------------------------------------
 T = 154, DT = 2, NI = 2, LI = 14, RES = 6.5e-11 (9.2e-07), CFL=0.459 (ELAPSED 00:00:06 )
-------------------------------------------------------------------------------------------------------------
	 #1 (3.6873e-03, 1.5303e-06): lin 7 (9.3e-11)
	 #2 (1.2446e-05, 2.0706e-01): lin 7 (4.6e-11)
-------------------------------------------------------------------------------------------------------------
 T = 156, DT = 2, NI = 2, LI = 14, RES = 1.7e-10 (6.5e-07), CFL=0.456 (ELAPSED 00:00:06 )
-------------------------------------------------------------------------------------------------------------
	 #1 (3.6636e-03, 1.2757e-06): lin 7 (7.6e-11)
	 #2 (1.4342e-05, 2.2952e+00): lin 7 (6.8e-11)
	 #3 (8.8056e-10, 4.6399e-06): lin 7 (4.4e-11)
-------------------------------------------------------------------------------------------------------------
 T = 158, DT = 2, NI = 3, LI = 21, RES = 4.5e-15 (1.3e-07), CFL=0.453 (ELAPSED 00:00:06 )
-------------------------------------------------------------------------------------------------------------
	 #1 (3.6402e-03, 1.1471e-06): lin 7 (7.4e-11)
	 #2 (3.0504e-05, 3.7917e-01): lin 7 (4.3e-11)
	 #3 (1.4953e-09, 1.0045e-05): lin 7 (2.7e-11)
-------------------------------------------------------------------------------------------------------------
 T = 160, DT = 2, NI = 3, LI = 21, RES = 4.6e-15 (6.0e-08), CFL=0.450 (ELAPSED 00:00:06 )
-------------------------------------------------------------------------------------------------------------
	 #1 (3.6170e-03, 1.4847e-06): lin 7 (8.5e-11)
	 #2 (2.6822e-05, 3.6505e-01): lin 7 (2.4e-11)
	 #3 (2.4217e-09, 5.6876e-04): lin 7 (3.9e-11)
-------------------------------------------------------------------------------------------------------------
 T = 162, DT = 2, NI = 3, LI = 21, RES = 4.4e-15 (2.0e-07), CFL=0.447 (ELAPSED 00:00:06 )
-------------------------------------------------------------------------------------------------------------
	 #1 (3.5940e-03, 8.4569e-07): lin 7 (8.3e-11)
	 #2 (1.2346e-05, 2.2895e+00): lin 7 (2.2e-11)
	 #3 (3.1510e-10, 7.2163e-06): lin 7 (9.8e-12)
-------------------------------------------------------------------------------------------------------------
 T = 164, DT = 2, NI = 3, LI = 21, RES = 4.4e-15 (1.7e-07), CFL=0.444 (ELAPSED 00:00:06 )
-------------------------------------------------------------------------------------------------------------
	 #1 (3.5714e-03, 1.4490e-06): lin 7 (8.2e-11)
	 #2 (1.2548e-05, 1.1143e-01): lin 7 (4.1e-11)
	 #3 (1.5002e-10, 3.2720e-05): lin 7 (9.6e-12)
-------------------------------------------------------------------------------------------------------------
 T = 166, DT = 2, NI = 3, LI = 21, RES = 4.2e-15 (9.3e-08), CFL=0.441 (ELAPSED 00:00:06 )
-------------------------------------------------------------------------------------------------------------
	 #1 (3.5489e-03, 1.2917e-06): lin 7 (7.9e-11)
	 #2 (1.3323e-05, 2.8236e+00): lin 7 (4.0e-11)
	 #3 (1.2318e-10, 1.4929e-05): lin 7 (3.4e-11)
-------------------------------------------------------------------------------------------------------------
 T = 168, DT = 2, NI = 3, LI = 21, RES = 4.2e-15 (1.0e-07), CFL=0.438 (ELAPSED 00:00:07 )
-------------------------------------------------------------------------------------------------------------
	 #1 (3.5266e-03, 8.7685e-07): lin 7 (7.8e-11)
	 #2 (1.2688e-05, 3.5568e-01): lin 7 (3.8e-11)
	 #3 (8.3084e-09, 3.9586e-06): lin 7 (2.0e-11)
-------------------------------------------------------------------------------------------------------------
 T = 170, DT = 2, NI = 3, LI = 21, RES = 4.5e-15 (1.5e-07), CFL=0.435 (ELAPSED 00:00:07 )
-------------------------------------------------------------------------------------------------------------
	 #1 (3.5045e-03, 1.5409e-06): lin 7 (6.7e-11)
	 #2 (3.4243e-05, 3.8911e-01): lin 7 (2.7e-11)
	 #3 (4.6452e-09, 1.0752e-03): lin 7 (3.3e-11)
-------------------------------------------------------------------------------------------------------------
 T = 172, DT = 2, NI = 3, LI = 21, RES = 4.1e-15 (5.1e-08), CFL=0.433 (ELAPSED 00:00:07 )
-------------------------------------------------------------------------------------------------------------
	 #1 (3.4826e-03, 8.9912e-07): lin 7 (7.5e-11)
	 #2 (9.5181e-06, 1.6646e+00): lin 7 (2.9e-11)
	 #3 (1.8001e-10, 2.6411e-06): lin 6 (4.2e-11)
-------------------------------------------------------------------------------------------------------------
 T = 174, DT = 2, NI = 3, LI = 20, RES = 4.3e-15 (1.3e-07), CFL=0.430 (ELAPSED 00:00:07 )
-------------------------------------------------------------------------------------------------------------
	 #1 (3.4610e-03, 1.5024e-06): lin 7 (7.4e-11)
	 #2 (1.1832e-05, 3.7463e-02): lin 7 (3.3e-11)
	 #3 (5.0677e-11, 1.1495e-06): lin 7 (2.4e-11)
-------------------------------------------------------------------------------------------------------------
 T = 176, DT = 2, NI = 3, LI = 21, RES = 4.0e-15 (1.4e-07), CFL=0.427 (ELAPSED 00:00:07 )
-------------------------------------------------------------------------------------------------------------
	 #1 (3.4395e-03, 1.2284e-06): lin 7 (7.1e-11)
	 #2 (2.0330e-05, 1.3716e-01): lin 7 (2.7e-11)
	 #3 (7.0079e-10, 4.8178e-06): lin 7 (1.9e-11)
-------------------------------------------------------------------------------------------------------------
 T = 178, DT = 2, NI = 3, LI = 21, RES = 4.3e-15 (1.2e-07), CFL=0.424 (ELAPSED 00:00:07 )
-------------------------------------------------------------------------------------------------------------
	 #1 (3.4183e-03, 1.1589e-06): lin 7 (7.1e-11)
	 #2 (2.7472e-05, 2.8659e-01): lin 7 (2.4e-11)
	 #3 (4.4510e-10, 1.1320e-04): lin 7 (2.6e-11)
-------------------------------------------------------------------------------------------------------------
 T = 180, DT = 2, NI = 3, LI = 21, RES = 4.3e-15 (1.2e-07), CFL=0.422 (ELAPSED 00:00:07 )
-------------------------------------------------------------------------------------------------------------
	 #1 (3.3972e-03, 1.4437e-06): lin 7 (7.0e-11)
	 #2 (8.3454e-06, 9.3593e-01): lin 7 (4.0e-11)
	 #3 (4.5011e-10, 1.0063e-04): lin 7 (1.5e-11)
-------------------------------------------------------------------------------------------------------------
 T = 182, DT = 2, NI = 3, LI = 21, RES = 4.0e-15 (1.7e-07), CFL=0.419 (ELAPSED 00:00:07 )
-------------------------------------------------------------------------------------------------------------
	 #1 (3.3763e-03, 6.8010e-07): lin 7 (6.9e-11)
	 #2 (1.7777e-05, 3.4022e+00): lin 7 (3.5e-11)
	 #3 (4.4999e-10, 2.5661e-05): lin 7 (2.6e-11)
-------------------------------------------------------------------------------------------------------------
 T = 184, DT = 2, NI = 3, LI = 21, RES = 3.7e-15 (7.1e-08), CFL=0.416 (ELAPSED 00:00:07 )
-------------------------------------------------------------------------------------------------------------
	 #1 (3.3556e-03, 1.5710e-06): lin 7 (6.7e-11)
	 #2 (1.2523e-05, 3.5536e-01): lin 7 (3.1e-11)
	 #3 (8.4008e-11, 3.8745e-06): lin 7 (2.0e-11)
-------------------------------------------------------------------------------------------------------------
 T = 186, DT = 2, NI = 3, LI = 21, RES = 3.7e-15 (1.4e-07), CFL=0.414 (ELAPSED 00:00:07 )
-------------------------------------------------------------------------------------------------------------
	 #1 (3.3351e-03, 8.2669e-07): lin 7 (6.5e-11)
	 #2 (1.4026e-05, 2.4845e+00): lin 7 (1.6e-11)
	 #3 (1.6213e-10, 5.1714e-06): lin 6 (5.3e-11)
-------------------------------------------------------------------------------------------------------------
 T = 188, DT = 2, NI = 3, LI = 20, RES = 3.2e-15 (1.6e-07), CFL=0.411 (ELAPSED 00:00:07 )
-------------------------------------------------------------------------------------------------------------
	 #1 (3.3149e-03, 1.5651e-06): lin 7 (6.5e-11)
	 #2 (9.2616e-06, 3.8682e-01): lin 7 (3.0e-11)
	 #3 (1.0719e-10, 3.5742e-05): lin 7 (3.0e-11)
-------------------------------------------------------------------------------------------------------------
 T = 190, DT = 2, NI = 3, LI = 21, RES = 2.8e-15 (4.5e-08), CFL=0.408 (ELAPSED 00:00:07 )
-------------------------------------------------------------------------------------------------------------
	 #1 (3.2947e-03, 1.0354e-06): lin 7 (6.3e-11)
	 #2 (1.1992e-05, 5.3411e-01): lin 7 (3.4e-11)
	 #3 (1.1300e-10, 1.2380e-06): lin 6 (9.6e-11)
-------------------------------------------------------------------------------------------------------------
 T = 192, DT = 2, NI = 3, LI = 20, RES = 2.6e-15 (1.5e-07), CFL=0.406 (ELAPSED 00:00:08 )
-------------------------------------------------------------------------------------------------------------
	 #1 (3.2748e-03, 1.4917e-06): lin 7 (6.3e-11)
	 #2 (1.5878e-05, 1.8018e-01): lin 7 (2.2e-11)
	 #3 (5.6819e-10, 1.3120e-04): lin 7 (1.5e-11)
-------------------------------------------------------------------------------------------------------------
 T = 194, DT = 2, NI = 3, LI = 21, RES = 2.3e-15 (1.8e-07), CFL=0.403 (ELAPSED 00:00:08 )
-------------------------------------------------------------------------------------------------------------
	 #1 (3.2550e-03, 1.1650e-06): lin 7 (6.1e-11)
	 #2 (1.2917e-05, 2.2691e+00): lin 7 (2.3e-11)
	 #3 (9.3874e-11, 1.5182e-05): lin 7 (4.3e-12)
-------------------------------------------------------------------------------------------------------------
 T = 196, DT = 2, NI = 3, LI = 21, RES = 2.3e-15 (1.9e-07), CFL=0.401 (ELAPSED 00:00:08 )
-------------------------------------------------------------------------------------------------------------
	 #1 (3.2355e-03, 1.4280e-06): lin 7 (6.1e-11)
	 #2 (9.2573e-06, 1.0304e-01): lin 7 (2.7e-11)
	 #3 (1.4597e-10, 3.8768e-06): lin 7 (6.3e-12)
-------------------------------------------------------------------------------------------------------------
 T = 198, DT = 2, NI = 3, LI = 21, RES = 2.1e-15 (1.4e-07), CFL=0.398 (ELAPSED 00:00:08 )
-------------------------------------------------------------------------------------------------------------
	 #1 (3.2161e-03, 1.2408e-06): lin 7 (5.9e-11)
	 #2 (3.7593e-05, 3.3808e+00): lin 7 (1.4e-11)
	 #3 (4.8220e-10, 8.0445e-05): lin 7 (1.3e-11)
-------------------------------------------------------------------------------------------------------------
 T = 200, DT = 2, NI = 3, LI = 21, RES = 2.2e-15 (1.8e-07), CFL=0.396 (ELAPSED 00:00:08 )
-------------------------------------------------------------------------------------------------------------
	 #1 (3.1969e-03, 1.3619e-06): lin 7 (5.6e-11)
	 #2 (6.1493e-06, 1.8075e-01): lin 7 (1.8e-11)
	 #3 (2.3045e-11, 4.4407e-06): lin 7 (6.9e-12)
-------------------------------------------------------------------------------------------------------------
 T = 202, DT = 2, NI = 3, LI = 21, RES = 2.0e-15 (2.5e-07), CFL=0.394 (ELAPSED 00:00:08 )
-------------------------------------------------------------------------------------------------------------
	 #1 (3.1778e-03, 1.2820e-06): lin 7 (5.4e-11)
	 #2 (1.8975e-05, 3.1596e+00): lin 7 (4.1e-11)
	 #3 (8.0242e-09, 5.9360e-06): lin 7 (7.9e-12)
-------------------------------------------------------------------------------------------------------------
 T = 204, DT = 2, NI = 3, LI = 21, RES = 2.2e-15 (1.7e-07), CFL=0.391 (ELAPSED 00:00:08 )
-------------------------------------------------------------------------------------------------------------
	 #1 (3.1589e-03, 1.3291e-06): lin 7 (5.5e-11)
	 #2 (1.2920e-05, 1.7036e-01): lin 7 (2.2e-11)
	 #3 (3.4708e-11, 9.6126e-06): lin 7 (1.5e-11)
-------------------------------------------------------------------------------------------------------------
 T = 206, DT = 2, NI = 3, LI = 21, RES = 2.2e-15 (9.2e-08), CFL=0.389 (ELAPSED 00:00:08 )
-------------------------------------------------------------------------------------------------------------
	 #1 (3.1402e-03, 1.2942e-06): lin 7 (5.3e-11)
	 #2 (1.4677e-05, 2.9366e+00): lin 7 (1.8e-11)
	 #3 (1.3606e-10, 1.4319e-05): lin 7 (3.9e-12)
-------------------------------------------------------------------------------------------------------------
 T = 208, DT = 2, NI = 3, LI = 21, RES = 2.2e-15 (2.5e-07), CFL=0.386 (ELAPSED 00:00:08 )
-------------------------------------------------------------------------------------------------------------
	 #1 (3.1216e-03, 1.3411e-06): lin 7 (5.2e-11)
	 #2 (9.3100e-06, 7.6048e-02): lin 7 (2.7e-11)
	 #3 (1.7543e-10, 9.0437e-06): lin 6 (3.6e-11)
-------------------------------------------------------------------------------------------------------------
 T = 210, DT = 2, NI = 3, LI = 20, RES = 2.2e-15 (1.8e-07), CFL=0.384 (ELAPSED 00:00:08 )
-------------------------------------------------------------------------------------------------------------
	 #1 (3.1032e-03, 1.2813e-06): lin 7 (5.1e-11)
	 #2 (1.4160e-05, 2.6738e+00): lin 7 (2.5e-11)
	 #3 (1.4915e-10, 2.1148e-05): lin 7 (1.4e-11)
-------------------------------------------------------------------------------------------------------------
 T = 212, DT = 2, NI = 3, LI = 21, RES = 2.3e-15 (1.9e-07), CFL=0.382 (ELAPSED 00:00:08 )
-------------------------------------------------------------------------------------------------------------
	 #1 (3.0850e-03, 1.3931e-06): lin 7 (5.3e-11)
	 #2 (7.7087e-06, 2.0989e-01): lin 7 (2.7e-11)
	 #3 (2.9079e-11, 6.4113e-06): lin 7 (2.6e-11)
-------------------------------------------------------------------------------------------------------------
 T = 214, DT = 2, NI = 3, LI = 21, RES = 2.2e-15 (8.4e-08), CFL=0.379 (ELAPSED 00:00:08 )
-------------------------------------------------------------------------------------------------------------
	 #1 (3.0668e-03, 1.2354e-06): lin 7 (4.8e-11)
	 #2 (1.2088e-05, 1.5823e+00): lin 7 (2.3e-11)
	 #3 (8.4053e-11, 1.1055e-05): lin 7 (1.5e-11)
-------------------------------------------------------------------------------------------------------------
 T = 216, DT = 2, NI = 3, LI = 21, RES = 2.3e-15 (1.7e-07), CFL=0.377 (ELAPSED 00:00:09 )
-------------------------------------------------------------------------------------------------------------
	 #1 (3.0490e-03, 1.4568e-06): lin 7 (5.1e-11)
	 #2 (4.6897e-06, 3.8846e-01): lin 7 (1.5e-11)
	 #3 (1.4827e-10, 1.6778e-05): lin 6 (5.9e-11)
-------------------------------------------------------------------------------------------------------------
 T = 218, DT = 2, NI = 3, LI = 20, RES = 2.2e-15 (1.5e-07), CFL=0.375 (ELAPSED 00:00:09 )
-------------------------------------------------------------------------------------------------------------
	 #1 (3.0312e-03, 1.1354e-06): lin 7 (4.9e-11)
	 #2 (6.2811e-06, 3.3829e-01): lin 7 (1.4e-11)
-------------------------------------------------------------------------------------------------------------
 T = 220, DT = 2, NI = 2, LI = 14, RES = 8.1e-12 (4.1e-07), CFL=0.373 (ELAPSED 00:00:09 )
-------------------------------------------------------------------------------------------------------------
	 #1 (3.0136e-03, 1.5608e-06): lin 7 (4.9e-11)
	 #2 (1.8011e-05, 4.5346e-01): lin 7 (7.9e-12)
	 #3 (1.3160e-09, 2.9459e-04): lin 7 (1.5e-11)
-------------------------------------------------------------------------------------------------------------
 T = 222, DT = 2, NI = 3, LI = 21, RES = 2.3e-15 (1.8e-07), CFL=0.370 (ELAPSED 00:00:09 )
-------------------------------------------------------------------------------------------------------------
	 #1 (2.9961e-03, 9.6545e-07): lin 7 (4.7e-11)
	 #2 (7.3835e-06, 9.5878e-01): lin 7 (1.6e-11)
	 #3 (1.1603e-11, 2.3145e-06): lin 7 (1.8e-11)
-------------------------------------------------------------------------------------------------------------
 T = 224, DT = 2, NI = 3, LI = 21, RES = 2.2e-15 (1.1e-07), CFL=0.368 (ELAPSED 00:00:09 )
-------------------------------------------------------------------------------------------------------------
	 #1 (2.9788e-03, 1.6126e-06): lin 7 (4.7e-11)
	 #2 (7.1011e-06, 3.1716e-01): lin 7 (1.6e-11)
	 #3 (5.3717e-11, 1.1902e-05): lin 7 (1.4e-11)
-------------------------------------------------------------------------------------------------------------
 T = 226, DT = 2, NI = 3, LI = 21, RES = 2.2e-15 (5.7e-08), CFL=0.366 (ELAPSED 00:00:09 )
-------------------------------------------------------------------------------------------------------------
	 #1 (2.9616e-03, 8.1352e-07): lin 7 (4.6e-11)
	 #2 (1.2589e-05, 2.6391e+00): lin 7 (2.0e-11)
	 #3 (5.4115e-11, 1.4164e-05): lin 7 (3.7e-12)
-------------------------------------------------------------------------------------------------------------
 T = 228, DT = 2, NI = 3, LI = 21, RES = 2.2e-15 (1.2e-07), CFL=0.364 (ELAPSED 00:00:09 )
-------------------------------------------------------------------------------------------------------------
	 #1 (2.9446e-03, 1.5773e-06): lin 7 (4.5e-11)
	 #2 (7.7510e-06, 1.9092e-01): lin 7 (1.8e-11)
	 #3 (5.1012e-11, 1.2380e-06): lin 7 (4.6e-12)
-------------------------------------------------------------------------------------------------------------
 T = 230, DT = 2, NI = 3, LI = 21, RES = 2.3e-15 (1.0e-07), CFL=0.362 (ELAPSED 00:00:09 )
-------------------------------------------------------------------------------------------------------------
	 #1 (2.9277e-03, 7.3872e-07): lin 7 (4.5e-11)
	 #2 (5.7460e-06, 2.3719e-01): lin 7 (1.5e-11)
-------------------------------------------------------------------------------------------------------------
 T = 232, DT = 2, NI = 2, LI = 14, RES = 8.5e-11 (2.2e-07), CFL=0.360 (ELAPSED 00:00:09 )
-------------------------------------------------------------------------------------------------------------
	 #1 (2.9109e-03, 1.4841e-06): lin 7 (4.4e-11)
	 #2 (6.8677e-06, 1.9502e-01): lin 7 (2.0e-11)
-------------------------------------------------------------------------------------------------------------
 T = 234, DT = 2, NI = 2, LI = 14, RES = 7.6e-11 (7.1e-08), CFL=0.357 (ELAPSED 00:00:09 )
-------------------------------------------------------------------------------------------------------------
	 #1 (2.8943e-03, 1.2383e-06): lin 7 (4.3e-11)
	 #2 (1.4657e-05, 1.5509e-01): lin 7 (9.0e-12)
	 #3 (5.4749e-10, 1.2805e-04): lin 7 (2.1e-11)
-------------------------------------------------------------------------------------------------------------
 T = 236, DT = 2, NI = 3, LI = 21, RES = 2.3e-15 (8.9e-08), CFL=0.355 (ELAPSED 00:00:09 )
-------------------------------------------------------------------------------------------------------------
	 #1 (2.8778e-03, 1.2708e-06): lin 7 (4.2e-11)
	 #2 (8.3805e-06, 1.6559e+00): lin 7 (1.6e-11)
	 #3 (4.3250e-11, 4.5335e-06): lin 7 (2.0e-11)
-------------------------------------------------------------------------------------------------------------
 T = 238, DT = 2, NI = 3, LI = 21, RES = 2.2e-15 (2.0e-07), CFL=0.353 (ELAPSED 00:00:09 )
-------------------------------------------------------------------------------------------------------------
	 #1 (2.8615e-03, 1.5164e-06): lin 7 (4.1e-11)
	 #2 (7.9934e-06, 4.7547e-01): lin 7 (1.6e-11)
	 #3 (1.2132e-10, 1.9635e-05): lin 7 (9.1e-12)
-------------------------------------------------------------------------------------------------------------
 T = 240, DT = 2, NI = 3, LI = 21, RES = 2.2e-15 (1.8e-07), CFL=0.351 (ELAPSED 00:00:09 )
-------------------------------------------------------------------------------------------------------------
	 #1 (2.8452e-03, 9.5520e-07): lin 7 (4.1e-11)
	 #2 (7.7394e-06, 1.0101e+00): lin 7 (1.5e-11)
	 #3 (3.4578e-11, 1.7688e-06): lin 6 (4.8e-11)
-------------------------------------------------------------------------------------------------------------
 T = 242, DT = 2, NI = 3, LI = 20, RES = 2.3e-15 (5.9e-08), CFL=0.349 (ELAPSED 00:00:09 )
-------------------------------------------------------------------------------------------------------------
	 #1 (2.8292e-03, 1.6054e-06): lin 7 (4.0e-11)
	 #2 (1.5027e-05, 1.4920e-01): lin 7 (1.4e-11)
	 #3 (7.1886e-10, 1.6932e-04): lin 7 (1.2e-11)
-------------------------------------------------------------------------------------------------------------
 T = 244, DT = 2, NI = 3, LI = 21, RES = 2.2e-15 (6.7e-08), CFL=0.347 (ELAPSED 00:00:10 )
-------------------------------------------------------------------------------------------------------------
	 #1 (2.8133e-03, 6.7752e-07): lin 7 (3.9e-11)
	 #2 (1.2318e-05, 2.8674e+00): lin 7 (1.5e-11)
	 #3 (1.2787e-10, 1.3449e-05): lin 7 (8.3e-12)
-------------------------------------------------------------------------------------------------------------
 T = 246, DT = 2, NI = 3, LI = 21, RES = 2.3e-15 (8.0e-08), CFL=0.345 (ELAPSED 00:00:10 )
-------------------------------------------------------------------------------------------------------------
	 #1 (2.7974e-03, 1.4840e-06): lin 7 (3.9e-11)
	 #2 (5.5876e-06, 1.7497e-01): lin 7 (9.2e-12)
-------------------------------------------------------------------------------------------------------------
 T = 248, DT = 2, NI = 2, LI = 14, RES = 7.4e-12 (2.6e-07), CFL=0.343 (ELAPSED 00:00:10 )
-------------------------------------------------------------------------------------------------------------
	 #1 (2.7818e-03, 1.3274e-06): lin 7 (3.8e-11)
	 #2 (7.1441e-06, 3.6389e-01): lin 7 (2.3e-11)
	 #3 (7.9953e-11, 1.7006e-05): lin 7 (2.0e-11)
-------------------------------------------------------------------------------------------------------------
 T = 250, DT = 2, NI = 3, LI = 21, RES = 2.2e-15 (2.5e-07), CFL=0.341 (ELAPSED 00:00:10 )
-------------------------------------------------------------------------------------------------------------
	 #1 (2.7661e-03, 1.1665e-06): lin 7 (3.7e-11)
	 #2 (5.4375e-06, 6.6104e-01): lin 7 (1.3e-11)
	 #3 (1.5893e-11, 1.7094e-06): lin 7 (1.3e-11)
-------------------------------------------------------------------------------------------------------------
 T = 252, DT = 2, NI = 3, LI = 21, RES = 2.2e-15 (1.1e-07), CFL=0.339 (ELAPSED 00:00:10 )
-------------------------------------------------------------------------------------------------------------
	 #1 (2.7507e-03, 1.6139e-06): lin 7 (3.7e-11)
	 #2 (6.7014e-06, 2.1441e-01): lin 7 (1.2e-11)
	 #3 (7.7988e-11, 1.7006e-05): lin 7 (4.9e-12)
-------------------------------------------------------------------------------------------------------------
 T = 254, DT = 2, NI = 3, LI = 21, RES = 2.2e-15 (1.5e-07), CFL=0.337 (ELAPSED 00:00:10 )
-------------------------------------------------------------------------------------------------------------
	 #1 (2.7354e-03, 7.5449e-07): lin 7 (3.6e-11)
	 #2 (1.3924e-05, 2.8370e+00): lin 7 (1.4e-11)
	 #3 (5.6247e-11, 1.3767e-05): lin 7 (1.1e-11)
-------------------------------------------------------------------------------------------------------------
 T = 256, DT = 2, NI = 3, LI = 21, RES = 2.2e-15 (1.1e-07), CFL=0.335 (ELAPSED 00:00:10 )
-------------------------------------------------------------------------------------------------------------
	 #1 (2.7202e-03, 1.5250e-06): lin 7 (3.5e-11)
	 #2 (1.6386e-05, 1.6175e-01): lin 7 (1.7e-11)
	 #3 (1.7648e-10, 7.3923e-06): lin 6 (3.2e-11)
-------------------------------------------------------------------------------------------------------------
 T = 258, DT = 2, NI = 3, LI = 20, RES = 2.3e-15 (1.3e-07), CFL=0.333 (ELAPSED 00:00:10 )
-------------------------------------------------------------------------------------------------------------
	 #1 (2.7052e-03, 1.2874e-06): lin 7 (3.5e-11)
	 #2 (5.4537e-06, 3.4690e-01): lin 7 (1.9e-11)
	 #3 (2.1559e-11, 6.4615e-06): lin 7 (2.6e-11)
-------------------------------------------------------------------------------------------------------------
 T = 260, DT = 2, NI = 3, LI = 21, RES = 2.3e-15 (2.1e-07), CFL=0.332 (ELAPSED 00:00:10 )
-------------------------------------------------------------------------------------------------------------
	 #1 (2.6901e-03, 1.1569e-06): lin 7 (3.4e-11)
	 #2 (2.0484e-05, 8.6943e-01): lin 7 (8.4e-12)
	 #3 (8.4295e-11, 1.7828e-05): lin 6 (7.3e-11)
-------------------------------------------------------------------------------------------------------------
 T = 262, DT = 2, NI = 3, LI = 20, RES = 2.2e-15 (8.2e-08), CFL=0.330 (ELAPSED 00:00:10 )
-------------------------------------------------------------------------------------------------------------
	 #1 (2.6754e-03, 1.6211e-06): lin 7 (3.4e-11)
	 #2 (5.2426e-06, 9.3715e-02): lin 7 (1.1e-11)
-------------------------------------------------------------------------------------------------------------
 T = 264, DT = 2, NI = 2, LI = 14, RES = 2.4e-10 (2.2e-07), CFL=0.328 (ELAPSED 00:00:10 )
-------------------------------------------------------------------------------------------------------------
	 #1 (2.6606e-03, 6.7952e-07): lin 7 (3.3e-11)
	 #2 (1.1127e-05, 2.8936e+00): lin 7 (1.3e-11)
	 #3 (5.5197e-11, 2.4679e-06): lin 7 (9.6e-12)
-------------------------------------------------------------------------------------------------------------
 T = 266, DT = 2, NI = 3, LI = 21, RES = 2.2e-15 (2.1e-07), CFL=0.326 (ELAPSED 00:00:10 )
-------------------------------------------------------------------------------------------------------------
	 #1 (2.6460e-03, 1.4491e-06): lin 7 (3.3e-11)
	 #2 (3.6129e-06, 1.5122e-01): lin 7 (1.1e-11)
-------------------------------------------------------------------------------------------------------------
 T = 268, DT = 2, NI = 2, LI = 14, RES = 2.3e-10 (2.0e-07), CFL=0.324 (ELAPSED 00:00:10 )
-------------------------------------------------------------------------------------------------------------
	 #1 (2.6315e-03, 1.4585e-06): lin 7 (3.2e-11)
	 #2 (1.9411e-05, 4.8419e-01): lin 7 (8.6e-12)
	 #3 (1.5697e-09, 3.6128e-04): lin 7 (1.4e-11)
-------------------------------------------------------------------------------------------------------------
 T = 270, DT = 2, NI = 3, LI = 21, RES = 2.2e-15 (1.5e-07), CFL=0.322 (ELAPSED 00:00:10 )
-------------------------------------------------------------------------------------------------------------
	 #1 (2.6171e-03, 9.5697e-07): lin 7 (3.2e-11)
	 #2 (7.3228e-06, 8.5307e-01): lin 7 (7.7e-12)
-------------------------------------------------------------------------------------------------------------
 T = 272, DT = 2, NI = 2, LI = 14, RES = 2.6e-11 (6.5e-07), CFL=0.320 (ELAPSED 00:00:11 )
-------------------------------------------------------------------------------------------------------------
	 #1 (2.6029e-03, 1.5742e-06): lin 7 (3.1e-11)
	 #2 (1.1721e-05, 1.5017e-01): lin 7 (1.2e-11)
	 #3 (2.1531e-11, 4.4688e-06): lin 7 (9.1e-12)
-------------------------------------------------------------------------------------------------------------
 T = 274, DT = 2, NI = 3, LI = 21, RES = 2.2e-15 (1.4e-07), CFL=0.319 (ELAPSED 00:00:11 )
-------------------------------------------------------------------------------------------------------------
	 #1 (2.5887e-03, 1.0979e-06): lin 7 (3.1e-11)
	 #2 (5.4952e-06, 1.4656e-01): lin 7 (1.1e-11)
	 #3 (2.2008e-11, 4.6006e-06): lin 7 (4.8e-12)
-------------------------------------------------------------------------------------------------------------
 T = 276, DT = 2, NI = 3, LI = 21, RES = 2.2e-15 (1.7e-07), CFL=0.317 (ELAPSED 00:00:11 )
-------------------------------------------------------------------------------------------------------------
	 #1 (2.5746e-03, 1.1807e-06): lin 7 (2.9e-11)
	 #2 (9.8840e-06, 1.9420e+00): lin 7 (1.2e-11)
	 #3 (7.7060e-11, 1.1061e-05): lin 7 (5.7e-12)
-------------------------------------------------------------------------------------------------------------
 T = 278, DT = 2, NI = 3, LI = 21, RES = 2.3e-15 (2.7e-07), CFL=0.315 (ELAPSED 00:00:11 )
-------------------------------------------------------------------------------------------------------------
	 #1 (2.5607e-03, 1.6116e-06): lin 7 (3.0e-11)
	 #2 (4.9604e-06, 1.3311e-01): lin 7 (8.2e-12)
-------------------------------------------------------------------------------------------------------------
 T = 280, DT = 2, NI = 2, LI = 14, RES = 2.6e-10 (1.2e-07), CFL=0.313 (ELAPSED 00:00:11 )
-------------------------------------------------------------------------------------------------------------
	 #1 (2.5469e-03, 7.2367e-07): lin 7 (2.8e-11)
	 #2 (6.1737e-06, 1.3534e+00): lin 7 (8.4e-12)
	 #3 (1.2651e-10, 8.0050e-06): lin 6 (4.6e-11)
-------------------------------------------------------------------------------------------------------------
 T = 282, DT = 2, NI = 3, LI = 20, RES = 2.3e-15 (2.0e-07), CFL=0.312 (ELAPSED 00:00:11 )
-------------------------------------------------------------------------------------------------------------
	 #1 (2.5331e-03, 1.3533e-06): lin 7 (2.9e-11)
	 #2 (3.4050e-06, 4.5125e-02): lin 7 (1.4e-11)
-------------------------------------------------------------------------------------------------------------
 T = 284, DT = 2, NI = 2, LI = 14, RES = 4.0e-12 (7.2e-08), CFL=0.310 (ELAPSED 00:00:11 )
-------------------------------------------------------------------------------------------------------------
	 #1 (2.5195e-03, 1.5544e-06): lin 7 (2.7e-11)
	 #2 (5.1770e-06, 2.2084e-01): lin 7 (1.6e-11)
	 #3 (1.5917e-11, 3.2964e-06): lin 7 (1.1e-11)
-------------------------------------------------------------------------------------------------------------
 T = 286, DT = 2, NI = 3, LI = 21, RES = 2.3e-15 (1.3e-07), CFL=0.308 (ELAPSED 00:00:11 )
-------------------------------------------------------------------------------------------------------------
	 #1 (2.5059e-03, 7.1725e-07): lin 7 (2.8e-11)
	 #2 (1.7379e-05, 2.2977e+00): lin 7 (1.2e-11)
	 #3 (6.2566e-10, 1.3299e-04): lin 7 (1.0e-11)
-------------------------------------------------------------------------------------------------------------
 T = 288, DT = 2, NI = 3, LI = 21, RES = 2.3e-15 (1.7e-07), CFL=0.307 (ELAPSED 00:00:11 )
-------------------------------------------------------------------------------------------------------------
	 #1 (2.4925e-03, 1.4387e-06): lin 7 (2.6e-11)
	 #2 (5.6969e-06, 4.3645e-01): lin 7 (7.2e-12)
-------------------------------------------------------------------------------------------------------------
 T = 290, DT = 2, NI = 2, LI = 14, RES = 2.4e-10 (4.6e-07), CFL=0.305 (ELAPSED 00:00:11 )
-------------------------------------------------------------------------------------------------------------
	 #1 (2.4792e-03, 1.5078e-06): lin 7 (2.7e-11)
	 #2 (7.0279e-06, 3.9400e-01): lin 7 (8.8e-12)
	 #3 (1.3287e-10, 3.0513e-05): lin 7 (1.2e-11)
-------------------------------------------------------------------------------------------------------------
 T = 292, DT = 2, NI = 3, LI = 21, RES = 2.3e-15 (1.8e-07), CFL=0.303 (ELAPSED 00:00:11 )
-------------------------------------------------------------------------------------------------------------
	 #1 (2.4659e-03, 8.1189e-07): lin 7 (2.6e-11)
	 #2 (1.0537e-05, 1.8069e+00): lin 7 (7.7e-12)
	 #3 (2.2263e-10, 5.6154e-05): lin 7 (1.1e-11)
-------------------------------------------------------------------------------------------------------------
 T = 294, DT = 2, NI = 3, LI = 21, RES = 2.2e-15 (1.1e-07), CFL=0.302 (ELAPSED 00:00:11 )
-------------------------------------------------------------------------------------------------------------
	 #1 (2.4528e-03, 1.4590e-06): lin 7 (2.7e-11)
	 #2 (1.5593e-05, 9.0260e-01): lin 7 (9.7e-12)
	 #3 (9.5246e-11, 1.4810e-05): lin 7 (4.8e-12)
-------------------------------------------------------------------------------------------------------------
 T = 296, DT = 2, NI = 3, LI = 21, RES = 2.2e-15 (1.5e-07), CFL=0.300 (ELAPSED 00:00:11 )
-------------------------------------------------------------------------------------------------------------
	 #1 (2.4398e-03, 1.4631e-06): lin 7 (2.6e-11)
	 #2 (4.9460e-06, 4.3791e-01): lin 7 (1.2e-11)
	 #3 (1.4234e-10, 1.8599e-05): lin 7 (4.6e-12)
-------------------------------------------------------------------------------------------------------------
 T = 298, DT = 2, NI = 3, LI = 21, RES = 2.4e-15 (1.2e-07), CFL=0.298 (ELAPSED 00:00:11 )
-------------------------------------------------------------------------------------------------------------
	 #1 (2.4268e-03, 8.4827e-07): lin 7 (2.6e-11)
	 #2 (8.7039e-06, 1.6056e+00): lin 7 (9.1e-12)
	 #3 (5.5820e-10, 1.6963e-05): lin 7 (4.0e-12)
-------------------------------------------------------------------------------------------------------------
 T = 300, DT = 2, NI = 3, LI = 21, RES = 2.2e-15 (2.3e-07), CFL=0.297 (ELAPSED 00:00:12 )
-------------------------------------------------------------------------------------------------------------
	 #1 (2.4140e-03, 1.4651e-06): lin 7 (2.5e-11)
	 #2 (7.4921e-06, 6.3406e-01): lin 7 (7.8e-12)
-------------------------------------------------------------------------------------------------------------
 T = 302, DT = 2, NI = 2, LI = 14, RES = 2.3e-11 (7.2e-07), CFL=0.295 (ELAPSED 00:00:12 )
-------------------------------------------------------------------------------------------------------------
	 #1 (2.4013e-03, 1.4591e-06): lin 7 (2.3e-11)
	 #2 (8.7837e-06, 4.1154e-01): lin 7 (1.1e-11)
	 #3 (4.1644e-11, 1.7600e-05): lin 7 (1.1e-11)
-------------------------------------------------------------------------------------------------------------
 T = 304, DT = 2, NI = 3, LI = 21, RES = 2.3e-15 (1.8e-07), CFL=0.293 (ELAPSED 00:00:12 )
-------------------------------------------------------------------------------------------------------------
	 #1 (2.3885e-03, 8.2502e-07): lin 7 (2.2e-11)
	 #2 (7.6690e-06, 1.7190e+00): lin 7 (9.4e-12)
	 #3 (3.6552e-09, 8.3067e-04): lin 7 (5.0e-12)
-------------------------------------------------------------------------------------------------------------
 T = 306, DT = 2, NI = 3, LI = 21, RES = 2.2e-15 (8.4e-08), CFL=0.292 (ELAPSED 00:00:12 )
-------------------------------------------------------------------------------------------------------------
	 #1 (2.3760e-03, 1.4370e-06): lin 7 (2.2e-11)
	 #2 (3.1982e-06, 1.1849e-01): lin 7 (7.5e-12)
-------------------------------------------------------------------------------------------------------------
 T = 308, DT = 2, NI = 2, LI = 14, RES = 4.3e-12 (1.5e-07), CFL=0.290 (ELAPSED 00:00:12 )
-------------------------------------------------------------------------------------------------------------
	 #1 (2.3635e-03, 1.5003e-06): lin 7 (2.1e-11)
	 #2 (1.3801e-05, 2.8466e-01): lin 7 (8.4e-12)
	 #3 (8.3778e-10, 1.9255e-04): lin 7 (1.0e-11)
-------------------------------------------------------------------------------------------------------------
 T = 310, DT = 2, NI = 3, LI = 21, RES = 2.2e-15 (1.3e-07), CFL=0.289 (ELAPSED 00:00:12 )
-------------------------------------------------------------------------------------------------------------
	 #1 (2.3511e-03, 7.4800e-07): lin 7 (2.1e-11)
	 #2 (9.1076e-06, 2.0664e+00): lin 7 (9.4e-12)
	 #3 (5.2911e-10, 1.1446e-04): lin 7 (9.0e-12)
-------------------------------------------------------------------------------------------------------------
 T = 312, DT = 2, NI = 3, LI = 21, RES = 2.3e-15 (1.4e-07), CFL=0.287 (ELAPSED 00:00:12 )
-------------------------------------------------------------------------------------------------------------
	 #1 (2.3389e-03, 1.3653e-06): lin 7 (2.0e-11)
	 #2 (7.6810e-06, 1.3261e+00): lin 7 (8.5e-12)
	 #3 (4.1874e-11, 2.3128e-06): lin 6 (9.1e-11)
-------------------------------------------------------------------------------------------------------------
 T = 314, DT = 2, NI = 3, LI = 20, RES = 2.3e-15 (2.7e-07), CFL=0.286 (ELAPSED 00:00:12 )
-------------------------------------------------------------------------------------------------------------
	 #1 (2.3266e-03, 1.5614e-06): lin 7 (2.0e-11)
	 #2 (5.2819e-06, 8.4315e-02): lin 7 (6.1e-12)
	 #3 (1.0899e-10, 2.4567e-05): lin 7 (7.4e-12)
-------------------------------------------------------------------------------------------------------------
 T = 316, DT = 2, NI = 3, LI = 21, RES = 2.2e-15 (1.8e-07), CFL=0.284 (ELAPSED 00:00:12 )
-------------------------------------------------------------------------------------------------------------
	 #1 (2.3145e-03, 6.4840e-07): lin 7 (2.0e-11)
	 #2 (1.0377e-05, 1.7908e+00): lin 7 (7.1e-12)
	 #3 (5.1908e-10, 1.1844e-04): lin 7 (8.7e-12)
-------------------------------------------------------------------------------------------------------------
 T = 318, DT = 2, NI = 3, LI = 21, RES = 2.2e-15 (1.3e-07), CFL=0.283 (ELAPSED 00:00:12 )
-------------------------------------------------------------------------------------------------------------
	 #1 (2.3025e-03, 1.2654e-06): lin 7 (2.0e-11)
	 #2 (1.3958e-05, 1.2732e+00): lin 7 (7.0e-12)
	 #3 (7.7039e-11, 1.3203e-05): lin 7 (4.7e-12)
-------------------------------------------------------------------------------------------------------------
 T = 320, DT = 2, NI = 3, LI = 21, RES = 2.3e-15 (9.5e-08), CFL=0.281 (ELAPSED 00:00:12 )
-------------------------------------------------------------------------------------------------------------
	 #1 (2.2906e-03, 1.5927e-06): lin 7 (1.9e-11)
	 #2 (4.7673e-06, 1.0636e-01): lin 7 (7.2e-12)
-------------------------------------------------------------------------------------------------------------
 T = 322, DT = 2, NI = 2, LI = 14, RES = 4.8e-12 (1.8e-07), CFL=0.280 (ELAPSED 00:00:12 )
-------------------------------------------------------------------------------------------------------------
	 #1 (2.2787e-03, 9.6939e-07): lin 7 (1.9e-11)
	 #2 (4.7368e-06, 4.3765e-01): lin 7 (6.4e-12)
	 #3 (1.9606e-11, 4.7034e-06): lin 7 (1.0e-11)
-------------------------------------------------------------------------------------------------------------
 T = 324, DT = 2, NI = 3, LI = 21, RES = 2.2e-15 (1.1e-07), CFL=0.278 (ELAPSED 00:00:12 )
-------------------------------------------------------------------------------------------------------------
	 #1 (2.2668e-03, 1.1002e-06): lin 7 (1.8e-11)
	 #2 (4.2955e-06, 2.4249e-01): lin 7 (7.5e-12)
-------------------------------------------------------------------------------------------------------------
 T = 326, DT = 2, NI = 2, LI = 14, RES = 2.1e-10 (1.3e-07), CFL=0.277 (ELAPSED 00:00:12 )
-------------------------------------------------------------------------------------------------------------
	 #1 (2.2552e-03, 1.5356e-06): lin 7 (1.8e-11)
	 #2 (3.2794e-06, 9.8484e-02): lin 7 (5.0e-12)
-------------------------------------------------------------------------------------------------------------
 T = 328, DT = 2, NI = 2, LI = 14, RES = 5.6e-12 (2.6e-07), CFL=0.275 (ELAPSED 00:00:13 )
-------------------------------------------------------------------------------------------------------------
	 #1 (2.2436e-03, 1.3208e-06): lin 7 (1.8e-11)
	 #2 (1.4215e-05, 4.8227e-01): lin 7 (4.3e-12)
	 #3 (5.7079e-10, 1.3641e-04): lin 7 (8.4e-12)
-------------------------------------------------------------------------------------------------------------
 T = 330, DT = 2, NI = 3, LI = 21, RES = 2.4e-15 (2.1e-07), CFL=0.274 (ELAPSED 00:00:13 )
-------------------------------------------------------------------------------------------------------------
	 #1 (2.2320e-03, 8.4031e-07): lin 7 (1.4e-11)
	 #2 (6.7747e-06, 1.2290e+00): lin 7 (7.1e-12)
	 #3 (4.1941e-11, 2.7735e-06): lin 6 (5.1e-11)
-------------------------------------------------------------------------------------------------------------
 T = 332, DT = 2, NI = 3, LI = 20, RES = 2.2e-15 (1.9e-07), CFL=0.272 (ELAPSED 00:00:13 )
-------------------------------------------------------------------------------------------------------------
	 #1 (2.2206e-03, 1.4358e-06): lin 7 (1.3e-11)
	 #2 (3.1645e-06, 9.0073e-02): lin 7 (5.0e-12)
	 #3 (4.0513e-11, 3.8841e-06): lin 7 (5.0e-12)
-------------------------------------------------------------------------------------------------------------
 T = 334, DT = 2, NI = 3, LI = 21, RES = 2.3e-15 (1.6e-07), CFL=0.271 (ELAPSED 00:00:13 )
-------------------------------------------------------------------------------------------------------------
	 #1 (2.2092e-03, 1.5058e-06): lin 7 (1.3e-11)
	 #2 (4.8091e-06, 8.6853e-02): lin 7 (5.5e-12)
	 #3 (1.4908e-11, 3.1091e-06): lin 7 (5.0e-12)
-------------------------------------------------------------------------------------------------------------
 T = 336, DT = 2, NI = 3, LI = 21, RES = 2.1e-15 (2.7e-07), CFL=0.270 (ELAPSED 00:00:13 )
-------------------------------------------------------------------------------------------------------------
	 #1 (2.1979e-03, 6.7036e-07): lin 7 (1.3e-11)
	 #2 (7.1436e-06, 1.3673e+00): lin 7 (3.7e-12)
	 #3 (5.2804e-11, 1.2239e-05): lin 7 (5.1e-12)
-------------------------------------------------------------------------------------------------------------
 T = 338, DT = 2, NI = 3, LI = 21, RES = 2.0e-15 (2.5e-07), CFL=0.268 (ELAPSED 00:00:13 )
-------------------------------------------------------------------------------------------------------------
	 #1 (2.1867e-03, 1.1703e-06): lin 7 (1.3e-11)
	 #2 (5.6367e-06, 1.0898e+00): lin 7 (6.1e-12)
	 #3 (9.0683e-11, 2.1712e-06): lin 6 (4.1e-11)
-------------------------------------------------------------------------------------------------------------
 T = 340, DT = 2, NI = 3, LI = 20, RES = 2.3e-15 (4.2e-07), CFL=0.267 (ELAPSED 00:00:13 )
-------------------------------------------------------------------------------------------------------------
	 #1 (2.1756e-03, 1.5717e-06): lin 7 (1.3e-11)
	 #2 (8.6629e-06, 9.1382e-02): lin 7 (4.1e-12)
	 #3 (6.8260e-12, 2.2348e-06): lin 7 (5.3e-12)
-------------------------------------------------------------------------------------------------------------
 T = 342, DT = 2, NI = 3, LI = 21, RES = 2.1e-15 (9.8e-08), CFL=0.265 (ELAPSED 00:00:13 )
-------------------------------------------------------------------------------------------------------------
	 #1 (2.1645e-03, 1.2247e-06): lin 7 (1.3e-11)
	 #2 (4.7306e-06, 4.9787e-01): lin 7 (5.5e-12)
	 #3 (3.2900e-11, 1.0404e-05): lin 7 (7.3e-12)
-------------------------------------------------------------------------------------------------------------
 T = 344, DT = 2, NI = 3, LI = 21, RES = 2.2e-15 (1.5e-07), CFL=0.264 (ELAPSED 00:00:13 )
-------------------------------------------------------------------------------------------------------------
	 #1 (2.1534e-03, 8.7254e-07): lin 7 (1.2e-11)
	 #2 (7.2069e-06, 9.7846e-01): lin 7 (8.4e-12)
	 #3 (6.4997e-11, 3.5218e-06): lin 7 (4.7e-12)
-------------------------------------------------------------------------------------------------------------
 T = 346, DT = 2, NI = 3, LI = 21, RES = 2.1e-15 (2.4e-07), CFL=0.263 (ELAPSED 00:00:13 )
-------------------------------------------------------------------------------------------------------------
	 #1 (2.1426e-03, 1.3993e-06): lin 7 (1.2e-11)
	 #2 (4.7497e-06, 5.6013e-01): lin 7 (6.0e-12)
	 #3 (1.8698e-11, 1.8210e-06): lin 6 (2.3e-11)
-------------------------------------------------------------------------------------------------------------
 T = 348, DT = 2, NI = 3, LI = 20, RES = 2.2e-15 (4.1e-08), CFL=0.261 (ELAPSED 00:00:13 )
-------------------------------------------------------------------------------------------------------------
	 #1 (2.1318e-03, 1.5313e-06): lin 7 (1.2e-11)
	 #2 (3.2255e-06, 8.9382e-02): lin 7 (4.0e-12)
-------------------------------------------------------------------------------------------------------------
 T = 350, DT = 2, NI = 2, LI = 14, RES = 5.5e-12 (3.8e-07), CFL=0.260 (ELAPSED 00:00:13 )
-------------------------------------------------------------------------------------------------------------
	 #1 (2.1210e-03, 8.3309e-07): lin 7 (1.2e-11)
	 #2 (7.6474e-06, 4.0152e-01): lin 7 (3.6e-12)
	 #3 (1.5853e-10, 3.5640e-05): lin 7 (6.5e-12)
-------------------------------------------------------------------------------------------------------------
 T = 352, DT = 2, NI = 3, LI = 21, RES = 2.4e-15 (2.3e-07), CFL=0.259 (ELAPSED 00:00:13 )
-------------------------------------------------------------------------------------------------------------
	 #1 (2.1102e-03, 1.0519e-06): lin 7 (1.2e-11)
	 #2 (3.3907e-06, 3.5827e-01): lin 7 (5.5e-12)
-------------------------------------------------------------------------------------------------------------
 T = 354, DT = 2, NI = 2, LI = 14, RES = 3.5e-11 (4.3e-07), CFL=0.257 (ELAPSED 00:00:13 )
-------------------------------------------------------------------------------------------------------------
	 #1 (2.0997e-03, 1.5142e-06): lin 7 (1.2e-11)
	 #2 (4.7349e-06, 8.4908e-02): lin 7 (5.9e-12)
-------------------------------------------------------------------------------------------------------------
 T = 356, DT = 2, NI = 2, LI = 14, RES = 7.7e-12 (2.3e-07), CFL=0.256 (ELAPSED 00:00:14 )
-------------------------------------------------------------------------------------------------------------
	 #1 (2.0891e-03, 1.4129e-06): lin 7 (1.1e-11)
	 #2 (5.3479e-06, 1.5163e-01): lin 7 (7.1e-12)
	 #3 (1.8147e-10, 4.0022e-05): lin 7 (6.7e-12)
-------------------------------------------------------------------------------------------------------------
 T = 358, DT = 2, NI = 3, LI = 21, RES = 2.2e-15 (2.1e-07), CFL=0.255 (ELAPSED 00:00:14 )
-------------------------------------------------------------------------------------------------------------
	 #1 (2.0786e-03, 6.5305e-07): lin 7 (1.1e-11)
	 #2 (6.7578e-06, 1.5276e+00): lin 7 (6.6e-12)
	 #3 (3.6454e-10, 7.8659e-05): lin 7 (6.8e-12)
-------------------------------------------------------------------------------------------------------------
 T = 360, DT = 2, NI = 3, LI = 21, RES = 2.3e-15 (2.8e-07), CFL=0.253 (ELAPSED 00:00:14 )
-------------------------------------------------------------------------------------------------------------
	 #1 (2.0682e-03, 1.2088e-06): lin 7 (1.1e-11)
	 #2 (2.8351e-06, 3.5692e-01): lin 7 (4.1e-12)
-------------------------------------------------------------------------------------------------------------
 T = 362, DT = 2, NI = 2, LI = 14, RES = 5.3e-12 (1.4e-07), CFL=0.252 (ELAPSED 00:00:14 )
-------------------------------------------------------------------------------------------------------------
	 #1 (2.0579e-03, 1.5251e-06): lin 7 (1.1e-11)
	 #2 (3.7869e-06, 7.5746e-02): lin 7 (4.2e-12)
-------------------------------------------------------------------------------------------------------------
 T = 364, DT = 2, NI = 2, LI = 14, RES = 4.7e-12 (3.0e-07), CFL=0.251 (ELAPSED 00:00:14 )
-------------------------------------------------------------------------------------------------------------
	 #1 (1.0238e-03, 6.4958e-07): lin 6 (7.9e-12)
	 #2 (8.3827e-07, 1.0602e-02): lin 6 (2.5e-12)
-------------------------------------------------------------------------------------------------------------
 T = 365, DT = 1, NI = 2, LI = 12, RES = 1.1e-12 (6.6e-08), CFL=0.125 (ELAPSED 00:00:14 )
-------------------------------------------------------------------------------------------------------------
