Processing mesh: 2205 reservoir blocks, 6 well blocks, 5974 connections
Linear solver type is gmres+cpr
Engine: 	2-phase 2-component isothermal flow with kinetic reaction and diffusion CPU engine
OpenMP threads: 	2

START SIMULATION
-------------------------------------------------------------------------------------------------------------
Well PROD initialized with BHP-control
	 #1 (1.2028e-04, 2.2830e+02): lin 2 (5.9e-16)
	 #2 (1.1187e-07, 1.6060e-01): lin 2 (6.6e-16)
-------------------------------------------------------------------------------------------------------------
 T = 0.001, DT = 0.001, NI = 2, LI = 4, RES = 3.5e-13 (2.1e-07), CFL=0.000 (ELAPSED 00:00:00 )
-------------------------------------------------------------------------------------------------------------
	 #1 (1.7761e-04, 4.9197e-04): lin 2 (1.5e-14)
	 #2 (2.1905e-07, 4.0818e-02): lin 2 (1.2e-14)
-------------------------------------------------------------------------------------------------------------
 T = 0.0025, DT = 0.0015, NI = 2, LI = 4, RES = 9.7e-13 (1.3e-07), CFL=0.000 (ELAPSED 00:00:00 )
-------------------------------------------------------------------------------------------------------------
	 #1 (2.6036e-04, 2.8501e-06): lin 2 (2.1e-13)
	 #2 (3.1742e-07, 5.0411e-02): lin 2 (1.8e-13)
-------------------------------------------------------------------------------------------------------------
 T = 0.00475, DT = 0.00225, NI = 2, LI = 4, RES = 4.8e-12 (6.4e-07), CFL=0.000 (ELAPSED 00:00:00 )
-------------------------------------------------------------------------------------------------------------
	 #1 (3.7752e-04, 3.5883e-06): lin 2 (1.5e-12)
	 #2 (7.0002e-07, 1.2411e-01): lin 2 (1.4e-12)
	 #3 (2.4977e-11, 3.5903e-06): lin 2 (1.7e-12)
-------------------------------------------------------------------------------------------------------------
 T = 0.008125, DT = 0.003375, NI = 3, LI = 6, RES = 8.4e-17 (9.7e-11), CFL=0.000 (ELAPSED 00:00:00 )
-------------------------------------------------------------------------------------------------------------
	 #1 (5.3875e-04, 6.0137e-06): lin 2 (9.1e-12)
	 #2 (1.7348e-06, 3.4677e-01): lin 2 (1.4e-11)
	 #3 (2.4495e-09, 4.8532e-04): lin 2 (1.0e-11)
-------------------------------------------------------------------------------------------------------------
 T = 0.0131875, DT = 0.0050625, NI = 3, LI = 6, RES = 3.8e-16 (1.6e-10), CFL=0.000 (ELAPSED 00:00:00 )
-------------------------------------------------------------------------------------------------------------
	 #1 (7.5163e-04, 8.3033e-06): lin 2 (7.1e-11)
	 #2 (3.7085e-06, 7.5336e-01): lin 2 (4.3e-11)
	 #3 (2.4961e-09, 5.0614e-04): lin 2 (1.0e-10)
-------------------------------------------------------------------------------------------------------------
 T = 0.0207813, DT = 0.00759375, NI = 3, LI = 6, RES = 1.2e-16 (4.7e-10), CFL=0.001 (ELAPSED 00:00:00 )
-------------------------------------------------------------------------------------------------------------
	 #1 (1.0162e-03, 1.1045e-05): lin 3 (1.9e-14)
	 #2 (4.6018e-06, 8.5330e-01): lin 3 (9.0e-15)
	 #3 (3.5701e-08, 8.0542e-03): lin 3 (1.6e-14)
-------------------------------------------------------------------------------------------------------------
 T = 0.0321719, DT = 0.0113906, NI = 3, LI = 9, RES = 1.6e-14 (5.2e-10), CFL=0.002 (ELAPSED 00:00:00 )
-------------------------------------------------------------------------------------------------------------
	 #1 (1.3182e-03, 1.3935e-05): lin 3 (2.3e-13)
	 #2 (9.6128e-06, 1.9898e+00): lin 3 (1.7e-13)
	 #3 (1.0162e-08, 2.1867e-03): lin 3 (1.3e-13)
-------------------------------------------------------------------------------------------------------------
 T = 0.0492578, DT = 0.0170859, NI = 3, LI = 9, RES = 1.2e-14 (2.3e-09), CFL=0.003 (ELAPSED 00:00:00 )
-------------------------------------------------------------------------------------------------------------
	 #1 (1.6246e-03, 1.6529e-05): lin 3 (1.8e-12)
	 #2 (1.5338e-05, 2.8948e+00): lin 3 (9.3e-13)
	 #3 (3.8362e-08, 8.5031e-03): lin 3 (4.5e-13)
-------------------------------------------------------------------------------------------------------------
 T = 0.0748867, DT = 0.0256289, NI = 3, LI = 9, RES = 2.2e-13 (4.7e-08), CFL=0.006 (ELAPSED 00:00:00 )
-------------------------------------------------------------------------------------------------------------
	 #1 (1.8942e-03, 1.7982e-05): lin 3 (8.0e-12)
	 #2 (7.0770e-06, 2.2815e+00): lin 3 (2.1e-11)
	 #3 (2.2747e-09, 4.5611e-04): lin 3 (1.3e-11)
-------------------------------------------------------------------------------------------------------------
 T = 0.11333, DT = 0.0384434, NI = 3, LI = 9, RES = 3.7e-16 (1.3e-09), CFL=0.011 (ELAPSED 00:00:00 )
-------------------------------------------------------------------------------------------------------------
	 #1 (2.1065e-03, 1.8000e-05): lin 4 (7.3e-14)
	 #2 (1.9548e-05, 4.4519e+00): lin 4 (6.5e-14)
	 #3 (9.0247e-08, 1.9872e-02): lin 3 (5.0e-11)
-------------------------------------------------------------------------------------------------------------
 T = 0.170995, DT = 0.057665, NI = 3, LI = 11, RES = 4.5e-13 (1.0e-07), CFL=0.019 (ELAPSED 00:00:00 )
-------------------------------------------------------------------------------------------------------------
	 #1 (2.2941e-03, 1.6308e-05): lin 4 (5.7e-13)
	 #2 (4.4611e-05, 6.6723e+00): lin 4 (6.3e-13)
	 #3 (2.6538e-07, 5.9365e-02): lin 4 (4.9e-13)
	 #4 (4.6915e-12, 1.0028e-06): lin 4 (4.2e-13)
-------------------------------------------------------------------------------------------------------------
 T = 0.257493, DT = 0.0864976, NI = 4, LI = 16, RES = 2.0e-16 (1.3e-09), CFL=0.030 (ELAPSED 00:00:00 )
-------------------------------------------------------------------------------------------------------------
	 #1 (2.5302e-03, 1.3977e-05): lin 4 (9.7e-12)
	 #2 (1.9638e-05, 5.2042e+00): lin 4 (1.3e-11)
	 #3 (1.5689e-07, 8.7227e-04): lin 4 (7.7e-12)
-------------------------------------------------------------------------------------------------------------
 T = 0.387239, DT = 0.129746, NI = 3, LI = 12, RES = 1.6e-12 (6.6e-09), CFL=0.046 (ELAPSED 00:00:00 )
-------------------------------------------------------------------------------------------------------------
	 #1 (2.8714e-03, 1.1480e-05): lin 4 (9.9e-11)
	 #2 (5.0622e-05, 6.1404e+00): lin 4 (6.3e-11)
	 #3 (4.0514e-08, 2.4420e-03): lin 4 (5.2e-11)
-------------------------------------------------------------------------------------------------------------
 T = 0.581859, DT = 0.19462, NI = 3, LI = 12, RES = 5.1e-15 (3.3e-09), CFL=0.070 (ELAPSED 00:00:00 )
-------------------------------------------------------------------------------------------------------------
	 #1 (3.3306e-03, 9.5574e-06): lin 5 (4.2e-12)
	 #2 (6.1506e-05, 5.5969e+00): lin 5 (2.4e-12)
	 #3 (7.8383e-08, 1.7268e-02): lin 4 (9.6e-11)
-------------------------------------------------------------------------------------------------------------
 T = 0.873788, DT = 0.291929, NI = 3, LI = 14, RES = 4.9e-12 (2.1e-08), CFL=0.105 (ELAPSED 00:00:00 )
-------------------------------------------------------------------------------------------------------------
	 #1 (3.9063e-03, 8.2190e-06): lin 5 (5.6e-11)
	 #2 (7.4219e-05, 1.4023e+01): lin 5 (1.9e-11)
	 #3 (7.7039e-08, 1.7337e-02): lin 5 (1.8e-11)
-------------------------------------------------------------------------------------------------------------
 T = 1.31168, DT = 0.437894, NI = 3, LI = 15, RES = 4.7e-13 (1.1e-07), CFL=0.155 (ELAPSED 00:00:00 )
-------------------------------------------------------------------------------------------------------------
	 #1 (4.6062e-03, 7.2533e-06): lin 6 (9.3e-12)
	 #2 (1.5923e-04, 1.5861e+01): lin 6 (3.3e-12)
	 #3 (1.5063e-07, 1.3023e-02): lin 6 (2.2e-12)
-------------------------------------------------------------------------------------------------------------
 T = 1.96852, DT = 0.656841, NI = 3, LI = 18, RES = 6.9e-14 (1.7e-08), CFL=0.229 (ELAPSED 00:00:00 )
-------------------------------------------------------------------------------------------------------------
	 #1 (5.4517e-03, 6.7629e-06): lin 7 (2.7e-12)
	 #2 (2.0430e-04, 1.2066e+01): lin 6 (2.6e-11)
	 #3 (5.8229e-07, 1.8695e-02): lin 6 (1.6e-11)
-------------------------------------------------------------------------------------------------------------
 T = 2.95378, DT = 0.985261, NI = 3, LI = 19, RES = 1.2e-12 (2.8e-07), CFL=0.338 (ELAPSED 00:00:00 )
-------------------------------------------------------------------------------------------------------------
	 #1 (6.4852e-03, 6.0434e-06): lin 7 (3.8e-11)
	 #2 (2.7687e-04, 1.3498e+01): lin 7 (9.9e-12)
	 #3 (2.8385e-07, 7.1095e-02): lin 7 (5.7e-12)
-------------------------------------------------------------------------------------------------------------
 T = 4.43168, DT = 1.47789, NI = 3, LI = 21, RES = 1.3e-12 (3.0e-07), CFL=0.498 (ELAPSED 00:00:01 )
-------------------------------------------------------------------------------------------------------------
	 #1 (7.0686e-03, 4.9931e-06): lin 8 (8.9e-12)
	 #2 (3.6002e-04, 3.1513e+01): lin 7 (2.7e-11)
	 #3 (4.4129e-07, 1.1555e-01): lin 7 (2.2e-11)
	 #4 (4.4039e-12, 1.1240e-06): lin 7 (2.1e-11)
-------------------------------------------------------------------------------------------------------------
 T = 6.43168, DT = 2, NI = 4, LI = 29, RES = 3.4e-15 (5.7e-08), CFL=0.663 (ELAPSED 00:00:01 )
-------------------------------------------------------------------------------------------------------------
	 #1 (5.9911e-03, 3.4666e-06): lin 8 (1.0e-11)
	 #2 (2.4624e-04, 2.3557e+01): lin 7 (4.3e-11)
	 #3 (8.3146e-07, 1.1896e-02): lin 7 (1.6e-11)
	 #4 (5.9762e-12, 1.3917e-06): lin 7 (1.9e-11)
-------------------------------------------------------------------------------------------------------------
 T = 8.43168, DT = 2, NI = 4, LI = 29, RES = 3.4e-15 (7.8e-08), CFL=0.655 (ELAPSED 00:00:01 )
-------------------------------------------------------------------------------------------------------------
	 #1 (5.4793e-03, 2.5507e-06): lin 8 (8.4e-12)
	 #2 (1.8467e-04, 1.1210e+01): lin 7 (4.5e-11)
	 #3 (3.3441e-07, 7.5521e-02): lin 7 (2.5e-11)
-------------------------------------------------------------------------------------------------------------
 T = 10.4317, DT = 2, NI = 3, LI = 22, RES = 2.9e-12 (7.1e-07), CFL=0.648 (ELAPSED 00:00:01 )
-------------------------------------------------------------------------------------------------------------
	 #1 (5.2249e-03, 1.4794e-06): lin 8 (6.8e-12)
	 #2 (1.6680e-04, 1.0476e+01): lin 7 (1.1e-11)
	 #3 (1.4451e-07, 3.2899e-02): lin 7 (1.9e-11)
-------------------------------------------------------------------------------------------------------------
 T = 12.4317, DT = 2, NI = 3, LI = 22, RES = 5.4e-13 (1.3e-07), CFL=0.642 (ELAPSED 00:00:01 )
-------------------------------------------------------------------------------------------------------------
	 #1 (5.0885e-03, 1.6590e-06): lin 7 (9.3e-11)
	 #2 (1.3500e-04, 9.8596e+00): lin 7 (4.0e-11)
	 #3 (1.8903e-08, 7.9068e-04): lin 7 (3.7e-11)
-------------------------------------------------------------------------------------------------------------
 T = 14.4317, DT = 2, NI = 3, LI = 21, RES = 3.5e-15 (7.2e-08), CFL=0.637 (ELAPSED 00:00:01 )
-------------------------------------------------------------------------------------------------------------
	 #1 (5.0073e-03, 1.5273e-06): lin 7 (7.0e-11)
	 #2 (1.2126e-04, 6.6838e+00): lin 7 (2.1e-11)
	 #3 (5.9744e-08, 1.3160e-02): lin 7 (1.7e-11)
-------------------------------------------------------------------------------------------------------------
 T = 16.4317, DT = 2, NI = 3, LI = 21, RES = 8.0e-14 (6.4e-08), CFL=0.632 (ELAPSED 00:00:01 )
-------------------------------------------------------------------------------------------------------------
	 #1 (4.9520e-03, 1.3826e-06): lin 7 (6.2e-11)
	 #2 (1.2696e-04, 9.0041e+00): lin 7 (2.0e-11)
	 #3 (6.8632e-08, 1.6411e-02): lin 7 (2.7e-11)
-------------------------------------------------------------------------------------------------------------
 T = 18.4317, DT = 2, NI = 3, LI = 21, RES = 1.1e-13 (3.2e-08), CFL=0.628 (ELAPSED 00:00:01 )
-------------------------------------------------------------------------------------------------------------
	 #1 (4.9093e-03, 1.2727e-06): lin 7 (9.2e-11)
	 #2 (1.0439e-04, 8.1110e+00): lin 7 (3.5e-11)
	 #3 (1.6484e-08, 1.9339e-03): lin 7 (3.6e-11)
-------------------------------------------------------------------------------------------------------------
 T = 20.4317, DT = 2, NI = 3, LI = 21, RES = 3.8e-15 (8.8e-08), CFL=0.624 (ELAPSED 00:00:01 )
-------------------------------------------------------------------------------------------------------------
	 #1 (4.8731e-03, 1.2464e-06): lin 7 (8.6e-11)
	 #2 (8.4828e-05, 7.0254e+00): lin 7 (3.2e-11)
	 #3 (7.4791e-09, 8.7475e-04): lin 7 (3.5e-11)
-------------------------------------------------------------------------------------------------------------
 T = 22.4317, DT = 2, NI = 3, LI = 21, RES = 3.6e-15 (5.1e-08), CFL=0.619 (ELAPSED 00:00:01 )
-------------------------------------------------------------------------------------------------------------
	 #1 (4.8402e-03, 1.2077e-06): lin 7 (8.8e-11)
	 #2 (1.1316e-04, 5.3252e+00): lin 7 (1.7e-11)
	 #3 (2.8180e-09, 2.2170e-04): lin 7 (2.4e-11)
-------------------------------------------------------------------------------------------------------------
 T = 24.4317, DT = 2, NI = 3, LI = 21, RES = 3.5e-15 (6.8e-08), CFL=0.615 (ELAPSED 00:00:02 )
-------------------------------------------------------------------------------------------------------------
	 #1 (4.8092e-03, 1.1735e-06): lin 7 (8.6e-11)
	 #2 (7.5431e-05, 6.5664e-01): lin 7 (2.6e-11)
	 #3 (6.9622e-09, 2.1581e-03): lin 7 (1.6e-11)
-------------------------------------------------------------------------------------------------------------
 T = 26.4317, DT = 2, NI = 3, LI = 21, RES = 3.8e-15 (8.2e-08), CFL=0.611 (ELAPSED 00:00:02 )
-------------------------------------------------------------------------------------------------------------
	 #1 (4.7793e-03, 1.1471e-06): lin 7 (8.4e-11)
	 #2 (8.5710e-05, 7.0560e+00): lin 7 (2.2e-11)
	 #3 (5.5978e-09, 1.5273e-03): lin 7 (2.4e-11)
-------------------------------------------------------------------------------------------------------------
 T = 28.4317, DT = 2, NI = 3, LI = 21, RES = 3.6e-15 (9.3e-08), CFL=0.608 (ELAPSED 00:00:02 )
-------------------------------------------------------------------------------------------------------------
	 #1 (3.7248e-03, 8.7850e-07): lin 7 (2.0e-11)
	 #2 (6.6460e-05, 5.8247e+00): lin 7 (4.0e-12)
	 #3 (2.4595e-09, 2.3859e-04): lin 7 (5.4e-12)
-------------------------------------------------------------------------------------------------------------
 T = 30, DT = 1.56832, NI = 3, LI = 21, RES = 2.9e-15 (8.8e-08), CFL=0.474 (ELAPSED 00:00:02 )
-------------------------------------------------------------------------------------------------------------
	 #1 (4.7275e-03, 1.1196e-06): lin 7 (6.1e-11)
	 #2 (8.6049e-05, 9.2326e-01): lin 7 (3.0e-11)
	 #3 (7.8452e-08, 1.7191e-02): lin 7 (1.4e-11)
-------------------------------------------------------------------------------------------------------------
 T = 32, DT = 2, NI = 3, LI = 21, RES = 1.1e-13 (9.2e-08), CFL=0.601 (ELAPSED 00:00:02 )
-------------------------------------------------------------------------------------------------------------
	 #1 (4.6993e-03, 1.0934e-06): lin 7 (8.1e-11)
	 #2 (7.9850e-05, 7.7884e+00): lin 7 (2.5e-11)
	 #3 (6.0680e-09, 5.2515e-04): lin 7 (3.9e-11)
-------------------------------------------------------------------------------------------------------------
 T = 34, DT = 2, NI = 3, LI = 21, RES = 3.3e-15 (9.1e-08), CFL=0.597 (ELAPSED 00:00:02 )
-------------------------------------------------------------------------------------------------------------
	 #1 (4.6713e-03, 1.0834e-06): lin 7 (5.8e-11)
	 #2 (8.8948e-05, 6.4086e+00): lin 7 (1.9e-11)
	 #3 (1.2251e-08, 2.4719e-03): lin 7 (1.4e-11)
-------------------------------------------------------------------------------------------------------------
 T = 36, DT = 2, NI = 3, LI = 21, RES = 4.3e-15 (7.9e-08), CFL=0.593 (ELAPSED 00:00:02 )
-------------------------------------------------------------------------------------------------------------
	 #1 (4.6437e-03, 1.0680e-06): lin 7 (7.5e-11)
	 #2 (6.8500e-05, 5.6012e+00): lin 7 (1.2e-11)
	 #3 (1.9539e-08, 4.4578e-03): lin 7 (1.4e-11)
-------------------------------------------------------------------------------------------------------------
 T = 38, DT = 2, NI = 3, LI = 21, RES = 8.5e-15 (1.3e-07), CFL=0.590 (ELAPSED 00:00:02 )
-------------------------------------------------------------------------------------------------------------
	 #1 (4.6165e-03, 1.0572e-06): lin 7 (7.2e-11)
	 #2 (7.5181e-05, 5.1682e+00): lin 7 (2.6e-11)
	 #3 (1.2418e-08, 2.9089e-03): lin 7 (1.3e-11)
-------------------------------------------------------------------------------------------------------------
 T = 40, DT = 2, NI = 3, LI = 21, RES = 4.6e-15 (5.7e-08), CFL=0.586 (ELAPSED 00:00:02 )
-------------------------------------------------------------------------------------------------------------
	 #1 (4.5895e-03, 1.0427e-06): lin 7 (7.3e-11)
	 #2 (7.3440e-05, 4.9826e+00): lin 7 (3.1e-11)
	 #3 (4.0280e-09, 1.1423e-04): lin 7 (2.7e-11)
-------------------------------------------------------------------------------------------------------------
 T = 42, DT = 2, NI = 3, LI = 21, RES = 3.5e-15 (1.5e-07), CFL=0.583 (ELAPSED 00:00:03 )
-------------------------------------------------------------------------------------------------------------
	 #1 (4.5627e-03, 1.0438e-06): lin 7 (6.9e-11)
	 #2 (7.6711e-05, 5.2939e+00): lin 7 (1.3e-11)
	 #3 (2.3404e-08, 5.1396e-03): lin 7 (1.2e-11)
-------------------------------------------------------------------------------------------------------------
 T = 44, DT = 2, NI = 3, LI = 21, RES = 1.1e-14 (8.1e-08), CFL=0.579 (ELAPSED 00:00:03 )
-------------------------------------------------------------------------------------------------------------
	 #1 (4.5364e-03, 1.0237e-06): lin 7 (6.8e-11)
	 #2 (7.0741e-05, 5.9474e+00): lin 7 (9.9e-12)
	 #3 (1.4742e-08, 3.4532e-03): lin 7 (1.2e-11)
-------------------------------------------------------------------------------------------------------------
 T = 46, DT = 2, NI = 3, LI = 21, RES = 5.4e-15 (6.6e-08), CFL=0.576 (ELAPSED 00:00:03 )
-------------------------------------------------------------------------------------------------------------
	 #1 (4.5102e-03, 1.0187e-06): lin 7 (6.7e-11)
	 #2 (6.1914e-05, 6.7024e+00): lin 7 (1.2e-11)
	 #3 (4.1230e-09, 8.2950e-05): lin 7 (1.3e-11)
-------------------------------------------------------------------------------------------------------------
 T = 48, DT = 2, NI = 3, LI = 21, RES = 3.6e-15 (7.6e-08), CFL=0.572 (ELAPSED 00:00:03 )
-------------------------------------------------------------------------------------------------------------
	 #1 (4.4843e-03, 1.0131e-06): lin 7 (6.5e-11)
	 #2 (5.5062e-05, 5.5805e-01): lin 7 (2.1e-11)
	 #3 (4.1612e-09, 1.1870e-05): lin 7 (2.4e-11)
-------------------------------------------------------------------------------------------------------------
 T = 50, DT = 2, NI = 3, LI = 21, RES = 3.6e-15 (4.1e-08), CFL=0.569 (ELAPSED 00:00:03 )
-------------------------------------------------------------------------------------------------------------
	 #1 (4.4586e-03, 1.0039e-06): lin 7 (6.4e-11)
	 #2 (6.8325e-05, 3.8900e+00): lin 7 (1.2e-11)
	 #3 (1.9428e-09, 5.6496e-05): lin 7 (1.1e-11)
-------------------------------------------------------------------------------------------------------------
 T = 52, DT = 2, NI = 3, LI = 21, RES = 3.5e-15 (1.2e-07), CFL=0.565 (ELAPSED 00:00:04 )
-------------------------------------------------------------------------------------------------------------
	 #1 (4.4332e-03, 1.0494e-06): lin 7 (6.3e-11)
	 #2 (5.9674e-05, 4.6454e-01): lin 7 (1.3e-11)
	 #3 (2.4620e-09, 3.8614e-04): lin 7 (1.4e-11)
-------------------------------------------------------------------------------------------------------------
 T = 54, DT = 2, NI = 3, LI = 21, RES = 3.6e-15 (5.5e-08), CFL=0.562 (ELAPSED 00:00:04 )
-------------------------------------------------------------------------------------------------------------
	 #1 (4.4081e-03, 1.0772e-06): lin 7 (6.0e-11)
	 #2 (5.1594e-05, 3.3955e+00): lin 7 (2.0e-11)
	 #3 (6.2873e-08, 5.0889e-05): lin 7 (1.4e-11)
-------------------------------------------------------------------------------------------------------------
 T = 56, DT = 2, NI = 3, LI = 21, RES = 3.8e-15 (1.2e-07), CFL=0.559 (ELAPSED 00:00:04 )
-------------------------------------------------------------------------------------------------------------
	 #1 (4.3832e-03, 1.0670e-06): lin 7 (5.9e-11)
	 #2 (6.5024e-05, 6.0727e+00): lin 7 (1.5e-11)
	 #3 (1.0800e-08, 2.2229e-03): lin 7 (4.5e-12)
-------------------------------------------------------------------------------------------------------------
 T = 58, DT = 2, NI = 3, LI = 21, RES = 3.8e-15 (7.7e-08), CFL=0.555 (ELAPSED 00:00:04 )
-------------------------------------------------------------------------------------------------------------
	 #1 (4.3584e-03, 1.0139e-06): lin 7 (5.9e-11)
	 #2 (6.5643e-05, 4.9493e+00): lin 7 (1.2e-11)
	 #3 (1.2430e-07, 2.8683e-02): lin 7 (7.0e-12)
-------------------------------------------------------------------------------------------------------------
 T = 60, DT = 2, NI = 3, LI = 21, RES = 1.6e-13 (9.1e-08), CFL=0.552 (ELAPSED 00:00:04 )
-------------------------------------------------------------------------------------------------------------
	 #1 (4.3339e-03, 9.3433e-07): lin 7 (5.6e-11)
	 #2 (6.4812e-05, 7.1944e+00): lin 7 (1.5e-11)
	 #3 (3.0225e-08, 6.6818e-03): lin 7 (1.6e-11)
-------------------------------------------------------------------------------------------------------------
 T = 62, DT = 2, NI = 3, LI = 21, RES = 1.6e-14 (6.4e-08), CFL=0.549 (ELAPSED 00:00:04 )
-------------------------------------------------------------------------------------------------------------
	 #1 (4.3097e-03, 9.2434e-07): lin 7 (5.3e-11)
	 #2 (5.6610e-05, 7.4097e+00): lin 7 (1.6e-11)
	 #3 (1.7226e-09, 3.4029e-04): lin 7 (1.4e-11)
-------------------------------------------------------------------------------------------------------------
 T = 64, DT = 2, NI = 3, LI = 21, RES = 3.7e-15 (5.7e-08), CFL=0.546 (ELAPSED 00:00:04 )
-------------------------------------------------------------------------------------------------------------
	 #1 (4.2857e-03, 9.1290e-07): lin 7 (5.3e-11)
	 #2 (5.7378e-05, 6.9297e+00): lin 7 (1.3e-11)
	 #3 (8.2215e-09, 1.8181e-03): lin 7 (2.5e-11)
-------------------------------------------------------------------------------------------------------------
 T = 66, DT = 2, NI = 3, LI = 21, RES = 3.9e-15 (8.1e-08), CFL=0.542 (ELAPSED 00:00:04 )
-------------------------------------------------------------------------------------------------------------
	 #1 (4.2620e-03, 9.1553e-07): lin 7 (5.2e-11)
	 #2 (5.4080e-05, 3.9685e+00): lin 7 (9.7e-12)
	 #3 (3.1315e-09, 5.9139e-04): lin 7 (1.2e-11)
-------------------------------------------------------------------------------------------------------------
 T = 68, DT = 2, NI = 3, LI = 21, RES = 3.6e-15 (6.2e-08), CFL=0.539 (ELAPSED 00:00:04 )
-------------------------------------------------------------------------------------------------------------
	 #1 (4.2385e-03, 9.2171e-07): lin 7 (5.2e-11)
	 #2 (5.3241e-05, 4.4866e+00): lin 7 (1.8e-11)
	 #3 (1.4155e-09, 4.8227e-05): lin 7 (8.4e-12)
-------------------------------------------------------------------------------------------------------------
 T = 70, DT = 2, NI = 3, LI = 21, RES = 3.8e-15 (8.5e-08), CFL=0.536 (ELAPSED 00:00:04 )
-------------------------------------------------------------------------------------------------------------
	 #1 (4.2152e-03, 1.0896e-06): lin 7 (5.1e-11)
	 #2 (4.2606e-05, 4.1558e-01): lin 7 (1.5e-11)
	 #3 (1.0053e-09, 9.6880e-05): lin 7 (1.0e-11)
-------------------------------------------------------------------------------------------------------------
 T = 72, DT = 2, NI = 3, LI = 21, RES = 3.5e-15 (5.1e-08), CFL=0.533 (ELAPSED 00:00:04 )
-------------------------------------------------------------------------------------------------------------
	 #1 (4.1920e-03, 1.1685e-06): lin 7 (5.0e-11)
	 #2 (5.4784e-05, 3.0449e+00): lin 7 (1.4e-11)
	 #3 (1.4961e-09, 2.5723e-04): lin 7 (1.1e-11)
-------------------------------------------------------------------------------------------------------------
 T = 74, DT = 2, NI = 3, LI = 21, RES = 3.8e-15 (1.0e-07), CFL=0.530 (ELAPSED 00:00:05 )
-------------------------------------------------------------------------------------------------------------
	 #1 (4.1691e-03, 1.0849e-06): lin 7 (4.8e-11)
	 #2 (4.2940e-05, 2.9519e+00): lin 7 (1.2e-11)
	 #3 (4.9937e-09, 1.0077e-03): lin 7 (1.5e-11)
-------------------------------------------------------------------------------------------------------------
 T = 76, DT = 2, NI = 3, LI = 21, RES = 3.6e-15 (3.5e-08), CFL=0.527 (ELAPSED 00:00:05 )
-------------------------------------------------------------------------------------------------------------
	 #1 (4.1463e-03, 8.8731e-07): lin 7 (4.7e-11)
	 #2 (5.9592e-05, 5.5165e+00): lin 7 (9.1e-12)
	 #3 (1.7720e-08, 4.1295e-03): lin 7 (1.2e-11)
-------------------------------------------------------------------------------------------------------------
 T = 78, DT = 2, NI = 3, LI = 21, RES = 8.3e-15 (1.1e-07), CFL=0.524 (ELAPSED 00:00:05 )
-------------------------------------------------------------------------------------------------------------
	 #1 (4.1238e-03, 8.6653e-07): lin 7 (4.7e-11)
	 #2 (3.9016e-05, 4.1290e+00): lin 7 (1.8e-11)
	 #3 (2.6460e-09, 6.1747e-04): lin 7 (9.7e-12)
-------------------------------------------------------------------------------------------------------------
 T = 80, DT = 2, NI = 3, LI = 21, RES = 3.4e-15 (7.1e-08), CFL=0.521 (ELAPSED 00:00:05 )
-------------------------------------------------------------------------------------------------------------
	 #1 (4.1015e-03, 8.7200e-07): lin 7 (4.5e-11)
	 #2 (4.3563e-05, 5.8689e+00): lin 7 (1.8e-11)
	 #3 (2.9187e-09, 2.9792e-05): lin 7 (1.5e-11)
-------------------------------------------------------------------------------------------------------------
 T = 82, DT = 2, NI = 3, LI = 21, RES = 3.6e-15 (1.2e-07), CFL=0.518 (ELAPSED 00:00:05 )
-------------------------------------------------------------------------------------------------------------
	 #1 (4.0794e-03, 1.1378e-06): lin 7 (4.4e-11)
	 #2 (3.8932e-05, 3.8887e-01): lin 7 (1.3e-11)
	 #3 (1.8589e-09, 8.6443e-05): lin 7 (6.8e-12)
-------------------------------------------------------------------------------------------------------------
 T = 84, DT = 2, NI = 3, LI = 21, RES = 3.4e-15 (9.1e-08), CFL=0.515 (ELAPSED 00:00:05 )
-------------------------------------------------------------------------------------------------------------
	 #1 (4.0575e-03, 1.2139e-06): lin 7 (4.3e-11)
	 #2 (5.7265e-05, 3.9257e+00): lin 7 (8.5e-12)
	 #3 (2.4319e-08, 5.2525e-03): lin 7 (1.3e-11)
-------------------------------------------------------------------------------------------------------------
 T = 86, DT = 2, NI = 3, LI = 21, RES = 1.4e-14 (1.5e-07), CFL=0.512 (ELAPSED 00:00:05 )
-------------------------------------------------------------------------------------------------------------
	 #1 (4.0357e-03, 1.0351e-06): lin 7 (4.2e-11)
	 #2 (5.6288e-05, 4.1982e+00): lin 7 (9.5e-12)
	 #3 (1.3440e-08, 2.9062e-03): lin 7 (1.2e-11)
-------------------------------------------------------------------------------------------------------------
 T = 88, DT = 2, NI = 3, LI = 21, RES = 4.7e-15 (6.6e-08), CFL=0.509 (ELAPSED 00:00:05 )
-------------------------------------------------------------------------------------------------------------
	 #1 (4.0142e-03, 8.2233e-07): lin 7 (4.1e-11)
	 #2 (3.5596e-05, 5.8227e+00): lin 7 (1.2e-11)
	 #3 (1.4051e-09, 2.2154e-06): lin 7 (8.8e-12)
-------------------------------------------------------------------------------------------------------------
 T = 90, DT = 2, NI = 3, LI = 21, RES = 3.4e-15 (1.2e-07), CFL=0.506 (ELAPSED 00:00:05 )
-------------------------------------------------------------------------------------------------------------
	 #1 (3.9929e-03, 8.9569e-07): lin 7 (4.0e-11)
	 #2 (5.5079e-05, 5.4800e+00): lin 7 (8.4e-12)
	 #3 (1.9256e-09, 7.7704e-05): lin 7 (1.4e-11)
-------------------------------------------------------------------------------------------------------------
 T = 92, DT = 2, NI = 3, LI = 21, RES = 3.7e-15 (8.0e-08), CFL=0.504 (ELAPSED 00:00:05 )
-------------------------------------------------------------------------------------------------------------
	 #1 (3.9717e-03, 1.2182e-06): lin 7 (4.0e-11)
	 #2 (4.4573e-05, 4.2628e-01): lin 7 (7.5e-12)
	 #3 (4.6545e-09, 5.1280e-04): lin 7 (8.3e-12)
-------------------------------------------------------------------------------------------------------------
 T = 94, DT = 2, NI = 3, LI = 21, RES = 3.5e-15 (6.5e-08), CFL=0.501 (ELAPSED 00:00:05 )
-------------------------------------------------------------------------------------------------------------
	 #1 (3.9507e-03, 1.2130e-06): lin 7 (3.9e-11)
	 #2 (4.6938e-05, 2.3056e+00): lin 7 (1.1e-11)
	 #3 (1.6791e-08, 3.5378e-03): lin 7 (1.2e-11)
-------------------------------------------------------------------------------------------------------------
 T = 96, DT = 2, NI = 3, LI = 21, RES = 6.8e-15 (1.0e-07), CFL=0.498 (ELAPSED 00:00:06 )
-------------------------------------------------------------------------------------------------------------
	 #1 (3.9299e-03, 8.9541e-07): lin 7 (3.8e-11)
	 #2 (3.9388e-05, 6.6824e+00): lin 7 (1.2e-11)
	 #3 (6.9632e-09, 1.6051e-03): lin 7 (8.8e-12)
-------------------------------------------------------------------------------------------------------------
 T = 98, DT = 2, NI = 3, LI = 21, RES = 3.9e-15 (1.1e-07), CFL=0.495 (ELAPSED 00:00:06 )
-------------------------------------------------------------------------------------------------------------
	 #1 (3.9093e-03, 8.2934e-07): lin 7 (3.7e-11)
	 #2 (3.1680e-05, 3.4421e+00): lin 7 (1.6e-11)
	 #3 (5.0609e-09, 1.1167e-05): lin 7 (1.0e-11)
-------------------------------------------------------------------------------------------------------------
 T = 100, DT = 2, NI = 3, LI = 21, RES = 3.6e-15 (4.3e-08), CFL=0.493 (ELAPSED 00:00:06 )
-------------------------------------------------------------------------------------------------------------
	 #1 (3.8889e-03, 1.2065e-06): lin 7 (3.6e-11)
	 #2 (3.5899e-05, 4.3918e-01): lin 7 (1.6e-11)
	 #3 (2.4836e-09, 2.9375e-04): lin 7 (8.9e-12)
-------------------------------------------------------------------------------------------------------------
 T = 102, DT = 2, NI = 3, LI = 21, RES = 3.8e-15 (5.8e-08), CFL=0.490 (ELAPSED 00:00:06 )
-------------------------------------------------------------------------------------------------------------
	 #1 (3.8686e-03, 1.2553e-06): lin 7 (3.5e-11)
	 #2 (3.9058e-05, 4.9396e+00): lin 7 (1.1e-11)
	 #3 (1.5275e-08, 3.2882e-03): lin 7 (1.2e-11)
-------------------------------------------------------------------------------------------------------------
 T = 104, DT = 2, NI = 3, LI = 21, RES = 6.5e-15 (1.3e-07), CFL=0.487 (ELAPSED 00:00:06 )
-------------------------------------------------------------------------------------------------------------
	 #1 (3.8484e-03, 9.0440e-07): lin 7 (3.4e-11)
	 #2 (4.9034e-05, 5.1294e+00): lin 7 (6.4e-12)
	 #3 (1.4916e-08, 3.3643e-03): lin 7 (7.5e-12)
-------------------------------------------------------------------------------------------------------------
 T = 106, DT = 2, NI = 3, LI = 21, RES = 6.2e-15 (5.2e-08), CFL=0.485 (ELAPSED 00:00:06 )
-------------------------------------------------------------------------------------------------------------
	 #1 (3.8286e-03, 9.0376e-07): lin 7 (3.4e-11)
	 #2 (3.3524e-05, 4.2206e+00): lin 7 (8.0e-12)
	 #3 (1.9835e-09, 6.6089e-06): lin 7 (8.3e-12)
-------------------------------------------------------------------------------------------------------------
 T = 108, DT = 2, NI = 3, LI = 21, RES = 3.7e-15 (3.8e-08), CFL=0.482 (ELAPSED 00:00:06 )
-------------------------------------------------------------------------------------------------------------
	 #1 (3.8088e-03, 1.3013e-06): lin 7 (3.4e-11)
	 #2 (2.5592e-05, 1.0877e+00): lin 7 (1.3e-11)
	 #3 (1.5620e-09, 2.6859e-04): lin 7 (9.3e-12)
-------------------------------------------------------------------------------------------------------------
 T = 110, DT = 2, NI = 3, LI = 21, RES = 3.6e-15 (1.0e-07), CFL=0.479 (ELAPSED 00:00:06 )
-------------------------------------------------------------------------------------------------------------
	 #1 (3.7892e-03, 1.1950e-06): lin 7 (3.3e-11)
	 #2 (2.7487e-05, 3.0841e+00): lin 7 (1.1e-11)
	 #3 (4.2026e-09, 8.0371e-04): lin 7 (1.1e-11)
-------------------------------------------------------------------------------------------------------------
 T = 112, DT = 2, NI = 3, LI = 21, RES = 3.7e-15 (9.1e-08), CFL=0.477 (ELAPSED 00:00:06 )
-------------------------------------------------------------------------------------------------------------
	 #1 (3.7697e-03, 8.0166e-07): lin 7 (3.2e-11)
	 #2 (4.8233e-05, 4.9747e+00): lin 7 (5.8e-12)
	 #3 (1.4878e-09, 8.2742e-05): lin 7 (6.5e-12)
-------------------------------------------------------------------------------------------------------------
 T = 114, DT = 2, NI = 3, LI = 21, RES = 3.5e-15 (3.3e-08), CFL=0.474 (ELAPSED 00:00:06 )
-------------------------------------------------------------------------------------------------------------
	 #1 (3.7505e-03, 1.1434e-06): lin 7 (3.1e-11)
	 #2 (3.4626e-05, 3.7275e-01): lin 7 (8.1e-12)
	 #3 (2.0492e-09, 2.7618e-04): lin 7 (8.5e-12)
-------------------------------------------------------------------------------------------------------------
 T = 116, DT = 2, NI = 3, LI = 21, RES = 3.5e-15 (9.0e-08), CFL=0.472 (ELAPSED 00:00:06 )
-------------------------------------------------------------------------------------------------------------
	 #1 (3.7313e-03, 1.3339e-06): lin 7 (3.1e-11)
	 #2 (3.4341e-05, 2.3334e+00): lin 7 (1.3e-11)
	 #3 (3.9947e-09, 7.1509e-04): lin 7 (6.8e-12)
-------------------------------------------------------------------------------------------------------------
 T = 118, DT = 2, NI = 3, LI = 21, RES = 3.8e-15 (3.9e-08), CFL=0.469 (ELAPSED 00:00:07 )
-------------------------------------------------------------------------------------------------------------
	 #1 (3.7123e-03, 9.1405e-07): lin 7 (3.0e-11)
	 #2 (3.6883e-05, 4.6844e+00): lin 7 (9.0e-12)
	 #3 (1.3074e-09, 3.4834e-05): lin 7 (6.7e-12)
-------------------------------------------------------------------------------------------------------------
 T = 120, DT = 2, NI = 3, LI = 21, RES = 3.6e-15 (6.7e-08), CFL=0.467 (ELAPSED 00:00:07 )
-------------------------------------------------------------------------------------------------------------
	 #1 (3.6935e-03, 1.0245e-06): lin 7 (2.9e-11)
	 #2 (3.6507e-05, 2.8773e+00): lin 7 (8.1e-12)
	 #3 (1.6949e-09, 7.6690e-05): lin 6 (9.8e-11)
-------------------------------------------------------------------------------------------------------------
 T = 122, DT = 2, NI = 3, LI = 20, RES = 3.5e-15 (9.3e-08), CFL=0.464 (ELAPSED 00:00:07 )
-------------------------------------------------------------------------------------------------------------
	 #1 (3.6749e-03, 1.3807e-06): lin 7 (2.9e-11)
	 #2 (3.4379e-05, 1.1386e+00): lin 7 (1.3e-11)
	 #3 (6.3166e-09, 1.1757e-03): lin 7 (9.8e-12)
-------------------------------------------------------------------------------------------------------------
 T = 124, DT = 2, NI = 3, LI = 21, RES = 3.8e-15 (1.1e-07), CFL=0.462 (ELAPSED 00:00:07 )
-------------------------------------------------------------------------------------------------------------
	 #1 (3.6563e-03, 1.0057e-06): lin 7 (2.8e-11)
	 #2 (4.1045e-05, 3.5711e+00): lin 7 (7.2e-12)
	 #3 (9.5818e-09, 2.1645e-03): lin 7 (5.8e-12)
-------------------------------------------------------------------------------------------------------------
 T = 126, DT = 2, NI = 3, LI = 21, RES = 3.9e-15 (8.3e-08), CFL=0.459 (ELAPSED 00:00:07 )
-------------------------------------------------------------------------------------------------------------
	 #1 (3.6380e-03, 9.9022e-07): lin 7 (2.8e-11)
	 #2 (2.8820e-05, 4.4010e+00): lin 7 (7.2e-12)
	 #3 (1.3996e-09, 1.7266e-04): lin 7 (2.4e-11)
-------------------------------------------------------------------------------------------------------------
 T = 128, DT = 2, NI = 3, LI = 21, RES = 3.5e-15 (7.9e-08), CFL=0.457 (ELAPSED 00:00:07 )
-------------------------------------------------------------------------------------------------------------
	 #1 (3.6198e-03, 1.4017e-06): lin 7 (2.7e-11)
	 #2 (2.0147e-05, 1.2953e+00): lin 7 (1.5e-11)
	 #3 (9.2516e-10, 1.1351e-04): lin 7 (4.9e-12)
-------------------------------------------------------------------------------------------------------------
 T = 130, DT = 2, NI = 3, LI = 21, RES = 3.4e-15 (8.3e-08), CFL=0.454 (ELAPSED 00:00:07 )
-------------------------------------------------------------------------------------------------------------
	 #1 (3.6017e-03, 1.0200e-06): lin 7 (2.6e-11)
	 #2 (3.2419e-05, 3.9692e+00): lin 7 (8.8e-12)
	 #3 (8.4699e-10, 4.2781e-05): lin 7 (4.0e-12)
-------------------------------------------------------------------------------------------------------------
 T = 132, DT = 2, NI = 3, LI = 21, RES = 3.4e-15 (3.6e-08), CFL=0.452 (ELAPSED 00:00:07 )
-------------------------------------------------------------------------------------------------------------
	 #1 (3.5838e-03, 1.0353e-06): lin 7 (2.6e-11)
	 #2 (3.9130e-05, 2.6068e+00): lin 7 (7.6e-12)
	 #3 (1.8633e-09, 2.5042e-04): lin 7 (4.6e-12)
-------------------------------------------------------------------------------------------------------------
 T = 134, DT = 2, NI = 3, LI = 21, RES = 3.7e-15 (1.4e-07), CFL=0.450 (ELAPSED 00:00:07 )
-------------------------------------------------------------------------------------------------------------
	 #1 (3.5660e-03, 1.4143e-06): lin 7 (2.5e-11)
	 #2 (3.5727e-05, 1.6343e+00): lin 7 (5.6e-12)
	 #3 (7.1354e-09, 1.4545e-03): lin 7 (8.1e-12)
-------------------------------------------------------------------------------------------------------------
 T = 136, DT = 2, NI = 3, LI = 21, RES = 3.7e-15 (8.1e-08), CFL=0.447 (ELAPSED 00:00:07 )
-------------------------------------------------------------------------------------------------------------
	 #1 (3.5483e-03, 9.3012e-07): lin 7 (2.5e-11)
	 #2 (3.7021e-05, 4.3244e+00): lin 7 (7.6e-12)
	 #3 (2.2720e-09, 5.0173e-04): lin 7 (4.4e-12)
-------------------------------------------------------------------------------------------------------------
 T = 138, DT = 2, NI = 3, LI = 21, RES = 3.6e-15 (5.6e-08), CFL=0.445 (ELAPSED 00:00:07 )
-------------------------------------------------------------------------------------------------------------
	 #1 (3.5309e-03, 1.1852e-06): lin 7 (2.5e-11)
	 #2 (2.5403e-05, 3.5513e+00): lin 7 (5.7e-12)
	 #3 (3.6834e-09, 1.9478e-05): lin 7 (9.7e-12)
-------------------------------------------------------------------------------------------------------------
 T = 140, DT = 2, NI = 3, LI = 21, RES = 3.8e-15 (1.5e-07), CFL=0.443 (ELAPSED 00:00:08 )
-------------------------------------------------------------------------------------------------------------
	 #1 (3.5135e-03, 1.3703e-06): lin 7 (2.4e-11)
	 #2 (2.7245e-05, 3.0143e+00): lin 7 (1.1e-11)
	 #3 (8.6037e-08, 1.9348e-02): lin 7 (3.8e-12)
-------------------------------------------------------------------------------------------------------------
 T = 142, DT = 2, NI = 3, LI = 21, RES = 1.3e-14 (7.7e-08), CFL=0.440 (ELAPSED 00:00:08 )
-------------------------------------------------------------------------------------------------------------
	 #1 (3.4962e-03, 8.4095e-07): lin 7 (2.3e-11)
	 #2 (3.1567e-05, 2.6093e+00): lin 7 (5.7e-12)
	 #3 (1.2253e-09, 1.4081e-05): lin 6 (1.0e-10)
-------------------------------------------------------------------------------------------------------------
 T = 144, DT = 2, NI = 3, LI = 20, RES = 3.6e-15 (8.2e-08), CFL=0.438 (ELAPSED 00:00:08 )
-------------------------------------------------------------------------------------------------------------
	 #1 (3.4791e-03, 1.3953e-06): lin 7 (2.3e-11)
	 #2 (3.2751e-05, 5.1056e-01): lin 7 (7.0e-12)
	 #3 (4.0144e-09, 6.6687e-04): lin 7 (6.4e-12)
-------------------------------------------------------------------------------------------------------------
 T = 146, DT = 2, NI = 3, LI = 21, RES = 3.5e-15 (1.3e-07), CFL=0.436 (ELAPSED 00:00:08 )
-------------------------------------------------------------------------------------------------------------
	 #1 (3.4621e-03, 1.1946e-06): lin 7 (2.3e-11)
	 #2 (3.2802e-05, 2.8434e+00): lin 7 (4.8e-12)
	 #3 (7.7125e-09, 1.7266e-03): lin 7 (4.9e-12)
-------------------------------------------------------------------------------------------------------------
 T = 148, DT = 2, NI = 3, LI = 21, RES = 3.9e-15 (9.2e-08), CFL=0.434 (ELAPSED 00:00:08 )
-------------------------------------------------------------------------------------------------------------
	 #1 (3.4453e-03, 1.0127e-06): lin 7 (2.3e-11)
	 #2 (2.1893e-05, 3.6187e+00): lin 7 (6.5e-12)
	 #3 (8.4739e-10, 9.4871e-05): lin 7 (5.3e-12)
-------------------------------------------------------------------------------------------------------------
 T = 150, DT = 2, NI = 3, LI = 21, RES = 3.4e-15 (7.5e-08), CFL=0.431 (ELAPSED 00:00:08 )
-------------------------------------------------------------------------------------------------------------
	 #1 (3.4286e-03, 1.4627e-06): lin 7 (2.2e-11)
	 #2 (2.3943e-05, 2.5132e+00): lin 7 (8.4e-12)
	 #3 (9.8104e-10, 2.0314e-04): lin 7 (4.9e-12)
-------------------------------------------------------------------------------------------------------------
 T = 152, DT = 2, NI = 3, LI = 21, RES = 3.6e-15 (1.3e-07), CFL=0.429 (ELAPSED 00:00:08 )
-------------------------------------------------------------------------------------------------------------
	 #1 (3.4119e-03, 9.0618e-07): lin 7 (2.2e-11)
	 #2 (2.6261e-05, 2.9004e+00): lin 7 (5.9e-12)
	 #3 (1.1199e-09, 1.6021e-05): lin 7 (3.1e-12)
-------------------------------------------------------------------------------------------------------------
 T = 154, DT = 2, NI = 3, LI = 21, RES = 3.7e-15 (6.3e-08), CFL=0.427 (ELAPSED 00:00:08 )
-------------------------------------------------------------------------------------------------------------
	 #1 (3.3955e-03, 1.3832e-06): lin 7 (2.1e-11)
	 #2 (2.6950e-05, 4.9506e-01): lin 7 (4.2e-12)
	 #3 (1.7606e-09, 1.5420e-04): lin 7 (6.1e-12)
-------------------------------------------------------------------------------------------------------------
 T = 156, DT = 2, NI = 3, LI = 21, RES = 3.6e-15 (1.6e-07), CFL=0.425 (ELAPSED 00:00:08 )
-------------------------------------------------------------------------------------------------------------
	 #1 (3.3791e-03, 1.2338e-06): lin 7 (2.1e-11)
	 #2 (3.0819e-05, 1.6713e+00): lin 7 (6.2e-12)
	 #3 (6.9583e-09, 1.5389e-03): lin 7 (4.1e-12)
-------------------------------------------------------------------------------------------------------------
 T = 158, DT = 2, NI = 3, LI = 21, RES = 3.8e-15 (1.1e-07), CFL=0.423 (ELAPSED 00:00:08 )
-------------------------------------------------------------------------------------------------------------
	 #1 (3.3629e-03, 1.0511e-06): lin 7 (2.1e-11)
	 #2 (2.4702e-05, 3.6809e+00): lin 7 (5.3e-12)
	 #3 (1.3600e-09, 1.2292e-04): lin 7 (3.4e-12)
-------------------------------------------------------------------------------------------------------------
 T = 160, DT = 2, NI = 3, LI = 21, RES = 3.9e-15 (8.3e-08), CFL=0.421 (ELAPSED 00:00:08 )
-------------------------------------------------------------------------------------------------------------
	 #1 (3.3468e-03, 1.4714e-06): lin 7 (2.0e-11)
	 #2 (3.0530e-05, 1.8102e+00): lin 7 (7.5e-12)
	 #3 (8.7139e-10, 1.4925e-04): lin 7 (1.3e-11)
-------------------------------------------------------------------------------------------------------------
 T = 162, DT = 2, NI = 3, LI = 21, RES = 3.7e-15 (1.1e-07), CFL=0.418 (ELAPSED 00:00:09 )
-------------------------------------------------------------------------------------------------------------
	 #1 (3.3308e-03, 8.7119e-07): lin 7 (2.0e-11)
	 #2 (2.0411e-05, 2.3607e+00): lin 7 (1.0e-11)
-------------------------------------------------------------------------------------------------------------
 T = 164, DT = 2, NI = 2, LI = 14, RES = 6.9e-10 (7.5e-07), CFL=0.416 (ELAPSED 00:00:09 )
-------------------------------------------------------------------------------------------------------------
	 #1 (3.3150e-03, 1.4990e-06): lin 7 (1.9e-11)
	 #2 (1.7150e-05, 5.1860e-01): lin 7 (9.5e-12)
	 #3 (7.4381e-10, 2.6737e-06): lin 7 (3.6e-12)
-------------------------------------------------------------------------------------------------------------
 T = 166, DT = 2, NI = 3, LI = 21, RES = 3.4e-15 (1.4e-07), CFL=0.414 (ELAPSED 00:00:09 )
-------------------------------------------------------------------------------------------------------------
	 #1 (3.2992e-03, 1.0620e-06): lin 7 (1.9e-11)
	 #2 (3.5228e-05, 3.1807e+00): lin 7 (3.0e-12)
	 #3 (1.3690e-09, 3.7906e-05): lin 7 (5.6e-12)
-------------------------------------------------------------------------------------------------------------
 T = 168, DT = 2, NI = 3, LI = 21, RES = 3.4e-15 (3.7e-08), CFL=0.412 (ELAPSED 00:00:09 )
-------------------------------------------------------------------------------------------------------------
	 #1 (3.2836e-03, 1.3344e-06): lin 7 (1.1e-11)
	 #2 (2.5940e-05, 4.7938e-01): lin 7 (5.4e-12)
	 #3 (4.8685e-09, 9.1436e-04): lin 7 (4.3e-12)
-------------------------------------------------------------------------------------------------------------
 T = 170, DT = 2, NI = 3, LI = 21, RES = 3.6e-15 (6.7e-08), CFL=0.410 (ELAPSED 00:00:09 )
-------------------------------------------------------------------------------------------------------------
	 #1 (3.2681e-03, 1.3018e-06): lin 7 (1.1e-11)
	 #2 (2.4853e-05, 2.3384e+00): lin 7 (4.0e-12)
	 #3 (2.0515e-09, 5.1497e-04): lin 6 (8.9e-11)
-------------------------------------------------------------------------------------------------------------
 T = 172, DT = 2, NI = 3, LI = 20, RES = 3.6e-15 (1.9e-07), CFL=0.408 (ELAPSED 00:00:09 )
-------------------------------------------------------------------------------------------------------------
	 #1 (3.2527e-03, 1.0950e-06): lin 7 (1.1e-11)
	 #2 (1.6606e-05, 2.0964e+00): lin 7 (6.0e-12)
	 #3 (8.5231e-10, 2.9388e-05): lin 6 (7.4e-11)
-------------------------------------------------------------------------------------------------------------
 T = 174, DT = 2, NI = 3, LI = 20, RES = 3.8e-15 (1.8e-07), CFL=0.406 (ELAPSED 00:00:09 )
-------------------------------------------------------------------------------------------------------------
	 #1 (3.2374e-03, 1.4628e-06): lin 7 (1.1e-11)
	 #2 (2.2519e-05, 1.3652e+00): lin 7 (4.3e-12)
	 #3 (9.3153e-10, 9.1752e-05): lin 7 (3.3e-12)
-------------------------------------------------------------------------------------------------------------
 T = 176, DT = 2, NI = 3, LI = 21, RES = 3.7e-15 (1.4e-07), CFL=0.404 (ELAPSED 00:00:09 )
-------------------------------------------------------------------------------------------------------------
	 #1 (3.2222e-03, 9.4236e-07): lin 7 (1.1e-11)
	 #2 (2.0414e-05, 3.4294e+00): lin 7 (6.0e-12)
	 #3 (6.6718e-10, 9.7920e-06): lin 6 (8.5e-11)
-------------------------------------------------------------------------------------------------------------
 T = 178, DT = 2, NI = 3, LI = 20, RES = 3.5e-15 (7.3e-08), CFL=0.402 (ELAPSED 00:00:10 )
-------------------------------------------------------------------------------------------------------------
	 #1 (3.2072e-03, 1.5428e-06): lin 7 (1.1e-11)
	 #2 (1.4169e-05, 1.1920e+00): lin 7 (6.5e-12)
	 #3 (8.6604e-10, 1.1462e-04): lin 7 (4.2e-12)
-------------------------------------------------------------------------------------------------------------
 T = 180, DT = 2, NI = 3, LI = 21, RES = 3.7e-15 (7.1e-08), CFL=0.400 (ELAPSED 00:00:10 )
-------------------------------------------------------------------------------------------------------------
	 #1 (3.1922e-03, 8.9716e-07): lin 7 (1.0e-11)
	 #2 (2.8762e-05, 3.3987e+00): lin 7 (4.7e-12)
	 #3 (5.6741e-09, 1.1682e-03): lin 6 (8.7e-11)
-------------------------------------------------------------------------------------------------------------
 T = 182, DT = 2, NI = 3, LI = 20, RES = 3.7e-15 (7.9e-08), CFL=0.398 (ELAPSED 00:00:10 )
-------------------------------------------------------------------------------------------------------------
	 #1 (3.1774e-03, 1.5554e-06): lin 7 (1.0e-11)
	 #2 (2.3179e-05, 5.5003e-01): lin 7 (4.2e-12)
	 #3 (2.3648e-09, 4.2058e-04): lin 7 (3.6e-12)
-------------------------------------------------------------------------------------------------------------
 T = 184, DT = 2, NI = 3, LI = 21, RES = 3.7e-15 (6.5e-08), CFL=0.396 (ELAPSED 00:00:10 )
-------------------------------------------------------------------------------------------------------------
	 #1 (3.1626e-03, 9.5624e-07): lin 7 (1.0e-11)
	 #2 (2.4884e-05, 2.3836e+00): lin 7 (4.0e-12)
	 #3 (6.3777e-10, 1.7274e-05): lin 6 (9.2e-11)
-------------------------------------------------------------------------------------------------------------
 T = 186, DT = 2, NI = 3, LI = 20, RES = 3.6e-15 (1.2e-07), CFL=0.394 (ELAPSED 00:00:11 )
-------------------------------------------------------------------------------------------------------------
	 #1 (3.1480e-03, 1.5341e-06): lin 7 (9.8e-12)
	 #2 (1.6748e-05, 5.1542e-01): lin 7 (7.2e-12)
	 #3 (1.8411e-09, 1.3225e-04): lin 7 (4.7e-12)
-------------------------------------------------------------------------------------------------------------
 T = 188, DT = 2, NI = 3, LI = 21, RES = 3.7e-15 (5.6e-08), CFL=0.392 (ELAPSED 00:00:11 )
-------------------------------------------------------------------------------------------------------------
	 #1 (3.1334e-03, 1.0534e-06): lin 7 (9.5e-12)
	 #2 (1.9336e-05, 2.7397e+00): lin 7 (3.6e-12)
	 #3 (6.1439e-10, 6.2919e-06): lin 6 (8.0e-11)
-------------------------------------------------------------------------------------------------------------
 T = 190, DT = 2, NI = 3, LI = 20, RES = 3.4e-15 (9.9e-08), CFL=0.390 (ELAPSED 00:00:11 )
-------------------------------------------------------------------------------------------------------------
	 #1 (3.1190e-03, 1.4961e-06): lin 7 (9.6e-12)
	 #2 (1.9096e-05, 5.0408e-01): lin 7 (3.8e-12)
	 #3 (8.7393e-10, 1.4798e-04): lin 7 (3.8e-12)
-------------------------------------------------------------------------------------------------------------
 T = 192, DT = 2, NI = 3, LI = 21, RES = 3.7e-15 (6.4e-08), CFL=0.389 (ELAPSED 00:00:11 )
-------------------------------------------------------------------------------------------------------------
	 #1 (3.1046e-03, 1.1287e-06): lin 7 (9.4e-12)
	 #2 (2.4857e-05, 2.6922e+00): lin 6 (9.4e-11)
	 #3 (6.6241e-10, 2.4419e-05): lin 6 (8.3e-11)
-------------------------------------------------------------------------------------------------------------
 T = 194, DT = 2, NI = 3, LI = 19, RES = 3.4e-15 (1.1e-07), CFL=0.387 (ELAPSED 00:00:11 )
-------------------------------------------------------------------------------------------------------------
	 #1 (3.0904e-03, 1.4675e-06): lin 7 (9.2e-12)
	 #2 (2.2225e-05, 5.3336e-01): lin 7 (3.6e-12)
	 #3 (1.9731e-09, 2.6682e-04): lin 6 (8.6e-11)
-------------------------------------------------------------------------------------------------------------
 T = 196, DT = 2, NI = 3, LI = 20, RES = 3.7e-15 (1.5e-07), CFL=0.385 (ELAPSED 00:00:11 )
-------------------------------------------------------------------------------------------------------------
	 #1 (3.0763e-03, 1.1749e-06): lin 7 (9.1e-12)
	 #2 (1.8024e-05, 2.3606e+00): lin 7 (4.0e-12)
	 #3 (9.0572e-10, 4.7721e-06): lin 6 (5.4e-11)
-------------------------------------------------------------------------------------------------------------
 T = 198, DT = 2, NI = 3, LI = 20, RES = 3.6e-15 (7.8e-08), CFL=0.383 (ELAPSED 00:00:11 )
-------------------------------------------------------------------------------------------------------------
	 #1 (3.0623e-03, 1.4585e-06): lin 7 (9.0e-12)
	 #2 (1.4187e-05, 5.3542e-01): lin 7 (5.6e-12)
	 #3 (7.0761e-10, 5.1626e-05): lin 6 (8.7e-11)
-------------------------------------------------------------------------------------------------------------
 T = 200, DT = 2, NI = 3, LI = 20, RES = 3.6e-15 (1.3e-07), CFL=0.381 (ELAPSED 00:00:11 )
-------------------------------------------------------------------------------------------------------------
	 #1 (3.0483e-03, 1.1808e-06): lin 7 (8.9e-12)
	 #2 (1.9110e-05, 2.4453e+00): lin 7 (3.8e-12)
	 #3 (5.1000e-10, 7.1456e-06): lin 6 (7.9e-11)
-------------------------------------------------------------------------------------------------------------
 T = 202, DT = 2, NI = 3, LI = 20, RES = 3.6e-15 (1.6e-07), CFL=0.379 (ELAPSED 00:00:11 )
-------------------------------------------------------------------------------------------------------------
	 #1 (3.0345e-03, 1.4698e-06): lin 7 (8.7e-12)
	 #2 (1.4031e-05, 5.2039e-01): lin 6 (1.0e-10)
	 #3 (7.5935e-10, 1.6573e-05): lin 6 (8.1e-11)
-------------------------------------------------------------------------------------------------------------
 T = 204, DT = 2, NI = 3, LI = 19, RES = 3.4e-15 (7.3e-08), CFL=0.377 (ELAPSED 00:00:11 )
-------------------------------------------------------------------------------------------------------------
	 #1 (3.0207e-03, 1.1698e-06): lin 7 (8.6e-12)
	 #2 (1.7620e-05, 1.9259e+00): lin 7 (4.7e-12)
	 #3 (5.8737e-10, 5.5318e-06): lin 7 (2.9e-12)
-------------------------------------------------------------------------------------------------------------
 T = 206, DT = 2, NI = 3, LI = 21, RES = 3.5e-15 (6.3e-08), CFL=0.376 (ELAPSED 00:00:11 )
-------------------------------------------------------------------------------------------------------------
	 #1 (3.0071e-03, 1.5083e-06): lin 7 (8.5e-12)
	 #2 (1.7743e-05, 5.0069e-01): lin 6 (9.8e-11)
	 #3 (1.0647e-09, 1.9942e-04): lin 6 (7.5e-11)
-------------------------------------------------------------------------------------------------------------
 T = 208, DT = 2, NI = 3, LI = 19, RES = 3.7e-15 (1.5e-07), CFL=0.374 (ELAPSED 00:00:11 )
-------------------------------------------------------------------------------------------------------------
	 #1 (2.9935e-03, 1.1194e-06): lin 7 (8.4e-12)
	 #2 (2.3099e-05, 2.4683e+00): lin 6 (6.9e-11)
	 #3 (6.2162e-10, 2.7149e-05): lin 6 (7.2e-11)
-------------------------------------------------------------------------------------------------------------
 T = 210, DT = 2, NI = 3, LI = 19, RES = 3.3e-15 (3.8e-08), CFL=0.372 (ELAPSED 00:00:12 )
-------------------------------------------------------------------------------------------------------------
	 #1 (2.9801e-03, 1.5578e-06): lin 7 (8.2e-12)
	 #2 (2.0206e-05, 5.3000e-01): lin 7 (3.2e-12)
	 #3 (2.2895e-09, 4.4415e-04): lin 6 (9.8e-11)
-------------------------------------------------------------------------------------------------------------
 T = 212, DT = 2, NI = 3, LI = 20, RES = 3.4e-15 (1.1e-07), CFL=0.370 (ELAPSED 00:00:12 )
-------------------------------------------------------------------------------------------------------------
	 #1 (2.9666e-03, 1.0366e-06): lin 7 (8.2e-12)
	 #2 (2.5190e-05, 2.9657e+00): lin 6 (7.8e-11)
	 #3 (5.6885e-10, 2.3745e-05): lin 7 (3.9e-12)
-------------------------------------------------------------------------------------------------------------
 T = 214, DT = 2, NI = 3, LI = 20, RES = 3.4e-15 (1.1e-07), CFL=0.369 (ELAPSED 00:00:12 )
-------------------------------------------------------------------------------------------------------------
	 #1 (2.9534e-03, 1.6090e-06): lin 7 (8.0e-12)
	 #2 (1.3851e-05, 5.2627e-01): lin 7 (3.5e-12)
	 #3 (5.4132e-10, 6.4519e-05): lin 6 (7.8e-11)
-------------------------------------------------------------------------------------------------------------
 T = 216, DT = 2, NI = 3, LI = 20, RES = 3.5e-15 (1.5e-07), CFL=0.367 (ELAPSED 00:00:12 )
-------------------------------------------------------------------------------------------------------------
	 #1 (2.9401e-03, 9.6310e-07): lin 7 (7.9e-12)
	 #2 (1.4979e-05, 2.2414e+00): lin 7 (5.0e-12)
	 #3 (2.1450e-08, 3.0599e-06): lin 7 (2.9e-12)
-------------------------------------------------------------------------------------------------------------
 T = 218, DT = 2, NI = 3, LI = 21, RES = 3.5e-15 (5.7e-08), CFL=0.365 (ELAPSED 00:00:12 )
-------------------------------------------------------------------------------------------------------------
	 #1 (2.9271e-03, 1.6310e-06): lin 7 (7.8e-12)
	 #2 (1.1024e-05, 4.9300e-01): lin 7 (5.7e-12)
	 #3 (5.2182e-10, 4.3312e-06): lin 6 (7.0e-11)
-------------------------------------------------------------------------------------------------------------
 T = 220, DT = 2, NI = 3, LI = 20, RES = 3.5e-15 (1.3e-07), CFL=0.363 (ELAPSED 00:00:12 )
-------------------------------------------------------------------------------------------------------------
	 #1 (2.9140e-03, 9.3880e-07): lin 7 (7.6e-12)
	 #2 (2.2455e-05, 2.0252e+00): lin 6 (7.5e-11)
	 #3 (7.7877e-10, 4.4741e-05): lin 6 (6.8e-11)
-------------------------------------------------------------------------------------------------------------
 T = 222, DT = 2, NI = 3, LI = 19, RES = 3.8e-15 (1.3e-07), CFL=0.362 (ELAPSED 00:00:12 )
-------------------------------------------------------------------------------------------------------------
	 #1 (2.9012e-03, 1.6149e-06): lin 7 (7.7e-12)
	 #2 (1.6500e-05, 8.1891e-01): lin 6 (9.8e-11)
	 #3 (1.7810e-09, 3.8247e-04): lin 6 (6.8e-11)
-------------------------------------------------------------------------------------------------------------
 T = 224, DT = 2, NI = 3, LI = 19, RES = 3.5e-15 (8.0e-08), CFL=0.360 (ELAPSED 00:00:12 )
-------------------------------------------------------------------------------------------------------------
	 #1 (2.8883e-03, 1.0223e-06): lin 7 (7.5e-12)
	 #2 (1.9070e-05, 2.0320e+00): lin 7 (3.8e-12)
	 #3 (9.3833e-10, 7.3877e-05): lin 6 (8.9e-11)
-------------------------------------------------------------------------------------------------------------
 T = 226, DT = 2, NI = 3, LI = 20, RES = 3.4e-15 (2.3e-08), CFL=0.358 (ELAPSED 00:00:12 )
-------------------------------------------------------------------------------------------------------------
	 #1 (2.8755e-03, 1.5268e-06): lin 7 (7.4e-12)
	 #2 (2.0094e-05, 8.3093e-01): lin 6 (9.2e-11)
	 #3 (6.3283e-10, 1.3158e-04): lin 6 (7.9e-11)
-------------------------------------------------------------------------------------------------------------
 T = 228, DT = 2, NI = 3, LI = 19, RES = 3.5e-15 (1.2e-07), CFL=0.357 (ELAPSED 00:00:12 )
-------------------------------------------------------------------------------------------------------------
	 #1 (2.8629e-03, 1.2277e-06): lin 7 (7.3e-12)
	 #2 (1.2506e-05, 1.9240e+00): lin 7 (3.6e-12)
	 #3 (6.2616e-10, 4.0788e-05): lin 6 (7.0e-11)
-------------------------------------------------------------------------------------------------------------
 T = 230, DT = 2, NI = 3, LI = 20, RES = 3.5e-15 (9.3e-08), CFL=0.355 (ELAPSED 00:00:12 )
-------------------------------------------------------------------------------------------------------------
	 #1 (2.8502e-03, 1.3708e-06): lin 7 (7.2e-12)
	 #2 (1.9473e-05, 1.2883e+00): lin 7 (3.5e-12)
	 #3 (7.9899e-10, 7.6273e-06): lin 6 (3.9e-11)
-------------------------------------------------------------------------------------------------------------
 T = 232, DT = 2, NI = 3, LI = 20, RES = 3.3e-15 (1.7e-07), CFL=0.353 (ELAPSED 00:00:12 )
-------------------------------------------------------------------------------------------------------------
	 #1 (2.8378e-03, 1.4837e-06): lin 7 (7.1e-12)
	 #2 (9.8972e-06, 5.2956e-01): lin 7 (3.8e-12)
	 #3 (4.1093e-10, 7.5227e-06): lin 6 (7.3e-11)
-------------------------------------------------------------------------------------------------------------
 T = 234, DT = 2, NI = 3, LI = 20, RES = 3.2e-15 (1.6e-07), CFL=0.352 (ELAPSED 00:00:12 )
-------------------------------------------------------------------------------------------------------------
	 #1 (2.8252e-03, 1.1398e-06): lin 7 (7.0e-12)
	 #2 (1.1081e-05, 2.1032e+00): lin 7 (3.4e-12)
	 #3 (4.5696e-10, 2.0244e-06): lin 6 (5.2e-11)
-------------------------------------------------------------------------------------------------------------
 T = 236, DT = 2, NI = 3, LI = 20, RES = 4.0e-15 (1.0e-07), CFL=0.350 (ELAPSED 00:00:13 )
-------------------------------------------------------------------------------------------------------------
	 #1 (2.8130e-03, 1.6462e-06): lin 7 (6.7e-12)
	 #2 (1.5188e-05, 4.9650e-01): lin 7 (3.6e-12)
	 #3 (2.2071e-09, 2.8164e-04): lin 7 (3.4e-12)
-------------------------------------------------------------------------------------------------------------
 T = 238, DT = 2, NI = 3, LI = 21, RES = 3.6e-15 (8.7e-08), CFL=0.348 (ELAPSED 00:00:13 )
-------------------------------------------------------------------------------------------------------------
	 #1 (2.8007e-03, 9.4128e-07): lin 7 (6.8e-12)
	 #2 (1.4084e-05, 2.4447e+00): lin 6 (9.2e-11)
	 #3 (1.5115e-09, 1.3305e-04): lin 7 (3.3e-12)
-------------------------------------------------------------------------------------------------------------
 T = 240, DT = 2, NI = 3, LI = 20, RES = 3.4e-15 (7.9e-08), CFL=0.347 (ELAPSED 00:00:13 )
-------------------------------------------------------------------------------------------------------------
	 #1 (2.7885e-03, 1.6439e-06): lin 7 (6.5e-12)
	 #2 (1.4498e-05, 9.8768e-01): lin 6 (7.8e-11)
	 #3 (1.1977e-09, 2.5089e-04): lin 6 (6.7e-11)
-------------------------------------------------------------------------------------------------------------
 T = 242, DT = 2, NI = 3, LI = 19, RES = 3.5e-15 (1.5e-07), CFL=0.345 (ELAPSED 00:00:13 )
-------------------------------------------------------------------------------------------------------------
	 #1 (2.7764e-03, 1.0803e-06): lin 7 (6.4e-12)
	 #2 (1.6158e-05, 2.1555e+00): lin 6 (8.4e-11)
	 #3 (9.2424e-10, 7.2964e-05): lin 6 (7.7e-11)
-------------------------------------------------------------------------------------------------------------
 T = 244, DT = 2, NI = 3, LI = 19, RES = 3.2e-15 (1.1e-07), CFL=0.344 (ELAPSED 00:00:13 )
-------------------------------------------------------------------------------------------------------------
	 #1 (2.7643e-03, 1.4735e-06): lin 7 (6.3e-12)
	 #2 (1.3865e-05, 1.1685e+00): lin 6 (9.3e-11)
	 #3 (7.7095e-10, 6.0828e-06): lin 6 (5.6e-11)
-------------------------------------------------------------------------------------------------------------
 T = 246, DT = 2, NI = 3, LI = 19, RES = 3.4e-15 (4.4e-08), CFL=0.342 (ELAPSED 00:00:13 )
-------------------------------------------------------------------------------------------------------------
	 #1 (2.7524e-03, 1.4381e-06): lin 7 (6.3e-12)
	 #2 (1.0957e-05, 5.1180e-01): lin 7 (4.1e-12)
	 #3 (4.1501e-10, 3.3007e-05): lin 6 (8.1e-11)
-------------------------------------------------------------------------------------------------------------
 T = 248, DT = 2, NI = 3, LI = 20, RES = 3.5e-15 (1.2e-07), CFL=0.341 (ELAPSED 00:00:13 )
-------------------------------------------------------------------------------------------------------------
	 #1 (2.7405e-03, 1.1655e-06): lin 7 (6.2e-12)
	 #2 (1.4719e-05, 1.9141e+00): lin 6 (5.9e-11)
	 #3 (6.2284e-10, 2.6128e-06): lin 6 (2.7e-11)
-------------------------------------------------------------------------------------------------------------
 T = 250, DT = 2, NI = 3, LI = 19, RES = 3.4e-15 (1.6e-07), CFL=0.339 (ELAPSED 00:00:13 )
-------------------------------------------------------------------------------------------------------------
	 #1 (2.7288e-03, 1.6721e-06): lin 7 (6.2e-12)
	 #2 (8.6128e-06, 4.7471e-01): lin 6 (9.1e-11)
	 #3 (5.4359e-10, 6.9258e-06): lin 6 (6.0e-11)
-------------------------------------------------------------------------------------------------------------
 T = 252, DT = 2, NI = 3, LI = 19, RES = 3.3e-15 (3.8e-08), CFL=0.337 (ELAPSED 00:00:13 )
-------------------------------------------------------------------------------------------------------------
	 #1 (2.7170e-03, 9.4815e-07): lin 7 (6.0e-12)
	 #2 (1.7576e-05, 1.8083e+00): lin 6 (4.2e-11)
	 #3 (9.4079e-10, 8.8791e-05): lin 6 (5.7e-11)
-------------------------------------------------------------------------------------------------------------
 T = 254, DT = 2, NI = 3, LI = 19, RES = 3.4e-15 (1.1e-07), CFL=0.336 (ELAPSED 00:00:13 )
-------------------------------------------------------------------------------------------------------------
	 #1 (2.7054e-03, 1.6088e-06): lin 7 (6.1e-12)
	 #2 (9.2595e-06, 1.5547e+00): lin 6 (8.1e-11)
	 #3 (5.5397e-10, 3.8325e-06): lin 6 (3.7e-11)
-------------------------------------------------------------------------------------------------------------
 T = 256, DT = 2, NI = 3, LI = 19, RES = 3.2e-15 (1.4e-07), CFL=0.334 (ELAPSED 00:00:13 )
-------------------------------------------------------------------------------------------------------------
	 #1 (2.6938e-03, 1.2617e-06): lin 7 (5.9e-12)
	 #2 (1.8579e-05, 1.7509e+00): lin 6 (5.1e-11)
	 #3 (6.2797e-09, 1.3380e-03): lin 6 (4.5e-11)
-------------------------------------------------------------------------------------------------------------
 T = 258, DT = 2, NI = 3, LI = 19, RES = 3.1e-15 (1.1e-07), CFL=0.333 (ELAPSED 00:00:13 )
-------------------------------------------------------------------------------------------------------------
	 #1 (2.6822e-03, 1.2978e-06): lin 7 (5.9e-12)
	 #2 (1.1006e-05, 1.0630e+00): lin 6 (8.8e-11)
	 #3 (3.4789e-10, 2.1551e-06): lin 6 (7.8e-11)
-------------------------------------------------------------------------------------------------------------
 T = 260, DT = 2, NI = 3, LI = 19, RES = 3.2e-15 (1.3e-07), CFL=0.331 (ELAPSED 00:00:13 )
-------------------------------------------------------------------------------------------------------------
	 #1 (2.6708e-03, 1.6489e-06): lin 7 (5.8e-12)
	 #2 (1.0212e-05, 4.9417e-01): lin 6 (5.8e-11)
	 #3 (5.2948e-10, 2.8117e-05): lin 6 (6.4e-11)
-------------------------------------------------------------------------------------------------------------
 T = 262, DT = 2, NI = 3, LI = 19, RES = 3.0e-15 (7.0e-08), CFL=0.330 (ELAPSED 00:00:14 )
-------------------------------------------------------------------------------------------------------------
	 #1 (2.6594e-03, 9.5078e-07): lin 7 (5.7e-12)
	 #2 (1.8478e-05, 2.1806e+00): lin 6 (5.6e-11)
	 #3 (5.0108e-10, 5.6191e-05): lin 6 (4.8e-11)
-------------------------------------------------------------------------------------------------------------
 T = 264, DT = 2, NI = 3, LI = 19, RES = 2.9e-15 (1.1e-07), CFL=0.328 (ELAPSED 00:00:14 )
-------------------------------------------------------------------------------------------------------------
	 #1 (2.6482e-03, 1.6365e-06): lin 7 (5.7e-12)
	 #2 (9.6465e-06, 4.5815e-01): lin 6 (9.8e-11)
	 #3 (5.1475e-10, 1.4072e-06): lin 6 (3.8e-11)
-------------------------------------------------------------------------------------------------------------
 T = 266, DT = 2, NI = 3, LI = 19, RES = 2.7e-15 (1.3e-07), CFL=0.327 (ELAPSED 00:00:14 )
-------------------------------------------------------------------------------------------------------------
	 #1 (2.6370e-03, 1.2597e-06): lin 7 (5.6e-12)
	 #2 (1.0813e-05, 1.6422e+00): lin 6 (9.2e-11)
	 #3 (4.3307e-10, 8.1280e-06): lin 6 (5.9e-11)
-------------------------------------------------------------------------------------------------------------
 T = 268, DT = 2, NI = 3, LI = 19, RES = 2.7e-15 (8.9e-08), CFL=0.325 (ELAPSED 00:00:14 )
-------------------------------------------------------------------------------------------------------------
	 #1 (2.6258e-03, 1.2909e-06): lin 7 (5.5e-12)
	 #2 (9.5304e-06, 1.1485e+00): lin 7 (2.3e-12)
	 #3 (7.1785e-10, 2.0590e-06): lin 6 (5.1e-11)
-------------------------------------------------------------------------------------------------------------
 T = 270, DT = 2, NI = 3, LI = 20, RES = 2.4e-15 (1.5e-07), CFL=0.324 (ELAPSED 00:00:14 )
-------------------------------------------------------------------------------------------------------------
	 #1 (2.6147e-03, 1.6770e-06): lin 7 (5.5e-12)
	 #2 (1.3527e-05, 4.6610e-01): lin 6 (8.7e-11)
	 #3 (8.9880e-10, 1.8630e-04): lin 6 (5.6e-11)
-------------------------------------------------------------------------------------------------------------
 T = 272, DT = 2, NI = 3, LI = 19, RES = 2.4e-15 (1.1e-07), CFL=0.323 (ELAPSED 00:00:14 )
-------------------------------------------------------------------------------------------------------------
	 #1 (2.6037e-03, 9.5707e-07): lin 7 (5.4e-12)
	 #2 (1.2504e-05, 1.7389e+00): lin 6 (9.7e-11)
	 #3 (6.4684e-10, 6.7086e-05): lin 6 (3.2e-11)
-------------------------------------------------------------------------------------------------------------
 T = 274, DT = 2, NI = 3, LI = 19, RES = 2.0e-15 (1.7e-07), CFL=0.321 (ELAPSED 00:00:14 )
-------------------------------------------------------------------------------------------------------------
	 #1 (2.5928e-03, 1.5873e-06): lin 7 (5.3e-12)
	 #2 (1.3422e-05, 1.7314e+00): lin 6 (7.5e-11)
	 #3 (1.0371e-09, 5.7000e-06): lin 7 (3.1e-12)
-------------------------------------------------------------------------------------------------------------
 T = 276, DT = 2, NI = 3, LI = 20, RES = 1.8e-15 (8.3e-08), CFL=0.320 (ELAPSED 00:00:14 )
-------------------------------------------------------------------------------------------------------------
	 #1 (2.5819e-03, 1.4251e-06): lin 7 (5.3e-12)
	 #2 (9.6505e-06, 5.2398e-01): lin 6 (9.4e-11)
	 #3 (2.4056e-08, 1.4774e-05): lin 6 (7.0e-11)
-------------------------------------------------------------------------------------------------------------
 T = 278, DT = 2, NI = 3, LI = 19, RES = 3.3e-15 (6.1e-08), CFL=0.318 (ELAPSED 00:00:14 )
-------------------------------------------------------------------------------------------------------------
	 #1 (2.5710e-03, 1.1266e-06): lin 7 (5.2e-12)
	 #2 (1.2405e-05, 1.9052e+00): lin 6 (6.9e-11)
	 #3 (3.0418e-10, 9.6999e-06): lin 6 (3.0e-11)
-------------------------------------------------------------------------------------------------------------
 T = 280, DT = 2, NI = 3, LI = 19, RES = 1.8e-15 (8.1e-08), CFL=0.317 (ELAPSED 00:00:14 )
-------------------------------------------------------------------------------------------------------------
	 #1 (2.5603e-03, 1.7085e-06): lin 7 (5.1e-12)
	 #2 (1.0547e-05, 2.7419e-01): lin 6 (5.8e-11)
	 #3 (4.4351e-10, 9.9505e-06): lin 6 (3.8e-11)
-------------------------------------------------------------------------------------------------------------
 T = 282, DT = 2, NI = 3, LI = 19, RES = 1.9e-15 (1.4e-07), CFL=0.315 (ELAPSED 00:00:14 )
-------------------------------------------------------------------------------------------------------------
	 #1 (2.5496e-03, 1.1020e-06): lin 7 (5.0e-12)
	 #2 (1.0537e-05, 1.8635e+00): lin 6 (7.5e-11)
	 #3 (5.2902e-10, 1.0618e-04): lin 6 (4.3e-11)
-------------------------------------------------------------------------------------------------------------
 T = 284, DT = 2, NI = 3, LI = 19, RES = 1.7e-15 (1.1e-07), CFL=0.314 (ELAPSED 00:00:14 )
-------------------------------------------------------------------------------------------------------------
	 #1 (2.5390e-03, 1.4010e-06): lin 7 (5.0e-12)
	 #2 (1.0816e-05, 1.0413e+00): lin 6 (7.5e-11)
	 #3 (7.3441e-10, 1.5743e-06): lin 6 (2.8e-11)
-------------------------------------------------------------------------------------------------------------
 T = 286, DT = 2, NI = 3, LI = 19, RES = 1.9e-15 (2.0e-07), CFL=0.313 (ELAPSED 00:00:14 )
-------------------------------------------------------------------------------------------------------------
	 #1 (2.5285e-03, 1.6660e-06): lin 7 (4.9e-12)
	 #2 (6.5946e-06, 4.7138e-01): lin 7 (3.5e-12)
	 #3 (2.9550e-10, 3.9214e-06): lin 6 (3.2e-11)
-------------------------------------------------------------------------------------------------------------
 T = 288, DT = 2, NI = 3, LI = 20, RES = 1.8e-15 (9.5e-08), CFL=0.311 (ELAPSED 00:00:15 )
-------------------------------------------------------------------------------------------------------------
	 #1 (2.5179e-03, 9.5366e-07): lin 7 (4.6e-12)
	 #2 (1.6078e-05, 1.4883e+00): lin 6 (5.0e-11)
	 #3 (8.1945e-10, 8.6589e-05): lin 6 (5.6e-11)
-------------------------------------------------------------------------------------------------------------
 T = 290, DT = 2, NI = 3, LI = 19, RES = 1.7e-15 (4.5e-08), CFL=0.310 (ELAPSED 00:00:15 )
-------------------------------------------------------------------------------------------------------------
	 #1 (2.5075e-03, 1.5829e-06): lin 7 (4.6e-12)
	 #2 (7.0824e-06, 8.8735e-01): lin 6 (8.4e-11)
-------------------------------------------------------------------------------------------------------------
 T = 292, DT = 2, NI = 2, LI = 13, RES = 2.3e-10 (6.6e-07), CFL=0.309 (ELAPSED 00:00:15 )
-------------------------------------------------------------------------------------------------------------
	 #1 (2.4972e-03, 1.5074e-06): lin 7 (4.5e-12)
	 #2 (1.1238e-05, 5.0388e-01): lin 6 (6.7e-11)
	 #3 (1.0239e-09, 1.4310e-04): lin 6 (6.7e-11)
-------------------------------------------------------------------------------------------------------------
 T = 294, DT = 2, NI = 3, LI = 19, RES = 1.7e-15 (7.4e-08), CFL=0.307 (ELAPSED 00:00:15 )
-------------------------------------------------------------------------------------------------------------
	 #1 (2.4868e-03, 1.0150e-06): lin 7 (4.4e-12)
	 #2 (1.0798e-05, 2.0906e+00): lin 6 (7.6e-11)
	 #3 (4.7819e-10, 8.3911e-05): lin 6 (5.6e-11)
-------------------------------------------------------------------------------------------------------------
 T = 296, DT = 2, NI = 3, LI = 19, RES = 1.7e-15 (1.3e-07), CFL=0.306 (ELAPSED 00:00:15 )
-------------------------------------------------------------------------------------------------------------
	 #1 (2.4766e-03, 1.6811e-06): lin 7 (4.4e-12)
	 #2 (1.3577e-05, 2.8327e-01): lin 6 (7.0e-11)
	 #3 (5.1737e-10, 1.1699e-05): lin 6 (2.5e-11)
-------------------------------------------------------------------------------------------------------------
 T = 298, DT = 2, NI = 3, LI = 19, RES = 1.8e-15 (9.0e-08), CFL=0.305 (ELAPSED 00:00:15 )
-------------------------------------------------------------------------------------------------------------
	 #1 (2.4665e-03, 1.3197e-06): lin 7 (4.3e-12)
	 #2 (1.0144e-05, 1.5627e+00): lin 6 (6.0e-11)
	 #3 (8.3514e-10, 3.4573e-05): lin 6 (2.6e-11)
-------------------------------------------------------------------------------------------------------------
 T = 300, DT = 2, NI = 3, LI = 19, RES = 1.8e-15 (1.3e-07), CFL=0.303 (ELAPSED 00:00:15 )
-------------------------------------------------------------------------------------------------------------
	 #1 (2.4563e-03, 1.1753e-06): lin 7 (4.3e-12)
	 #2 (1.2997e-05, 1.5220e+00): lin 6 (5.8e-11)
	 #3 (5.3013e-10, 1.0570e-05): lin 6 (2.2e-11)
-------------------------------------------------------------------------------------------------------------
 T = 302, DT = 2, NI = 3, LI = 19, RES = 1.8e-15 (2.1e-07), CFL=0.302 (ELAPSED 00:00:15 )
-------------------------------------------------------------------------------------------------------------
	 #1 (2.4463e-03, 1.7235e-06): lin 7 (4.2e-12)
	 #2 (7.4555e-06, 1.8503e-01): lin 6 (5.6e-11)
	 #3 (4.1584e-10, 1.5490e-06): lin 6 (6.0e-11)
-------------------------------------------------------------------------------------------------------------
 T = 304, DT = 2, NI = 3, LI = 19, RES = 1.8e-15 (5.1e-08), CFL=0.301 (ELAPSED 00:00:15 )
-------------------------------------------------------------------------------------------------------------
	 #1 (2.4363e-03, 1.1837e-06): lin 7 (4.2e-12)
	 #2 (6.8403e-06, 1.3290e+00): lin 6 (6.7e-11)
	 #3 (4.4111e-10, 7.2002e-06): lin 6 (4.3e-11)
-------------------------------------------------------------------------------------------------------------
 T = 306, DT = 2, NI = 3, LI = 19, RES = 1.8e-15 (1.1e-07), CFL=0.299 (ELAPSED 00:00:15 )
-------------------------------------------------------------------------------------------------------------
	 #1 (2.4263e-03, 1.2818e-06): lin 7 (4.1e-12)
	 #2 (9.3034e-06, 1.3218e+00): lin 6 (5.6e-11)
	 #3 (2.1607e-10, 1.9159e-06): lin 6 (3.1e-11)
-------------------------------------------------------------------------------------------------------------
 T = 308, DT = 2, NI = 3, LI = 19, RES = 1.7e-15 (1.7e-07), CFL=0.298 (ELAPSED 00:00:15 )
-------------------------------------------------------------------------------------------------------------
	 #1 (2.4165e-03, 1.7302e-06): lin 7 (4.1e-12)
	 #2 (6.5110e-06, 2.5432e-01): lin 6 (7.5e-11)
	 #3 (2.3899e-10, 4.5280e-06): lin 6 (3.8e-11)
-------------------------------------------------------------------------------------------------------------
 T = 310, DT = 2, NI = 3, LI = 19, RES = 1.8e-15 (5.4e-08), CFL=0.297 (ELAPSED 00:00:15 )
-------------------------------------------------------------------------------------------------------------
	 #1 (2.4066e-03, 1.1050e-06): lin 7 (4.0e-12)
	 #2 (1.4594e-05, 1.6759e+00): lin 6 (3.4e-11)
	 #3 (9.6600e-10, 1.5570e-04): lin 6 (4.7e-11)
-------------------------------------------------------------------------------------------------------------
 T = 312, DT = 2, NI = 3, LI = 19, RES = 1.7e-15 (1.6e-07), CFL=0.296 (ELAPSED 00:00:15 )
-------------------------------------------------------------------------------------------------------------
	 #1 (2.3968e-03, 1.3406e-06): lin 7 (4.0e-12)
	 #2 (6.8907e-06, 1.0665e+00): lin 6 (5.9e-11)
-------------------------------------------------------------------------------------------------------------
 T = 314, DT = 2, NI = 2, LI = 13, RES = 1.5e-09 (6.8e-07), CFL=0.294 (ELAPSED 00:00:15 )
-------------------------------------------------------------------------------------------------------------
	 #1 (2.3871e-03, 1.7291e-06): lin 7 (3.9e-12)
	 #2 (1.0767e-05, 2.8462e-01): lin 6 (5.9e-11)
	 #3 (4.1073e-10, 1.6083e-05): lin 6 (2.1e-11)
-------------------------------------------------------------------------------------------------------------
 T = 316, DT = 2, NI = 3, LI = 19, RES = 1.8e-15 (9.4e-08), CFL=0.293 (ELAPSED 00:00:15 )
-------------------------------------------------------------------------------------------------------------
	 #1 (2.3775e-03, 1.0794e-06): lin 7 (3.9e-12)
	 #2 (9.7764e-06, 1.5440e+00): lin 6 (4.5e-11)
	 #3 (7.6855e-10, 4.5444e-05): lin 6 (4.8e-11)
-------------------------------------------------------------------------------------------------------------
 T = 318, DT = 2, NI = 3, LI = 19, RES = 1.8e-15 (3.5e-08), CFL=0.292 (ELAPSED 00:00:15 )
-------------------------------------------------------------------------------------------------------------
	 #1 (2.3678e-03, 1.3576e-06): lin 7 (3.8e-12)
	 #2 (1.2005e-05, 8.0267e-01): lin 6 (5.0e-11)
	 #3 (3.2372e-10, 4.3695e-06): lin 6 (2.6e-11)
-------------------------------------------------------------------------------------------------------------
 T = 320, DT = 2, NI = 3, LI = 19, RES = 1.7e-15 (7.1e-08), CFL=0.290 (ELAPSED 00:00:15 )
-------------------------------------------------------------------------------------------------------------
	 #1 (2.3583e-03, 1.7308e-06): lin 7 (5.4e-12)
	 #2 (7.1333e-06, 2.6723e-01): lin 6 (7.1e-11)
	 #3 (6.1139e-10, 1.6279e-06): lin 6 (4.1e-11)
-------------------------------------------------------------------------------------------------------------
 T = 322, DT = 2, NI = 3, LI = 19, RES = 1.8e-15 (1.7e-07), CFL=0.289 (ELAPSED 00:00:15 )
-------------------------------------------------------------------------------------------------------------
	 #1 (2.3488e-03, 1.0888e-06): lin 7 (3.8e-12)
	 #2 (8.6553e-06, 1.4928e+00): lin 6 (4.7e-11)
	 #3 (4.7456e-10, 4.8189e-05): lin 6 (4.6e-11)
-------------------------------------------------------------------------------------------------------------
 T = 324, DT = 2, NI = 3, LI = 19, RES = 1.8e-15 (9.8e-08), CFL=0.288 (ELAPSED 00:00:15 )
-------------------------------------------------------------------------------------------------------------
	 #1 (2.3393e-03, 1.3325e-06): lin 7 (5.3e-12)
	 #2 (7.8416e-06, 9.1816e-01): lin 6 (4.7e-11)
-------------------------------------------------------------------------------------------------------------
 T = 326, DT = 2, NI = 2, LI = 13, RES = 3.5e-10 (5.1e-07), CFL=0.287 (ELAPSED 00:00:15 )
-------------------------------------------------------------------------------------------------------------
	 #1 (2.3300e-03, 1.7361e-06): lin 7 (5.2e-12)
	 #2 (6.1714e-06, 2.1414e-01): lin 6 (5.8e-11)
	 #3 (1.9376e-10, 1.5622e-06): lin 6 (3.6e-11)
-------------------------------------------------------------------------------------------------------------
 T = 328, DT = 2, NI = 3, LI = 19, RES = 1.7e-15 (4.2e-08), CFL=0.286 (ELAPSED 00:00:15 )
-------------------------------------------------------------------------------------------------------------
	 #1 (2.3207e-03, 1.1334e-06): lin 7 (3.7e-12)
	 #2 (1.0416e-05, 1.5803e+00): lin 6 (4.9e-11)
	 #3 (5.8211e-10, 2.8295e-05): lin 6 (4.9e-11)
-------------------------------------------------------------------------------------------------------------
 T = 330, DT = 2, NI = 3, LI = 19, RES = 1.8e-15 (1.4e-07), CFL=0.284 (ELAPSED 00:00:16 )
-------------------------------------------------------------------------------------------------------------
	 #1 (2.3113e-03, 1.2691e-06): lin 7 (5.2e-12)
	 #2 (9.5411e-06, 9.0009e-01): lin 6 (4.8e-11)
	 #3 (2.7483e-10, 2.2335e-05): lin 6 (4.2e-11)
-------------------------------------------------------------------------------------------------------------
 T = 332, DT = 2, NI = 3, LI = 19, RES = 1.8e-15 (1.1e-07), CFL=0.283 (ELAPSED 00:00:16 )
-------------------------------------------------------------------------------------------------------------
	 #1 (2.3022e-03, 1.7349e-06): lin 7 (3.6e-12)
	 #2 (9.4393e-06, 3.4907e-01): lin 6 (3.1e-11)
	 #3 (4.2027e-10, 4.2528e-05): lin 6 (4.6e-11)
-------------------------------------------------------------------------------------------------------------
 T = 334, DT = 2, NI = 3, LI = 19, RES = 1.8e-15 (1.6e-07), CFL=0.282 (ELAPSED 00:00:16 )
-------------------------------------------------------------------------------------------------------------
	 #1 (2.2930e-03, 1.2495e-06): lin 7 (5.0e-12)
	 #2 (1.0087e-05, 1.2249e+00): lin 6 (4.5e-11)
	 #3 (6.3122e-10, 4.4094e-05): lin 6 (5.0e-11)
-------------------------------------------------------------------------------------------------------------
 T = 336, DT = 2, NI = 3, LI = 19, RES = 1.8e-15 (3.9e-08), CFL=0.281 (ELAPSED 00:00:16 )
-------------------------------------------------------------------------------------------------------------
	 #1 (2.2838e-03, 1.1580e-06): lin 7 (3.5e-12)
	 #2 (8.0488e-06, 1.2643e+00): lin 6 (6.7e-11)
	 #3 (2.6732e-10, 2.0999e-05): lin 6 (4.3e-11)
-------------------------------------------------------------------------------------------------------------
 T = 338, DT = 2, NI = 3, LI = 19, RES = 1.8e-15 (1.5e-07), CFL=0.280 (ELAPSED 00:00:16 )
-------------------------------------------------------------------------------------------------------------
	 #1 (2.2748e-03, 1.7084e-06): lin 7 (4.9e-12)
	 #2 (1.0494e-05, 1.6824e-01): lin 6 (3.2e-11)
	 #3 (4.4537e-10, 2.5336e-06): lin 6 (2.0e-11)
-------------------------------------------------------------------------------------------------------------
 T = 340, DT = 2, NI = 3, LI = 19, RES = 1.8e-15 (1.4e-07), CFL=0.278 (ELAPSED 00:00:16 )
-------------------------------------------------------------------------------------------------------------
	 #1 (2.2658e-03, 1.4149e-06): lin 7 (4.9e-12)
	 #2 (5.6418e-06, 5.0285e-01): lin 6 (4.2e-11)
	 #3 (2.2916e-10, 7.1218e-06): lin 6 (3.9e-11)
-------------------------------------------------------------------------------------------------------------
 T = 342, DT = 2, NI = 3, LI = 19, RES = 1.8e-15 (1.3e-07), CFL=0.277 (ELAPSED 00:00:16 )
-------------------------------------------------------------------------------------------------------------
	 #1 (2.2568e-03, 1.0057e-06): lin 7 (4.7e-12)
	 #2 (1.1087e-05, 1.2890e+00): lin 6 (2.9e-11)
	 #3 (4.2043e-10, 2.9002e-05): lin 6 (3.1e-11)
-------------------------------------------------------------------------------------------------------------
 T = 344, DT = 2, NI = 3, LI = 19, RES = 1.7e-15 (1.2e-07), CFL=0.276 (ELAPSED 00:00:16 )
-------------------------------------------------------------------------------------------------------------
	 #1 (2.2479e-03, 1.6334e-06): lin 7 (4.8e-12)
	 #2 (7.7604e-06, 7.6441e-01): lin 6 (3.4e-11)
	 #3 (4.5185e-10, 2.4320e-06): lin 6 (3.0e-11)
-------------------------------------------------------------------------------------------------------------
 T = 346, DT = 2, NI = 3, LI = 19, RES = 1.8e-15 (8.6e-08), CFL=0.275 (ELAPSED 00:00:16 )
-------------------------------------------------------------------------------------------------------------
	 #1 (2.2390e-03, 1.5996e-06): lin 7 (3.2e-12)
	 #2 (5.3912e-06, 4.5321e-01): lin 6 (6.1e-11)
-------------------------------------------------------------------------------------------------------------
 T = 348, DT = 2, NI = 2, LI = 13, RES = 2.2e-10 (6.6e-07), CFL=0.274 (ELAPSED 00:00:16 )
-------------------------------------------------------------------------------------------------------------
	 #1 (2.2302e-03, 9.4254e-07): lin 7 (4.6e-12)
	 #2 (8.7518e-06, 1.3035e+00): lin 6 (5.4e-11)
	 #3 (6.8284e-10, 2.5991e-05): lin 6 (2.7e-11)
-------------------------------------------------------------------------------------------------------------
 T = 350, DT = 2, NI = 3, LI = 19, RES = 1.8e-15 (2.2e-07), CFL=0.273 (ELAPSED 00:00:16 )
-------------------------------------------------------------------------------------------------------------
	 #1 (2.2214e-03, 1.4899e-06): lin 7 (4.5e-12)
	 #2 (7.8348e-06, 1.0831e+00): lin 6 (4.6e-11)
-------------------------------------------------------------------------------------------------------------
 T = 352, DT = 2, NI = 2, LI = 13, RES = 3.0e-10 (8.3e-07), CFL=0.272 (ELAPSED 00:00:16 )
-------------------------------------------------------------------------------------------------------------
	 #1 (2.2127e-03, 1.7210e-06): lin 7 (4.5e-12)
	 #2 (8.7750e-06, 2.6491e-01): lin 6 (4.3e-11)
	 #3 (4.5132e-10, 8.7965e-05): lin 6 (4.0e-11)
-------------------------------------------------------------------------------------------------------------
 T = 354, DT = 2, NI = 3, LI = 19, RES = 1.8e-15 (1.4e-07), CFL=0.270 (ELAPSED 00:00:16 )
-------------------------------------------------------------------------------------------------------------
	 #1 (2.2040e-03, 1.0760e-06): lin 7 (4.4e-12)
	 #2 (1.0238e-05, 1.3470e+00): lin 6 (3.6e-11)
	 #3 (8.8759e-09, 1.9333e-03): lin 6 (3.3e-11)
-------------------------------------------------------------------------------------------------------------
 T = 356, DT = 2, NI = 3, LI = 19, RES = 1.8e-15 (2.0e-07), CFL=0.269 (ELAPSED 00:00:16 )
-------------------------------------------------------------------------------------------------------------
	 #1 (2.1954e-03, 1.2686e-06): lin 7 (4.2e-12)
	 #2 (6.8372e-06, 9.2419e-01): lin 6 (4.5e-11)
-------------------------------------------------------------------------------------------------------------
 T = 358, DT = 2, NI = 2, LI = 13, RES = 2.9e-10 (9.5e-07), CFL=0.268 (ELAPSED 00:00:16 )
-------------------------------------------------------------------------------------------------------------
	 #1 (2.1868e-03, 1.7300e-06): lin 7 (4.1e-12)
	 #2 (9.1496e-06, 7.4731e-02): lin 6 (6.4e-11)
	 #3 (4.8949e-10, 1.8723e-06): lin 6 (1.7e-11)
-------------------------------------------------------------------------------------------------------------
 T = 360, DT = 2, NI = 3, LI = 19, RES = 1.8e-15 (5.2e-08), CFL=0.267 (ELAPSED 00:00:16 )
-------------------------------------------------------------------------------------------------------------
	 #1 (2.1783e-03, 1.3782e-06): lin 7 (3.0e-12)
	 #2 (7.0642e-06, 5.1293e-01): lin 6 (7.0e-11)
	 #3 (2.8410e-10, 9.9485e-06): lin 6 (3.2e-11)
-------------------------------------------------------------------------------------------------------------
 T = 362, DT = 2, NI = 3, LI = 19, RES = 1.8e-15 (1.3e-07), CFL=0.266 (ELAPSED 00:00:16 )
-------------------------------------------------------------------------------------------------------------
	 #1 (2.1698e-03, 9.9184e-07): lin 7 (4.0e-12)
	 #2 (8.1929e-06, 1.0814e+00): lin 6 (3.9e-11)
	 #3 (4.8960e-10, 2.4180e-05): lin 6 (2.9e-11)
-------------------------------------------------------------------------------------------------------------
 T = 364, DT = 2, NI = 3, LI = 19, RES = 1.8e-15 (8.3e-08), CFL=0.265 (ELAPSED 00:00:16 )
-------------------------------------------------------------------------------------------------------------
	 #1 (1.0807e-03, 7.9964e-07): lin 6 (2.3e-12)
	 #2 (2.2267e-06, 9.6301e-02): lin 5 (5.2e-11)
-------------------------------------------------------------------------------------------------------------
 T = 365, DT = 1, NI = 2, LI = 11, RES = 2.0e-10 (1.4e-07), CFL=0.132 (ELAPSED 00:00:16 )
-------------------------------------------------------------------------------------------------------------
